10.160.215.59	[2023-11-23 01:19:27] REQUEST ===> Array
(
)

10.160.215.59	[2023-11-23 01:19:27] receive ===> {"user_id":"CA022051","type":"4000346","todas":false,"flag":"edius","metadata_type":"id","metadata":[{"4000288":"","4000289":"","4000292":"나만 믿고 따라와 도시어부 5","4000293":"13회","4000294":"","4778141":"15 세","4778261":"PG2230143D","4778262":"P2023112258514","4778263":"13","4778265":null,"4778283":"","4778407":"A00013","k_content_id":"","k_ud_content_id":"4000346","k_title":"[추가 색보정]13회 파트5","c_category_id":"5443849","k_datagrade":"","ext-comp-1038":"","k_storterm":"","ext-comp-1035":""}],"regist_type":""} 
10.160.215.59	[2023-11-23 01:19:27] decodeData ===> Array
(
    [user_id] => CA022051
    [type] => 4000346
    [todas] =>
    [flag] => edius
    [metadata_type] => id
    [metadata] => Array
        (
            [0] => Array
                (
                    [4000288] =>
                    [4000289] =>
                    [4000292] => 나만 믿고 따라와 도시어부 5
                    [4000293] => 13회
                    [4000294] =>
                    [4778141] => 15 세
                    [4778261] => PG2230143D
                    [4778262] => P2023112258514
                    [4778263] => 13
                    [4778265] =>
                    [4778283] =>
                    [4778407] => A00013
                    [k_content_id] =>
                    [k_ud_content_id] => 4000346
                    [k_title] => [추가 색보정]13회 파트5
                    [c_category_id] => 5443849
                    [k_datagrade] =>
                    [ext-comp-1038] =>
                    [k_storterm] =>
                    [ext-comp-1035] =>
                )

        )

    [regist_type] =>
)

10.160.215.59	[2023-11-23 01:19:28] return ===> <?xml version="1.0" encoding="UTF-8"?>
<response><result success="true" msg="ok" content_id="2417700" task_id="10874167"><success>true</success><msg>ok</msg><content_id>2417700</content_id><task_id>10874167</task_id><task_list_info><source_path_id>162</source_path_id><target_path_id>162</target_path_id><register>edius</register><parameter>"rename"</parameter><source_opt>null</source_opt><target_opt>media=original&amp;dir=$UD_PATH/clip&amp;filename=$OUT_SRC_FILE&amp;ext=$OUT_SRC_EXT</target_opt><type>SAN</type><source_root>P:/CMS</source_root><source_root_for_mac>Product_Main/CMS</source_root_for_mac><login_id></login_id><login_pw></login_pw><source></source><edius_file_path>PG2230143D/NPS_EDIT/clip/P2023112358537.mxf</edius_file_path></task_list_info></result></response>

10.160.215.57	[2023-11-23 03:06:21] REQUEST ===> Array
(
)

10.160.215.57	[2023-11-23 03:06:21] receive ===> {"user_id":"CA022051","type":"4000346","todas":false,"flag":"edius","metadata_type":"id","metadata":[{"4000288":"","4000289":"","4000292":"나만 믿고 따라와 도시어부 5","4000293":"13회","4000294":"","4778141":"15 세","4778261":"PG2230143D","4778262":"P2023112258501","4778263":"13","4778265":null,"4778283":"","4778407":"A00013","k_content_id":"","k_ud_content_id":"4000346","k_title":"[추가 색보정으뢰] 파트1 추가부분","c_category_id":"5443849","k_datagrade":"","ext-comp-1038":"","k_storterm":"","ext-comp-1035":""}],"regist_type":""} 
10.160.215.57	[2023-11-23 03:06:21] decodeData ===> Array
(
    [user_id] => CA022051
    [type] => 4000346
    [todas] =>
    [flag] => edius
    [metadata_type] => id
    [metadata] => Array
        (
            [0] => Array
                (
                    [4000288] =>
                    [4000289] =>
                    [4000292] => 나만 믿고 따라와 도시어부 5
                    [4000293] => 13회
                    [4000294] =>
                    [4778141] => 15 세
                    [4778261] => PG2230143D
                    [4778262] => P2023112258501
                    [4778263] => 13
                    [4778265] =>
                    [4778283] =>
                    [4778407] => A00013
                    [k_content_id] =>
                    [k_ud_content_id] => 4000346
                    [k_title] => [추가 색보정으뢰] 파트1 추가부분
                    [c_category_id] => 5443849
                    [k_datagrade] =>
                    [ext-comp-1038] =>
                    [k_storterm] =>
                    [ext-comp-1035] =>
                )

        )

    [regist_type] =>
)

10.160.215.57	[2023-11-23 03:06:22] return ===> <?xml version="1.0" encoding="UTF-8"?>
<response><result success="true" msg="ok" content_id="2417709" task_id="10874203"><success>true</success><msg>ok</msg><content_id>2417709</content_id><task_id>10874203</task_id><task_list_info><source_path_id>162</source_path_id><target_path_id>162</target_path_id><register>edius</register><parameter>"rename"</parameter><source_opt>null</source_opt><target_opt>media=original&amp;dir=$UD_PATH/clip&amp;filename=$OUT_SRC_FILE&amp;ext=$OUT_SRC_EXT</target_opt><type>SAN</type><source_root>P:/CMS</source_root><source_root_for_mac>Product_Main/CMS</source_root_for_mac><login_id></login_id><login_pw></login_pw><source></source><edius_file_path>PG2230143D/NPS_EDIT/clip/P2023112358546.mxf</edius_file_path></task_list_info></result></response>

10.160.210.41	[2023-11-23 05:40:40] REQUEST ===> Array
(
)

10.160.210.41	[2023-11-23 05:40:40] receive ===> {"user_id":"CAS70013","type":"4000346","todas":false,"flag":"edius","metadata_type":"id","metadata":[{"4000288":"","4000289":"","4000292":"행복한 아침","4000293":"행복한 아침","4000294":"","4778141":"등급제외","4778261":"PG2190045D","4778262":"P2023112258421","4778263":"1","4778265":null,"4778283":"","4778407":"A00001","k_content_id":"","k_ud_content_id":"4000346","k_title":"1123_역사_에필로그VCR","c_category_id":"5398082","k_datagrade":"","ext-comp-1038":"","k_storterm":"","ext-comp-1035":""}],"regist_type":""} 
10.160.210.41	[2023-11-23 05:40:40] decodeData ===> Array
(
    [user_id] => CAS70013
    [type] => 4000346
    [todas] =>
    [flag] => edius
    [metadata_type] => id
    [metadata] => Array
        (
            [0] => Array
                (
                    [4000288] =>
                    [4000289] =>
                    [4000292] => 행복한 아침
                    [4000293] => 행복한 아침
                    [4000294] =>
                    [4778141] => 등급제외
                    [4778261] => PG2190045D
                    [4778262] => P2023112258421
                    [4778263] => 1
                    [4778265] =>
                    [4778283] =>
                    [4778407] => A00001
                    [k_content_id] =>
                    [k_ud_content_id] => 4000346
                    [k_title] => 1123_역사_에필로그VCR
                    [c_category_id] => 5398082
                    [k_datagrade] =>
                    [ext-comp-1038] =>
                    [k_storterm] =>
                    [ext-comp-1035] =>
                )

        )

    [regist_type] =>
)

10.160.210.41	[2023-11-23 05:40:40] return ===> <?xml version="1.0" encoding="UTF-8"?>
<response><result success="true" msg="ok" content_id="2417714" task_id="10874219"><success>true</success><msg>ok</msg><content_id>2417714</content_id><task_id>10874219</task_id><task_list_info><source_path_id>83</source_path_id><target_path_id>83</target_path_id><register>edius</register><parameter>"rename"</parameter><source_opt>null</source_opt><target_opt>media=original&amp;dir=$UD_PATH/clip&amp;filename=$OUT_SRC_FILE&amp;ext=$OUT_SRC_EXT</target_opt><type>SAN</type><source_root>I:/CMS</source_root><source_root_for_mac>Product_Main/CMS</source_root_for_mac><login_id></login_id><login_pw></login_pw><source></source><edius_file_path>PG2190045D/NPS_EDIT/clip/P2023112358547.mxf</edius_file_path></task_list_info></result></response>

10.160.210.86	[2023-11-23 06:07:12] REQUEST ===> Array
(
)

10.160.210.86	[2023-11-23 06:07:12] receive ===> {"user_id":"CA022052","type":"4000346","todas":false,"flag":"edius","metadata_type":"id","metadata":[{"4000288":"","4000289":"","4000292":"요즘 육아 금쪽같은 내새끼","4000293":"요즘 육아 금쪽같은 내새끼","4000294":"","4778141":"12 세","4778261":"PG2200051D","4778262":"P2023111556366","4778263":"171","4778265":null,"4778283":"","4778407":"A00171","k_content_id":"","k_ud_content_id":"4000346","k_title":"(믹싱용) 171회 믹싱용 합본 (애프터, 다음이야기x)","c_category_id":"5438886","k_datagrade":"","ext-comp-1038":"","k_storterm":"","ext-comp-1035":""}],"regist_type":""} 
10.160.210.86	[2023-11-23 06:07:12] decodeData ===> Array
(
    [user_id] => CA022052
    [type] => 4000346
    [todas] =>
    [flag] => edius
    [metadata_type] => id
    [metadata] => Array
        (
            [0] => Array
                (
                    [4000288] =>
                    [4000289] =>
                    [4000292] => 요즘 육아 금쪽같은 내새끼
                    [4000293] => 요즘 육아 금쪽같은 내새끼
                    [4000294] =>
                    [4778141] => 12 세
                    [4778261] => PG2200051D
                    [4778262] => P2023111556366
                    [4778263] => 171
                    [4778265] =>
                    [4778283] =>
                    [4778407] => A00171
                    [k_content_id] =>
                    [k_ud_content_id] => 4000346
                    [k_title] => (믹싱용) 171회 믹싱용 합본 (애프터, 다음이야기x)
                    [c_category_id] => 5438886
                    [k_datagrade] =>
                    [ext-comp-1038] =>
                    [k_storterm] =>
                    [ext-comp-1035] =>
                )

        )

    [regist_type] =>
)

10.160.210.86	[2023-11-23 06:07:12] return ===> <?xml version="1.0" encoding="UTF-8"?>
<response><result success="true" msg="ok" content_id="2417717" task_id="10874230"><success>true</success><msg>ok</msg><content_id>2417717</content_id><task_id>10874230</task_id><task_list_info><source_path_id>162</source_path_id><target_path_id>162</target_path_id><register>edius</register><parameter>"rename"</parameter><source_opt>null</source_opt><target_opt>media=original&amp;dir=$UD_PATH/clip&amp;filename=$OUT_SRC_FILE&amp;ext=$OUT_SRC_EXT</target_opt><type>SAN</type><source_root>P:/CMS</source_root><source_root_for_mac>Product_Main/CMS</source_root_for_mac><login_id></login_id><login_pw></login_pw><source></source><edius_file_path>PG2200051D/NPS_EDIT/clip/P2023112358549.mxf</edius_file_path></task_list_info></result></response>

10.160.210.41	[2023-11-23 06:12:54] REQUEST ===> Array
(
)

10.160.210.41	[2023-11-23 06:12:54] receive ===> {"user_id":"CAS70013","type":"4000346","todas":false,"flag":"edius","metadata_type":"id","metadata":[{"4000288":"","4000289":"","4000292":"행복한 아침","4000293":"행복한 아침","4000294":"","4778141":"등급제외","4778261":"PG2190045D","4778262":"","4778263":"1","4778265":"","4778283":"","4778407":"A00001","k_content_id":"","k_ud_content_id":"4000346","k_title":"1123_브리핑LED1 수제 흉기","c_category_id":"5398082","k_datagrade":"","ext-comp-1038":"","k_storterm":"","ext-comp-1035":""}],"regist_type":""} 
10.160.210.41	[2023-11-23 06:12:54] decodeData ===> Array
(
    [user_id] => CAS70013
    [type] => 4000346
    [todas] =>
    [flag] => edius
    [metadata_type] => id
    [metadata] => Array
        (
            [0] => Array
                (
                    [4000288] =>
                    [4000289] =>
                    [4000292] => 행복한 아침
                    [4000293] => 행복한 아침
                    [4000294] =>
                    [4778141] => 등급제외
                    [4778261] => PG2190045D
                    [4778262] =>
                    [4778263] => 1
                    [4778265] =>
                    [4778283] =>
                    [4778407] => A00001
                    [k_content_id] =>
                    [k_ud_content_id] => 4000346
                    [k_title] => 1123_브리핑LED1 수제 흉기
                    [c_category_id] => 5398082
                    [k_datagrade] =>
                    [ext-comp-1038] =>
                    [k_storterm] =>
                    [ext-comp-1035] =>
                )

        )

    [regist_type] =>
)

10.160.210.41	[2023-11-23 06:12:55] return ===> <?xml version="1.0" encoding="UTF-8"?>
<response><result success="true" msg="ok" content_id="2417721" task_id="10874240"><success>true</success><msg>ok</msg><content_id>2417721</content_id><task_id>10874240</task_id><task_list_info><source_path_id>83</source_path_id><target_path_id>83</target_path_id><register>edius</register><parameter>"rename"</parameter><source_opt>null</source_opt><target_opt>media=original&amp;dir=$UD_PATH/clip&amp;filename=$OUT_SRC_FILE&amp;ext=$OUT_SRC_EXT</target_opt><type>SAN</type><source_root>I:/CMS</source_root><source_root_for_mac>Product_Main/CMS</source_root_for_mac><login_id></login_id><login_pw></login_pw><source></source><edius_file_path>PG2190045D/NPS_EDIT/clip/P2023112358553.mxf</edius_file_path></task_list_info></result></response>

10.160.210.41	[2023-11-23 06:15:18] REQUEST ===> Array
(
)

10.160.210.41	[2023-11-23 06:15:18] receive ===> {"user_id":"CAS70013","type":"4000346","todas":false,"flag":"edius","metadata_type":"id","metadata":[{"4000288":"","4000289":"","4000292":"행복한 아침","4000293":"행복한 아침","4000294":"","4778141":"등급제외","4778261":"PG2190045D","4778262":"P2023112358553","4778263":"1","4778265":null,"4778283":"","4778407":"A00001","k_content_id":"","k_ud_content_id":"4000346","k_title":"1123_브리핑LED3 광장시장 바가지","c_category_id":"5398082","k_datagrade":"","ext-comp-1038":"","k_storterm":"","ext-comp-1035":""}],"regist_type":""} 
10.160.210.41	[2023-11-23 06:15:18] decodeData ===> Array
(
    [user_id] => CAS70013
    [type] => 4000346
    [todas] =>
    [flag] => edius
    [metadata_type] => id
    [metadata] => Array
        (
            [0] => Array
                (
                    [4000288] =>
                    [4000289] =>
                    [4000292] => 행복한 아침
                    [4000293] => 행복한 아침
                    [4000294] =>
                    [4778141] => 등급제외
                    [4778261] => PG2190045D
                    [4778262] => P2023112358553
                    [4778263] => 1
                    [4778265] =>
                    [4778283] =>
                    [4778407] => A00001
                    [k_content_id] =>
                    [k_ud_content_id] => 4000346
                    [k_title] => 1123_브리핑LED3 광장시장 바가지
                    [c_category_id] => 5398082
                    [k_datagrade] =>
                    [ext-comp-1038] =>
                    [k_storterm] =>
                    [ext-comp-1035] =>
                )

        )

    [regist_type] =>
)

10.160.210.41	[2023-11-23 06:15:18] return ===> <?xml version="1.0" encoding="UTF-8"?>
<response><result success="true" msg="ok" content_id="2417725" task_id="10874256"><success>true</success><msg>ok</msg><content_id>2417725</content_id><task_id>10874256</task_id><task_list_info><source_path_id>83</source_path_id><target_path_id>83</target_path_id><register>edius</register><parameter>"rename"</parameter><source_opt>null</source_opt><target_opt>media=original&amp;dir=$UD_PATH/clip&amp;filename=$OUT_SRC_FILE&amp;ext=$OUT_SRC_EXT</target_opt><type>SAN</type><source_root>I:/CMS</source_root><source_root_for_mac>Product_Main/CMS</source_root_for_mac><login_id></login_id><login_pw></login_pw><source></source><edius_file_path>PG2190045D/NPS_EDIT/clip/P2023112358557.mxf</edius_file_path></task_list_info></result></response>

10.160.210.41	[2023-11-23 06:16:20] REQUEST ===> Array
(
)

10.160.210.41	[2023-11-23 06:16:20] receive ===> {"user_id":"CAS70013","type":"4000346","todas":false,"flag":"edius","metadata_type":"id","metadata":[{"4000288":"","4000289":"","4000292":"행복한 아침","4000293":"행복한 아침","4000294":"","4778141":"등급제외","4778261":"PG2190045D","4778262":"P2023112358557","4778263":"1","4778265":null,"4778283":"","4778407":"A00001","k_content_id":"","k_ud_content_id":"4000346","k_title":"1123_브리핑LED4 여학생 영상","c_category_id":"5398082","k_datagrade":"","ext-comp-1038":"","k_storterm":"","ext-comp-1035":""}],"regist_type":""} 
10.160.210.41	[2023-11-23 06:16:20] decodeData ===> Array
(
    [user_id] => CAS70013
    [type] => 4000346
    [todas] =>
    [flag] => edius
    [metadata_type] => id
    [metadata] => Array
        (
            [0] => Array
                (
                    [4000288] =>
                    [4000289] =>
                    [4000292] => 행복한 아침
                    [4000293] => 행복한 아침
                    [4000294] =>
                    [4778141] => 등급제외
                    [4778261] => PG2190045D
                    [4778262] => P2023112358557
                    [4778263] => 1
                    [4778265] =>
                    [4778283] =>
                    [4778407] => A00001
                    [k_content_id] =>
                    [k_ud_content_id] => 4000346
                    [k_title] => 1123_브리핑LED4 여학생 영상
                    [c_category_id] => 5398082
                    [k_datagrade] =>
                    [ext-comp-1038] =>
                    [k_storterm] =>
                    [ext-comp-1035] =>
                )

        )

    [regist_type] =>
)

10.160.210.41	[2023-11-23 06:16:21] return ===> <?xml version="1.0" encoding="UTF-8"?>
<response><result success="true" msg="ok" content_id="2417728" task_id="10874270"><success>true</success><msg>ok</msg><content_id>2417728</content_id><task_id>10874270</task_id><task_list_info><source_path_id>83</source_path_id><target_path_id>83</target_path_id><register>edius</register><parameter>"rename"</parameter><source_opt>null</source_opt><target_opt>media=original&amp;dir=$UD_PATH/clip&amp;filename=$OUT_SRC_FILE&amp;ext=$OUT_SRC_EXT</target_opt><type>SAN</type><source_root>I:/CMS</source_root><source_root_for_mac>Product_Main/CMS</source_root_for_mac><login_id></login_id><login_pw></login_pw><source></source><edius_file_path>PG2190045D/NPS_EDIT/clip/P2023112358560.mxf</edius_file_path></task_list_info></result></response>

10.160.210.41	[2023-11-23 06:27:12] REQUEST ===> Array
(
)

10.160.210.41	[2023-11-23 06:27:12] receive ===> {"user_id":"CAS70013","type":"4000346","todas":false,"flag":"edius","metadata_type":"id","metadata":[{"4000288":"","4000289":"","4000292":"행복한 아침","4000293":"행복한 아침","4000294":"","4778141":"등급제외","4778261":"PG2190045D","4778262":"P2023112358560","4778263":"1","4778265":null,"4778283":"","4778407":"A00001","k_content_id":"","k_ud_content_id":"4000346","k_title":"1123_브리핑LED2 원정 소매치기","c_category_id":"5398082","k_datagrade":"","ext-comp-1038":"","k_storterm":"","ext-comp-1035":""}],"regist_type":""} 
10.160.210.41	[2023-11-23 06:27:12] decodeData ===> Array
(
    [user_id] => CAS70013
    [type] => 4000346
    [todas] =>
    [flag] => edius
    [metadata_type] => id
    [metadata] => Array
        (
            [0] => Array
                (
                    [4000288] =>
                    [4000289] =>
                    [4000292] => 행복한 아침
                    [4000293] => 행복한 아침
                    [4000294] =>
                    [4778141] => 등급제외
                    [4778261] => PG2190045D
                    [4778262] => P2023112358560
                    [4778263] => 1
                    [4778265] =>
                    [4778283] =>
                    [4778407] => A00001
                    [k_content_id] =>
                    [k_ud_content_id] => 4000346
                    [k_title] => 1123_브리핑LED2 원정 소매치기
                    [c_category_id] => 5398082
                    [k_datagrade] =>
                    [ext-comp-1038] =>
                    [k_storterm] =>
                    [ext-comp-1035] =>
                )

        )

    [regist_type] =>
)

10.160.210.41	[2023-11-23 06:27:12] return ===> <?xml version="1.0" encoding="UTF-8"?>
<response><result success="true" msg="ok" content_id="2417735" task_id="10874343"><success>true</success><msg>ok</msg><content_id>2417735</content_id><task_id>10874343</task_id><task_list_info><source_path_id>83</source_path_id><target_path_id>83</target_path_id><register>edius</register><parameter>"rename"</parameter><source_opt>null</source_opt><target_opt>media=original&amp;dir=$UD_PATH/clip&amp;filename=$OUT_SRC_FILE&amp;ext=$OUT_SRC_EXT</target_opt><type>SAN</type><source_root>I:/CMS</source_root><source_root_for_mac>Product_Main/CMS</source_root_for_mac><login_id></login_id><login_pw></login_pw><source></source><edius_file_path>PG2190045D/NPS_EDIT/clip/P2023112358567.mxf</edius_file_path></task_list_info></result></response>

10.160.210.41	[2023-11-23 06:32:20] REQUEST ===> Array
(
)

10.160.210.41	[2023-11-23 06:32:20] receive ===> {"user_id":"CAS70013","type":"4000346","todas":false,"flag":"edius","metadata_type":"id","metadata":[{"4000288":"","4000289":"","4000292":"행복한 아침","4000293":"행복한 아침","4000294":"","4778141":"등급제외","4778261":"PG2190045D","4778262":"P2023112358567","4778263":"1","4778265":null,"4778283":"","4778407":"A00001","k_content_id":"","k_ud_content_id":"4000346","k_title":"@수정@ 1123_브리핑LED4 여학생 영상","c_category_id":"5398082","k_datagrade":"","ext-comp-1038":"","k_storterm":"","ext-comp-1035":""}],"regist_type":""} 
10.160.210.41	[2023-11-23 06:32:20] decodeData ===> Array
(
    [user_id] => CAS70013
    [type] => 4000346
    [todas] =>
    [flag] => edius
    [metadata_type] => id
    [metadata] => Array
        (
            [0] => Array
                (
                    [4000288] =>
                    [4000289] =>
                    [4000292] => 행복한 아침
                    [4000293] => 행복한 아침
                    [4000294] =>
                    [4778141] => 등급제외
                    [4778261] => PG2190045D
                    [4778262] => P2023112358567
                    [4778263] => 1
                    [4778265] =>
                    [4778283] =>
                    [4778407] => A00001
                    [k_content_id] =>
                    [k_ud_content_id] => 4000346
                    [k_title] => @수정@ 1123_브리핑LED4 여학생 영상
                    [c_category_id] => 5398082
                    [k_datagrade] =>
                    [ext-comp-1038] =>
                    [k_storterm] =>
                    [ext-comp-1035] =>
                )

        )

    [regist_type] =>
)

10.160.210.41	[2023-11-23 06:32:20] return ===> <?xml version="1.0" encoding="UTF-8"?>
<response><result success="true" msg="ok" content_id="2417738" task_id="10874355"><success>true</success><msg>ok</msg><content_id>2417738</content_id><task_id>10874355</task_id><task_list_info><source_path_id>83</source_path_id><target_path_id>83</target_path_id><register>edius</register><parameter>"rename"</parameter><source_opt>null</source_opt><target_opt>media=original&amp;dir=$UD_PATH/clip&amp;filename=$OUT_SRC_FILE&amp;ext=$OUT_SRC_EXT</target_opt><type>SAN</type><source_root>I:/CMS</source_root><source_root_for_mac>Product_Main/CMS</source_root_for_mac><login_id></login_id><login_pw></login_pw><source></source><edius_file_path>PG2190045D/NPS_EDIT/clip/P2023112358568.mxf</edius_file_path></task_list_info></result></response>

10.160.210.41	[2023-11-23 06:40:46] REQUEST ===> Array
(
)

10.160.210.41	[2023-11-23 06:40:46] receive ===> {"user_id":"CAS70013","type":"4000346","todas":false,"flag":"edius","metadata_type":"id","metadata":[{"4000288":"","4000289":"","4000292":"행복한 아침","4000293":"행복한 아침","4000294":"","4778141":"등급제외","4778261":"PG2190045D","4778262":"P2023112358567","4778263":"1","4778265":null,"4778283":"","4778407":"A00001","k_content_id":"","k_ud_content_id":"4000346","k_title":"1123_브리핑2 소매치기 지하철 범행모습 SK","c_category_id":"5398082","k_datagrade":"","ext-comp-1038":"","k_storterm":"","ext-comp-1035":""}],"regist_type":""} 
10.160.210.41	[2023-11-23 06:40:46] decodeData ===> Array
(
    [user_id] => CAS70013
    [type] => 4000346
    [todas] =>
    [flag] => edius
    [metadata_type] => id
    [metadata] => Array
        (
            [0] => Array
                (
                    [4000288] =>
                    [4000289] =>
                    [4000292] => 행복한 아침
                    [4000293] => 행복한 아침
                    [4000294] =>
                    [4778141] => 등급제외
                    [4778261] => PG2190045D
                    [4778262] => P2023112358567
                    [4778263] => 1
                    [4778265] =>
                    [4778283] =>
                    [4778407] => A00001
                    [k_content_id] =>
                    [k_ud_content_id] => 4000346
                    [k_title] => 1123_브리핑2 소매치기 지하철 범행모습 SK
                    [c_category_id] => 5398082
                    [k_datagrade] =>
                    [ext-comp-1038] =>
                    [k_storterm] =>
                    [ext-comp-1035] =>
                )

        )

    [regist_type] =>
)

10.160.210.41	[2023-11-23 06:40:47] return ===> <?xml version="1.0" encoding="UTF-8"?>
<response><result success="true" msg="ok" content_id="2417751" task_id="10874405"><success>true</success><msg>ok</msg><content_id>2417751</content_id><task_id>10874405</task_id><task_list_info><source_path_id>83</source_path_id><target_path_id>83</target_path_id><register>edius</register><parameter>"rename"</parameter><source_opt>null</source_opt><target_opt>media=original&amp;dir=$UD_PATH/clip&amp;filename=$OUT_SRC_FILE&amp;ext=$OUT_SRC_EXT</target_opt><type>SAN</type><source_root>I:/CMS</source_root><source_root_for_mac>Product_Main/CMS</source_root_for_mac><login_id></login_id><login_pw></login_pw><source></source><edius_file_path>PG2190045D/NPS_EDIT/clip/P2023112358570.mxf</edius_file_path></task_list_info></result></response>

10.160.210.41	[2023-11-23 06:41:23] REQUEST ===> Array
(
)

10.160.210.41	[2023-11-23 06:41:23] receive ===> {"user_id":"CAS70013","type":"4000346","todas":false,"flag":"edius","metadata_type":"id","metadata":[{"4000288":"","4000289":"","4000292":"행복한 아침","4000293":"행복한 아침","4000294":"","4778141":"등급제외","4778261":"PG2190045D","4778262":"P2023112358570","4778263":"1","4778265":null,"4778283":"","4778407":"A00001","k_content_id":"","k_ud_content_id":"4000346","k_title":"1123_브리핑2 소매치기 검거 당시 모습 SK","c_category_id":"5398082","k_datagrade":"","ext-comp-1038":"","k_storterm":"","ext-comp-1035":""}],"regist_type":""} 
10.160.210.41	[2023-11-23 06:41:23] decodeData ===> Array
(
    [user_id] => CAS70013
    [type] => 4000346
    [todas] =>
    [flag] => edius
    [metadata_type] => id
    [metadata] => Array
        (
            [0] => Array
                (
                    [4000288] =>
                    [4000289] =>
                    [4000292] => 행복한 아침
                    [4000293] => 행복한 아침
                    [4000294] =>
                    [4778141] => 등급제외
                    [4778261] => PG2190045D
                    [4778262] => P2023112358570
                    [4778263] => 1
                    [4778265] =>
                    [4778283] =>
                    [4778407] => A00001
                    [k_content_id] =>
                    [k_ud_content_id] => 4000346
                    [k_title] => 1123_브리핑2 소매치기 검거 당시 모습 SK
                    [c_category_id] => 5398082
                    [k_datagrade] =>
                    [ext-comp-1038] =>
                    [k_storterm] =>
                    [ext-comp-1035] =>
                )

        )

    [regist_type] =>
)

10.160.210.41	[2023-11-23 06:41:23] return ===> <?xml version="1.0" encoding="UTF-8"?>
<response><result success="true" msg="ok" content_id="2417752" task_id="10874409"><success>true</success><msg>ok</msg><content_id>2417752</content_id><task_id>10874409</task_id><task_list_info><source_path_id>83</source_path_id><target_path_id>83</target_path_id><register>edius</register><parameter>"rename"</parameter><source_opt>null</source_opt><target_opt>media=original&amp;dir=$UD_PATH/clip&amp;filename=$OUT_SRC_FILE&amp;ext=$OUT_SRC_EXT</target_opt><type>SAN</type><source_root>I:/CMS</source_root><source_root_for_mac>Product_Main/CMS</source_root_for_mac><login_id></login_id><login_pw></login_pw><source></source><edius_file_path>PG2190045D/NPS_EDIT/clip/P2023112358571.mxf</edius_file_path></task_list_info></result></response>

10.160.210.41	[2023-11-23 06:43:19] REQUEST ===> Array
(
)

10.160.210.41	[2023-11-23 06:43:19] receive ===> {"user_id":"CAS70013","type":"4000346","todas":false,"flag":"edius","metadata_type":"id","metadata":[{"4000288":"","4000289":"","4000292":"행복한 아침","4000293":"행복한 아침","4000294":"","4778141":"등급제외","4778261":"PG2190045D","4778262":"P2023112358571","4778263":"1","4778265":null,"4778283":"","4778407":"A00001","k_content_id":"","k_ud_content_id":"4000346","k_title":"@수정@ 1123_브리핑LED2 원정 소매치기단","c_category_id":"5398082","k_datagrade":"","ext-comp-1038":"","k_storterm":"","ext-comp-1035":""}],"regist_type":""} 
10.160.210.41	[2023-11-23 06:43:19] decodeData ===> Array
(
    [user_id] => CAS70013
    [type] => 4000346
    [todas] =>
    [flag] => edius
    [metadata_type] => id
    [metadata] => Array
        (
            [0] => Array
                (
                    [4000288] =>
                    [4000289] =>
                    [4000292] => 행복한 아침
                    [4000293] => 행복한 아침
                    [4000294] =>
                    [4778141] => 등급제외
                    [4778261] => PG2190045D
                    [4778262] => P2023112358571
                    [4778263] => 1
                    [4778265] =>
                    [4778283] =>
                    [4778407] => A00001
                    [k_content_id] =>
                    [k_ud_content_id] => 4000346
                    [k_title] => @수정@ 1123_브리핑LED2 원정 소매치기단
                    [c_category_id] => 5398082
                    [k_datagrade] =>
                    [ext-comp-1038] =>
                    [k_storterm] =>
                    [ext-comp-1035] =>
                )

        )

    [regist_type] =>
)

10.160.210.41	[2023-11-23 06:43:19] return ===> <?xml version="1.0" encoding="UTF-8"?>
<response><result success="true" msg="ok" content_id="2417753" task_id="10874413"><success>true</success><msg>ok</msg><content_id>2417753</content_id><task_id>10874413</task_id><task_list_info><source_path_id>83</source_path_id><target_path_id>83</target_path_id><register>edius</register><parameter>"rename"</parameter><source_opt>null</source_opt><target_opt>media=original&amp;dir=$UD_PATH/clip&amp;filename=$OUT_SRC_FILE&amp;ext=$OUT_SRC_EXT</target_opt><type>SAN</type><source_root>I:/CMS</source_root><source_root_for_mac>Product_Main/CMS</source_root_for_mac><login_id></login_id><login_pw></login_pw><source></source><edius_file_path>PG2190045D/NPS_EDIT/clip/P2023112358572.mxf</edius_file_path></task_list_info></result></response>

10.160.210.43	[2023-11-23 06:47:33] REQUEST ===> Array
(
)

10.160.210.43	[2023-11-23 06:47:33] receive ===> {"user_id":"CAS70013","type":"4000346","todas":false,"flag":"edius","metadata_type":"id","metadata":[{"4000288":"","4000289":"","4000292":"행복한 아침","4000293":"행복한 아침","4000294":"","4778141":"등급제외","4778261":"PG2190045D","4778262":"E2023112200341","4778263":"1","4778265":null,"4778283":"","4778407":"A00001","k_content_id":"","k_ud_content_id":"4000346","k_title":"1123_브리핑3_광장시장 음식영상 SK(12초반복)","c_category_id":"5398082","k_datagrade":"","ext-comp-1038":"","k_storterm":"","ext-comp-1035":""}],"regist_type":""} 
10.160.210.43	[2023-11-23 06:47:33] decodeData ===> Array
(
    [user_id] => CAS70013
    [type] => 4000346
    [todas] =>
    [flag] => edius
    [metadata_type] => id
    [metadata] => Array
        (
            [0] => Array
                (
                    [4000288] =>
                    [4000289] =>
                    [4000292] => 행복한 아침
                    [4000293] => 행복한 아침
                    [4000294] =>
                    [4778141] => 등급제외
                    [4778261] => PG2190045D
                    [4778262] => E2023112200341
                    [4778263] => 1
                    [4778265] =>
                    [4778283] =>
                    [4778407] => A00001
                    [k_content_id] =>
                    [k_ud_content_id] => 4000346
                    [k_title] => 1123_브리핑3_광장시장 음식영상 SK(12초반복)
                    [c_category_id] => 5398082
                    [k_datagrade] =>
                    [ext-comp-1038] =>
                    [k_storterm] =>
                    [ext-comp-1035] =>
                )

        )

    [regist_type] =>
)

10.160.210.43	[2023-11-23 06:47:33] return ===> <?xml version="1.0" encoding="UTF-8"?>
<response><result success="true" msg="ok" content_id="2417754" task_id="10874417"><success>true</success><msg>ok</msg><content_id>2417754</content_id><task_id>10874417</task_id><task_list_info><source_path_id>83</source_path_id><target_path_id>83</target_path_id><register>edius</register><parameter>"rename"</parameter><source_opt>null</source_opt><target_opt>media=original&amp;dir=$UD_PATH/clip&amp;filename=$OUT_SRC_FILE&amp;ext=$OUT_SRC_EXT</target_opt><type>SAN</type><source_root>I:/CMS</source_root><source_root_for_mac>Product_Main/CMS</source_root_for_mac><login_id></login_id><login_pw></login_pw><source></source><edius_file_path>PG2190045D/NPS_EDIT/clip/P2023112358573.mxf</edius_file_path></task_list_info></result></response>

10.160.210.41	[2023-11-23 06:51:12] REQUEST ===> Array
(
)

10.160.210.41	[2023-11-23 06:51:12] receive ===> {"user_id":"CAS70013","type":"4000346","todas":false,"flag":"edius","metadata_type":"id","metadata":[{"4000288":"","4000289":"","4000292":"행복한 아침","4000293":"행복한 아침","4000294":"","4778141":"등급제외","4778261":"PG2190045D","4778262":"P2023112358572","4778263":"1","4778265":null,"4778283":"","4778407":"A00001","k_content_id":"","k_ud_content_id":"4000346","k_title":"@수정@ 1123_역사_에필로그VCR","c_category_id":"5398082","k_datagrade":"","ext-comp-1038":"","k_storterm":"","ext-comp-1035":""}],"regist_type":""} 
10.160.210.41	[2023-11-23 06:51:12] decodeData ===> Array
(
    [user_id] => CAS70013
    [type] => 4000346
    [todas] =>
    [flag] => edius
    [metadata_type] => id
    [metadata] => Array
        (
            [0] => Array
                (
                    [4000288] =>
                    [4000289] =>
                    [4000292] => 행복한 아침
                    [4000293] => 행복한 아침
                    [4000294] =>
                    [4778141] => 등급제외
                    [4778261] => PG2190045D
                    [4778262] => P2023112358572
                    [4778263] => 1
                    [4778265] =>
                    [4778283] =>
                    [4778407] => A00001
                    [k_content_id] =>
                    [k_ud_content_id] => 4000346
                    [k_title] => @수정@ 1123_역사_에필로그VCR
                    [c_category_id] => 5398082
                    [k_datagrade] =>
                    [ext-comp-1038] =>
                    [k_storterm] =>
                    [ext-comp-1035] =>
                )

        )

    [regist_type] =>
)

10.160.210.41	[2023-11-23 06:51:12] return ===> <?xml version="1.0" encoding="UTF-8"?>
<response><result success="true" msg="ok" content_id="2417755" task_id="10874425"><success>true</success><msg>ok</msg><content_id>2417755</content_id><task_id>10874425</task_id><task_list_info><source_path_id>83</source_path_id><target_path_id>83</target_path_id><register>edius</register><parameter>"rename"</parameter><source_opt>null</source_opt><target_opt>media=original&amp;dir=$UD_PATH/clip&amp;filename=$OUT_SRC_FILE&amp;ext=$OUT_SRC_EXT</target_opt><type>SAN</type><source_root>I:/CMS</source_root><source_root_for_mac>Product_Main/CMS</source_root_for_mac><login_id></login_id><login_pw></login_pw><source></source><edius_file_path>PG2190045D/NPS_EDIT/clip/P2023112358574.mxf</edius_file_path></task_list_info></result></response>

10.160.210.43	[2023-11-23 06:51:14] REQUEST ===> Array
(
)

10.160.210.43	[2023-11-23 06:51:14] receive ===> {"user_id":"CAS70013","type":"4000346","todas":false,"flag":"edius","metadata_type":"id","metadata":[{"4000288":"","4000289":"","4000292":"행복한 아침","4000293":"행복한 아침","4000294":"","4778141":"등급제외","4778261":"PG2190045D","4778262":"P2023112358573","4778263":"1","4778265":null,"4778283":"","4778407":"A00001","k_content_id":"","k_ud_content_id":"4000346","k_title":"1123_브리핑4_대드는 여학생 영상 SK(오디오O)","c_category_id":"5398082","k_datagrade":"","ext-comp-1038":"","k_storterm":"","ext-comp-1035":""}],"regist_type":""} 
10.160.210.43	[2023-11-23 06:51:14] decodeData ===> Array
(
    [user_id] => CAS70013
    [type] => 4000346
    [todas] =>
    [flag] => edius
    [metadata_type] => id
    [metadata] => Array
        (
            [0] => Array
                (
                    [4000288] =>
                    [4000289] =>
                    [4000292] => 행복한 아침
                    [4000293] => 행복한 아침
                    [4000294] =>
                    [4778141] => 등급제외
                    [4778261] => PG2190045D
                    [4778262] => P2023112358573
                    [4778263] => 1
                    [4778265] =>
                    [4778283] =>
                    [4778407] => A00001
                    [k_content_id] =>
                    [k_ud_content_id] => 4000346
                    [k_title] => 1123_브리핑4_대드는 여학생 영상 SK(오디오O)
                    [c_category_id] => 5398082
                    [k_datagrade] =>
                    [ext-comp-1038] =>
                    [k_storterm] =>
                    [ext-comp-1035] =>
                )

        )

    [regist_type] =>
)

10.160.210.43	[2023-11-23 06:51:15] return ===> <?xml version="1.0" encoding="UTF-8"?>
<response><result success="true" msg="ok" content_id="2417756" task_id="10874426"><success>true</success><msg>ok</msg><content_id>2417756</content_id><task_id>10874426</task_id><task_list_info><source_path_id>83</source_path_id><target_path_id>83</target_path_id><register>edius</register><parameter>"rename"</parameter><source_opt>null</source_opt><target_opt>media=original&amp;dir=$UD_PATH/clip&amp;filename=$OUT_SRC_FILE&amp;ext=$OUT_SRC_EXT</target_opt><type>SAN</type><source_root>I:/CMS</source_root><source_root_for_mac>Product_Main/CMS</source_root_for_mac><login_id></login_id><login_pw></login_pw><source></source><edius_file_path>PG2190045D/NPS_EDIT/clip/P2023112358575.mxf</edius_file_path></task_list_info></result></response>

10.160.210.41	[2023-11-23 07:13:19] REQUEST ===> Array
(
)

10.160.210.41	[2023-11-23 07:13:19] receive ===> {"user_id":"CAS70013","type":"4000346","todas":false,"flag":"edius","metadata_type":"id","metadata":[{"4000288":"","4000289":"","4000292":"행복한 아침","4000293":"","4000294":"","4778141":null,"4778261":"PG2190045D","4778262":"P2023112258405","4778263":"1","4778265":null,"4778283":"","4778407":"A00001","k_content_id":"","k_ud_content_id":"4000346","k_title":"1123_친절한 예인씨 완","c_category_id":"5398082","k_datagrade":"","ext-comp-1038":"","k_storterm":"","ext-comp-1035":""}],"regist_type":""} 
10.160.210.41	[2023-11-23 07:13:19] decodeData ===> Array
(
    [user_id] => CAS70013
    [type] => 4000346
    [todas] =>
    [flag] => edius
    [metadata_type] => id
    [metadata] => Array
        (
            [0] => Array
                (
                    [4000288] =>
                    [4000289] =>
                    [4000292] => 행복한 아침
                    [4000293] =>
                    [4000294] =>
                    [4778141] =>
                    [4778261] => PG2190045D
                    [4778262] => P2023112258405
                    [4778263] => 1
                    [4778265] =>
                    [4778283] =>
                    [4778407] => A00001
                    [k_content_id] =>
                    [k_ud_content_id] => 4000346
                    [k_title] => 1123_친절한 예인씨 완
                    [c_category_id] => 5398082
                    [k_datagrade] =>
                    [ext-comp-1038] =>
                    [k_storterm] =>
                    [ext-comp-1035] =>
                )

        )

    [regist_type] =>
)

10.160.210.41	[2023-11-23 07:13:19] return ===> <?xml version="1.0" encoding="UTF-8"?>
<response><result success="true" msg="ok" content_id="2417765" task_id="10874465"><success>true</success><msg>ok</msg><content_id>2417765</content_id><task_id>10874465</task_id><task_list_info><source_path_id>83</source_path_id><target_path_id>83</target_path_id><register>edius</register><parameter>"rename"</parameter><source_opt>null</source_opt><target_opt>media=original&amp;dir=$UD_PATH/clip&amp;filename=$OUT_SRC_FILE&amp;ext=$OUT_SRC_EXT</target_opt><type>SAN</type><source_root>I:/CMS</source_root><source_root_for_mac>Product_Main/CMS</source_root_for_mac><login_id></login_id><login_pw></login_pw><source></source><edius_file_path>PG2190045D/NPS_EDIT/clip/P2023112358579.mxf</edius_file_path></task_list_info></result></response>

10.160.210.43	[2023-11-23 07:13:59] REQUEST ===> Array
(
)

10.160.210.43	[2023-11-23 07:13:59] receive ===> {"user_id":"CAS70013","type":"4000346","todas":false,"flag":"edius","metadata_type":"id","metadata":[{"4000288":"","4000289":"","4000292":"행복한 아침","4000293":"행복한 아침","4000294":"","4778141":"등급제외","4778261":"PG2190045D","4778262":"P2023112358576","4778263":"1","4778265":null,"4778283":"","4778407":"A00001","k_content_id":"","k_ud_content_id":"4000346","k_title":"1123_요리_레시피(오리 주물럭 떡갈비)","c_category_id":"5398082","k_datagrade":"","ext-comp-1038":"","k_storterm":"","ext-comp-1035":""}],"regist_type":""} 
10.160.210.43	[2023-11-23 07:13:59] decodeData ===> Array
(
    [user_id] => CAS70013
    [type] => 4000346
    [todas] =>
    [flag] => edius
    [metadata_type] => id
    [metadata] => Array
        (
            [0] => Array
                (
                    [4000288] =>
                    [4000289] =>
                    [4000292] => 행복한 아침
                    [4000293] => 행복한 아침
                    [4000294] =>
                    [4778141] => 등급제외
                    [4778261] => PG2190045D
                    [4778262] => P2023112358576
                    [4778263] => 1
                    [4778265] =>
                    [4778283] =>
                    [4778407] => A00001
                    [k_content_id] =>
                    [k_ud_content_id] => 4000346
                    [k_title] => 1123_요리_레시피(오리 주물럭 떡갈비)
                    [c_category_id] => 5398082
                    [k_datagrade] =>
                    [ext-comp-1038] =>
                    [k_storterm] =>
                    [ext-comp-1035] =>
                )

        )

    [regist_type] =>
)

10.160.210.43	[2023-11-23 07:13:59] return ===> <?xml version="1.0" encoding="UTF-8"?>
<response><result success="true" msg="ok" content_id="2417766" task_id="10874469"><success>true</success><msg>ok</msg><content_id>2417766</content_id><task_id>10874469</task_id><task_list_info><source_path_id>83</source_path_id><target_path_id>83</target_path_id><register>edius</register><parameter>"rename"</parameter><source_opt>null</source_opt><target_opt>media=original&amp;dir=$UD_PATH/clip&amp;filename=$OUT_SRC_FILE&amp;ext=$OUT_SRC_EXT</target_opt><type>SAN</type><source_root>I:/CMS</source_root><source_root_for_mac>Product_Main/CMS</source_root_for_mac><login_id></login_id><login_pw></login_pw><source></source><edius_file_path>PG2190045D/NPS_EDIT/clip/P2023112358580.mxf</edius_file_path></task_list_info></result></response>

10.160.210.41	[2023-11-23 07:24:01] REQUEST ===> Array
(
)

10.160.210.41	[2023-11-23 07:24:01] receive ===> {"user_id":"CAS70013","type":"4000346","todas":false,"flag":"edius","metadata_type":"id","metadata":[{"4000288":"","4000289":"","4000292":"행복한 아침","4000293":"행복한 아침","4000294":"","4778141":"등급제외","4778261":"PG2190045D","4778262":"P2023112358543","4778263":"1","4778265":"003","4778283":"","4778407":"A00001","k_content_id":"","k_ud_content_id":"4000346","k_title":"1123_VCR 국립아시아문화전당","c_category_id":"5398082","k_datagrade":"","ext-comp-1038":"","k_storterm":"","ext-comp-1035":""}],"regist_type":""} 
10.160.210.41	[2023-11-23 07:24:01] decodeData ===> Array
(
    [user_id] => CAS70013
    [type] => 4000346
    [todas] =>
    [flag] => edius
    [metadata_type] => id
    [metadata] => Array
        (
            [0] => Array
                (
                    [4000288] =>
                    [4000289] =>
                    [4000292] => 행복한 아침
                    [4000293] => 행복한 아침
                    [4000294] =>
                    [4778141] => 등급제외
                    [4778261] => PG2190045D
                    [4778262] => P2023112358543
                    [4778263] => 1
                    [4778265] => 003
                    [4778283] =>
                    [4778407] => A00001
                    [k_content_id] =>
                    [k_ud_content_id] => 4000346
                    [k_title] => 1123_VCR 국립아시아문화전당
                    [c_category_id] => 5398082
                    [k_datagrade] =>
                    [ext-comp-1038] =>
                    [k_storterm] =>
                    [ext-comp-1035] =>
                )

        )

    [regist_type] =>
)

10.160.210.41	[2023-11-23 07:24:02] return ===> <?xml version="1.0" encoding="UTF-8"?>
<response><result success="true" msg="ok" content_id="2417767" task_id="10874477"><success>true</success><msg>ok</msg><content_id>2417767</content_id><task_id>10874477</task_id><task_list_info><source_path_id>83</source_path_id><target_path_id>83</target_path_id><register>edius</register><parameter>"rename"</parameter><source_opt>null</source_opt><target_opt>media=original&amp;dir=$UD_PATH/clip&amp;filename=$OUT_SRC_FILE&amp;ext=$OUT_SRC_EXT</target_opt><type>SAN</type><source_root>I:/CMS</source_root><source_root_for_mac>Product_Main/CMS</source_root_for_mac><login_id></login_id><login_pw></login_pw><source></source><edius_file_path>PG2190045D/NPS_EDIT/clip/P2023112358581.mxf</edius_file_path></task_list_info></result></response>

10.160.210.41	[2023-11-23 07:29:18] REQUEST ===> Array
(
)

10.160.210.41	[2023-11-23 07:29:18] receive ===> {"user_id":"CAS70013","type":"4000346","todas":false,"flag":"edius","metadata_type":"id","metadata":[{"4000288":"","4000289":"","4000292":"행복한 아침","4000293":"행복한 아침","4000294":"","4778141":"등급제외","4778261":"PG2190045D","4778262":"P2023112358581","4778263":"1","4778265":"003","4778283":"","4778407":"A00001","k_content_id":"","k_ud_content_id":"4000346","k_title":"@수정@1123_VCR 국립아시아문화전당","c_category_id":"5398082","k_datagrade":"","ext-comp-1038":"","k_storterm":"","ext-comp-1035":""}],"regist_type":""} 
10.160.210.41	[2023-11-23 07:29:18] decodeData ===> Array
(
    [user_id] => CAS70013
    [type] => 4000346
    [todas] =>
    [flag] => edius
    [metadata_type] => id
    [metadata] => Array
        (
            [0] => Array
                (
                    [4000288] =>
                    [4000289] =>
                    [4000292] => 행복한 아침
                    [4000293] => 행복한 아침
                    [4000294] =>
                    [4778141] => 등급제외
                    [4778261] => PG2190045D
                    [4778262] => P2023112358581
                    [4778263] => 1
                    [4778265] => 003
                    [4778283] =>
                    [4778407] => A00001
                    [k_content_id] =>
                    [k_ud_content_id] => 4000346
                    [k_title] => @수정@1123_VCR 국립아시아문화전당
                    [c_category_id] => 5398082
                    [k_datagrade] =>
                    [ext-comp-1038] =>
                    [k_storterm] =>
                    [ext-comp-1035] =>
                )

        )

    [regist_type] =>
)

10.160.210.41	[2023-11-23 07:29:18] return ===> <?xml version="1.0" encoding="UTF-8"?>
<response><result success="true" msg="ok" content_id="2417768" task_id="10874483"><success>true</success><msg>ok</msg><content_id>2417768</content_id><task_id>10874483</task_id><task_list_info><source_path_id>83</source_path_id><target_path_id>83</target_path_id><register>edius</register><parameter>"rename"</parameter><source_opt>null</source_opt><target_opt>media=original&amp;dir=$UD_PATH/clip&amp;filename=$OUT_SRC_FILE&amp;ext=$OUT_SRC_EXT</target_opt><type>SAN</type><source_root>I:/CMS</source_root><source_root_for_mac>Product_Main/CMS</source_root_for_mac><login_id></login_id><login_pw></login_pw><source></source><edius_file_path>PG2190045D/NPS_EDIT/clip/P2023112358582.mxf</edius_file_path></task_list_info></result></response>

10.160.210.43	[2023-11-23 07:37:49] REQUEST ===> Array
(
)

10.160.210.43	[2023-11-23 07:37:49] receive ===> {"user_id":"CAS70013","type":"4000346","todas":false,"flag":"edius","metadata_type":"id","metadata":[{"4000288":"","4000289":"","4000292":"행복한 아침","4000293":"행복한 아침","4000294":"","4778141":"등급제외","4778261":"PG2190045D","4778262":"P2023102650551","4778263":"1","4778265":null,"4778283":"","4778407":"A00001","k_content_id":"","k_ud_content_id":"4000346","k_title":"1026_요리LED_전체요리","c_category_id":"5398082","k_datagrade":"","ext-comp-1038":"","k_storterm":"","ext-comp-1035":""}],"regist_type":""} 
10.160.210.43	[2023-11-23 07:37:49] decodeData ===> Array
(
    [user_id] => CAS70013
    [type] => 4000346
    [todas] =>
    [flag] => edius
    [metadata_type] => id
    [metadata] => Array
        (
            [0] => Array
                (
                    [4000288] =>
                    [4000289] =>
                    [4000292] => 행복한 아침
                    [4000293] => 행복한 아침
                    [4000294] =>
                    [4778141] => 등급제외
                    [4778261] => PG2190045D
                    [4778262] => P2023102650551
                    [4778263] => 1
                    [4778265] =>
                    [4778283] =>
                    [4778407] => A00001
                    [k_content_id] =>
                    [k_ud_content_id] => 4000346
                    [k_title] => 1026_요리LED_전체요리
                    [c_category_id] => 5398082
                    [k_datagrade] =>
                    [ext-comp-1038] =>
                    [k_storterm] =>
                    [ext-comp-1035] =>
                )

        )

    [regist_type] =>
)

10.160.210.43	[2023-11-23 07:37:49] return ===> <?xml version="1.0" encoding="UTF-8"?>
<response><result success="true" msg="ok" content_id="2417769" task_id="10874491"><success>true</success><msg>ok</msg><content_id>2417769</content_id><task_id>10874491</task_id><task_list_info><source_path_id>83</source_path_id><target_path_id>83</target_path_id><register>edius</register><parameter>"rename"</parameter><source_opt>null</source_opt><target_opt>media=original&amp;dir=$UD_PATH/clip&amp;filename=$OUT_SRC_FILE&amp;ext=$OUT_SRC_EXT</target_opt><type>SAN</type><source_root>I:/CMS</source_root><source_root_for_mac>Product_Main/CMS</source_root_for_mac><login_id></login_id><login_pw></login_pw><source></source><edius_file_path>PG2190045D/NPS_EDIT/clip/P2023112358583.mxf</edius_file_path></task_list_info></result></response>

10.160.210.43	[2023-11-23 07:38:08] REQUEST ===> Array
(
)

10.160.210.43	[2023-11-23 07:38:08] receive ===> {"user_id":"CAS70013","type":"4000346","todas":false,"flag":"edius","metadata_type":"id","metadata":[{"4000288":"","4000289":"","4000292":"행복한 아침","4000293":"행복한 아침","4000294":"","4778141":"등급제외","4778261":"PG2190045D","4778262":"P2023112358583","4778263":"1","4778265":null,"4778283":"","4778407":"A00001","k_content_id":"","k_ud_content_id":"4000346","k_title":"1123_요리LED_전체요리","c_category_id":"5398082","k_datagrade":"","ext-comp-1038":"","k_storterm":"","ext-comp-1035":""}],"regist_type":""} 
10.160.210.43	[2023-11-23 07:38:08] decodeData ===> Array
(
    [user_id] => CAS70013
    [type] => 4000346
    [todas] =>
    [flag] => edius
    [metadata_type] => id
    [metadata] => Array
        (
            [0] => Array
                (
                    [4000288] =>
                    [4000289] =>
                    [4000292] => 행복한 아침
                    [4000293] => 행복한 아침
                    [4000294] =>
                    [4778141] => 등급제외
                    [4778261] => PG2190045D
                    [4778262] => P2023112358583
                    [4778263] => 1
                    [4778265] =>
                    [4778283] =>
                    [4778407] => A00001
                    [k_content_id] =>
                    [k_ud_content_id] => 4000346
                    [k_title] => 1123_요리LED_전체요리
                    [c_category_id] => 5398082
                    [k_datagrade] =>
                    [ext-comp-1038] =>
                    [k_storterm] =>
                    [ext-comp-1035] =>
                )

        )

    [regist_type] =>
)

10.160.210.43	[2023-11-23 07:38:08] return ===> <?xml version="1.0" encoding="UTF-8"?>
<response><result success="true" msg="ok" content_id="2417770" task_id="10874492"><success>true</success><msg>ok</msg><content_id>2417770</content_id><task_id>10874492</task_id><task_list_info><source_path_id>83</source_path_id><target_path_id>83</target_path_id><register>edius</register><parameter>"rename"</parameter><source_opt>null</source_opt><target_opt>media=original&amp;dir=$UD_PATH/clip&amp;filename=$OUT_SRC_FILE&amp;ext=$OUT_SRC_EXT</target_opt><type>SAN</type><source_root>I:/CMS</source_root><source_root_for_mac>Product_Main/CMS</source_root_for_mac><login_id></login_id><login_pw></login_pw><source></source><edius_file_path>PG2190045D/NPS_EDIT/clip/P2023112358584.mxf</edius_file_path></task_list_info></result></response>

10.160.210.41	[2023-11-23 07:38:33] REQUEST ===> Array
(
)

10.160.210.41	[2023-11-23 07:38:33] receive ===> {"user_id":"CAS70013","type":"4000346","todas":false,"flag":"edius","metadata_type":"id","metadata":[{"4000288":"","4000289":"","4000292":"행복한 아침","4000293":"행복한 아침","4000294":"","4778141":"등급제외","4778261":"PG2190045D","4778262":"P2023112358582","4778263":"1","4778265":"003","4778283":"","4778407":"A00001","k_content_id":"","k_ud_content_id":"4000346","k_title":"@@수정@1123_VCR 국립아시아문화전당","c_category_id":"5398082","k_datagrade":"","ext-comp-1038":"","k_storterm":"","ext-comp-1035":""}],"regist_type":""} 
10.160.210.41	[2023-11-23 07:38:33] decodeData ===> Array
(
    [user_id] => CAS70013
    [type] => 4000346
    [todas] =>
    [flag] => edius
    [metadata_type] => id
    [metadata] => Array
        (
            [0] => Array
                (
                    [4000288] =>
                    [4000289] =>
                    [4000292] => 행복한 아침
                    [4000293] => 행복한 아침
                    [4000294] =>
                    [4778141] => 등급제외
                    [4778261] => PG2190045D
                    [4778262] => P2023112358582
                    [4778263] => 1
                    [4778265] => 003
                    [4778283] =>
                    [4778407] => A00001
                    [k_content_id] =>
                    [k_ud_content_id] => 4000346
                    [k_title] => @@수정@1123_VCR 국립아시아문화전당
                    [c_category_id] => 5398082
                    [k_datagrade] =>
                    [ext-comp-1038] =>
                    [k_storterm] =>
                    [ext-comp-1035] =>
                )

        )

    [regist_type] =>
)

10.160.210.41	[2023-11-23 07:38:33] return ===> <?xml version="1.0" encoding="UTF-8"?>
<response><result success="true" msg="ok" content_id="2417771" task_id="10874495"><success>true</success><msg>ok</msg><content_id>2417771</content_id><task_id>10874495</task_id><task_list_info><source_path_id>83</source_path_id><target_path_id>83</target_path_id><register>edius</register><parameter>"rename"</parameter><source_opt>null</source_opt><target_opt>media=original&amp;dir=$UD_PATH/clip&amp;filename=$OUT_SRC_FILE&amp;ext=$OUT_SRC_EXT</target_opt><type>SAN</type><source_root>I:/CMS</source_root><source_root_for_mac>Product_Main/CMS</source_root_for_mac><login_id></login_id><login_pw></login_pw><source></source><edius_file_path>PG2190045D/NPS_EDIT/clip/P2023112358585.mxf</edius_file_path></task_list_info></result></response>

10.160.210.43	[2023-11-23 07:39:17] REQUEST ===> Array
(
)

10.160.210.43	[2023-11-23 07:39:17] receive ===> {"user_id":"CAS70013","type":"4000346","todas":false,"flag":"edius","metadata_type":"id","metadata":[{"4000288":"","4000289":"","4000292":"행복한 아침","4000293":"행복한 아침","4000294":"","4778141":"등급제외","4778261":"PG2190045D","4778262":"P2023112358584","4778263":"1","4778265":null,"4778283":"","4778407":"A00001","k_content_id":"","k_ud_content_id":"4000346","k_title":"1123_요리LED_오리주물럭에서 떡갈비로","c_category_id":"5398082","k_datagrade":"","ext-comp-1038":"","k_storterm":"","ext-comp-1035":""}],"regist_type":""} 
10.160.210.43	[2023-11-23 07:39:17] decodeData ===> Array
(
    [user_id] => CAS70013
    [type] => 4000346
    [todas] =>
    [flag] => edius
    [metadata_type] => id
    [metadata] => Array
        (
            [0] => Array
                (
                    [4000288] =>
                    [4000289] =>
                    [4000292] => 행복한 아침
                    [4000293] => 행복한 아침
                    [4000294] =>
                    [4778141] => 등급제외
                    [4778261] => PG2190045D
                    [4778262] => P2023112358584
                    [4778263] => 1
                    [4778265] =>
                    [4778283] =>
                    [4778407] => A00001
                    [k_content_id] =>
                    [k_ud_content_id] => 4000346
                    [k_title] => 1123_요리LED_오리주물럭에서 떡갈비로
                    [c_category_id] => 5398082
                    [k_datagrade] =>
                    [ext-comp-1038] =>
                    [k_storterm] =>
                    [ext-comp-1035] =>
                )

        )

    [regist_type] =>
)

10.160.210.43	[2023-11-23 07:39:17] return ===> <?xml version="1.0" encoding="UTF-8"?>
<response><result success="true" msg="ok" content_id="2417772" task_id="10874497"><success>true</success><msg>ok</msg><content_id>2417772</content_id><task_id>10874497</task_id><task_list_info><source_path_id>83</source_path_id><target_path_id>83</target_path_id><register>edius</register><parameter>"rename"</parameter><source_opt>null</source_opt><target_opt>media=original&amp;dir=$UD_PATH/clip&amp;filename=$OUT_SRC_FILE&amp;ext=$OUT_SRC_EXT</target_opt><type>SAN</type><source_root>I:/CMS</source_root><source_root_for_mac>Product_Main/CMS</source_root_for_mac><login_id></login_id><login_pw></login_pw><source></source><edius_file_path>PG2190045D/NPS_EDIT/clip/P2023112358586.mxf</edius_file_path></task_list_info></result></response>

10.160.210.43	[2023-11-23 07:41:25] REQUEST ===> Array
(
)

10.160.210.43	[2023-11-23 07:41:25] receive ===> {"user_id":"CAS70013","type":"4000346","todas":false,"flag":"edius","metadata_type":"id","metadata":[{"4000288":"","4000289":"","4000292":"행복한 아침","4000293":"행복한 아침","4000294":"","4778141":"등급제외","4778261":"PG2190045D","4778262":"P2023112358586","4778263":"1","4778265":null,"4778283":"","4778407":"A00001","k_content_id":"","k_ud_content_id":"4000346","k_title":"1123_요리_전체요리 위에서 팬1","c_category_id":"5398082","k_datagrade":"","ext-comp-1038":"","k_storterm":"","ext-comp-1035":""}],"regist_type":""} 
10.160.210.43	[2023-11-23 07:41:25] decodeData ===> Array
(
    [user_id] => CAS70013
    [type] => 4000346
    [todas] =>
    [flag] => edius
    [metadata_type] => id
    [metadata] => Array
        (
            [0] => Array
                (
                    [4000288] =>
                    [4000289] =>
                    [4000292] => 행복한 아침
                    [4000293] => 행복한 아침
                    [4000294] =>
                    [4778141] => 등급제외
                    [4778261] => PG2190045D
                    [4778262] => P2023112358586
                    [4778263] => 1
                    [4778265] =>
                    [4778283] =>
                    [4778407] => A00001
                    [k_content_id] =>
                    [k_ud_content_id] => 4000346
                    [k_title] => 1123_요리_전체요리 위에서 팬1
                    [c_category_id] => 5398082
                    [k_datagrade] =>
                    [ext-comp-1038] =>
                    [k_storterm] =>
                    [ext-comp-1035] =>
                )

        )

    [regist_type] =>
)

10.160.210.43	[2023-11-23 07:41:25] return ===> <?xml version="1.0" encoding="UTF-8"?>
<response><result success="true" msg="ok" content_id="2417773" task_id="10874504"><success>true</success><msg>ok</msg><content_id>2417773</content_id><task_id>10874504</task_id><task_list_info><source_path_id>83</source_path_id><target_path_id>83</target_path_id><register>edius</register><parameter>"rename"</parameter><source_opt>null</source_opt><target_opt>media=original&amp;dir=$UD_PATH/clip&amp;filename=$OUT_SRC_FILE&amp;ext=$OUT_SRC_EXT</target_opt><type>SAN</type><source_root>I:/CMS</source_root><source_root_for_mac>Product_Main/CMS</source_root_for_mac><login_id></login_id><login_pw></login_pw><source></source><edius_file_path>PG2190045D/NPS_EDIT/clip/P2023112358587.mxf</edius_file_path></task_list_info></result></response>

10.160.210.41	[2023-11-23 07:42:18] REQUEST ===> Array
(
)

10.160.210.41	[2023-11-23 07:42:18] receive ===> {"user_id":"CAS70013","type":"4000346","todas":false,"flag":"edius","metadata_type":"id","metadata":[{"4000288":"","4000289":"","4000292":"행복한 아침","4000293":"행복한 아침","4000294":"","4778141":"등급제외","4778261":"PG2190045D","4778262":"P2023112358585","4778263":"1","4778265":"003","4778283":"","4778407":"A00001","k_content_id":"","k_ud_content_id":"4000346","k_title":"@@@수정@1123_VCR 국립아시아문화전당","c_category_id":"5398082","k_datagrade":"","ext-comp-1038":"","k_storterm":"","ext-comp-1035":""}],"regist_type":""} 
10.160.210.41	[2023-11-23 07:42:18] decodeData ===> Array
(
    [user_id] => CAS70013
    [type] => 4000346
    [todas] =>
    [flag] => edius
    [metadata_type] => id
    [metadata] => Array
        (
            [0] => Array
                (
                    [4000288] =>
                    [4000289] =>
                    [4000292] => 행복한 아침
                    [4000293] => 행복한 아침
                    [4000294] =>
                    [4778141] => 등급제외
                    [4778261] => PG2190045D
                    [4778262] => P2023112358585
                    [4778263] => 1
                    [4778265] => 003
                    [4778283] =>
                    [4778407] => A00001
                    [k_content_id] =>
                    [k_ud_content_id] => 4000346
                    [k_title] => @@@수정@1123_VCR 국립아시아문화전당
                    [c_category_id] => 5398082
                    [k_datagrade] =>
                    [ext-comp-1038] =>
                    [k_storterm] =>
                    [ext-comp-1035] =>
                )

        )

    [regist_type] =>
)

10.160.210.41	[2023-11-23 07:42:18] return ===> <?xml version="1.0" encoding="UTF-8"?>
<response><result success="true" msg="ok" content_id="2417774" task_id="10874509"><success>true</success><msg>ok</msg><content_id>2417774</content_id><task_id>10874509</task_id><task_list_info><source_path_id>83</source_path_id><target_path_id>83</target_path_id><register>edius</register><parameter>"rename"</parameter><source_opt>null</source_opt><target_opt>media=original&amp;dir=$UD_PATH/clip&amp;filename=$OUT_SRC_FILE&amp;ext=$OUT_SRC_EXT</target_opt><type>SAN</type><source_root>I:/CMS</source_root><source_root_for_mac>Product_Main/CMS</source_root_for_mac><login_id></login_id><login_pw></login_pw><source></source><edius_file_path>PG2190045D/NPS_EDIT/clip/P2023112358588.mxf</edius_file_path></task_list_info></result></response>

10.160.210.43	[2023-11-23 07:42:37] REQUEST ===> Array
(
)

10.160.210.43	[2023-11-23 07:42:37] receive ===> {"user_id":"CAS70013","type":"4000346","todas":false,"flag":"edius","metadata_type":"id","metadata":[{"4000288":"","4000289":"","4000292":"행복한 아침","4000293":"행복한 아침","4000294":"","4778141":"등급제외","4778261":"PG2190045D","4778262":"P2023112358587","4778263":"1","4778265":null,"4778283":"","4778407":"A00001","k_content_id":"","k_ud_content_id":"4000346","k_title":"1123_요리_전체요리 위에서 팬2","c_category_id":"5398082","k_datagrade":"","ext-comp-1038":"","k_storterm":"","ext-comp-1035":""}],"regist_type":""} 
10.160.210.43	[2023-11-23 07:42:37] decodeData ===> Array
(
    [user_id] => CAS70013
    [type] => 4000346
    [todas] =>
    [flag] => edius
    [metadata_type] => id
    [metadata] => Array
        (
            [0] => Array
                (
                    [4000288] =>
                    [4000289] =>
                    [4000292] => 행복한 아침
                    [4000293] => 행복한 아침
                    [4000294] =>
                    [4778141] => 등급제외
                    [4778261] => PG2190045D
                    [4778262] => P2023112358587
                    [4778263] => 1
                    [4778265] =>
                    [4778283] =>
                    [4778407] => A00001
                    [k_content_id] =>
                    [k_ud_content_id] => 4000346
                    [k_title] => 1123_요리_전체요리 위에서 팬2
                    [c_category_id] => 5398082
                    [k_datagrade] =>
                    [ext-comp-1038] =>
                    [k_storterm] =>
                    [ext-comp-1035] =>
                )

        )

    [regist_type] =>
)

10.160.210.43	[2023-11-23 07:42:37] return ===> <?xml version="1.0" encoding="UTF-8"?>
<response><result success="true" msg="ok" content_id="2417775" task_id="10874510"><success>true</success><msg>ok</msg><content_id>2417775</content_id><task_id>10874510</task_id><task_list_info><source_path_id>83</source_path_id><target_path_id>83</target_path_id><register>edius</register><parameter>"rename"</parameter><source_opt>null</source_opt><target_opt>media=original&amp;dir=$UD_PATH/clip&amp;filename=$OUT_SRC_FILE&amp;ext=$OUT_SRC_EXT</target_opt><type>SAN</type><source_root>I:/CMS</source_root><source_root_for_mac>Product_Main/CMS</source_root_for_mac><login_id></login_id><login_pw></login_pw><source></source><edius_file_path>PG2190045D/NPS_EDIT/clip/P2023112358589.mxf</edius_file_path></task_list_info></result></response>

10.160.210.43	[2023-11-23 07:43:39] REQUEST ===> Array
(
)

10.160.210.43	[2023-11-23 07:43:39] receive ===> {"user_id":"CAS70013","type":"4000346","todas":false,"flag":"edius","metadata_type":"id","metadata":[{"4000288":"","4000289":"","4000292":"행복한 아침","4000293":"행복한 아침","4000294":"","4778141":"등급제외","4778261":"PG2190045D","4778262":"P2023112358589","4778263":"1","4778265":null,"4778283":"","4778407":"A00001","k_content_id":"","k_ud_content_id":"4000346","k_title":"1123_요리_전체요리 떡갈비에서 줌아웃","c_category_id":"5398082","k_datagrade":"","ext-comp-1038":"","k_storterm":"","ext-comp-1035":""}],"regist_type":""} 
10.160.210.43	[2023-11-23 07:43:39] decodeData ===> Array
(
    [user_id] => CAS70013
    [type] => 4000346
    [todas] =>
    [flag] => edius
    [metadata_type] => id
    [metadata] => Array
        (
            [0] => Array
                (
                    [4000288] =>
                    [4000289] =>
                    [4000292] => 행복한 아침
                    [4000293] => 행복한 아침
                    [4000294] =>
                    [4778141] => 등급제외
                    [4778261] => PG2190045D
                    [4778262] => P2023112358589
                    [4778263] => 1
                    [4778265] =>
                    [4778283] =>
                    [4778407] => A00001
                    [k_content_id] =>
                    [k_ud_content_id] => 4000346
                    [k_title] => 1123_요리_전체요리 떡갈비에서 줌아웃
                    [c_category_id] => 5398082
                    [k_datagrade] =>
                    [ext-comp-1038] =>
                    [k_storterm] =>
                    [ext-comp-1035] =>
                )

        )

    [regist_type] =>
)

10.160.210.43	[2023-11-23 07:43:39] return ===> <?xml version="1.0" encoding="UTF-8"?>
<response><result success="true" msg="ok" content_id="2417776" task_id="10874514"><success>true</success><msg>ok</msg><content_id>2417776</content_id><task_id>10874514</task_id><task_list_info><source_path_id>83</source_path_id><target_path_id>83</target_path_id><register>edius</register><parameter>"rename"</parameter><source_opt>null</source_opt><target_opt>media=original&amp;dir=$UD_PATH/clip&amp;filename=$OUT_SRC_FILE&amp;ext=$OUT_SRC_EXT</target_opt><type>SAN</type><source_root>I:/CMS</source_root><source_root_for_mac>Product_Main/CMS</source_root_for_mac><login_id></login_id><login_pw></login_pw><source></source><edius_file_path>PG2190045D/NPS_EDIT/clip/P2023112358590.mxf</edius_file_path></task_list_info></result></response>

10.160.210.43	[2023-11-23 07:44:48] REQUEST ===> Array
(
)

10.160.210.43	[2023-11-23 07:44:48] receive ===> {"user_id":"CAS70013","type":"4000346","todas":false,"flag":"edius","metadata_type":"id","metadata":[{"4000288":"","4000289":"","4000292":"행복한 아침","4000293":"행복한 아침","4000294":"","4778141":"등급제외","4778261":"PG2190045D","4778262":"P2023112358590","4778263":"1","4778265":null,"4778283":"","4778407":"A00001","k_content_id":"","k_ud_content_id":"4000346","k_title":"1123_요리_오리주물럭 팬1","c_category_id":"5398082","k_datagrade":"","ext-comp-1038":"","k_storterm":"","ext-comp-1035":""}],"regist_type":""} 
10.160.210.43	[2023-11-23 07:44:48] decodeData ===> Array
(
    [user_id] => CAS70013
    [type] => 4000346
    [todas] =>
    [flag] => edius
    [metadata_type] => id
    [metadata] => Array
        (
            [0] => Array
                (
                    [4000288] =>
                    [4000289] =>
                    [4000292] => 행복한 아침
                    [4000293] => 행복한 아침
                    [4000294] =>
                    [4778141] => 등급제외
                    [4778261] => PG2190045D
                    [4778262] => P2023112358590
                    [4778263] => 1
                    [4778265] =>
                    [4778283] =>
                    [4778407] => A00001
                    [k_content_id] =>
                    [k_ud_content_id] => 4000346
                    [k_title] => 1123_요리_오리주물럭 팬1
                    [c_category_id] => 5398082
                    [k_datagrade] =>
                    [ext-comp-1038] =>
                    [k_storterm] =>
                    [ext-comp-1035] =>
                )

        )

    [regist_type] =>
)

10.160.210.43	[2023-11-23 07:44:48] return ===> <?xml version="1.0" encoding="UTF-8"?>
<response><result success="true" msg="ok" content_id="2417777" task_id="10874520"><success>true</success><msg>ok</msg><content_id>2417777</content_id><task_id>10874520</task_id><task_list_info><source_path_id>83</source_path_id><target_path_id>83</target_path_id><register>edius</register><parameter>"rename"</parameter><source_opt>null</source_opt><target_opt>media=original&amp;dir=$UD_PATH/clip&amp;filename=$OUT_SRC_FILE&amp;ext=$OUT_SRC_EXT</target_opt><type>SAN</type><source_root>I:/CMS</source_root><source_root_for_mac>Product_Main/CMS</source_root_for_mac><login_id></login_id><login_pw></login_pw><source></source><edius_file_path>PG2190045D/NPS_EDIT/clip/P2023112358591.mxf</edius_file_path></task_list_info></result></response>

10.160.210.43	[2023-11-23 07:45:34] REQUEST ===> Array
(
)

10.160.210.43	[2023-11-23 07:45:34] receive ===> {"user_id":"CAS70013","type":"4000346","todas":false,"flag":"edius","metadata_type":"id","metadata":[{"4000288":"","4000289":"","4000292":"행복한 아침","4000293":"행복한 아침","4000294":"","4778141":"등급제외","4778261":"PG2190045D","4778262":"P2023112358591","4778263":"1","4778265":null,"4778283":"","4778407":"A00001","k_content_id":"","k_ud_content_id":"4000346","k_title":"1123_요리_오리주물럭 팬2","c_category_id":"5398082","k_datagrade":"","ext-comp-1038":"","k_storterm":"","ext-comp-1035":""}],"regist_type":""} 
10.160.210.43	[2023-11-23 07:45:34] decodeData ===> Array
(
    [user_id] => CAS70013
    [type] => 4000346
    [todas] =>
    [flag] => edius
    [metadata_type] => id
    [metadata] => Array
        (
            [0] => Array
                (
                    [4000288] =>
                    [4000289] =>
                    [4000292] => 행복한 아침
                    [4000293] => 행복한 아침
                    [4000294] =>
                    [4778141] => 등급제외
                    [4778261] => PG2190045D
                    [4778262] => P2023112358591
                    [4778263] => 1
                    [4778265] =>
                    [4778283] =>
                    [4778407] => A00001
                    [k_content_id] =>
                    [k_ud_content_id] => 4000346
                    [k_title] => 1123_요리_오리주물럭 팬2
                    [c_category_id] => 5398082
                    [k_datagrade] =>
                    [ext-comp-1038] =>
                    [k_storterm] =>
                    [ext-comp-1035] =>
                )

        )

    [regist_type] =>
)

10.160.210.43	[2023-11-23 07:45:34] return ===> <?xml version="1.0" encoding="UTF-8"?>
<response><result success="true" msg="ok" content_id="2417778" task_id="10874530"><success>true</success><msg>ok</msg><content_id>2417778</content_id><task_id>10874530</task_id><task_list_info><source_path_id>83</source_path_id><target_path_id>83</target_path_id><register>edius</register><parameter>"rename"</parameter><source_opt>null</source_opt><target_opt>media=original&amp;dir=$UD_PATH/clip&amp;filename=$OUT_SRC_FILE&amp;ext=$OUT_SRC_EXT</target_opt><type>SAN</type><source_root>I:/CMS</source_root><source_root_for_mac>Product_Main/CMS</source_root_for_mac><login_id></login_id><login_pw></login_pw><source></source><edius_file_path>PG2190045D/NPS_EDIT/clip/P2023112358592.mxf</edius_file_path></task_list_info></result></response>

10.160.210.43	[2023-11-23 07:46:18] REQUEST ===> Array
(
)

10.160.210.43	[2023-11-23 07:46:18] receive ===> {"user_id":"CAS70013","type":"4000346","todas":false,"flag":"edius","metadata_type":"id","metadata":[{"4000288":"","4000289":"","4000292":"행복한 아침","4000293":"행복한 아침","4000294":"","4778141":"등급제외","4778261":"PG2190045D","4778262":"P2023112358592","4778263":"1","4778265":null,"4778283":"","4778407":"A00001","k_content_id":"","k_ud_content_id":"4000346","k_title":"1123_요리_오리주물럭 타이트팬1","c_category_id":"5398082","k_datagrade":"","ext-comp-1038":"","k_storterm":"","ext-comp-1035":""}],"regist_type":""} 
10.160.210.43	[2023-11-23 07:46:18] decodeData ===> Array
(
    [user_id] => CAS70013
    [type] => 4000346
    [todas] =>
    [flag] => edius
    [metadata_type] => id
    [metadata] => Array
        (
            [0] => Array
                (
                    [4000288] =>
                    [4000289] =>
                    [4000292] => 행복한 아침
                    [4000293] => 행복한 아침
                    [4000294] =>
                    [4778141] => 등급제외
                    [4778261] => PG2190045D
                    [4778262] => P2023112358592
                    [4778263] => 1
                    [4778265] =>
                    [4778283] =>
                    [4778407] => A00001
                    [k_content_id] =>
                    [k_ud_content_id] => 4000346
                    [k_title] => 1123_요리_오리주물럭 타이트팬1
                    [c_category_id] => 5398082
                    [k_datagrade] =>
                    [ext-comp-1038] =>
                    [k_storterm] =>
                    [ext-comp-1035] =>
                )

        )

    [regist_type] =>
)

10.160.210.43	[2023-11-23 07:46:18] return ===> <?xml version="1.0" encoding="UTF-8"?>
<response><result success="true" msg="ok" content_id="2417779" task_id="10874534"><success>true</success><msg>ok</msg><content_id>2417779</content_id><task_id>10874534</task_id><task_list_info><source_path_id>83</source_path_id><target_path_id>83</target_path_id><register>edius</register><parameter>"rename"</parameter><source_opt>null</source_opt><target_opt>media=original&amp;dir=$UD_PATH/clip&amp;filename=$OUT_SRC_FILE&amp;ext=$OUT_SRC_EXT</target_opt><type>SAN</type><source_root>I:/CMS</source_root><source_root_for_mac>Product_Main/CMS</source_root_for_mac><login_id></login_id><login_pw></login_pw><source></source><edius_file_path>PG2190045D/NPS_EDIT/clip/P2023112358593.mxf</edius_file_path></task_list_info></result></response>

10.160.210.43	[2023-11-23 07:48:44] REQUEST ===> Array
(
)

10.160.210.43	[2023-11-23 07:48:44] receive ===> {"user_id":"CAS70013","type":"4000346","todas":false,"flag":"edius","metadata_type":"id","metadata":[{"4000288":"","4000289":"","4000292":"행복한 아침","4000293":"행복한 아침","4000294":"","4778141":"등급제외","4778261":"PG2190045D","4778262":"P2023112358593","4778263":"1","4778265":null,"4778283":"","4778407":"A00001","k_content_id":"","k_ud_content_id":"4000346","k_title":"1123_요리_오리주물럭 길게","c_category_id":"5398082","k_datagrade":"","ext-comp-1038":"","k_storterm":"","ext-comp-1035":""}],"regist_type":""} 
10.160.210.43	[2023-11-23 07:48:44] decodeData ===> Array
(
    [user_id] => CAS70013
    [type] => 4000346
    [todas] =>
    [flag] => edius
    [metadata_type] => id
    [metadata] => Array
        (
            [0] => Array
                (
                    [4000288] =>
                    [4000289] =>
                    [4000292] => 행복한 아침
                    [4000293] => 행복한 아침
                    [4000294] =>
                    [4778141] => 등급제외
                    [4778261] => PG2190045D
                    [4778262] => P2023112358593
                    [4778263] => 1
                    [4778265] =>
                    [4778283] =>
                    [4778407] => A00001
                    [k_content_id] =>
                    [k_ud_content_id] => 4000346
                    [k_title] => 1123_요리_오리주물럭 길게
                    [c_category_id] => 5398082
                    [k_datagrade] =>
                    [ext-comp-1038] =>
                    [k_storterm] =>
                    [ext-comp-1035] =>
                )

        )

    [regist_type] =>
)

10.160.210.43	[2023-11-23 07:48:45] return ===> <?xml version="1.0" encoding="UTF-8"?>
<response><result success="true" msg="ok" content_id="2417780" task_id="10874541"><success>true</success><msg>ok</msg><content_id>2417780</content_id><task_id>10874541</task_id><task_list_info><source_path_id>83</source_path_id><target_path_id>83</target_path_id><register>edius</register><parameter>"rename"</parameter><source_opt>null</source_opt><target_opt>media=original&amp;dir=$UD_PATH/clip&amp;filename=$OUT_SRC_FILE&amp;ext=$OUT_SRC_EXT</target_opt><type>SAN</type><source_root>I:/CMS</source_root><source_root_for_mac>Product_Main/CMS</source_root_for_mac><login_id></login_id><login_pw></login_pw><source></source><edius_file_path>PG2190045D/NPS_EDIT/clip/P2023112358594.mxf</edius_file_path></task_list_info></result></response>

10.160.210.43	[2023-11-23 07:50:12] REQUEST ===> Array
(
)

10.160.210.43	[2023-11-23 07:50:12] receive ===> {"user_id":"CAS70013","type":"4000346","todas":false,"flag":"edius","metadata_type":"id","metadata":[{"4000288":"","4000289":"","4000292":"행복한 아침","4000293":"행복한 아침","4000294":"","4778141":"등급제외","4778261":"PG2190045D","4778262":"P2023112358594","4778263":"1","4778265":null,"4778283":"","4778407":"A00001","k_content_id":"","k_ud_content_id":"4000346","k_title":"1123_요리_오리떡갈비 위에서 팬1","c_category_id":"5398082","k_datagrade":"","ext-comp-1038":"","k_storterm":"","ext-comp-1035":""}],"regist_type":""} 
10.160.210.43	[2023-11-23 07:50:12] decodeData ===> Array
(
    [user_id] => CAS70013
    [type] => 4000346
    [todas] =>
    [flag] => edius
    [metadata_type] => id
    [metadata] => Array
        (
            [0] => Array
                (
                    [4000288] =>
                    [4000289] =>
                    [4000292] => 행복한 아침
                    [4000293] => 행복한 아침
                    [4000294] =>
                    [4778141] => 등급제외
                    [4778261] => PG2190045D
                    [4778262] => P2023112358594
                    [4778263] => 1
                    [4778265] =>
                    [4778283] =>
                    [4778407] => A00001
                    [k_content_id] =>
                    [k_ud_content_id] => 4000346
                    [k_title] => 1123_요리_오리떡갈비 위에서 팬1
                    [c_category_id] => 5398082
                    [k_datagrade] =>
                    [ext-comp-1038] =>
                    [k_storterm] =>
                    [ext-comp-1035] =>
                )

        )

    [regist_type] =>
)

10.160.210.43	[2023-11-23 07:50:12] return ===> <?xml version="1.0" encoding="UTF-8"?>
<response><result success="true" msg="ok" content_id="2417781" task_id="10874545"><success>true</success><msg>ok</msg><content_id>2417781</content_id><task_id>10874545</task_id><task_list_info><source_path_id>83</source_path_id><target_path_id>83</target_path_id><register>edius</register><parameter>"rename"</parameter><source_opt>null</source_opt><target_opt>media=original&amp;dir=$UD_PATH/clip&amp;filename=$OUT_SRC_FILE&amp;ext=$OUT_SRC_EXT</target_opt><type>SAN</type><source_root>I:/CMS</source_root><source_root_for_mac>Product_Main/CMS</source_root_for_mac><login_id></login_id><login_pw></login_pw><source></source><edius_file_path>PG2190045D/NPS_EDIT/clip/P2023112358595.mxf</edius_file_path></task_list_info></result></response>

10.160.210.43	[2023-11-23 07:50:50] REQUEST ===> Array
(
)

10.160.210.43	[2023-11-23 07:50:50] receive ===> {"user_id":"CAS70013","type":"4000346","todas":false,"flag":"edius","metadata_type":"id","metadata":[{"4000288":"","4000289":"","4000292":"행복한 아침","4000293":"행복한 아침","4000294":"","4778141":"등급제외","4778261":"PG2190045D","4778262":"P2023112358595","4778263":"1","4778265":null,"4778283":"","4778407":"A00001","k_content_id":"","k_ud_content_id":"4000346","k_title":"1123_요리_오리떡갈비 팬2","c_category_id":"5398082","k_datagrade":"","ext-comp-1038":"","k_storterm":"","ext-comp-1035":""}],"regist_type":""} 
10.160.210.43	[2023-11-23 07:50:50] decodeData ===> Array
(
    [user_id] => CAS70013
    [type] => 4000346
    [todas] =>
    [flag] => edius
    [metadata_type] => id
    [metadata] => Array
        (
            [0] => Array
                (
                    [4000288] =>
                    [4000289] =>
                    [4000292] => 행복한 아침
                    [4000293] => 행복한 아침
                    [4000294] =>
                    [4778141] => 등급제외
                    [4778261] => PG2190045D
                    [4778262] => P2023112358595
                    [4778263] => 1
                    [4778265] =>
                    [4778283] =>
                    [4778407] => A00001
                    [k_content_id] =>
                    [k_ud_content_id] => 4000346
                    [k_title] => 1123_요리_오리떡갈비 팬2
                    [c_category_id] => 5398082
                    [k_datagrade] =>
                    [ext-comp-1038] =>
                    [k_storterm] =>
                    [ext-comp-1035] =>
                )

        )

    [regist_type] =>
)

10.160.210.43	[2023-11-23 07:50:50] return ===> <?xml version="1.0" encoding="UTF-8"?>
<response><result success="true" msg="ok" content_id="2417782" task_id="10874550"><success>true</success><msg>ok</msg><content_id>2417782</content_id><task_id>10874550</task_id><task_list_info><source_path_id>83</source_path_id><target_path_id>83</target_path_id><register>edius</register><parameter>"rename"</parameter><source_opt>null</source_opt><target_opt>media=original&amp;dir=$UD_PATH/clip&amp;filename=$OUT_SRC_FILE&amp;ext=$OUT_SRC_EXT</target_opt><type>SAN</type><source_root>I:/CMS</source_root><source_root_for_mac>Product_Main/CMS</source_root_for_mac><login_id></login_id><login_pw></login_pw><source></source><edius_file_path>PG2190045D/NPS_EDIT/clip/P2023112358596.mxf</edius_file_path></task_list_info></result></response>

10.160.210.43	[2023-11-23 07:51:22] REQUEST ===> Array
(
)

10.160.210.43	[2023-11-23 07:51:22] receive ===> {"user_id":"CAS70013","type":"4000346","todas":false,"flag":"edius","metadata_type":"id","metadata":[{"4000288":"","4000289":"","4000292":"행복한 아침","4000293":"행복한 아침","4000294":"","4778141":"등급제외","4778261":"PG2190045D","4778262":"P2023112358596","4778263":"1","4778265":null,"4778283":"","4778407":"A00001","k_content_id":"","k_ud_content_id":"4000346","k_title":"1123_요리_오리떡갈비 팬3","c_category_id":"5398082","k_datagrade":"","ext-comp-1038":"","k_storterm":"","ext-comp-1035":""}],"regist_type":""} 
10.160.210.43	[2023-11-23 07:51:22] decodeData ===> Array
(
    [user_id] => CAS70013
    [type] => 4000346
    [todas] =>
    [flag] => edius
    [metadata_type] => id
    [metadata] => Array
        (
            [0] => Array
                (
                    [4000288] =>
                    [4000289] =>
                    [4000292] => 행복한 아침
                    [4000293] => 행복한 아침
                    [4000294] =>
                    [4778141] => 등급제외
                    [4778261] => PG2190045D
                    [4778262] => P2023112358596
                    [4778263] => 1
                    [4778265] =>
                    [4778283] =>
                    [4778407] => A00001
                    [k_content_id] =>
                    [k_ud_content_id] => 4000346
                    [k_title] => 1123_요리_오리떡갈비 팬3
                    [c_category_id] => 5398082
                    [k_datagrade] =>
                    [ext-comp-1038] =>
                    [k_storterm] =>
                    [ext-comp-1035] =>
                )

        )

    [regist_type] =>
)

10.160.210.43	[2023-11-23 07:51:22] return ===> <?xml version="1.0" encoding="UTF-8"?>
<response><result success="true" msg="ok" content_id="2417783" task_id="10874554"><success>true</success><msg>ok</msg><content_id>2417783</content_id><task_id>10874554</task_id><task_list_info><source_path_id>83</source_path_id><target_path_id>83</target_path_id><register>edius</register><parameter>"rename"</parameter><source_opt>null</source_opt><target_opt>media=original&amp;dir=$UD_PATH/clip&amp;filename=$OUT_SRC_FILE&amp;ext=$OUT_SRC_EXT</target_opt><type>SAN</type><source_root>I:/CMS</source_root><source_root_for_mac>Product_Main/CMS</source_root_for_mac><login_id></login_id><login_pw></login_pw><source></source><edius_file_path>PG2190045D/NPS_EDIT/clip/P2023112358597.mxf</edius_file_path></task_list_info></result></response>

10.160.210.43	[2023-11-23 07:51:55] REQUEST ===> Array
(
)

10.160.210.43	[2023-11-23 07:51:55] receive ===> {"user_id":"CAS70013","type":"4000346","todas":false,"flag":"edius","metadata_type":"id","metadata":[{"4000288":"","4000289":"","4000292":"행복한 아침","4000293":"행복한 아침","4000294":"","4778141":"등급제외","4778261":"PG2190045D","4778262":"P2023112358597","4778263":"1","4778265":null,"4778283":"","4778407":"A00001","k_content_id":"","k_ud_content_id":"4000346","k_title":"1123_요리_오리떡갈비 타이트팬1","c_category_id":"5398082","k_datagrade":"","ext-comp-1038":"","k_storterm":"","ext-comp-1035":""}],"regist_type":""} 
10.160.210.43	[2023-11-23 07:51:55] decodeData ===> Array
(
    [user_id] => CAS70013
    [type] => 4000346
    [todas] =>
    [flag] => edius
    [metadata_type] => id
    [metadata] => Array
        (
            [0] => Array
                (
                    [4000288] =>
                    [4000289] =>
                    [4000292] => 행복한 아침
                    [4000293] => 행복한 아침
                    [4000294] =>
                    [4778141] => 등급제외
                    [4778261] => PG2190045D
                    [4778262] => P2023112358597
                    [4778263] => 1
                    [4778265] =>
                    [4778283] =>
                    [4778407] => A00001
                    [k_content_id] =>
                    [k_ud_content_id] => 4000346
                    [k_title] => 1123_요리_오리떡갈비 타이트팬1
                    [c_category_id] => 5398082
                    [k_datagrade] =>
                    [ext-comp-1038] =>
                    [k_storterm] =>
                    [ext-comp-1035] =>
                )

        )

    [regist_type] =>
)

10.160.210.43	[2023-11-23 07:51:55] return ===> <?xml version="1.0" encoding="UTF-8"?>
<response><result success="true" msg="ok" content_id="2417784" task_id="10874558"><success>true</success><msg>ok</msg><content_id>2417784</content_id><task_id>10874558</task_id><task_list_info><source_path_id>83</source_path_id><target_path_id>83</target_path_id><register>edius</register><parameter>"rename"</parameter><source_opt>null</source_opt><target_opt>media=original&amp;dir=$UD_PATH/clip&amp;filename=$OUT_SRC_FILE&amp;ext=$OUT_SRC_EXT</target_opt><type>SAN</type><source_root>I:/CMS</source_root><source_root_for_mac>Product_Main/CMS</source_root_for_mac><login_id></login_id><login_pw></login_pw><source></source><edius_file_path>PG2190045D/NPS_EDIT/clip/P2023112358598.mxf</edius_file_path></task_list_info></result></response>

10.160.210.43	[2023-11-23 07:52:28] REQUEST ===> Array
(
)

10.160.210.43	[2023-11-23 07:52:28] receive ===> {"user_id":"CAS70013","type":"4000346","todas":false,"flag":"edius","metadata_type":"id","metadata":[{"4000288":"","4000289":"","4000292":"행복한 아침","4000293":"행복한 아침","4000294":"","4778141":"등급제외","4778261":"PG2190045D","4778262":"P2023112358598","4778263":"1","4778265":null,"4778283":"","4778407":"A00001","k_content_id":"","k_ud_content_id":"4000346","k_title":"1123_요리_오리떡갈비 타이트 틸다운1","c_category_id":"5398082","k_datagrade":"","ext-comp-1038":"","k_storterm":"","ext-comp-1035":""}],"regist_type":""} 
10.160.210.43	[2023-11-23 07:52:28] decodeData ===> Array
(
    [user_id] => CAS70013
    [type] => 4000346
    [todas] =>
    [flag] => edius
    [metadata_type] => id
    [metadata] => Array
        (
            [0] => Array
                (
                    [4000288] =>
                    [4000289] =>
                    [4000292] => 행복한 아침
                    [4000293] => 행복한 아침
                    [4000294] =>
                    [4778141] => 등급제외
                    [4778261] => PG2190045D
                    [4778262] => P2023112358598
                    [4778263] => 1
                    [4778265] =>
                    [4778283] =>
                    [4778407] => A00001
                    [k_content_id] =>
                    [k_ud_content_id] => 4000346
                    [k_title] => 1123_요리_오리떡갈비 타이트 틸다운1
                    [c_category_id] => 5398082
                    [k_datagrade] =>
                    [ext-comp-1038] =>
                    [k_storterm] =>
                    [ext-comp-1035] =>
                )

        )

    [regist_type] =>
)

10.160.210.43	[2023-11-23 07:52:28] return ===> <?xml version="1.0" encoding="UTF-8"?>
<response><result success="true" msg="ok" content_id="2417785" task_id="10874562"><success>true</success><msg>ok</msg><content_id>2417785</content_id><task_id>10874562</task_id><task_list_info><source_path_id>83</source_path_id><target_path_id>83</target_path_id><register>edius</register><parameter>"rename"</parameter><source_opt>null</source_opt><target_opt>media=original&amp;dir=$UD_PATH/clip&amp;filename=$OUT_SRC_FILE&amp;ext=$OUT_SRC_EXT</target_opt><type>SAN</type><source_root>I:/CMS</source_root><source_root_for_mac>Product_Main/CMS</source_root_for_mac><login_id></login_id><login_pw></login_pw><source></source><edius_file_path>PG2190045D/NPS_EDIT/clip/P2023112358599.mxf</edius_file_path></task_list_info></result></response>

10.160.210.43	[2023-11-23 07:53:36] REQUEST ===> Array
(
)

10.160.210.43	[2023-11-23 07:53:36] receive ===> {"user_id":"CAS70013","type":"4000346","todas":false,"flag":"edius","metadata_type":"id","metadata":[{"4000288":"","4000289":"","4000292":"행복한 아침","4000293":"행복한 아침","4000294":"","4778141":"등급제외","4778261":"PG2190045D","4778262":"P2023112358599","4778263":"1","4778265":null,"4778283":"","4778407":"A00001","k_content_id":"","k_ud_content_id":"4000346","k_title":"1123_요리_오리떡갈비 팬4","c_category_id":"5398082","k_datagrade":"","ext-comp-1038":"","k_storterm":"","ext-comp-1035":""}],"regist_type":""} 
10.160.210.43	[2023-11-23 07:53:36] decodeData ===> Array
(
    [user_id] => CAS70013
    [type] => 4000346
    [todas] =>
    [flag] => edius
    [metadata_type] => id
    [metadata] => Array
        (
            [0] => Array
                (
                    [4000288] =>
                    [4000289] =>
                    [4000292] => 행복한 아침
                    [4000293] => 행복한 아침
                    [4000294] =>
                    [4778141] => 등급제외
                    [4778261] => PG2190045D
                    [4778262] => P2023112358599
                    [4778263] => 1
                    [4778265] =>
                    [4778283] =>
                    [4778407] => A00001
                    [k_content_id] =>
                    [k_ud_content_id] => 4000346
                    [k_title] => 1123_요리_오리떡갈비 팬4
                    [c_category_id] => 5398082
                    [k_datagrade] =>
                    [ext-comp-1038] =>
                    [k_storterm] =>
                    [ext-comp-1035] =>
                )

        )

    [regist_type] =>
)

10.160.210.43	[2023-11-23 07:53:36] return ===> <?xml version="1.0" encoding="UTF-8"?>
<response><result success="true" msg="ok" content_id="2417786" task_id="10874571"><success>true</success><msg>ok</msg><content_id>2417786</content_id><task_id>10874571</task_id><task_list_info><source_path_id>83</source_path_id><target_path_id>83</target_path_id><register>edius</register><parameter>"rename"</parameter><source_opt>null</source_opt><target_opt>media=original&amp;dir=$UD_PATH/clip&amp;filename=$OUT_SRC_FILE&amp;ext=$OUT_SRC_EXT</target_opt><type>SAN</type><source_root>I:/CMS</source_root><source_root_for_mac>Product_Main/CMS</source_root_for_mac><login_id></login_id><login_pw></login_pw><source></source><edius_file_path>PG2190045D/NPS_EDIT/clip/P2023112358600.mxf</edius_file_path></task_list_info></result></response>

10.160.210.43	[2023-11-23 07:57:57] REQUEST ===> Array
(
)

10.160.210.43	[2023-11-23 07:57:57] receive ===> {"user_id":"CAS70013","type":"4000346","todas":false,"flag":"edius","metadata_type":"id","metadata":[{"4000288":"","4000289":"","4000292":"행복한 아침","4000293":"행복한 아침","4000294":"","4778141":"등급제외","4778261":"PG2190045D","4778262":"P2023112358600","4778263":"1","4778265":null,"4778283":"","4778407":"A00001","k_content_id":"","k_ud_content_id":"4000346","k_title":"1123_요리_오리떡갈비 길게","c_category_id":"5398082","k_datagrade":"","ext-comp-1038":"","k_storterm":"","ext-comp-1035":""}],"regist_type":""} 
10.160.210.43	[2023-11-23 07:57:57] decodeData ===> Array
(
    [user_id] => CAS70013
    [type] => 4000346
    [todas] =>
    [flag] => edius
    [metadata_type] => id
    [metadata] => Array
        (
            [0] => Array
                (
                    [4000288] =>
                    [4000289] =>
                    [4000292] => 행복한 아침
                    [4000293] => 행복한 아침
                    [4000294] =>
                    [4778141] => 등급제외
                    [4778261] => PG2190045D
                    [4778262] => P2023112358600
                    [4778263] => 1
                    [4778265] =>
                    [4778283] =>
                    [4778407] => A00001
                    [k_content_id] =>
                    [k_ud_content_id] => 4000346
                    [k_title] => 1123_요리_오리떡갈비 길게
                    [c_category_id] => 5398082
                    [k_datagrade] =>
                    [ext-comp-1038] =>
                    [k_storterm] =>
                    [ext-comp-1035] =>
                )

        )

    [regist_type] =>
)

10.160.210.43	[2023-11-23 07:57:58] return ===> <?xml version="1.0" encoding="UTF-8"?>
<response><result success="true" msg="ok" content_id="2417787" task_id="10874576"><success>true</success><msg>ok</msg><content_id>2417787</content_id><task_id>10874576</task_id><task_list_info><source_path_id>83</source_path_id><target_path_id>83</target_path_id><register>edius</register><parameter>"rename"</parameter><source_opt>null</source_opt><target_opt>media=original&amp;dir=$UD_PATH/clip&amp;filename=$OUT_SRC_FILE&amp;ext=$OUT_SRC_EXT</target_opt><type>SAN</type><source_root>I:/CMS</source_root><source_root_for_mac>Product_Main/CMS</source_root_for_mac><login_id></login_id><login_pw></login_pw><source></source><edius_file_path>PG2190045D/NPS_EDIT/clip/P2023112358601.mxf</edius_file_path></task_list_info></result></response>

10.160.210.41	[2023-11-23 09:03:21] REQUEST ===> Array
(
)

10.160.210.41	[2023-11-23 09:03:21] receive ===> {"user_id":"CAS70013","type":"4000346","todas":false,"flag":"edius","metadata_type":"id","metadata":[{"4000288":"","4000289":"","4000292":"행복한 아침","4000293":"행복한 아침","4000294":"","4778141":"등급제외","4778261":"PG2190045D","4778262":"P2023112358588","4778263":"1","4778265":"003","4778283":"","4778407":"A00001","k_content_id":"","k_ud_content_id":"4000346","k_title":"@최종@1123_VCR 국립아시아문화전당","c_category_id":"5398082","k_datagrade":"","ext-comp-1038":"","k_storterm":"","ext-comp-1035":""}],"regist_type":""} 
10.160.210.41	[2023-11-23 09:03:21] decodeData ===> Array
(
    [user_id] => CAS70013
    [type] => 4000346
    [todas] =>
    [flag] => edius
    [metadata_type] => id
    [metadata] => Array
        (
            [0] => Array
                (
                    [4000288] =>
                    [4000289] =>
                    [4000292] => 행복한 아침
                    [4000293] => 행복한 아침
                    [4000294] =>
                    [4778141] => 등급제외
                    [4778261] => PG2190045D
                    [4778262] => P2023112358588
                    [4778263] => 1
                    [4778265] => 003
                    [4778283] =>
                    [4778407] => A00001
                    [k_content_id] =>
                    [k_ud_content_id] => 4000346
                    [k_title] => @최종@1123_VCR 국립아시아문화전당
                    [c_category_id] => 5398082
                    [k_datagrade] =>
                    [ext-comp-1038] =>
                    [k_storterm] =>
                    [ext-comp-1035] =>
                )

        )

    [regist_type] =>
)

10.160.210.41	[2023-11-23 09:03:21] return ===> <?xml version="1.0" encoding="UTF-8"?>
<response><result success="true" msg="ok" content_id="2417791" task_id="10874592"><success>true</success><msg>ok</msg><content_id>2417791</content_id><task_id>10874592</task_id><task_list_info><source_path_id>83</source_path_id><target_path_id>83</target_path_id><register>edius</register><parameter>"rename"</parameter><source_opt>null</source_opt><target_opt>media=original&amp;dir=$UD_PATH/clip&amp;filename=$OUT_SRC_FILE&amp;ext=$OUT_SRC_EXT</target_opt><type>SAN</type><source_root>I:/CMS</source_root><source_root_for_mac>Product_Main/CMS</source_root_for_mac><login_id></login_id><login_pw></login_pw><source></source><edius_file_path>PG2190045D/NPS_EDIT/clip/P2023112358603.mxf</edius_file_path></task_list_info></result></response>

10.160.210.41	[2023-11-23 09:14:32] REQUEST ===> Array
(
)

10.160.210.41	[2023-11-23 09:14:32] receive ===> {"user_id":"CAS70013","type":"4000365","todas":false,"flag":"edius","metadata_type":"id","metadata":[{"4000288":"","4000289":"","4000292":"행복한 아침","4000293":"행복한 아침","4000294":"","4778141":"등급제외","4778261":"PG2190045D","4778262":"P2023112358603","4778263":"1","4778265":"003","4778283":"","4778407":"A00001","k_content_id":"","k_ud_content_id":"4000365","k_title":"20231123_행복한아침_1235회_수정","c_category_id":"5398082","k_datagrade":"","ext-comp-1073":"","k_storterm":"","ext-comp-1070":""}],"regist_type":""} 
10.160.210.41	[2023-11-23 09:14:32] decodeData ===> Array
(
    [user_id] => CAS70013
    [type] => 4000365
    [todas] =>
    [flag] => edius
    [metadata_type] => id
    [metadata] => Array
        (
            [0] => Array
                (
                    [4000288] =>
                    [4000289] =>
                    [4000292] => 행복한 아침
                    [4000293] => 행복한 아침
                    [4000294] =>
                    [4778141] => 등급제외
                    [4778261] => PG2190045D
                    [4778262] => P2023112358603
                    [4778263] => 1
                    [4778265] => 003
                    [4778283] =>
                    [4778407] => A00001
                    [k_content_id] =>
                    [k_ud_content_id] => 4000365
                    [k_title] => 20231123_행복한아침_1235회_수정
                    [c_category_id] => 5398082
                    [k_datagrade] =>
                    [ext-comp-1073] =>
                    [k_storterm] =>
                    [ext-comp-1070] =>
                )

        )

    [regist_type] =>
)

10.160.210.41	[2023-11-23 09:14:33] return ===> <?xml version="1.0" encoding="UTF-8"?>
<response><result success="true" msg="ok" content_id="2417792" task_id="10874598"><success>true</success><msg>ok</msg><content_id>2417792</content_id><task_id>10874598</task_id><task_list_info><source_path_id>83</source_path_id><target_path_id>83</target_path_id><register>edius</register><parameter>"rename"</parameter><source_opt>null</source_opt><target_opt>media=original&amp;dir=$UD_PATH/clip&amp;filename=$OUT_SRC_FILE&amp;ext=$OUT_SRC_EXT</target_opt><type>SAN</type><source_root>I:/CMS</source_root><source_root_for_mac>Product_Main/CMS</source_root_for_mac><login_id></login_id><login_pw></login_pw><source></source><edius_file_path>PG2190045D/NPS_MASTER/clip/P2023112358604.mxf</edius_file_path></task_list_info></result></response>

10.160.211.11	[2023-11-23 09:50:47] REQUEST ===> Array
(
)

10.160.211.11	[2023-11-23 09:50:47] receive ===> %7B%22user_id%22%3A%22BNC19004%22%2C%22flag%22%3A%22reg_davinchi_ftp%22%2C%22metadata_type%22%3A%22id%22%2C%22metadata%22%3A%5B%7B%224000288%22%3A%22%22%2C%224000289%22%3A%22%22%2C%224000292%22%3A%22%EB%82%98%EB%A7%8C+%EB%AF%BF%EA%B3%A0+%EB%94%B0%EB%9D%BC%EC%99%80+%EB%8F%84%EC%8B%9C%EC%96%B4%EB%B6%80+5%22%2C%224000293%22%3A%2213%ED%9A%8C%22%2C%224000294%22%3A%22%22%2C%224778141%22%3A%2215+%EC%84%B8%22%2C%224778261%22%3A%22PG2230143D%22%2C%224778262%22%3A%22%22%2C%224778263%22%3A%2213%22%2C%224778265%22%3A%22%22%2C%224778283%22%3A%22%22%2C%224778407%22%3A%22A00013%22%2C%22k_content_id%22%3A%22%22%2C%22k_ud_content_id%22%3A%224000346%22%2C%22k_title%22%3A%22test%22%2C%22c_category_id%22%3A%225443849%22%2C%22k_datagrade%22%3A%22%22%2C%22ext-comp-1038%22%3A%22%22%2C%22k_storterm%22%3A%22%22%2C%22ext-comp-1035%22%3A%22%22%7D%5D%2C%22regist_type%22%3A%22meta%22%2C%22original_filename%22%3A%22P2023112258359.mxf%22%7D
10.160.211.11	[2023-11-23 09:50:47] decodeData ===> Array
(
    [user_id] => BNC19004
    [flag] => reg_davinchi_ftp
    [metadata_type] => id
    [metadata] => Array
        (
            [0] => Array
                (
                    [4000288] =>
                    [4000289] =>
                    [4000292] => 나만 믿고 따라와 도시어부 5
                    [4000293] => 13회
                    [4000294] =>
                    [4778141] => 15 세
                    [4778261] => PG2230143D
                    [4778262] =>
                    [4778263] => 13
                    [4778265] =>
                    [4778283] =>
                    [4778407] => A00013
                    [k_content_id] =>
                    [k_ud_content_id] => 4000346
                    [k_title] => test
                    [c_category_id] => 5443849
                    [k_datagrade] =>
                    [ext-comp-1038] =>
                    [k_storterm] =>
                    [ext-comp-1035] =>
                )

        )

    [regist_type] => meta
    [original_filename] => P2023112258359.mxf
)

10.160.211.11	[2023-11-23 09:50:48] return ===> <?xml version="1.0" encoding="UTF-8"?>
<response><result success="true" msg="ok" content_id="2417805" task_id=""><success>true</success><msg>ok</msg><content_id>2417805</content_id><task_id/><task_list_info><type>FTP</type><source_root>10.160.77.12:2021</source_root><source_root_for_mac></source_root_for_mac><login_id>chaadmin@ddmc.com</login_id><login_pw>ddmcad09)(</login_pw><source_opt>dir=$UD_PATH/clip&amp;filename=$CONTENT_ID&amp;ext=$OUT_SRC_EXT</source_opt><source>PG2230143D/NPS_EDIT/clip</source><edius_file_path/></task_list_info></result></response>

10.160.211.11	[2023-11-23 09:51:33] REQUEST ===> Array
(
)

10.160.211.11	[2023-11-23 09:51:33] receive ===> %7B%22user_id%22%3A%22BNC19004%22%2C%22flag%22%3A%22reg_davinchi_ftp%22%2C%22metadata_type%22%3A%22id%22%2C%22metadata%22%3A%5B%7B%224000288%22%3A%22%22%2C%224000289%22%3A%22%22%2C%224000292%22%3A%22%EB%82%98%EB%A7%8C+%EB%AF%BF%EA%B3%A0+%EB%94%B0%EB%9D%BC%EC%99%80+%EB%8F%84%EC%8B%9C%EC%96%B4%EB%B6%80+5%22%2C%224000293%22%3A%2213%ED%9A%8C%22%2C%224000294%22%3A%22%22%2C%224778141%22%3A%2215+%EC%84%B8%22%2C%224778261%22%3A%22PG2230143D%22%2C%224778262%22%3A%22%22%2C%224778263%22%3A%2213%22%2C%224778265%22%3A%22%22%2C%224778283%22%3A%22%22%2C%224778407%22%3A%22A00013%22%2C%22k_content_id%22%3A%22%22%2C%22k_ud_content_id%22%3A%224000346%22%2C%22k_title%22%3A%22test%22%2C%22c_category_id%22%3A%225443849%22%2C%22k_datagrade%22%3A%22%22%2C%22ext-comp-1038%22%3A%22%22%2C%22k_storterm%22%3A%22%22%2C%22ext-comp-1035%22%3A%22%22%7D%5D%2C%22regist_type%22%3A%22task%22%2C%22content_id%22%3A%222417805%22%2C%22original_filename%22%3A%22P2023112258359.mxf%22%2C%22IsFileNameToTitle%22%3A%220%22%7D
10.160.211.11	[2023-11-23 09:51:33] decodeData ===> Array
(
    [user_id] => BNC19004
    [flag] => reg_davinchi_ftp
    [metadata_type] => id
    [metadata] => Array
        (
            [0] => Array
                (
                    [4000288] =>
                    [4000289] =>
                    [4000292] => 나만 믿고 따라와 도시어부 5
                    [4000293] => 13회
                    [4000294] =>
                    [4778141] => 15 세
                    [4778261] => PG2230143D
                    [4778262] =>
                    [4778263] => 13
                    [4778265] =>
                    [4778283] =>
                    [4778407] => A00013
                    [k_content_id] =>
                    [k_ud_content_id] => 4000346
                    [k_title] => test
                    [c_category_id] => 5443849
                    [k_datagrade] =>
                    [ext-comp-1038] =>
                    [k_storterm] =>
                    [ext-comp-1035] =>
                )

        )

    [regist_type] => task
    [content_id] => 2417805
    [original_filename] => P2023112258359.mxf
    [IsFileNameToTitle] => 0
)

10.160.211.11	[2023-11-23 09:51:33] return ===> <?xml version="1.0" encoding="UTF-8"?>
<response><result success="true" msg="ok" content_id="2417805" task_id="10874636"><success>true</success><msg>ok</msg><content_id>2417805</content_id><task_id>10874636</task_id><task_list_info><edius_file_path>PG2230143D/NPS_EDIT/clip/P2023112358608.mxf</edius_file_path></task_list_info></result></response>

10.160.211.11	[2023-11-23 10:17:43] REQUEST ===> Array
(
)

10.160.211.11	[2023-11-23 10:17:43] receive ===> %7B%22user_id%22%3A%22BNC19004%22%2C%22flag%22%3A%22reg_davinchi_ftp%22%2C%22metadata_type%22%3A%22id%22%2C%22metadata%22%3A%5B%7B%224000288%22%3A%22%22%2C%224000289%22%3A%22%22%2C%224000292%22%3A%22%EC%84%9C%EB%AF%BC%EA%B0%91%EB%B6%80+%ED%8F%90%EC%97%85+%ED%83%88%EC%B6%9C+%EB%8C%80%EC%9E%91%EC%A0%84%22%2C%224000293%22%3A%22%EC%9E%90%EB%A3%8C%EC%97%86%EC%9D%8C%22%2C%224000294%22%3A%22%22%2C%224778141%22%3A%2212+%EC%84%B8%22%2C%224778261%22%3A%22PG2230145D%22%2C%224778262%22%3A%22%22%2C%224778263%22%3A%2219%22%2C%224778265%22%3A%22%22%2C%224778283%22%3A%22%22%2C%224778407%22%3A%22A00019%22%2C%22k_content_id%22%3A%22%22%2C%22k_ud_content_id%22%3A%224000346%22%2C%22k_title%22%3A%22%5B%EC%83%89%EB%B3%B4%EC%A0%95%EC%99%84%EB%A3%8C%5D19%ED%9A%8C_%EB%B3%B8%ED%8E%B8%22%2C%22c_category_id%22%3A%225443617%22%2C%22k_datagrade%22%3A%22%22%2C%22ext-comp-1038%22%3A%22%22%2C%22k_storterm%22%3A%22%22%2C%22ext-comp-1035%22%3A%22%22%7D%5D%2C%22regist_type%22%3A%22meta%22%2C%22original_filename%22%3A%22P2023112157996_CC_EP19.mxf%22%7D
10.160.211.11	[2023-11-23 10:17:43] decodeData ===> Array
(
    [user_id] => BNC19004
    [flag] => reg_davinchi_ftp
    [metadata_type] => id
    [metadata] => Array
        (
            [0] => Array
                (
                    [4000288] =>
                    [4000289] =>
                    [4000292] => 서민갑부 폐업 탈출 대작전
                    [4000293] => 자료없음
                    [4000294] =>
                    [4778141] => 12 세
                    [4778261] => PG2230145D
                    [4778262] =>
                    [4778263] => 19
                    [4778265] =>
                    [4778283] =>
                    [4778407] => A00019
                    [k_content_id] =>
                    [k_ud_content_id] => 4000346
                    [k_title] => [색보정완료]19회_본편
                    [c_category_id] => 5443617
                    [k_datagrade] =>
                    [ext-comp-1038] =>
                    [k_storterm] =>
                    [ext-comp-1035] =>
                )

        )

    [regist_type] => meta
    [original_filename] => P2023112157996_CC_EP19.mxf
)

10.160.211.11	[2023-11-23 10:17:43] return ===> <?xml version="1.0" encoding="UTF-8"?>
<response><result success="true" msg="ok" content_id="2417818" task_id=""><success>true</success><msg>ok</msg><content_id>2417818</content_id><task_id/><task_list_info><type>FTP</type><source_root>10.160.77.12:21</source_root><source_root_for_mac></source_root_for_mac><login_id>chaadmin@ddmc.com</login_id><login_pw>ddmcad09)(</login_pw><source_opt>dir=$UD_PATH/clip&amp;filename=$CONTENT_ID&amp;ext=$OUT_SRC_EXT</source_opt><source>PG2230145D/NPS_EDIT/clip</source><edius_file_path/></task_list_info></result></response>

10.160.211.11	[2023-11-23 10:27:07] REQUEST ===> Array
(
)

10.160.211.11	[2023-11-23 10:27:07] receive ===> %7B%22user_id%22%3A%22BNC19004%22%2C%22flag%22%3A%22reg_davinchi_ftp%22%2C%22metadata_type%22%3A%22id%22%2C%22metadata%22%3A%5B%7B%224000288%22%3A%22%22%2C%224000289%22%3A%22%22%2C%224000292%22%3A%22%EC%84%9C%EB%AF%BC%EA%B0%91%EB%B6%80+%ED%8F%90%EC%97%85+%ED%83%88%EC%B6%9C+%EB%8C%80%EC%9E%91%EC%A0%84%22%2C%224000293%22%3A%22%EC%9E%90%EB%A3%8C%EC%97%86%EC%9D%8C%22%2C%224000294%22%3A%22%22%2C%224778141%22%3A%2212+%EC%84%B8%22%2C%224778261%22%3A%22PG2230145D%22%2C%224778262%22%3A%22%22%2C%224778263%22%3A%2219%22%2C%224778265%22%3A%22%22%2C%224778283%22%3A%22%22%2C%224778407%22%3A%22A00019%22%2C%22k_content_id%22%3A%22%22%2C%22k_ud_content_id%22%3A%224000346%22%2C%22k_title%22%3A%22%5B%EC%83%89%EB%B3%B4%EC%A0%95%EC%99%84%EB%A3%8C%5D19%ED%9A%8C_%EB%B3%B8%ED%8E%B8%22%2C%22c_category_id%22%3A%225443617%22%2C%22k_datagrade%22%3A%22%22%2C%22ext-comp-1038%22%3A%22%22%2C%22k_storterm%22%3A%22%22%2C%22ext-comp-1035%22%3A%22%22%7D%5D%2C%22regist_type%22%3A%22meta%22%2C%22original_filename%22%3A%22P2023112157996_CC_EP19.mxf%22%7D
10.160.211.11	[2023-11-23 10:27:07] decodeData ===> Array
(
    [user_id] => BNC19004
    [flag] => reg_davinchi_ftp
    [metadata_type] => id
    [metadata] => Array
        (
            [0] => Array
                (
                    [4000288] =>
                    [4000289] =>
                    [4000292] => 서민갑부 폐업 탈출 대작전
                    [4000293] => 자료없음
                    [4000294] =>
                    [4778141] => 12 세
                    [4778261] => PG2230145D
                    [4778262] =>
                    [4778263] => 19
                    [4778265] =>
                    [4778283] =>
                    [4778407] => A00019
                    [k_content_id] =>
                    [k_ud_content_id] => 4000346
                    [k_title] => [색보정완료]19회_본편
                    [c_category_id] => 5443617
                    [k_datagrade] =>
                    [ext-comp-1038] =>
                    [k_storterm] =>
                    [ext-comp-1035] =>
                )

        )

    [regist_type] => meta
    [original_filename] => P2023112157996_CC_EP19.mxf
)

10.160.211.11	[2023-11-23 10:27:07] return ===> <?xml version="1.0" encoding="UTF-8"?>
<response><result success="true" msg="ok" content_id="2417824" task_id=""><success>true</success><msg>ok</msg><content_id>2417824</content_id><task_id/><task_list_info><type>FTP</type><source_root>10.160.77.12:21</source_root><source_root_for_mac></source_root_for_mac><login_id>chaadmin@ddmc.com</login_id><login_pw>ddmcad09)(</login_pw><source_opt>dir=$UD_PATH/clip&amp;filename=$CONTENT_ID&amp;ext=$OUT_SRC_EXT</source_opt><source>PG2230145D/NPS_EDIT/clip</source><edius_file_path/></task_list_info></result></response>

10.160.211.11	[2023-11-23 10:29:00] REQUEST ===> Array
(
)

10.160.211.11	[2023-11-23 10:29:00] receive ===> %7B%22user_id%22%3A%22BNC19004%22%2C%22flag%22%3A%22reg_davinchi_ftp%22%2C%22metadata_type%22%3A%22id%22%2C%22metadata%22%3A%5B%7B%224000288%22%3A%22%22%2C%224000289%22%3A%22%22%2C%224000292%22%3A%22%EB%82%98%EB%A7%8C+%EB%AF%BF%EA%B3%A0+%EB%94%B0%EB%9D%BC%EC%99%80+%EB%8F%84%EC%8B%9C%EC%96%B4%EB%B6%80+5%22%2C%224000293%22%3A%2213%ED%9A%8C%22%2C%224000294%22%3A%22%22%2C%224778141%22%3A%2215+%EC%84%B8%22%2C%224778261%22%3A%22PG2230143D%22%2C%224778262%22%3A%22%22%2C%224778263%22%3A%2213%22%2C%224778265%22%3A%22%22%2C%224778283%22%3A%22%22%2C%224778407%22%3A%22A00013%22%2C%22k_content_id%22%3A%22%22%2C%22k_ud_content_id%22%3A%224000346%22%2C%22k_title%22%3A%22%5B%EC%83%89%EB%B3%B4%EC%A0%95%EC%99%84%EB%A3%8C%5DE13_%ED%8C%8C%ED%8A%B81_%EC%B6%94%EA%B0%80%22%2C%22c_category_id%22%3A%225443849%22%2C%22k_datagrade%22%3A%22%22%2C%22ext-comp-1038%22%3A%22%22%2C%22k_storterm%22%3A%22%22%2C%22ext-comp-1035%22%3A%22%22%7D%5D%2C%22regist_type%22%3A%22meta%22%2C%22original_filename%22%3A%22%5B%E1%84%89%E1%85%A2%E1%86%A8%E1%84%87%E1%85%A9%E1%84%8C%E1%85%A5%E1%86%BC%E1%84%8B%E1%85%AA%E1%86%AB%E1%84%85%E1%85%AD%5D%E1%84%91%E1%85%A1%E1%84%90%E1%85%B31_%E1%84%8E%E1%85%AE%E1%84%80%E1%85%A1.mxf%22%7D
10.160.211.11	[2023-11-23 10:29:00] decodeData ===> Array
(
    [user_id] => BNC19004
    [flag] => reg_davinchi_ftp
    [metadata_type] => id
    [metadata] => Array
        (
            [0] => Array
                (
                    [4000288] =>
                    [4000289] =>
                    [4000292] => 나만 믿고 따라와 도시어부 5
                    [4000293] => 13회
                    [4000294] =>
                    [4778141] => 15 세
                    [4778261] => PG2230143D
                    [4778262] =>
                    [4778263] => 13
                    [4778265] =>
                    [4778283] =>
                    [4778407] => A00013
                    [k_content_id] =>
                    [k_ud_content_id] => 4000346
                    [k_title] => [색보정완료]E13_파트1_추가
                    [c_category_id] => 5443849
                    [k_datagrade] =>
                    [ext-comp-1038] =>
                    [k_storterm] =>
                    [ext-comp-1035] =>
                )

        )

    [regist_type] => meta
    [original_filename] => [색보정완료]파트1_추가.mxf
)

10.160.211.11	[2023-11-23 10:29:01] return ===> <?xml version="1.0" encoding="UTF-8"?>
<response><result success="true" msg="ok" content_id="2417827" task_id=""><success>true</success><msg>ok</msg><content_id>2417827</content_id><task_id/><task_list_info><type>FTP</type><source_root>10.160.77.12:2021</source_root><source_root_for_mac></source_root_for_mac><login_id>chaadmin@ddmc.com</login_id><login_pw>ddmcad09)(</login_pw><source_opt>dir=$UD_PATH/clip&amp;filename=$CONTENT_ID&amp;ext=$OUT_SRC_EXT</source_opt><source>PG2230143D/NPS_EDIT/clip</source><edius_file_path/></task_list_info></result></response>

10.160.211.11	[2023-11-23 10:29:57] REQUEST ===> Array
(
)

10.160.211.11	[2023-11-23 10:29:57] receive ===> %7B%22user_id%22%3A%22BNC19004%22%2C%22flag%22%3A%22reg_davinchi_ftp%22%2C%22metadata_type%22%3A%22id%22%2C%22metadata%22%3A%5B%7B%224000288%22%3A%22%22%2C%224000289%22%3A%22%22%2C%224000292%22%3A%22%EB%82%98%EB%A7%8C+%EB%AF%BF%EA%B3%A0+%EB%94%B0%EB%9D%BC%EC%99%80+%EB%8F%84%EC%8B%9C%EC%96%B4%EB%B6%80+5%22%2C%224000293%22%3A%2213%ED%9A%8C%22%2C%224000294%22%3A%22%22%2C%224778141%22%3A%2215+%EC%84%B8%22%2C%224778261%22%3A%22PG2230143D%22%2C%224778262%22%3A%22%22%2C%224778263%22%3A%2213%22%2C%224778265%22%3A%22%22%2C%224778283%22%3A%22%22%2C%224778407%22%3A%22A00013%22%2C%22k_content_id%22%3A%22%22%2C%22k_ud_content_id%22%3A%224000346%22%2C%22k_title%22%3A%22%5B%EC%83%89%EB%B3%B4%EC%A0%95%EC%99%84%EB%A3%8C%5DE13_%ED%8C%8C%ED%8A%B81_%EC%B6%94%EA%B0%80%22%2C%22c_category_id%22%3A%225443849%22%2C%22k_datagrade%22%3A%22%22%2C%22ext-comp-1038%22%3A%22%22%2C%22k_storterm%22%3A%22%22%2C%22ext-comp-1035%22%3A%22%22%7D%5D%2C%22regist_type%22%3A%22task%22%2C%22content_id%22%3A%222417827%22%2C%22original_filename%22%3A%22%5B%E1%84%89%E1%85%A2%E1%86%A8%E1%84%87%E1%85%A9%E1%84%8C%E1%85%A5%E1%86%BC%E1%84%8B%E1%85%AA%E1%86%AB%E1%84%85%E1%85%AD%5D%E1%84%91%E1%85%A1%E1%84%90%E1%85%B31_%E1%84%8E%E1%85%AE%E1%84%80%E1%85%A1.mxf%22%2C%22IsFileNameToTitle%22%3A%220%22%7D
10.160.211.11	[2023-11-23 10:29:57] decodeData ===> Array
(
    [user_id] => BNC19004
    [flag] => reg_davinchi_ftp
    [metadata_type] => id
    [metadata] => Array
        (
            [0] => Array
                (
                    [4000288] =>
                    [4000289] =>
                    [4000292] => 나만 믿고 따라와 도시어부 5
                    [4000293] => 13회
                    [4000294] =>
                    [4778141] => 15 세
                    [4778261] => PG2230143D
                    [4778262] =>
                    [4778263] => 13
                    [4778265] =>
                    [4778283] =>
                    [4778407] => A00013
                    [k_content_id] =>
                    [k_ud_content_id] => 4000346
                    [k_title] => [색보정완료]E13_파트1_추가
                    [c_category_id] => 5443849
                    [k_datagrade] =>
                    [ext-comp-1038] =>
                    [k_storterm] =>
                    [ext-comp-1035] =>
                )

        )

    [regist_type] => task
    [content_id] => 2417827
    [original_filename] => [색보정완료]파트1_추가.mxf
    [IsFileNameToTitle] => 0
)

10.160.211.11	[2023-11-23 10:29:57] return ===> <?xml version="1.0" encoding="UTF-8"?>
<response><result success="true" msg="ok" content_id="2417827" task_id="10874698"><success>true</success><msg>ok</msg><content_id>2417827</content_id><task_id>10874698</task_id><task_list_info><edius_file_path>PG2230143D/NPS_EDIT/clip/P2023112358613.mxf</edius_file_path></task_list_info></result></response>

10.160.211.11	[2023-11-23 10:34:23] REQUEST ===> Array
(
)

10.160.211.11	[2023-11-23 10:34:23] receive ===> %7B%22user_id%22%3A%22BNC19004%22%2C%22flag%22%3A%22reg_davinchi_ftp%22%2C%22metadata_type%22%3A%22id%22%2C%22metadata%22%3A%5B%7B%224000288%22%3A%22%22%2C%224000289%22%3A%22%22%2C%224000292%22%3A%22%EB%82%98%EB%A7%8C+%EB%AF%BF%EA%B3%A0+%EB%94%B0%EB%9D%BC%EC%99%80+%EB%8F%84%EC%8B%9C%EC%96%B4%EB%B6%80+5%22%2C%224000293%22%3A%2213%ED%9A%8C%22%2C%224000294%22%3A%22%22%2C%224778141%22%3A%2215+%EC%84%B8%22%2C%224778261%22%3A%22PG2230143D%22%2C%224778262%22%3A%22%22%2C%224778263%22%3A%2213%22%2C%224778265%22%3A%22%22%2C%224778283%22%3A%22%22%2C%224778407%22%3A%22A00013%22%2C%22k_content_id%22%3A%22%22%2C%22k_ud_content_id%22%3A%224000346%22%2C%22k_title%22%3A%22%5B%EC%83%89%EB%B3%B4%EC%A0%95%EC%99%84%EB%A3%8C%5DE13_%ED%8C%8C%ED%8A%B85_%EC%B6%94%EA%B0%80%22%2C%22c_category_id%22%3A%225443849%22%2C%22k_datagrade%22%3A%22%22%2C%22ext-comp-1038%22%3A%22%22%2C%22k_storterm%22%3A%22%22%2C%22ext-comp-1035%22%3A%22%22%7D%5D%2C%22regist_type%22%3A%22meta%22%2C%22original_filename%22%3A%22%5B%E1%84%89%E1%85%A2%E1%86%A8%E1%84%87%E1%85%A9%E1%84%8C%E1%85%A5%E1%86%BC%E1%84%8B%E1%85%AA%E1%86%AB%E1%84%85%E1%85%AD%5D%E1%84%91%E1%85%A1%E1%84%90%E1%85%B35_%E1%84%8E%E1%85%AE%E1%84%80%E1%85%A1.mxf%22%7D
10.160.211.11	[2023-11-23 10:34:23] decodeData ===> Array
(
    [user_id] => BNC19004
    [flag] => reg_davinchi_ftp
    [metadata_type] => id
    [metadata] => Array
        (
            [0] => Array
                (
                    [4000288] =>
                    [4000289] =>
                    [4000292] => 나만 믿고 따라와 도시어부 5
                    [4000293] => 13회
                    [4000294] =>
                    [4778141] => 15 세
                    [4778261] => PG2230143D
                    [4778262] =>
                    [4778263] => 13
                    [4778265] =>
                    [4778283] =>
                    [4778407] => A00013
                    [k_content_id] =>
                    [k_ud_content_id] => 4000346
                    [k_title] => [색보정완료]E13_파트5_추가
                    [c_category_id] => 5443849
                    [k_datagrade] =>
                    [ext-comp-1038] =>
                    [k_storterm] =>
                    [ext-comp-1035] =>
                )

        )

    [regist_type] => meta
    [original_filename] => [색보정완료]파트5_추가.mxf
)

10.160.211.11	[2023-11-23 10:34:24] return ===> <?xml version="1.0" encoding="UTF-8"?>
<response><result success="true" msg="ok" content_id="2417829" task_id=""><success>true</success><msg>ok</msg><content_id>2417829</content_id><task_id/><task_list_info><type>FTP</type><source_root>10.160.77.12:2021</source_root><source_root_for_mac></source_root_for_mac><login_id>chaadmin@ddmc.com</login_id><login_pw>ddmcad09)(</login_pw><source_opt>dir=$UD_PATH/clip&amp;filename=$CONTENT_ID&amp;ext=$OUT_SRC_EXT</source_opt><source>PG2230143D/NPS_EDIT/clip</source><edius_file_path/></task_list_info></result></response>

10.160.211.11	[2023-11-23 10:35:08] REQUEST ===> Array
(
)

10.160.211.11	[2023-11-23 10:35:08] receive ===> %7B%22user_id%22%3A%22BNC19004%22%2C%22flag%22%3A%22reg_davinchi_ftp%22%2C%22metadata_type%22%3A%22id%22%2C%22metadata%22%3A%5B%7B%224000288%22%3A%22%22%2C%224000289%22%3A%22%22%2C%224000292%22%3A%22%EB%82%98%EB%A7%8C+%EB%AF%BF%EA%B3%A0+%EB%94%B0%EB%9D%BC%EC%99%80+%EB%8F%84%EC%8B%9C%EC%96%B4%EB%B6%80+5%22%2C%224000293%22%3A%2213%ED%9A%8C%22%2C%224000294%22%3A%22%22%2C%224778141%22%3A%2215+%EC%84%B8%22%2C%224778261%22%3A%22PG2230143D%22%2C%224778262%22%3A%22%22%2C%224778263%22%3A%2213%22%2C%224778265%22%3A%22%22%2C%224778283%22%3A%22%22%2C%224778407%22%3A%22A00013%22%2C%22k_content_id%22%3A%22%22%2C%22k_ud_content_id%22%3A%224000346%22%2C%22k_title%22%3A%22%5B%EC%83%89%EB%B3%B4%EC%A0%95%EC%99%84%EB%A3%8C%5DE13_%ED%8C%8C%ED%8A%B85_%EC%B6%94%EA%B0%80%22%2C%22c_category_id%22%3A%225443849%22%2C%22k_datagrade%22%3A%22%22%2C%22ext-comp-1038%22%3A%22%22%2C%22k_storterm%22%3A%22%22%2C%22ext-comp-1035%22%3A%22%22%7D%5D%2C%22regist_type%22%3A%22task%22%2C%22content_id%22%3A%222417829%22%2C%22original_filename%22%3A%22%5B%E1%84%89%E1%85%A2%E1%86%A8%E1%84%87%E1%85%A9%E1%84%8C%E1%85%A5%E1%86%BC%E1%84%8B%E1%85%AA%E1%86%AB%E1%84%85%E1%85%AD%5D%E1%84%91%E1%85%A1%E1%84%90%E1%85%B35_%E1%84%8E%E1%85%AE%E1%84%80%E1%85%A1.mxf%22%2C%22IsFileNameToTitle%22%3A%220%22%7D
10.160.211.11	[2023-11-23 10:35:08] decodeData ===> Array
(
    [user_id] => BNC19004
    [flag] => reg_davinchi_ftp
    [metadata_type] => id
    [metadata] => Array
        (
            [0] => Array
                (
                    [4000288] =>
                    [4000289] =>
                    [4000292] => 나만 믿고 따라와 도시어부 5
                    [4000293] => 13회
                    [4000294] =>
                    [4778141] => 15 세
                    [4778261] => PG2230143D
                    [4778262] =>
                    [4778263] => 13
                    [4778265] =>
                    [4778283] =>
                    [4778407] => A00013
                    [k_content_id] =>
                    [k_ud_content_id] => 4000346
                    [k_title] => [색보정완료]E13_파트5_추가
                    [c_category_id] => 5443849
                    [k_datagrade] =>
                    [ext-comp-1038] =>
                    [k_storterm] =>
                    [ext-comp-1035] =>
                )

        )

    [regist_type] => task
    [content_id] => 2417829
    [original_filename] => [색보정완료]파트5_추가.mxf
    [IsFileNameToTitle] => 0
)

10.160.211.11	[2023-11-23 10:35:08] return ===> <?xml version="1.0" encoding="UTF-8"?>
<response><result success="true" msg="ok" content_id="2417829" task_id="10874708"><success>true</success><msg>ok</msg><content_id>2417829</content_id><task_id>10874708</task_id><task_list_info><edius_file_path>PG2230143D/NPS_EDIT/clip/P2023112358615.mxf</edius_file_path></task_list_info></result></response>

10.160.211.11	[2023-11-23 10:36:01] REQUEST ===> Array
(
)

10.160.211.11	[2023-11-23 10:36:01] receive ===> %7B%22user_id%22%3A%22BNC19004%22%2C%22flag%22%3A%22reg_davinchi_ftp%22%2C%22metadata_type%22%3A%22id%22%2C%22metadata%22%3A%5B%7B%224000288%22%3A%22%22%2C%224000289%22%3A%22%22%2C%224000292%22%3A%22%EB%82%98%EB%A7%8C+%EB%AF%BF%EA%B3%A0+%EB%94%B0%EB%9D%BC%EC%99%80+%EB%8F%84%EC%8B%9C%EC%96%B4%EB%B6%80+5%22%2C%224000293%22%3A%2213%ED%9A%8C%22%2C%224000294%22%3A%22%22%2C%224778141%22%3A%2215+%EC%84%B8%22%2C%224778261%22%3A%22PG2230143D%22%2C%224778262%22%3A%22%22%2C%224778263%22%3A%2213%22%2C%224778265%22%3A%22%22%2C%224778283%22%3A%22%22%2C%224778407%22%3A%22A00013%22%2C%22k_content_id%22%3A%22%22%2C%22k_ud_content_id%22%3A%224000346%22%2C%22k_title%22%3A%22%5B%EC%83%89%EB%B3%B4%EC%A0%95%EC%99%84%EB%A3%8C%5DE13_%ED%8C%8C%ED%8A%B86_%EC%B6%94%EA%B0%80%22%2C%22c_category_id%22%3A%225443849%22%2C%22k_datagrade%22%3A%22%22%2C%22ext-comp-1038%22%3A%22%22%2C%22k_storterm%22%3A%22%22%2C%22ext-comp-1035%22%3A%22%22%7D%5D%2C%22regist_type%22%3A%22meta%22%2C%22original_filename%22%3A%22%5B%E1%84%89%E1%85%A2%E1%86%A8%E1%84%87%E1%85%A9%E1%84%8C%E1%85%A5%E1%86%BC%E1%84%8B%E1%85%AA%E1%86%AB%E1%84%85%E1%85%AD%5D%E1%84%91%E1%85%A1%E1%84%90%E1%85%B36_%E1%84%8E%E1%85%AE%E1%84%80%E1%85%A1.mxf%22%7D
10.160.211.11	[2023-11-23 10:36:01] decodeData ===> Array
(
    [user_id] => BNC19004
    [flag] => reg_davinchi_ftp
    [metadata_type] => id
    [metadata] => Array
        (
            [0] => Array
                (
                    [4000288] =>
                    [4000289] =>
                    [4000292] => 나만 믿고 따라와 도시어부 5
                    [4000293] => 13회
                    [4000294] =>
                    [4778141] => 15 세
                    [4778261] => PG2230143D
                    [4778262] =>
                    [4778263] => 13
                    [4778265] =>
                    [4778283] =>
                    [4778407] => A00013
                    [k_content_id] =>
                    [k_ud_content_id] => 4000346
                    [k_title] => [색보정완료]E13_파트6_추가
                    [c_category_id] => 5443849
                    [k_datagrade] =>
                    [ext-comp-1038] =>
                    [k_storterm] =>
                    [ext-comp-1035] =>
                )

        )

    [regist_type] => meta
    [original_filename] => [색보정완료]파트6_추가.mxf
)

10.160.211.11	[2023-11-23 10:36:01] return ===> <?xml version="1.0" encoding="UTF-8"?>
<response><result success="true" msg="ok" content_id="2417831" task_id=""><success>true</success><msg>ok</msg><content_id>2417831</content_id><task_id/><task_list_info><type>FTP</type><source_root>10.160.77.12:2021</source_root><source_root_for_mac></source_root_for_mac><login_id>chaadmin@ddmc.com</login_id><login_pw>ddmcad09)(</login_pw><source_opt>dir=$UD_PATH/clip&amp;filename=$CONTENT_ID&amp;ext=$OUT_SRC_EXT</source_opt><source>PG2230143D/NPS_EDIT/clip</source><edius_file_path/></task_list_info></result></response>

10.160.211.11	[2023-11-23 10:36:46] REQUEST ===> Array
(
)

10.160.211.11	[2023-11-23 10:36:46] receive ===> %7B%22user_id%22%3A%22BNC19004%22%2C%22flag%22%3A%22reg_davinchi_ftp%22%2C%22metadata_type%22%3A%22id%22%2C%22metadata%22%3A%5B%7B%224000288%22%3A%22%22%2C%224000289%22%3A%22%22%2C%224000292%22%3A%22%EB%82%98%EB%A7%8C+%EB%AF%BF%EA%B3%A0+%EB%94%B0%EB%9D%BC%EC%99%80+%EB%8F%84%EC%8B%9C%EC%96%B4%EB%B6%80+5%22%2C%224000293%22%3A%2213%ED%9A%8C%22%2C%224000294%22%3A%22%22%2C%224778141%22%3A%2215+%EC%84%B8%22%2C%224778261%22%3A%22PG2230143D%22%2C%224778262%22%3A%22%22%2C%224778263%22%3A%2213%22%2C%224778265%22%3A%22%22%2C%224778283%22%3A%22%22%2C%224778407%22%3A%22A00013%22%2C%22k_content_id%22%3A%22%22%2C%22k_ud_content_id%22%3A%224000346%22%2C%22k_title%22%3A%22%5B%EC%83%89%EB%B3%B4%EC%A0%95%EC%99%84%EB%A3%8C%5DE13_%ED%8C%8C%ED%8A%B86_%EC%B6%94%EA%B0%80%22%2C%22c_category_id%22%3A%225443849%22%2C%22k_datagrade%22%3A%22%22%2C%22ext-comp-1038%22%3A%22%22%2C%22k_storterm%22%3A%22%22%2C%22ext-comp-1035%22%3A%22%22%7D%5D%2C%22regist_type%22%3A%22task%22%2C%22content_id%22%3A%222417831%22%2C%22original_filename%22%3A%22%5B%E1%84%89%E1%85%A2%E1%86%A8%E1%84%87%E1%85%A9%E1%84%8C%E1%85%A5%E1%86%BC%E1%84%8B%E1%85%AA%E1%86%AB%E1%84%85%E1%85%AD%5D%E1%84%91%E1%85%A1%E1%84%90%E1%85%B36_%E1%84%8E%E1%85%AE%E1%84%80%E1%85%A1.mxf%22%2C%22IsFileNameToTitle%22%3A%220%22%7D
10.160.211.11	[2023-11-23 10:36:46] decodeData ===> Array
(
    [user_id] => BNC19004
    [flag] => reg_davinchi_ftp
    [metadata_type] => id
    [metadata] => Array
        (
            [0] => Array
                (
                    [4000288] =>
                    [4000289] =>
                    [4000292] => 나만 믿고 따라와 도시어부 5
                    [4000293] => 13회
                    [4000294] =>
                    [4778141] => 15 세
                    [4778261] => PG2230143D
                    [4778262] =>
                    [4778263] => 13
                    [4778265] =>
                    [4778283] =>
                    [4778407] => A00013
                    [k_content_id] =>
                    [k_ud_content_id] => 4000346
                    [k_title] => [색보정완료]E13_파트6_추가
                    [c_category_id] => 5443849
                    [k_datagrade] =>
                    [ext-comp-1038] =>
                    [k_storterm] =>
                    [ext-comp-1035] =>
                )

        )

    [regist_type] => task
    [content_id] => 2417831
    [original_filename] => [색보정완료]파트6_추가.mxf
    [IsFileNameToTitle] => 0
)

10.160.211.11	[2023-11-23 10:36:46] return ===> <?xml version="1.0" encoding="UTF-8"?>
<response><result success="true" msg="ok" content_id="2417831" task_id="10874714"><success>true</success><msg>ok</msg><content_id>2417831</content_id><task_id>10874714</task_id><task_list_info><edius_file_path>PG2230143D/NPS_EDIT/clip/P2023112358617.mxf</edius_file_path></task_list_info></result></response>

10.160.211.11	[2023-11-23 10:37:18] REQUEST ===> Array
(
)

10.160.211.11	[2023-11-23 10:37:18] receive ===> %7B%22user_id%22%3A%22BNC19004%22%2C%22flag%22%3A%22reg_davinchi_ftp%22%2C%22metadata_type%22%3A%22id%22%2C%22metadata%22%3A%5B%7B%224000288%22%3A%22%22%2C%224000289%22%3A%22%22%2C%224000292%22%3A%22%EC%84%9C%EB%AF%BC%EA%B0%91%EB%B6%80+%ED%8F%90%EC%97%85+%ED%83%88%EC%B6%9C+%EB%8C%80%EC%9E%91%EC%A0%84%22%2C%224000293%22%3A%22%EC%9E%90%EB%A3%8C%EC%97%86%EC%9D%8C%22%2C%224000294%22%3A%22%22%2C%224778141%22%3A%2212+%EC%84%B8%22%2C%224778261%22%3A%22PG2230145D%22%2C%224778262%22%3A%22%22%2C%224778263%22%3A%2219%22%2C%224778265%22%3A%22%22%2C%224778283%22%3A%22%22%2C%224778407%22%3A%22A00019%22%2C%22k_content_id%22%3A%22%22%2C%22k_ud_content_id%22%3A%224000346%22%2C%22k_title%22%3A%22%5B%EC%83%89%EB%B3%B4%EC%A0%95%EC%99%84%EB%A3%8C%5D19%ED%9A%8C_%EB%B3%B8%ED%8E%B8%22%2C%22c_category_id%22%3A%225443617%22%2C%22k_datagrade%22%3A%22%22%2C%22ext-comp-1038%22%3A%22%22%2C%22k_storterm%22%3A%22%22%2C%22ext-comp-1035%22%3A%22%22%7D%5D%2C%22regist_type%22%3A%22meta%22%2C%22original_filename%22%3A%22P2023112157996_CC_EP19.mxf%22%7D
10.160.211.11	[2023-11-23 10:37:18] decodeData ===> Array
(
    [user_id] => BNC19004
    [flag] => reg_davinchi_ftp
    [metadata_type] => id
    [metadata] => Array
        (
            [0] => Array
                (
                    [4000288] =>
                    [4000289] =>
                    [4000292] => 서민갑부 폐업 탈출 대작전
                    [4000293] => 자료없음
                    [4000294] =>
                    [4778141] => 12 세
                    [4778261] => PG2230145D
                    [4778262] =>
                    [4778263] => 19
                    [4778265] =>
                    [4778283] =>
                    [4778407] => A00019
                    [k_content_id] =>
                    [k_ud_content_id] => 4000346
                    [k_title] => [색보정완료]19회_본편
                    [c_category_id] => 5443617
                    [k_datagrade] =>
                    [ext-comp-1038] =>
                    [k_storterm] =>
                    [ext-comp-1035] =>
                )

        )

    [regist_type] => meta
    [original_filename] => P2023112157996_CC_EP19.mxf
)

10.160.211.11	[2023-11-23 10:37:18] return ===> <?xml version="1.0" encoding="UTF-8"?>
<response><result success="true" msg="ok" content_id="2417832" task_id=""><success>true</success><msg>ok</msg><content_id>2417832</content_id><task_id/><task_list_info><type>FTP</type><source_root>10.160.77.12:21</source_root><source_root_for_mac></source_root_for_mac><login_id>chaadmin@ddmc.com</login_id><login_pw>ddmcad09)(</login_pw><source_opt>dir=$UD_PATH/clip&amp;filename=$CONTENT_ID&amp;ext=$OUT_SRC_EXT</source_opt><source>PG2230145D/NPS_EDIT/clip</source><edius_file_path/></task_list_info></result></response>

10.160.211.11	[2023-11-23 11:05:39] REQUEST ===> Array
(
)

10.160.211.11	[2023-11-23 11:05:39] receive ===> %7B%22user_id%22%3A%22BNC19004%22%2C%22flag%22%3A%22reg_davinchi_ftp%22%2C%22metadata_type%22%3A%22id%22%2C%22metadata%22%3A%5B%7B%224000288%22%3A%22%EB%82%A8%EC%83%81%ED%9A%A8%22%2C%224000289%22%3A%22%22%2C%224000292%22%3A%22%EC%84%9C%EB%AF%BC+%EA%B0%91%EB%B6%80%22%2C%224000293%22%3A%22.%22%2C%224000294%22%3A%22%22%2C%224778141%22%3A%22%EB%AA%A8%EB%93%A0%EC%97%B0%EB%A0%B9%22%2C%224778261%22%3A%22PG2150064D%22%2C%224778262%22%3A%22%22%2C%224778263%22%3A%22439%22%2C%224778265%22%3A%22%22%2C%224778283%22%3A%22%22%2C%224778407%22%3A%22A00439%22%2C%22k_content_id%22%3A%22%22%2C%22k_ud_content_id%22%3A%224000346%22%2C%22k_title%22%3A%22test%22%2C%22c_category_id%22%3A%225394310%22%2C%22k_datagrade%22%3A%22%22%2C%22ext-comp-1038%22%3A%22%22%2C%22k_storterm%22%3A%22%22%2C%22ext-comp-1035%22%3A%22%22%7D%5D%2C%22regist_type%22%3A%22meta%22%2C%22original_filename%22%3A%22P2023112157996_CC_EP19.mxf%22%7D
10.160.211.11	[2023-11-23 11:05:39] decodeData ===> Array
(
    [user_id] => BNC19004
    [flag] => reg_davinchi_ftp
    [metadata_type] => id
    [metadata] => Array
        (
            [0] => Array
                (
                    [4000288] => 남상효
                    [4000289] =>
                    [4000292] => 서민 갑부
                    [4000293] => .
                    [4000294] =>
                    [4778141] => 모든연령
                    [4778261] => PG2150064D
                    [4778262] =>
                    [4778263] => 439
                    [4778265] =>
                    [4778283] =>
                    [4778407] => A00439
                    [k_content_id] =>
                    [k_ud_content_id] => 4000346
                    [k_title] => test
                    [c_category_id] => 5394310
                    [k_datagrade] =>
                    [ext-comp-1038] =>
                    [k_storterm] =>
                    [ext-comp-1035] =>
                )

        )

    [regist_type] => meta
    [original_filename] => P2023112157996_CC_EP19.mxf
)

10.160.211.11	[2023-11-23 11:05:39] return ===> <?xml version="1.0" encoding="UTF-8"?>
<response><result success="true" msg="ok" content_id="2417835" task_id=""><success>true</success><msg>ok</msg><content_id>2417835</content_id><task_id/><task_list_info><type>FTP</type><source_root>10.160.77.12:21</source_root><source_root_for_mac></source_root_for_mac><login_id>chaadmin@ddmc.com</login_id><login_pw>ddmcad09)(</login_pw><source_opt>dir=$UD_PATH/clip&amp;filename=$CONTENT_ID&amp;ext=$OUT_SRC_EXT</source_opt><source>PG2150064D/NPS_EDIT/clip</source><edius_file_path/></task_list_info></result></response>

10.160.211.211	[2023-11-23 11:07:05] REQUEST ===> Array
(
)

10.160.211.211	[2023-11-23 11:07:05] receive ===> %7B%22user_id%22%3A%22BNC21011%22%2C%22flag%22%3A%22reg_davinchi_ftp%22%2C%22metadata_type%22%3A%22id%22%2C%22metadata%22%3A%5B%7B%224000288%22%3A%22%22%2C%224000289%22%3A%22%22%2C%224000292%22%3A%22%EB%82%A8%EA%B3%BC%EC%97%AC%22%2C%224000293%22%3A%2299%22%2C%224000294%22%3A%22%22%2C%224778141%22%3A%2215+%EC%84%B8%22%2C%224778261%22%3A%22PG2230206D%22%2C%224778262%22%3A%22%22%2C%224778263%22%3A%2299%22%2C%224778265%22%3A%22%22%2C%224778283%22%3A%22%22%2C%224778407%22%3A%22A00099%22%2C%22k_content_id%22%3A%22%22%2C%22k_ud_content_id%22%3A%224000346%22%2C%22k_title%22%3A%22%28%EC%9D%BC%EB%B3%B8%ED%8C%90%EB%A7%A4%EC%9A%A9MOV_%ED%81%B4%EB%A6%B0_8ch%29%28%ED%8B%B0%EC%A0%801%29+%ED%99%94%EC%9A%94%EB%93%9C%EB%9D%BC%EB%A7%88+%EB%82%A8%EA%B3%BC%EC%97%AC+%ED%8B%B0%EC%A0%80+VER_1%22%2C%22c_category_id%22%3A%225443840%22%2C%22k_datagrade%22%3A%22%22%2C%22ext-comp-1038%22%3A%22%22%2C%22k_storterm%22%3A%22%22%2C%22ext-comp-1035%22%3A%22%22%7D%5D%2C%22regist_type%22%3A%22meta%22%2C%22original_filename%22%3A%22P2023112258406_MF_TEASER_CLEAN.mov%22%7D
10.160.211.211	[2023-11-23 11:07:05] decodeData ===> Array
(
    [user_id] => BNC21011
    [flag] => reg_davinchi_ftp
    [metadata_type] => id
    [metadata] => Array
        (
            [0] => Array
                (
                    [4000288] =>
                    [4000289] =>
                    [4000292] => 남과여
                    [4000293] => 99
                    [4000294] =>
                    [4778141] => 15 세
                    [4778261] => PG2230206D
                    [4778262] =>
                    [4778263] => 99
                    [4778265] =>
                    [4778283] =>
                    [4778407] => A00099
                    [k_content_id] =>
                    [k_ud_content_id] => 4000346
                    [k_title] => (일본판매용MOV_클린_8ch)(티저1) 화요드라마 남과여 티저 VER_1
                    [c_category_id] => 5443840
                    [k_datagrade] =>
                    [ext-comp-1038] =>
                    [k_storterm] =>
                    [ext-comp-1035] =>
                )

        )

    [regist_type] => meta
    [original_filename] => P2023112258406_MF_TEASER_CLEAN.mov
)

10.160.211.211	[2023-11-23 11:07:05] return ===> <?xml version="1.0" encoding="UTF-8"?>
<response><result success="true" msg="ok" content_id="2417836" task_id=""><success>true</success><msg>ok</msg><content_id>2417836</content_id><task_id/><task_list_info><type>FTP</type><source_root>10.160.77.12:21</source_root><source_root_for_mac></source_root_for_mac><login_id>chaadmin@ddmc.com</login_id><login_pw>ddmcad09)(</login_pw><source_opt>dir=$UD_PATH/clip&amp;filename=$CONTENT_ID&amp;ext=$OUT_SRC_EXT</source_opt><source>PG2230206D/NPS_EDIT/clip</source><edius_file_path/></task_list_info></result></response>

10.160.211.211	[2023-11-23 11:07:59] REQUEST ===> Array
(
)

10.160.211.211	[2023-11-23 11:07:59] receive ===> %7B%22user_id%22%3A%22BNC21011%22%2C%22flag%22%3A%22reg_davinchi_ftp%22%2C%22metadata_type%22%3A%22id%22%2C%22metadata%22%3A%5B%7B%224000288%22%3A%22%22%2C%224000289%22%3A%22%22%2C%224000292%22%3A%22%EB%82%A8%EA%B3%BC%EC%97%AC%22%2C%224000293%22%3A%2299%22%2C%224000294%22%3A%22%22%2C%224778141%22%3A%2215+%EC%84%B8%22%2C%224778261%22%3A%22PG2230206D%22%2C%224778262%22%3A%22P2023112358622%22%2C%224778263%22%3A%2299%22%2C%224778265%22%3Anull%2C%224778283%22%3A%22%22%2C%224778407%22%3A%22A00099%22%2C%22k_content_id%22%3A%22%22%2C%22k_ud_content_id%22%3A%224000346%22%2C%22k_title%22%3A%22%28%EC%9D%BC%EB%B3%B8%ED%8C%90%EB%A7%A4%EC%9A%A9MOV_%ED%81%B4%EB%A6%B0_8ch%29%28%ED%8B%B0%EC%A0%801%29+%ED%99%94%EC%9A%94%EB%93%9C%EB%9D%BC%EB%A7%88+%EB%82%A8%EA%B3%BC%EC%97%AC+%ED%8B%B0%EC%A0%80+VER_1%22%2C%22c_category_id%22%3A%225443840%22%2C%22k_datagrade%22%3A%22%22%2C%22ext-comp-1038%22%3A%22%22%2C%22k_storterm%22%3A%22%22%2C%22ext-comp-1035%22%3A%22%22%7D%5D%2C%22regist_type%22%3A%22meta%22%2C%22original_filename%22%3A%22P2023112258406_MF_TEASER_CLEAN.mov%22%7D
10.160.211.211	[2023-11-23 11:07:59] decodeData ===> Array
(
    [user_id] => BNC21011
    [flag] => reg_davinchi_ftp
    [metadata_type] => id
    [metadata] => Array
        (
            [0] => Array
                (
                    [4000288] =>
                    [4000289] =>
                    [4000292] => 남과여
                    [4000293] => 99
                    [4000294] =>
                    [4778141] => 15 세
                    [4778261] => PG2230206D
                    [4778262] => P2023112358622
                    [4778263] => 99
                    [4778265] =>
                    [4778283] =>
                    [4778407] => A00099
                    [k_content_id] =>
                    [k_ud_content_id] => 4000346
                    [k_title] => (일본판매용MOV_클린_8ch)(티저1) 화요드라마 남과여 티저 VER_1
                    [c_category_id] => 5443840
                    [k_datagrade] =>
                    [ext-comp-1038] =>
                    [k_storterm] =>
                    [ext-comp-1035] =>
                )

        )

    [regist_type] => meta
    [original_filename] => P2023112258406_MF_TEASER_CLEAN.mov
)

10.160.211.211	[2023-11-23 11:07:59] return ===> <?xml version="1.0" encoding="UTF-8"?>
<response><result success="true" msg="ok" content_id="2417837" task_id=""><success>true</success><msg>ok</msg><content_id>2417837</content_id><task_id/><task_list_info><type>FTP</type><source_root>10.160.77.12:21</source_root><source_root_for_mac></source_root_for_mac><login_id>chaadmin@ddmc.com</login_id><login_pw>ddmcad09)(</login_pw><source_opt>dir=$UD_PATH/clip&amp;filename=$CONTENT_ID&amp;ext=$OUT_SRC_EXT</source_opt><source>PG2230206D/NPS_EDIT/clip</source><edius_file_path/></task_list_info></result></response>

10.160.210.80	[2023-11-23 11:13:24] REQUEST ===> Array
(
)

10.160.210.80	[2023-11-23 11:13:24] receive ===> {"user_id":"CA022069","type":"4000346","todas":false,"flag":"edius","metadata_type":"id","metadata":[{"4000288":"","4000289":"","4000292":"강철부대3","4000293":"강철부대3 10회","4000294":"","4778141":"15 세","4778261":"PG2230062D","4778262":"P2023112258293","4778263":"10","4778265":null,"4778283":"","4778407":"A00010","k_content_id":"","k_ud_content_id":"4000346","k_title":"[믹싱용]RE 10회_비하인드","c_category_id":"5443232","k_datagrade":"","ext-comp-1038":"","k_storterm":"","ext-comp-1035":""}],"regist_type":""} 
10.160.210.80	[2023-11-23 11:13:24] decodeData ===> Array
(
    [user_id] => CA022069
    [type] => 4000346
    [todas] =>
    [flag] => edius
    [metadata_type] => id
    [metadata] => Array
        (
            [0] => Array
                (
                    [4000288] =>
                    [4000289] =>
                    [4000292] => 강철부대3
                    [4000293] => 강철부대3 10회
                    [4000294] =>
                    [4778141] => 15 세
                    [4778261] => PG2230062D
                    [4778262] => P2023112258293
                    [4778263] => 10
                    [4778265] =>
                    [4778283] =>
                    [4778407] => A00010
                    [k_content_id] =>
                    [k_ud_content_id] => 4000346
                    [k_title] => [믹싱용]RE 10회_비하인드
                    [c_category_id] => 5443232
                    [k_datagrade] =>
                    [ext-comp-1038] =>
                    [k_storterm] =>
                    [ext-comp-1035] =>
                )

        )

    [regist_type] =>
)

10.160.210.80	[2023-11-23 11:13:25] return ===> <?xml version="1.0" encoding="UTF-8"?>
<response><result success="true" msg="ok" content_id="2417838" task_id="10874723"><success>true</success><msg>ok</msg><content_id>2417838</content_id><task_id>10874723</task_id><task_list_info><source_path_id>162</source_path_id><target_path_id>162</target_path_id><register>edius</register><parameter>"rename"</parameter><source_opt>null</source_opt><target_opt>media=original&amp;dir=$UD_PATH/clip&amp;filename=$OUT_SRC_FILE&amp;ext=$OUT_SRC_EXT</target_opt><type>SAN</type><source_root>P:/CMS</source_root><source_root_for_mac>Product_Main/CMS</source_root_for_mac><login_id></login_id><login_pw></login_pw><source></source><edius_file_path>PG2230062D/NPS_EDIT/clip/P2023112358624.mxf</edius_file_path></task_list_info></result></response>

10.160.211.211	[2023-11-23 11:13:32] REQUEST ===> Array
(
)

10.160.211.211	[2023-11-23 11:13:32] receive ===> %7B%22user_id%22%3A%22BNC21011%22%2C%22flag%22%3A%22reg_davinchi_ftp%22%2C%22metadata_type%22%3A%22id%22%2C%22metadata%22%3A%5B%7B%224000288%22%3A%22%22%2C%224000289%22%3A%22%22%2C%224000292%22%3A%22%EB%82%A8%EA%B3%BC%EC%97%AC%22%2C%224000293%22%3A%221%22%2C%224000294%22%3A%22%22%2C%224778141%22%3A%2215+%EC%84%B8%22%2C%224778261%22%3A%22PG2230206D%22%2C%224778262%22%3A%22P2023112358623%22%2C%224778263%22%3A%221%22%2C%224778265%22%3Anull%2C%224778283%22%3A%22%22%2C%224778407%22%3A%22A00001%22%2C%22k_content_id%22%3A%22%22%2C%22k_ud_content_id%22%3A%224000346%22%2C%22k_title%22%3A%22%28%EC%9D%BC%EB%B3%B8%ED%8C%90%EB%A7%A4%EC%9A%A9MOV_%ED%81%B4%EB%A6%B0_8ch%29%28%ED%8B%B0%EC%A0%801%29+%ED%99%94%EC%9A%94%EB%93%9C%EB%9D%BC%EB%A7%88+%EB%82%A8%EA%B3%BC%EC%97%AC+%ED%8B%B0%EC%A0%80+VER_1%22%2C%22c_category_id%22%3A%225443840%22%2C%22k_datagrade%22%3A%22%22%2C%22ext-comp-1038%22%3A%22%22%2C%22k_storterm%22%3A%22%22%2C%22ext-comp-1035%22%3A%22%22%7D%5D%2C%22regist_type%22%3A%22meta%22%2C%22original_filename%22%3A%22P2023112258406_MF_TEASER_CLEAN.mov%22%7D
10.160.211.211	[2023-11-23 11:13:32] decodeData ===> Array
(
    [user_id] => BNC21011
    [flag] => reg_davinchi_ftp
    [metadata_type] => id
    [metadata] => Array
        (
            [0] => Array
                (
                    [4000288] =>
                    [4000289] =>
                    [4000292] => 남과여
                    [4000293] => 1
                    [4000294] =>
                    [4778141] => 15 세
                    [4778261] => PG2230206D
                    [4778262] => P2023112358623
                    [4778263] => 1
                    [4778265] =>
                    [4778283] =>
                    [4778407] => A00001
                    [k_content_id] =>
                    [k_ud_content_id] => 4000346
                    [k_title] => (일본판매용MOV_클린_8ch)(티저1) 화요드라마 남과여 티저 VER_1
                    [c_category_id] => 5443840
                    [k_datagrade] =>
                    [ext-comp-1038] =>
                    [k_storterm] =>
                    [ext-comp-1035] =>
                )

        )

    [regist_type] => meta
    [original_filename] => P2023112258406_MF_TEASER_CLEAN.mov
)

10.160.211.211	[2023-11-23 11:13:32] return ===> <?xml version="1.0" encoding="UTF-8"?>
<response><result success="true" msg="ok" content_id="2417839" task_id=""><success>true</success><msg>ok</msg><content_id>2417839</content_id><task_id/><task_list_info><type>FTP</type><source_root>10.160.77.12:21</source_root><source_root_for_mac></source_root_for_mac><login_id>chaadmin@ddmc.com</login_id><login_pw>ddmcad09)(</login_pw><source_opt>dir=$UD_PATH/clip&amp;filename=$CONTENT_ID&amp;ext=$OUT_SRC_EXT</source_opt><source>PG2230206D/NPS_EDIT/clip</source><edius_file_path/></task_list_info></result></response>

10.160.210.48	[2023-11-23 11:13:56] REQUEST ===> Array
(
)

10.160.210.48	[2023-11-23 11:13:56] receive ===> {"user_id":"CA022054","type":"4000346","todas":false,"flag":"edius","metadata_type":"id","metadata":[{"4000288":"","4000289":"","4000292":"오은영의 금쪽 상담소","4000293":"","4000294":"-1회부터 9회 경기내용\r\n- REMEMBER 10 Zone\r\n- 국민의례, 시구\r\n- 기념사진 촬영\r\n- 부산시 홍보대사 위촉식\r\n- 이대호 선수 은퇴투어 선물 전달식\r\n- 이대호 선수 OX퀴즈\r\n- 이대호 선수 은퇴식 고별사 \r\n- 이대호 선수 은퇴식 선물전달식\r\n- 이대호 선수 은퇴식 선수단 인사\r\n- 이대호 선수 은퇴식 순회행사, 헹가레, 마지막 인사\r\n- 이대호 선수 은퇴식 영구 결번식\r\n- 이대호 선수 은퇴식 축하공연 및 축하영상","4778141":null,"4778261":"PG2210189D","4778262":"P2023112057810","4778263":"107","4778265":null,"4778283":"","4778407":"A00107","k_content_id":"","k_ud_content_id":"4000346","k_title":"[색보정 의뢰] 109회 예고 크리스&크리스티나 편","c_category_id":"5440957","k_datagrade":"","ext-comp-1038":"","k_storterm":"","ext-comp-1035":""}],"regist_type":""} 
10.160.210.48	[2023-11-23 11:13:56] decodeData ===> Array
(
    [user_id] => CA022054
    [type] => 4000346
    [todas] =>
    [flag] => edius
    [metadata_type] => id
    [metadata] => Array
        (
            [0] => Array
                (
                    [4000288] =>
                    [4000289] =>
                    [4000292] => 오은영의 금쪽 상담소
                    [4000293] =>
                    [4000294] => -1회부터 9회 경기내용
- REMEMBER 10 Zone
- 국민의례, 시구
- 기념사진 촬영
- 부산시 홍보대사 위촉식
- 이대호 선수 은퇴투어 선물 전달식
- 이대호 선수 OX퀴즈
- 이대호 선수 은퇴식 고별사
- 이대호 선수 은퇴식 선물전달식
- 이대호 선수 은퇴식 선수단 인사
- 이대호 선수 은퇴식 순회행사, 헹가레, 마지막 인사
- 이대호 선수 은퇴식 영구 결번식
- 이대호 선수 은퇴식 축하공연 및 축하영상
                    [4778141] =>
                    [4778261] => PG2210189D
                    [4778262] => P2023112057810
                    [4778263] => 107
                    [4778265] =>
                    [4778283] =>
                    [4778407] => A00107
                    [k_content_id] =>
                    [k_ud_content_id] => 4000346
                    [k_title] => [색보정 의뢰] 109회 예고 크리스&크리스티나 편
                    [c_category_id] => 5440957
                    [k_datagrade] =>
                    [ext-comp-1038] =>
                    [k_storterm] =>
                    [ext-comp-1035] =>
                )

        )

    [regist_type] =>
)

10.160.210.48	[2023-11-23 11:13:56] return ===> <?xml version="1.0" encoding="UTF-8"?>
<response><result success="true" msg="ok" content_id="2417840" task_id="10874726"><success>true</success><msg>ok</msg><content_id>2417840</content_id><task_id>10874726</task_id><task_list_info><source_path_id>83</source_path_id><target_path_id>83</target_path_id><register>edius</register><parameter>"rename"</parameter><source_opt>null</source_opt><target_opt>media=original&amp;dir=$UD_PATH/clip&amp;filename=$OUT_SRC_FILE&amp;ext=$OUT_SRC_EXT</target_opt><type>SAN</type><source_root>I:/CMS</source_root><source_root_for_mac>Product_Main/CMS</source_root_for_mac><login_id></login_id><login_pw></login_pw><source></source><edius_file_path>PG2210189D/NPS_EDIT/clip/P2023112358626.mxf</edius_file_path></task_list_info></result></response>

10.160.210.80	[2023-11-23 11:15:01] REQUEST ===> Array
(
)

10.160.210.80	[2023-11-23 11:15:01] receive ===> {"user_id":"CA022069","type":"4000346","todas":false,"flag":"edius","metadata_type":"id","metadata":[{"4000288":"","4000289":"","4000292":"강철부대3","4000293":"강철부대3 10회","4000294":"","4778141":"15 세","4778261":"PG2230062D","4778262":"P2023112358624","4778263":"10","4778265":null,"4778283":"","4778407":"A00010","k_content_id":"","k_ud_content_id":"4000346","k_title":"[믹싱용]RE 10회_비하인드","c_category_id":"5443232","k_datagrade":"","ext-comp-1038":"","k_storterm":"","ext-comp-1035":""}],"regist_type":""} 
10.160.210.80	[2023-11-23 11:15:01] decodeData ===> Array
(
    [user_id] => CA022069
    [type] => 4000346
    [todas] =>
    [flag] => edius
    [metadata_type] => id
    [metadata] => Array
        (
            [0] => Array
                (
                    [4000288] =>
                    [4000289] =>
                    [4000292] => 강철부대3
                    [4000293] => 강철부대3 10회
                    [4000294] =>
                    [4778141] => 15 세
                    [4778261] => PG2230062D
                    [4778262] => P2023112358624
                    [4778263] => 10
                    [4778265] =>
                    [4778283] =>
                    [4778407] => A00010
                    [k_content_id] =>
                    [k_ud_content_id] => 4000346
                    [k_title] => [믹싱용]RE 10회_비하인드
                    [c_category_id] => 5443232
                    [k_datagrade] =>
                    [ext-comp-1038] =>
                    [k_storterm] =>
                    [ext-comp-1035] =>
                )

        )

    [regist_type] =>
)

10.160.210.80	[2023-11-23 11:15:02] return ===> <?xml version="1.0" encoding="UTF-8"?>
<response><result success="true" msg="ok" content_id="2417841" task_id="10874730"><success>true</success><msg>ok</msg><content_id>2417841</content_id><task_id>10874730</task_id><task_list_info><source_path_id>162</source_path_id><target_path_id>162</target_path_id><register>edius</register><parameter>"rename"</parameter><source_opt>null</source_opt><target_opt>media=original&amp;dir=$UD_PATH/clip&amp;filename=$OUT_SRC_FILE&amp;ext=$OUT_SRC_EXT</target_opt><type>SAN</type><source_root>P:/CMS</source_root><source_root_for_mac>Product_Main/CMS</source_root_for_mac><login_id></login_id><login_pw></login_pw><source></source><edius_file_path>PG2230062D/NPS_EDIT/clip/P2023112358627.mxf</edius_file_path></task_list_info></result></response>

10.160.211.211	[2023-11-23 11:19:26] REQUEST ===> Array
(
)

10.160.211.211	[2023-11-23 11:19:26] receive ===> %7B%22user_id%22%3A%22BNC21011%22%2C%22flag%22%3A%22reg_davinchi_ftp%22%2C%22metadata_type%22%3A%22id%22%2C%22metadata%22%3A%5B%7B%224000288%22%3A%22%22%2C%224000289%22%3A%22%22%2C%224000292%22%3A%22%EB%82%A8%EA%B3%BC%EC%97%AC%22%2C%224000293%22%3A%221%22%2C%224000294%22%3A%22%22%2C%224778141%22%3A%2215+%EC%84%B8%22%2C%224778261%22%3A%22PG2230206D%22%2C%224778262%22%3A%22%22%2C%224778263%22%3A%221%22%2C%224778265%22%3A%22%22%2C%224778283%22%3A%22%22%2C%224778407%22%3A%22A00001%22%2C%22k_content_id%22%3A%22%22%2C%22k_ud_content_id%22%3A%224000346%22%2C%22k_title%22%3A%22%28%EC%9D%BC%EB%B3%B8%ED%8C%90%EB%A7%A4%EC%9A%A9MOV_8ch%29+%EB%82%A8%EA%B3%BC%EC%97%AC+1%ED%9A%8C_%ED%81%B4%EB%A6%B0%22%2C%22c_category_id%22%3A%225443840%22%2C%22k_datagrade%22%3A%22%22%2C%22ext-comp-1038%22%3A%22%22%2C%22k_storterm%22%3A%22%22%2C%22ext-comp-1035%22%3A%22%22%7D%5D%2C%22regist_type%22%3A%22meta%22%2C%22original_filename%22%3A%22P2023112258355_EP01_MASTER.mov%22%7D
10.160.211.211	[2023-11-23 11:19:26] decodeData ===> Array
(
    [user_id] => BNC21011
    [flag] => reg_davinchi_ftp
    [metadata_type] => id
    [metadata] => Array
        (
            [0] => Array
                (
                    [4000288] =>
                    [4000289] =>
                    [4000292] => 남과여
                    [4000293] => 1
                    [4000294] =>
                    [4778141] => 15 세
                    [4778261] => PG2230206D
                    [4778262] =>
                    [4778263] => 1
                    [4778265] =>
                    [4778283] =>
                    [4778407] => A00001
                    [k_content_id] =>
                    [k_ud_content_id] => 4000346
                    [k_title] => (일본판매용MOV_8ch) 남과여 1회_클린
                    [c_category_id] => 5443840
                    [k_datagrade] =>
                    [ext-comp-1038] =>
                    [k_storterm] =>
                    [ext-comp-1035] =>
                )

        )

    [regist_type] => meta
    [original_filename] => P2023112258355_EP01_MASTER.mov
)

10.160.211.211	[2023-11-23 11:19:26] return ===> <?xml version="1.0" encoding="UTF-8"?>
<response><result success="true" msg="ok" content_id="2417843" task_id=""><success>true</success><msg>ok</msg><content_id>2417843</content_id><task_id/><task_list_info><type>FTP</type><source_root>10.160.77.12:21</source_root><source_root_for_mac></source_root_for_mac><login_id>chaadmin@ddmc.com</login_id><login_pw>ddmcad09)(</login_pw><source_opt>dir=$UD_PATH/clip&amp;filename=$CONTENT_ID&amp;ext=$OUT_SRC_EXT</source_opt><source>PG2230206D/NPS_EDIT/clip</source><edius_file_path/></task_list_info></result></response>

10.160.212.11	[2023-11-23 11:20:51] REQUEST ===> Array
(
)

10.160.212.11	[2023-11-23 11:20:51] receive ===> {"user_id":"CM016016","type":"4000346","todas":false,"flag":"edius","metadata_type":"id","metadata":[{"4000288":"","4000289":"","4000292":"서민갑부 폐업 탈출 대작전","4000293":"자료없음","4000294":"","4778141":"12 세","4778261":"PG2230145D","4778262":"P2023112258471","4778263":"19","4778265":null,"4778283":"","4778407":"A00019","k_content_id":"","k_ud_content_id":"4000346","k_title":"TEST","c_category_id":"5443617","k_datagrade":"","ext-comp-1038":"","k_storterm":"","ext-comp-1035":""}],"regist_type":""} 
10.160.212.11	[2023-11-23 11:20:51] decodeData ===> Array
(
    [user_id] => CM016016
    [type] => 4000346
    [todas] =>
    [flag] => edius
    [metadata_type] => id
    [metadata] => Array
        (
            [0] => Array
                (
                    [4000288] =>
                    [4000289] =>
                    [4000292] => 서민갑부 폐업 탈출 대작전
                    [4000293] => 자료없음
                    [4000294] =>
                    [4778141] => 12 세
                    [4778261] => PG2230145D
                    [4778262] => P2023112258471
                    [4778263] => 19
                    [4778265] =>
                    [4778283] =>
                    [4778407] => A00019
                    [k_content_id] =>
                    [k_ud_content_id] => 4000346
                    [k_title] => TEST
                    [c_category_id] => 5443617
                    [k_datagrade] =>
                    [ext-comp-1038] =>
                    [k_storterm] =>
                    [ext-comp-1035] =>
                )

        )

    [regist_type] =>
)

10.160.212.11	[2023-11-23 11:20:52] return ===> <?xml version="1.0" encoding="UTF-8"?>
<response><result success="true" msg="ok" content_id="2417844" task_id="10874744"><success>true</success><msg>ok</msg><content_id>2417844</content_id><task_id>10874744</task_id><task_list_info><source_path_id>83</source_path_id><target_path_id>83</target_path_id><register>edius</register><parameter>"rename"</parameter><source_opt>null</source_opt><target_opt>media=original&amp;dir=$UD_PATH/clip&amp;filename=$OUT_SRC_FILE&amp;ext=$OUT_SRC_EXT</target_opt><type>SAN</type><source_root>I:/CMS</source_root><source_root_for_mac>Product_Main/CMS</source_root_for_mac><login_id></login_id><login_pw></login_pw><source></source><edius_file_path>PG2230145D/NPS_EDIT/clip/P2023112358630.mxf</edius_file_path></task_list_info></result></response>

10.160.215.57	[2023-11-23 11:25:44] REQUEST ===> Array
(
)

10.160.215.57	[2023-11-23 11:25:44] receive ===> {"user_id":"CA022051","type":"4000346","todas":false,"flag":"edius","metadata_type":"id","metadata":[{"4000288":"","4000289":"","4000292":"나만 믿고 따라와 도시어부 5","4000293":"13회","4000294":"","4778141":"15 세","4778261":"PG2230143D","4778262":"P2023112358613","4778263":"13","4778265":null,"4778283":"","4778407":"A00013","k_content_id":"","k_ud_content_id":"4000346","k_title":"[시사 후 최종믹싱용]13회 파트1 1-8ch","c_category_id":"5443849","k_datagrade":"","ext-comp-1038":"","k_storterm":"","ext-comp-1035":""}],"regist_type":""} 
10.160.215.57	[2023-11-23 11:25:44] decodeData ===> Array
(
    [user_id] => CA022051
    [type] => 4000346
    [todas] =>
    [flag] => edius
    [metadata_type] => id
    [metadata] => Array
        (
            [0] => Array
                (
                    [4000288] =>
                    [4000289] =>
                    [4000292] => 나만 믿고 따라와 도시어부 5
                    [4000293] => 13회
                    [4000294] =>
                    [4778141] => 15 세
                    [4778261] => PG2230143D
                    [4778262] => P2023112358613
                    [4778263] => 13
                    [4778265] =>
                    [4778283] =>
                    [4778407] => A00013
                    [k_content_id] =>
                    [k_ud_content_id] => 4000346
                    [k_title] => [시사 후 최종믹싱용]13회 파트1 1-8ch
                    [c_category_id] => 5443849
                    [k_datagrade] =>
                    [ext-comp-1038] =>
                    [k_storterm] =>
                    [ext-comp-1035] =>
                )

        )

    [regist_type] =>
)

10.160.215.57	[2023-11-23 11:25:44] return ===> <?xml version="1.0" encoding="UTF-8"?>
<response><result success="true" msg="ok" content_id="2417846" task_id="10874749"><success>true</success><msg>ok</msg><content_id>2417846</content_id><task_id>10874749</task_id><task_list_info><source_path_id>162</source_path_id><target_path_id>162</target_path_id><register>edius</register><parameter>"rename"</parameter><source_opt>null</source_opt><target_opt>media=original&amp;dir=$UD_PATH/clip&amp;filename=$OUT_SRC_FILE&amp;ext=$OUT_SRC_EXT</target_opt><type>SAN</type><source_root>P:/CMS</source_root><source_root_for_mac>Product_Main/CMS</source_root_for_mac><login_id></login_id><login_pw></login_pw><source></source><edius_file_path>PG2230143D/NPS_EDIT/clip/P2023112358631.mxf</edius_file_path></task_list_info></result></response>

10.160.215.57	[2023-11-23 11:31:12] REQUEST ===> Array
(
)

10.160.215.57	[2023-11-23 11:31:12] receive ===> {"user_id":"CA022051","type":"4000346","todas":false,"flag":"edius","metadata_type":"id","metadata":[{"4000288":"","4000289":"","4000292":"나만 믿고 따라와 도시어부 5","4000293":"13회","4000294":"","4778141":"15 세","4778261":"PG2230143D","4778262":"P2023112358631","4778263":"13","4778265":null,"4778283":"","4778407":"A00013","k_content_id":"","k_ud_content_id":"4000346","k_title":"[시사 후 최종믹싱용]13회 파트1 9-12ch","c_category_id":"5443849","k_datagrade":"","ext-comp-1038":"","k_storterm":"","ext-comp-1035":""}],"regist_type":""} 
10.160.215.57	[2023-11-23 11:31:12] decodeData ===> Array
(
    [user_id] => CA022051
    [type] => 4000346
    [todas] =>
    [flag] => edius
    [metadata_type] => id
    [metadata] => Array
        (
            [0] => Array
                (
                    [4000288] =>
                    [4000289] =>
                    [4000292] => 나만 믿고 따라와 도시어부 5
                    [4000293] => 13회
                    [4000294] =>
                    [4778141] => 15 세
                    [4778261] => PG2230143D
                    [4778262] => P2023112358631
                    [4778263] => 13
                    [4778265] =>
                    [4778283] =>
                    [4778407] => A00013
                    [k_content_id] =>
                    [k_ud_content_id] => 4000346
                    [k_title] => [시사 후 최종믹싱용]13회 파트1 9-12ch
                    [c_category_id] => 5443849
                    [k_datagrade] =>
                    [ext-comp-1038] =>
                    [k_storterm] =>
                    [ext-comp-1035] =>
                )

        )

    [regist_type] =>
)

10.160.215.57	[2023-11-23 11:31:13] return ===> <?xml version="1.0" encoding="UTF-8"?>
<response><result success="true" msg="ok" content_id="2417849" task_id="10874772"><success>true</success><msg>ok</msg><content_id>2417849</content_id><task_id>10874772</task_id><task_list_info><source_path_id>162</source_path_id><target_path_id>162</target_path_id><register>edius</register><parameter>"rename"</parameter><source_opt>null</source_opt><target_opt>media=original&amp;dir=$UD_PATH/clip&amp;filename=$OUT_SRC_FILE&amp;ext=$OUT_SRC_EXT</target_opt><type>SAN</type><source_root>P:/CMS</source_root><source_root_for_mac>Product_Main/CMS</source_root_for_mac><login_id></login_id><login_pw></login_pw><source></source><edius_file_path>PG2230143D/NPS_EDIT/clip/P2023112358632.mxf</edius_file_path></task_list_info></result></response>

10.160.210.48	[2023-11-23 11:45:57] REQUEST ===> Array
(
)

10.160.210.48	[2023-11-23 11:45:57] receive ===> {"user_id":"CA022054","type":"4000346","todas":false,"flag":"edius","metadata_type":"id","metadata":[{"4000288":"","4000289":"","4000292":"오은영의 금쪽 상담소","4000293":"","4000294":"","4778141":null,"4778261":"PG2210189D","4778262":"P2023112358626","4778263":"107","4778265":null,"4778283":"","4778407":"A00107","k_content_id":"","k_ud_content_id":"4000346","k_title":"[추가 색보정 의뢰] 109회 예고 크리스&크리스티나 편","c_category_id":"5440957","k_datagrade":"","ext-comp-1038":"","k_storterm":"","ext-comp-1035":""}],"regist_type":""} 
10.160.210.48	[2023-11-23 11:45:57] decodeData ===> Array
(
    [user_id] => CA022054
    [type] => 4000346
    [todas] =>
    [flag] => edius
    [metadata_type] => id
    [metadata] => Array
        (
            [0] => Array
                (
                    [4000288] =>
                    [4000289] =>
                    [4000292] => 오은영의 금쪽 상담소
                    [4000293] =>
                    [4000294] =>
                    [4778141] =>
                    [4778261] => PG2210189D
                    [4778262] => P2023112358626
                    [4778263] => 107
                    [4778265] =>
                    [4778283] =>
                    [4778407] => A00107
                    [k_content_id] =>
                    [k_ud_content_id] => 4000346
                    [k_title] => [추가 색보정 의뢰] 109회 예고 크리스&크리스티나 편
                    [c_category_id] => 5440957
                    [k_datagrade] =>
                    [ext-comp-1038] =>
                    [k_storterm] =>
                    [ext-comp-1035] =>
                )

        )

    [regist_type] =>
)

10.160.210.48	[2023-11-23 11:45:58] return ===> <?xml version="1.0" encoding="UTF-8"?>
<response><result success="true" msg="ok" content_id="2417854" task_id="10875013"><success>true</success><msg>ok</msg><content_id>2417854</content_id><task_id>10875013</task_id><task_list_info><source_path_id>83</source_path_id><target_path_id>83</target_path_id><register>edius</register><parameter>"rename"</parameter><source_opt>null</source_opt><target_opt>media=original&amp;dir=$UD_PATH/clip&amp;filename=$OUT_SRC_FILE&amp;ext=$OUT_SRC_EXT</target_opt><type>SAN</type><source_root>I:/CMS</source_root><source_root_for_mac>Product_Main/CMS</source_root_for_mac><login_id></login_id><login_pw></login_pw><source></source><edius_file_path>PG2210189D/NPS_EDIT/clip/P2023112358636.mxf</edius_file_path></task_list_info></result></response>

10.160.210.48	[2023-11-23 11:46:42] REQUEST ===> Array
(
)

10.160.210.48	[2023-11-23 11:46:42] receive ===> {"user_id":"CA022054","type":"4000346","todas":false,"flag":"edius","metadata_type":"id","metadata":[{"4000288":"","4000289":"","4000292":"오은영의 금쪽 상담소","4000293":"","4000294":"","4778141":null,"4778261":"PG2210189D","4778262":"P2023112358636","4778263":"107","4778265":null,"4778283":"","4778407":"A00107","k_content_id":"","k_ud_content_id":"4000346","k_title":"[합성 의뢰] 109회 예고 크리스&크리스티나 편","c_category_id":"5440957","k_datagrade":"","ext-comp-1038":"","k_storterm":"","ext-comp-1035":""}],"regist_type":""} 
10.160.210.48	[2023-11-23 11:46:42] decodeData ===> Array
(
    [user_id] => CA022054
    [type] => 4000346
    [todas] =>
    [flag] => edius
    [metadata_type] => id
    [metadata] => Array
        (
            [0] => Array
                (
                    [4000288] =>
                    [4000289] =>
                    [4000292] => 오은영의 금쪽 상담소
                    [4000293] =>
                    [4000294] =>
                    [4778141] =>
                    [4778261] => PG2210189D
                    [4778262] => P2023112358636
                    [4778263] => 107
                    [4778265] =>
                    [4778283] =>
                    [4778407] => A00107
                    [k_content_id] =>
                    [k_ud_content_id] => 4000346
                    [k_title] => [합성 의뢰] 109회 예고 크리스&크리스티나 편
                    [c_category_id] => 5440957
                    [k_datagrade] =>
                    [ext-comp-1038] =>
                    [k_storterm] =>
                    [ext-comp-1035] =>
                )

        )

    [regist_type] =>
)

10.160.210.48	[2023-11-23 11:46:43] return ===> <?xml version="1.0" encoding="UTF-8"?>
<response><result success="true" msg="ok" content_id="2417855" task_id="10875017"><success>true</success><msg>ok</msg><content_id>2417855</content_id><task_id>10875017</task_id><task_list_info><source_path_id>83</source_path_id><target_path_id>83</target_path_id><register>edius</register><parameter>"rename"</parameter><source_opt>null</source_opt><target_opt>media=original&amp;dir=$UD_PATH/clip&amp;filename=$OUT_SRC_FILE&amp;ext=$OUT_SRC_EXT</target_opt><type>SAN</type><source_root>I:/CMS</source_root><source_root_for_mac>Product_Main/CMS</source_root_for_mac><login_id></login_id><login_pw></login_pw><source></source><edius_file_path>PG2210189D/NPS_EDIT/clip/P2023112358637.mxf</edius_file_path></task_list_info></result></response>

10.160.215.57	[2023-11-23 11:53:22] REQUEST ===> Array
(
)

10.160.215.57	[2023-11-23 11:53:22] receive ===> {"user_id":"CA022051","type":"4000346","todas":false,"flag":"edius","metadata_type":"id","metadata":[{"4000288":"","4000289":"","4000292":"나만 믿고 따라와 도시어부 5","4000293":"13회","4000294":"","4778141":"15 세","4778261":"PG2230143D","4778262":"P2023112358632","4778263":"13","4778265":null,"4778283":"","4778407":"A00013","k_content_id":"","k_ud_content_id":"4000346","k_title":"[최종클린]13회 파트1","c_category_id":"5443849","k_datagrade":"","ext-comp-1038":"","k_storterm":"","ext-comp-1035":""}],"regist_type":""} 
10.160.215.57	[2023-11-23 11:53:22] decodeData ===> Array
(
    [user_id] => CA022051
    [type] => 4000346
    [todas] =>
    [flag] => edius
    [metadata_type] => id
    [metadata] => Array
        (
            [0] => Array
                (
                    [4000288] =>
                    [4000289] =>
                    [4000292] => 나만 믿고 따라와 도시어부 5
                    [4000293] => 13회
                    [4000294] =>
                    [4778141] => 15 세
                    [4778261] => PG2230143D
                    [4778262] => P2023112358632
                    [4778263] => 13
                    [4778265] =>
                    [4778283] =>
                    [4778407] => A00013
                    [k_content_id] =>
                    [k_ud_content_id] => 4000346
                    [k_title] => [최종클린]13회 파트1
                    [c_category_id] => 5443849
                    [k_datagrade] =>
                    [ext-comp-1038] =>
                    [k_storterm] =>
                    [ext-comp-1035] =>
                )

        )

    [regist_type] =>
)

10.160.215.57	[2023-11-23 11:53:22] return ===> <?xml version="1.0" encoding="UTF-8"?>
<response><result success="true" msg="ok" content_id="2417858" task_id="10875027"><success>true</success><msg>ok</msg><content_id>2417858</content_id><task_id>10875027</task_id><task_list_info><source_path_id>162</source_path_id><target_path_id>162</target_path_id><register>edius</register><parameter>"rename"</parameter><source_opt>null</source_opt><target_opt>media=original&amp;dir=$UD_PATH/clip&amp;filename=$OUT_SRC_FILE&amp;ext=$OUT_SRC_EXT</target_opt><type>SAN</type><source_root>P:/CMS</source_root><source_root_for_mac>Product_Main/CMS</source_root_for_mac><login_id></login_id><login_pw></login_pw><source></source><edius_file_path>PG2230143D/NPS_EDIT/clip/P2023112358640.mxf</edius_file_path></task_list_info></result></response>

10.160.215.57	[2023-11-23 11:58:14] REQUEST ===> Array
(
)

10.160.215.57	[2023-11-23 11:58:14] receive ===> {"user_id":"CA022051","type":"4000346","todas":false,"flag":"edius","metadata_type":"id","metadata":[{"4000288":"","4000289":"","4000292":"나만 믿고 따라와 도시어부 5","4000293":"13회","4000294":"","4778141":"15 세","4778261":"PG2230143D","4778262":"P2023112358640","4778263":"13","4778265":null,"4778283":"","4778407":"A00013","k_content_id":"","k_ud_content_id":"4000346","k_title":"[최종마스터]13회 파트1","c_category_id":"5443849","k_datagrade":"","ext-comp-1038":"","k_storterm":"","ext-comp-1035":""}],"regist_type":""} 
10.160.215.57	[2023-11-23 11:58:14] decodeData ===> Array
(
    [user_id] => CA022051
    [type] => 4000346
    [todas] =>
    [flag] => edius
    [metadata_type] => id
    [metadata] => Array
        (
            [0] => Array
                (
                    [4000288] =>
                    [4000289] =>
                    [4000292] => 나만 믿고 따라와 도시어부 5
                    [4000293] => 13회
                    [4000294] =>
                    [4778141] => 15 세
                    [4778261] => PG2230143D
                    [4778262] => P2023112358640
                    [4778263] => 13
                    [4778265] =>
                    [4778283] =>
                    [4778407] => A00013
                    [k_content_id] =>
                    [k_ud_content_id] => 4000346
                    [k_title] => [최종마스터]13회 파트1
                    [c_category_id] => 5443849
                    [k_datagrade] =>
                    [ext-comp-1038] =>
                    [k_storterm] =>
                    [ext-comp-1035] =>
                )

        )

    [regist_type] =>
)

10.160.215.57	[2023-11-23 11:58:14] return ===> <?xml version="1.0" encoding="UTF-8"?>
<response><result success="true" msg="ok" content_id="2417860" task_id="10875038"><success>true</success><msg>ok</msg><content_id>2417860</content_id><task_id>10875038</task_id><task_list_info><source_path_id>162</source_path_id><target_path_id>162</target_path_id><register>edius</register><parameter>"rename"</parameter><source_opt>null</source_opt><target_opt>media=original&amp;dir=$UD_PATH/clip&amp;filename=$OUT_SRC_FILE&amp;ext=$OUT_SRC_EXT</target_opt><type>SAN</type><source_root>P:/CMS</source_root><source_root_for_mac>Product_Main/CMS</source_root_for_mac><login_id></login_id><login_pw></login_pw><source></source><edius_file_path>PG2230143D/NPS_EDIT/clip/P2023112358642.mxf</edius_file_path></task_list_info></result></response>

10.160.215.59	[2023-11-23 12:04:16] REQUEST ===> Array
(
)

10.160.215.59	[2023-11-23 12:04:16] receive ===> {"user_id":"SUNGEUNK","type":"4000346","todas":false,"flag":"edius","metadata_type":"id","metadata":[{"4000288":"","4000289":"","4000292":"나만 믿고 따라와 도시어부 5","4000293":"13회","4000294":"","4778141":"15 세","4778261":"PG2230143D","4778262":"","4778263":"13","4778265":"","4778283":"","4778407":"A00013","k_content_id":"","k_ud_content_id":"4000346","k_title":"[마시후수정땜] 파트5 1","c_category_id":"5443849","k_datagrade":"","ext-comp-1038":"","k_storterm":"","ext-comp-1035":""}],"regist_type":""} 
10.160.215.59	[2023-11-23 12:04:16] decodeData ===> Array
(
    [user_id] => SUNGEUNK
    [type] => 4000346
    [todas] =>
    [flag] => edius
    [metadata_type] => id
    [metadata] => Array
        (
            [0] => Array
                (
                    [4000288] =>
                    [4000289] =>
                    [4000292] => 나만 믿고 따라와 도시어부 5
                    [4000293] => 13회
                    [4000294] =>
                    [4778141] => 15 세
                    [4778261] => PG2230143D
                    [4778262] =>
                    [4778263] => 13
                    [4778265] =>
                    [4778283] =>
                    [4778407] => A00013
                    [k_content_id] =>
                    [k_ud_content_id] => 4000346
                    [k_title] => [마시후수정땜] 파트5 1
                    [c_category_id] => 5443849
                    [k_datagrade] =>
                    [ext-comp-1038] =>
                    [k_storterm] =>
                    [ext-comp-1035] =>
                )

        )

    [regist_type] =>
)

10.160.215.59	[2023-11-23 12:04:17] return ===> <?xml version="1.0" encoding="UTF-8"?>
<response><result success="true" msg="ok" content_id="2417861" task_id="10875041"><success>true</success><msg>ok</msg><content_id>2417861</content_id><task_id>10875041</task_id><task_list_info><source_path_id>162</source_path_id><target_path_id>162</target_path_id><register>edius</register><parameter>"rename"</parameter><source_opt>null</source_opt><target_opt>media=original&amp;dir=$UD_PATH/clip&amp;filename=$OUT_SRC_FILE&amp;ext=$OUT_SRC_EXT</target_opt><type>SAN</type><source_root>P:/CMS</source_root><source_root_for_mac>Product_Main/CMS</source_root_for_mac><login_id></login_id><login_pw></login_pw><source></source><edius_file_path>PG2230143D/NPS_EDIT/clip/P2023112358643.mxf</edius_file_path></task_list_info></result></response>

10.160.215.59	[2023-11-23 12:09:24] REQUEST ===> Array
(
)

10.160.215.59	[2023-11-23 12:09:24] receive ===> {"user_id":"SUNGEUNK","type":"4000346","todas":false,"flag":"edius","metadata_type":"id","metadata":[{"4000288":"","4000289":"","4000292":"나만 믿고 따라와 도시어부 5","4000293":"13회","4000294":"","4778141":"15 세","4778261":"PG2230143D","4778262":"P2023112358643","4778263":"13","4778265":null,"4778283":"","4778407":"A00013","k_content_id":"","k_ud_content_id":"4000346","k_title":"[마시후수정땜] 파트5 2","c_category_id":"5443849","k_datagrade":"","ext-comp-1038":"","k_storterm":"","ext-comp-1035":""}],"regist_type":""} 
10.160.215.59	[2023-11-23 12:09:24] decodeData ===> Array
(
    [user_id] => SUNGEUNK
    [type] => 4000346
    [todas] =>
    [flag] => edius
    [metadata_type] => id
    [metadata] => Array
        (
            [0] => Array
                (
                    [4000288] =>
                    [4000289] =>
                    [4000292] => 나만 믿고 따라와 도시어부 5
                    [4000293] => 13회
                    [4000294] =>
                    [4778141] => 15 세
                    [4778261] => PG2230143D
                    [4778262] => P2023112358643
                    [4778263] => 13
                    [4778265] =>
                    [4778283] =>
                    [4778407] => A00013
                    [k_content_id] =>
                    [k_ud_content_id] => 4000346
                    [k_title] => [마시후수정땜] 파트5 2
                    [c_category_id] => 5443849
                    [k_datagrade] =>
                    [ext-comp-1038] =>
                    [k_storterm] =>
                    [ext-comp-1035] =>
                )

        )

    [regist_type] =>
)

10.160.215.59	[2023-11-23 12:09:24] return ===> <?xml version="1.0" encoding="UTF-8"?>
<response><result success="true" msg="ok" content_id="2417863" task_id="10875048"><success>true</success><msg>ok</msg><content_id>2417863</content_id><task_id>10875048</task_id><task_list_info><source_path_id>162</source_path_id><target_path_id>162</target_path_id><register>edius</register><parameter>"rename"</parameter><source_opt>null</source_opt><target_opt>media=original&amp;dir=$UD_PATH/clip&amp;filename=$OUT_SRC_FILE&amp;ext=$OUT_SRC_EXT</target_opt><type>SAN</type><source_root>P:/CMS</source_root><source_root_for_mac>Product_Main/CMS</source_root_for_mac><login_id></login_id><login_pw></login_pw><source></source><edius_file_path>PG2230143D/NPS_EDIT/clip/P2023112358644.mxf</edius_file_path></task_list_info></result></response>

10.160.215.59	[2023-11-23 12:12:39] REQUEST ===> Array
(
)

10.160.215.59	[2023-11-23 12:12:39] receive ===> {"user_id":"SUNGEUNK","type":"4000346","todas":false,"flag":"edius","metadata_type":"id","metadata":[{"4000288":"","4000289":"","4000292":"나만 믿고 따라와 도시어부 5","4000293":"13회","4000294":"","4778141":"15 세","4778261":"PG2230143D","4778262":"P2023112358644","4778263":"13","4778265":null,"4778283":"","4778407":"A00013","k_content_id":"","k_ud_content_id":"4000346","k_title":"[마시후수정땜] 파트5 3","c_category_id":"5443849","k_datagrade":"","ext-comp-1038":"","k_storterm":"","ext-comp-1035":""}],"regist_type":""} 
10.160.215.59	[2023-11-23 12:12:39] decodeData ===> Array
(
    [user_id] => SUNGEUNK
    [type] => 4000346
    [todas] =>
    [flag] => edius
    [metadata_type] => id
    [metadata] => Array
        (
            [0] => Array
                (
                    [4000288] =>
                    [4000289] =>
                    [4000292] => 나만 믿고 따라와 도시어부 5
                    [4000293] => 13회
                    [4000294] =>
                    [4778141] => 15 세
                    [4778261] => PG2230143D
                    [4778262] => P2023112358644
                    [4778263] => 13
                    [4778265] =>
                    [4778283] =>
                    [4778407] => A00013
                    [k_content_id] =>
                    [k_ud_content_id] => 4000346
                    [k_title] => [마시후수정땜] 파트5 3
                    [c_category_id] => 5443849
                    [k_datagrade] =>
                    [ext-comp-1038] =>
                    [k_storterm] =>
                    [ext-comp-1035] =>
                )

        )

    [regist_type] =>
)

10.160.215.59	[2023-11-23 12:12:39] return ===> <?xml version="1.0" encoding="UTF-8"?>
<response><result success="true" msg="ok" content_id="2417864" task_id="10875052"><success>true</success><msg>ok</msg><content_id>2417864</content_id><task_id>10875052</task_id><task_list_info><source_path_id>162</source_path_id><target_path_id>162</target_path_id><register>edius</register><parameter>"rename"</parameter><source_opt>null</source_opt><target_opt>media=original&amp;dir=$UD_PATH/clip&amp;filename=$OUT_SRC_FILE&amp;ext=$OUT_SRC_EXT</target_opt><type>SAN</type><source_root>P:/CMS</source_root><source_root_for_mac>Product_Main/CMS</source_root_for_mac><login_id></login_id><login_pw></login_pw><source></source><edius_file_path>PG2230143D/NPS_EDIT/clip/P2023112358645.mxf</edius_file_path></task_list_info></result></response>

10.160.215.59	[2023-11-23 12:24:11] REQUEST ===> Array
(
)

10.160.215.59	[2023-11-23 12:24:11] receive ===> {"user_id":"CA022051","type":"4000346","todas":false,"flag":"edius","metadata_type":"id","metadata":[{"4000288":"","4000289":"","4000292":"나만 믿고 따라와 도시어부 5","4000293":"13회","4000294":"","4778141":"15 세","4778261":"PG2230143D","4778262":"P2023112358615","4778263":"13","4778265":null,"4778283":"","4778407":"A00013","k_content_id":"","k_ud_content_id":"4000346","k_title":"[마시후 수정 마스터]E13_파트5","c_category_id":"5443849","k_datagrade":"","ext-comp-1038":"","k_storterm":"","ext-comp-1035":""}],"regist_type":""} 
10.160.215.59	[2023-11-23 12:24:11] decodeData ===> Array
(
    [user_id] => CA022051
    [type] => 4000346
    [todas] =>
    [flag] => edius
    [metadata_type] => id
    [metadata] => Array
        (
            [0] => Array
                (
                    [4000288] =>
                    [4000289] =>
                    [4000292] => 나만 믿고 따라와 도시어부 5
                    [4000293] => 13회
                    [4000294] =>
                    [4778141] => 15 세
                    [4778261] => PG2230143D
                    [4778262] => P2023112358615
                    [4778263] => 13
                    [4778265] =>
                    [4778283] =>
                    [4778407] => A00013
                    [k_content_id] =>
                    [k_ud_content_id] => 4000346
                    [k_title] => [마시후 수정 마스터]E13_파트5
                    [c_category_id] => 5443849
                    [k_datagrade] =>
                    [ext-comp-1038] =>
                    [k_storterm] =>
                    [ext-comp-1035] =>
                )

        )

    [regist_type] =>
)

10.160.215.59	[2023-11-23 12:24:11] return ===> <?xml version="1.0" encoding="UTF-8"?>
<response><result success="true" msg="ok" content_id="2417871" task_id="10875076"><success>true</success><msg>ok</msg><content_id>2417871</content_id><task_id>10875076</task_id><task_list_info><source_path_id>162</source_path_id><target_path_id>162</target_path_id><register>edius</register><parameter>"rename"</parameter><source_opt>null</source_opt><target_opt>media=original&amp;dir=$UD_PATH/clip&amp;filename=$OUT_SRC_FILE&amp;ext=$OUT_SRC_EXT</target_opt><type>SAN</type><source_root>P:/CMS</source_root><source_root_for_mac>Product_Main/CMS</source_root_for_mac><login_id></login_id><login_pw></login_pw><source></source><edius_file_path>PG2230143D/NPS_EDIT/clip/P2023112358651.mxf</edius_file_path></task_list_info></result></response>

10.160.215.55	[2023-11-23 12:25:34] REQUEST ===> Array
(
)

10.160.215.55	[2023-11-23 12:25:34] receive ===> {"user_id":"SUNGEUNK","type":"4000346","todas":false,"flag":"edius","metadata_type":"id","metadata":[{"4000288":"","4000289":"","4000292":"나만 믿고 따라와 도시어부 5","4000293":"13회","4000294":"","4778141":"15 세","4778261":"PG2230143D","4778262":"","4778263":"13","4778265":"","4778283":"","4778407":"A00013","k_content_id":"","k_ud_content_id":"4000346","k_title":"[마시후수정땜] 파트4 ","c_category_id":"5443849","k_datagrade":"","ext-comp-1038":"","k_storterm":"","ext-comp-1035":""}],"regist_type":""} 
10.160.215.55	[2023-11-23 12:25:34] decodeData ===> Array
(
    [user_id] => SUNGEUNK
    [type] => 4000346
    [todas] =>
    [flag] => edius
    [metadata_type] => id
    [metadata] => Array
        (
            [0] => Array
                (
                    [4000288] =>
                    [4000289] =>
                    [4000292] => 나만 믿고 따라와 도시어부 5
                    [4000293] => 13회
                    [4000294] =>
                    [4778141] => 15 세
                    [4778261] => PG2230143D
                    [4778262] =>
                    [4778263] => 13
                    [4778265] =>
                    [4778283] =>
                    [4778407] => A00013
                    [k_content_id] =>
                    [k_ud_content_id] => 4000346
                    [k_title] => [마시후수정땜] 파트4
                    [c_category_id] => 5443849
                    [k_datagrade] =>
                    [ext-comp-1038] =>
                    [k_storterm] =>
                    [ext-comp-1035] =>
                )

        )

    [regist_type] =>
)

10.160.215.55	[2023-11-23 12:25:34] return ===> <?xml version="1.0" encoding="UTF-8"?>
<response><result success="true" msg="ok" content_id="2417873" task_id="10875079"><success>true</success><msg>ok</msg><content_id>2417873</content_id><task_id>10875079</task_id><task_list_info><source_path_id>162</source_path_id><target_path_id>162</target_path_id><register>edius</register><parameter>"rename"</parameter><source_opt>null</source_opt><target_opt>media=original&amp;dir=$UD_PATH/clip&amp;filename=$OUT_SRC_FILE&amp;ext=$OUT_SRC_EXT</target_opt><type>SAN</type><source_root>P:/CMS</source_root><source_root_for_mac>Product_Main/CMS</source_root_for_mac><login_id></login_id><login_pw></login_pw><source></source><edius_file_path>PG2230143D/NPS_EDIT/clip/P2023112358652.mxf</edius_file_path></task_list_info></result></response>

10.160.212.11	[2023-11-23 12:39:45] REQUEST ===> Array
(
)

10.160.212.11	[2023-11-23 12:39:45] receive ===> {"user_id":"CM016016","type":"4000346","todas":false,"flag":"edius","metadata_type":"id","metadata":[{"4000288":"","4000289":"","4000292":"나만 믿고 따라와 도시어부 5","4000293":"13회","4000294":"","4778141":"15 세","4778261":"PG2230143D","4778262":"P2023112358630","4778263":"13","4778265":null,"4778283":"","4778407":"A00013","k_content_id":"","k_ud_content_id":"4000346","k_title":"(최종믹싱용)_도시어부5_13회","c_category_id":"5443849","k_datagrade":"","ext-comp-1038":"","k_storterm":"","ext-comp-1035":""}],"regist_type":""} 
10.160.212.11	[2023-11-23 12:39:45] decodeData ===> Array
(
    [user_id] => CM016016
    [type] => 4000346
    [todas] =>
    [flag] => edius
    [metadata_type] => id
    [metadata] => Array
        (
            [0] => Array
                (
                    [4000288] =>
                    [4000289] =>
                    [4000292] => 나만 믿고 따라와 도시어부 5
                    [4000293] => 13회
                    [4000294] =>
                    [4778141] => 15 세
                    [4778261] => PG2230143D
                    [4778262] => P2023112358630
                    [4778263] => 13
                    [4778265] =>
                    [4778283] =>
                    [4778407] => A00013
                    [k_content_id] =>
                    [k_ud_content_id] => 4000346
                    [k_title] => (최종믹싱용)_도시어부5_13회
                    [c_category_id] => 5443849
                    [k_datagrade] =>
                    [ext-comp-1038] =>
                    [k_storterm] =>
                    [ext-comp-1035] =>
                )

        )

    [regist_type] =>
)

10.160.212.11	[2023-11-23 12:39:46] return ===> <?xml version="1.0" encoding="UTF-8"?>
<response><result success="true" msg="ok" content_id="2417880" task_id="10875106"><success>true</success><msg>ok</msg><content_id>2417880</content_id><task_id>10875106</task_id><task_list_info><source_path_id>162</source_path_id><target_path_id>162</target_path_id><register>edius</register><parameter>"rename"</parameter><source_opt>null</source_opt><target_opt>media=original&amp;dir=$UD_PATH/clip&amp;filename=$OUT_SRC_FILE&amp;ext=$OUT_SRC_EXT</target_opt><type>SAN</type><source_root>P:/CMS</source_root><source_root_for_mac>Product_Main/CMS</source_root_for_mac><login_id></login_id><login_pw></login_pw><source></source><edius_file_path>PG2230143D/NPS_EDIT/clip/P2023112358658.mxf</edius_file_path></task_list_info></result></response>

10.160.211.211	[2023-11-23 13:00:04] REQUEST ===> Array
(
)

10.160.211.211	[2023-11-23 13:00:04] receive ===> %7B%22user_id%22%3A%22BNC21011%22%2C%22flag%22%3A%22reg_davinchi_ftp%22%2C%22metadata_type%22%3A%22id%22%2C%22metadata%22%3A%5B%7B%224000288%22%3A%22%22%2C%224000289%22%3A%22%22%2C%224000292%22%3A%22%EB%82%A8%EA%B3%BC%EC%97%AC%22%2C%224000293%22%3A%221%22%2C%224000294%22%3A%22%22%2C%224778141%22%3A%2215+%EC%84%B8%22%2C%224778261%22%3A%22PG2230206D%22%2C%224778262%22%3A%22%22%2C%224778263%22%3A%221%22%2C%224778265%22%3A%22%22%2C%224778283%22%3A%22%22%2C%224778407%22%3A%22A00001%22%2C%22k_content_id%22%3A%22%22%2C%22k_ud_content_id%22%3A%224000346%22%2C%22k_title%22%3A%22%28%EC%9D%BC%EB%B3%B8%ED%8C%90%EB%A7%A4%EC%9A%A9MOV%29+%EB%82%A8%EA%B3%BC%EC%97%AC+1%ED%9A%8C+%5B%EB%B3%B8%ED%8E%B8%5D_%ED%81%B4%EB%A6%B0%22%2C%22c_category_id%22%3A%225443840%22%2C%22k_datagrade%22%3A%22%22%2C%22ext-comp-1038%22%3A%22%22%2C%22k_storterm%22%3A%22%22%2C%22ext-comp-1035%22%3A%22%22%7D%5D%2C%22regist_type%22%3A%22meta%22%2C%22original_filename%22%3A%22P2023112258344_EP01_CLEAN.mov%22%7D
10.160.211.211	[2023-11-23 13:00:04] decodeData ===> Array
(
    [user_id] => BNC21011
    [flag] => reg_davinchi_ftp
    [metadata_type] => id
    [metadata] => Array
        (
            [0] => Array
                (
                    [4000288] =>
                    [4000289] =>
                    [4000292] => 남과여
                    [4000293] => 1
                    [4000294] =>
                    [4778141] => 15 세
                    [4778261] => PG2230206D
                    [4778262] =>
                    [4778263] => 1
                    [4778265] =>
                    [4778283] =>
                    [4778407] => A00001
                    [k_content_id] =>
                    [k_ud_content_id] => 4000346
                    [k_title] => (일본판매용MOV) 남과여 1회 [본편]_클린
                    [c_category_id] => 5443840
                    [k_datagrade] =>
                    [ext-comp-1038] =>
                    [k_storterm] =>
                    [ext-comp-1035] =>
                )

        )

    [regist_type] => meta
    [original_filename] => P2023112258344_EP01_CLEAN.mov
)

10.160.211.211	[2023-11-23 13:00:04] return ===> <?xml version="1.0" encoding="UTF-8"?>
<response><result success="true" msg="ok" content_id="2417885" task_id=""><success>true</success><msg>ok</msg><content_id>2417885</content_id><task_id/><task_list_info><type>FTP</type><source_root>10.160.77.12:21</source_root><source_root_for_mac></source_root_for_mac><login_id>chaadmin@ddmc.com</login_id><login_pw>ddmcad09)(</login_pw><source_opt>dir=$UD_PATH/clip&amp;filename=$CONTENT_ID&amp;ext=$OUT_SRC_EXT</source_opt><source>PG2230206D/NPS_EDIT/clip</source><edius_file_path/></task_list_info></result></response>

10.160.211.11	[2023-11-23 13:04:08] REQUEST ===> Array
(
)

10.160.211.11	[2023-11-23 13:04:08] receive ===> %7B%22user_id%22%3A%22BNC19004%22%2C%22flag%22%3A%22reg_davinchi_ftp%22%2C%22metadata_type%22%3A%22id%22%2C%22metadata%22%3A%5B%7B%224000288%22%3A%22%22%2C%224000289%22%3A%22%22%2C%224000292%22%3A%22%EC%9A%94%EC%A6%98+%EC%9C%A1%EC%95%84+%EA%B8%88%EC%AA%BD%EA%B0%99%EC%9D%80+%EB%82%B4%EC%83%88%EB%81%BC%22%2C%224000293%22%3A%22%EC%9A%94%EC%A6%98+%EC%9C%A1%EC%95%84+%EA%B8%88%EC%AA%BD%EA%B0%99%EC%9D%80+%EB%82%B4%EC%83%88%EB%81%BC%22%2C%224000294%22%3A%22%22%2C%224778141%22%3A%2212+%EC%84%B8%22%2C%224778261%22%3A%22PG2200051D%22%2C%224778262%22%3A%22%22%2C%224778263%22%3A%22190%22%2C%224778265%22%3A%22%22%2C%224778283%22%3A%22%22%2C%224778407%22%3A%22A00190%22%2C%22k_content_id%22%3A%22%22%2C%22k_ud_content_id%22%3A%224000346%22%2C%22k_title%22%3A%22test2%22%2C%22c_category_id%22%3A%225438886%22%2C%22k_datagrade%22%3A%22%22%2C%22ext-comp-1038%22%3A%22%22%2C%22k_storterm%22%3A%22%22%2C%22ext-comp-1035%22%3A%22%22%7D%5D%2C%22regist_type%22%3A%22meta%22%2C%22original_filename%22%3A%2219%E1%84%92%E1%85%AC+%E1%84%8C%E1%85%A9%E1%86%BC%E1%84%91%E1%85%A7%E1%86%AB%E1%84%89%E1%85%A9%E1%84%89%E1%85%B3_CC.mxf%22%7D
10.160.211.11	[2023-11-23 13:04:08] decodeData ===> Array
(
    [user_id] => BNC19004
    [flag] => reg_davinchi_ftp
    [metadata_type] => id
    [metadata] => Array
        (
            [0] => Array
                (
                    [4000288] =>
                    [4000289] =>
                    [4000292] => 요즘 육아 금쪽같은 내새끼
                    [4000293] => 요즘 육아 금쪽같은 내새끼
                    [4000294] =>
                    [4778141] => 12 세
                    [4778261] => PG2200051D
                    [4778262] =>
                    [4778263] => 190
                    [4778265] =>
                    [4778283] =>
                    [4778407] => A00190
                    [k_content_id] =>
                    [k_ud_content_id] => 4000346
                    [k_title] => test2
                    [c_category_id] => 5438886
                    [k_datagrade] =>
                    [ext-comp-1038] =>
                    [k_storterm] =>
                    [ext-comp-1035] =>
                )

        )

    [regist_type] => meta
    [original_filename] => 19회 종편소스_CC.mxf
)

10.160.211.11	[2023-11-23 13:04:08] return ===> <?xml version="1.0" encoding="UTF-8"?>
<response><result success="true" msg="ok" content_id="2417888" task_id=""><success>true</success><msg>ok</msg><content_id>2417888</content_id><task_id/><task_list_info><type>FTP</type><source_root>10.160.77.12:2021</source_root><source_root_for_mac></source_root_for_mac><login_id>chaadmin@ddmc.com</login_id><login_pw>ddmcad09)(</login_pw><source_opt>dir=$UD_PATH/clip&amp;filename=$CONTENT_ID&amp;ext=$OUT_SRC_EXT</source_opt><source>PG2200051D/NPS_EDIT/clip</source><edius_file_path/></task_list_info></result></response>

10.160.211.11	[2023-11-23 13:09:19] REQUEST ===> Array
(
)

10.160.211.11	[2023-11-23 13:09:19] receive ===> %7B%22user_id%22%3A%22BNC19004%22%2C%22flag%22%3A%22reg_davinchi_ftp%22%2C%22metadata_type%22%3A%22id%22%2C%22metadata%22%3A%5B%7B%224000288%22%3A%22%22%2C%224000289%22%3A%22%22%2C%224000292%22%3A%22%EC%9A%94%EC%A6%98+%EC%9C%A1%EC%95%84+%EA%B8%88%EC%AA%BD%EA%B0%99%EC%9D%80+%EB%82%B4%EC%83%88%EB%81%BC%22%2C%224000293%22%3A%22%EC%9A%94%EC%A6%98+%EC%9C%A1%EC%95%84+%EA%B8%88%EC%AA%BD%EA%B0%99%EC%9D%80+%EB%82%B4%EC%83%88%EB%81%BC%22%2C%224000294%22%3A%22%22%2C%224778141%22%3A%2212+%EC%84%B8%22%2C%224778261%22%3A%22PG2200051D%22%2C%224778262%22%3A%22%22%2C%224778263%22%3A%22190%22%2C%224778265%22%3A%22%22%2C%224778283%22%3A%22%22%2C%224778407%22%3A%22A00190%22%2C%22k_content_id%22%3A%22%22%2C%22k_ud_content_id%22%3A%224000346%22%2C%22k_title%22%3A%22test2%22%2C%22c_category_id%22%3A%225438886%22%2C%22k_datagrade%22%3A%22%22%2C%22ext-comp-1038%22%3A%22%22%2C%22k_storterm%22%3A%22%22%2C%22ext-comp-1035%22%3A%22%22%7D%5D%2C%22regist_type%22%3A%22task%22%2C%22content_id%22%3A%222417888%22%2C%22original_filename%22%3A%2219%E1%84%92%E1%85%AC+%E1%84%8C%E1%85%A9%E1%86%BC%E1%84%91%E1%85%A7%E1%86%AB%E1%84%89%E1%85%A9%E1%84%89%E1%85%B3_CC.mxf%22%2C%22IsFileNameToTitle%22%3A%220%22%7D
10.160.211.11	[2023-11-23 13:09:19] decodeData ===> Array
(
    [user_id] => BNC19004
    [flag] => reg_davinchi_ftp
    [metadata_type] => id
    [metadata] => Array
        (
            [0] => Array
                (
                    [4000288] =>
                    [4000289] =>
                    [4000292] => 요즘 육아 금쪽같은 내새끼
                    [4000293] => 요즘 육아 금쪽같은 내새끼
                    [4000294] =>
                    [4778141] => 12 세
                    [4778261] => PG2200051D
                    [4778262] =>
                    [4778263] => 190
                    [4778265] =>
                    [4778283] =>
                    [4778407] => A00190
                    [k_content_id] =>
                    [k_ud_content_id] => 4000346
                    [k_title] => test2
                    [c_category_id] => 5438886
                    [k_datagrade] =>
                    [ext-comp-1038] =>
                    [k_storterm] =>
                    [ext-comp-1035] =>
                )

        )

    [regist_type] => task
    [content_id] => 2417888
    [original_filename] => 19회 종편소스_CC.mxf
    [IsFileNameToTitle] => 0
)

10.160.211.11	[2023-11-23 13:09:19] return ===> <?xml version="1.0" encoding="UTF-8"?>
<response><result success="true" msg="ok" content_id="2417888" task_id="10875144"><success>true</success><msg>ok</msg><content_id>2417888</content_id><task_id>10875144</task_id><task_list_info><edius_file_path>PG2200051D/NPS_EDIT/clip/P2023112358666.mxf</edius_file_path></task_list_info></result></response>

10.160.214.15	[2023-11-23 13:15:48] REQUEST ===> Array
(
)

10.160.214.15	[2023-11-23 13:15:48] receive ===> {"user_id":"CAS80107","type":"4000346","todas":false,"flag":"edius","metadata_type":"id","metadata":[{"4000288":"","4000289":"","4000292":"강철부대3","4000293":"강철부대3 12회","4000294":"","4778141":"15 세","4778261":"PG2230062D","4778262":"","4778263":"12","4778265":"","4778283":"","4778407":"A00012","k_content_id":"","k_ud_content_id":"4000346","k_title":"[ST/클린] 12허; VCR03","c_category_id":"5443232","k_datagrade":"","ext-comp-1038":"","k_storterm":"","ext-comp-1035":""}],"regist_type":""} 
10.160.214.15	[2023-11-23 13:15:48] decodeData ===> Array
(
    [user_id] => CAS80107
    [type] => 4000346
    [todas] =>
    [flag] => edius
    [metadata_type] => id
    [metadata] => Array
        (
            [0] => Array
                (
                    [4000288] =>
                    [4000289] =>
                    [4000292] => 강철부대3
                    [4000293] => 강철부대3 12회
                    [4000294] =>
                    [4778141] => 15 세
                    [4778261] => PG2230062D
                    [4778262] =>
                    [4778263] => 12
                    [4778265] =>
                    [4778283] =>
                    [4778407] => A00012
                    [k_content_id] =>
                    [k_ud_content_id] => 4000346
                    [k_title] => [ST/클린] 12허; VCR03
                    [c_category_id] => 5443232
                    [k_datagrade] =>
                    [ext-comp-1038] =>
                    [k_storterm] =>
                    [ext-comp-1035] =>
                )

        )

    [regist_type] =>
)

10.160.214.15	[2023-11-23 13:15:48] return ===> <?xml version="1.0" encoding="UTF-8"?>
<response><result success="true" msg="ok" content_id="2417896" task_id="10875153"><success>true</success><msg>ok</msg><content_id>2417896</content_id><task_id>10875153</task_id><task_list_info><source_path_id>162</source_path_id><target_path_id>162</target_path_id><register>edius</register><parameter>"rename"</parameter><source_opt>null</source_opt><target_opt>media=original&amp;dir=$UD_PATH/clip&amp;filename=$OUT_SRC_FILE&amp;ext=$OUT_SRC_EXT</target_opt><type>SAN</type><source_root>P:/CMS</source_root><source_root_for_mac>Product_Main/CMS</source_root_for_mac><login_id></login_id><login_pw></login_pw><source></source><edius_file_path>PG2230062D/NPS_EDIT/clip/P2023112358672.mxf</edius_file_path></task_list_info></result></response>

10.160.210.30	[2023-11-23 13:57:24] REQUEST ===> Array
(
)

10.160.210.30	[2023-11-23 13:57:24] receive ===> {"user_id":"CM014167","type":"4000365","todas":false,"flag":"edius","metadata_type":"id","metadata":[{"4000288":"","4000289":"","4000292":"주치의 배송 서비스 가족을 부탁해","4000293":"자료없음","4000294":"","4778141":"모든연령","4778261":"PG2230136D","4778262":"P2023112358649","4778263":"21","4778265":"003","4778283":"","4778407":"A00021","k_content_id":"","k_ud_content_id":"4000365","k_title":"(메인1/2)_가족을 부탁해_21회 (재) [60분 편성]_[시간고지X]","c_category_id":"5443605","k_datagrade":"","ext-comp-1073":"","k_storterm":"","ext-comp-1070":""}],"regist_type":""} 
10.160.210.30	[2023-11-23 13:57:24] decodeData ===> Array
(
    [user_id] => CM014167
    [type] => 4000365
    [todas] =>
    [flag] => edius
    [metadata_type] => id
    [metadata] => Array
        (
            [0] => Array
                (
                    [4000288] =>
                    [4000289] =>
                    [4000292] => 주치의 배송 서비스 가족을 부탁해
                    [4000293] => 자료없음
                    [4000294] =>
                    [4778141] => 모든연령
                    [4778261] => PG2230136D
                    [4778262] => P2023112358649
                    [4778263] => 21
                    [4778265] => 003
                    [4778283] =>
                    [4778407] => A00021
                    [k_content_id] =>
                    [k_ud_content_id] => 4000365
                    [k_title] => (메인1/2)_가족을 부탁해_21회 (재) [60분 편성]_[시간고지X]
                    [c_category_id] => 5443605
                    [k_datagrade] =>
                    [ext-comp-1073] =>
                    [k_storterm] =>
                    [ext-comp-1070] =>
                )

        )

    [regist_type] =>
)

10.160.210.30	[2023-11-23 13:57:24] return ===> <?xml version="1.0" encoding="UTF-8"?>
<response><result success="true" msg="ok" content_id="2417923" task_id="10875233"><success>true</success><msg>ok</msg><content_id>2417923</content_id><task_id>10875233</task_id><task_list_info><source_path_id>83</source_path_id><target_path_id>83</target_path_id><register>edius</register><parameter>"rename"</parameter><source_opt>null</source_opt><target_opt>media=original&amp;dir=$UD_PATH/clip&amp;filename=$OUT_SRC_FILE&amp;ext=$OUT_SRC_EXT</target_opt><type>SAN</type><source_root>I:/CMS</source_root><source_root_for_mac>Product_Main/CMS</source_root_for_mac><login_id></login_id><login_pw></login_pw><source></source><edius_file_path>PG2230136D/NPS_MASTER/clip/P2023112358682.mxf</edius_file_path></task_list_info></result></response>

10.160.210.30	[2023-11-23 14:04:18] REQUEST ===> Array
(
)

10.160.210.30	[2023-11-23 14:04:18] receive ===> {"user_id":"CM014167","type":"4000365","todas":false,"flag":"edius","metadata_type":"id","metadata":[{"4000288":"","4000289":"","4000292":"주치의 배송 서비스 가족을 부탁해","4000293":"자료없음","4000294":"","4778141":"모든연령","4778261":"PG2230136D","4778262":"P2023112358682","4778263":"21","4778265":"003","4778283":"","4778407":"A00021","k_content_id":"","k_ud_content_id":"4000365","k_title":"(메인1/2)_가족을 부탁해_21회 (본) [60분 편성]_[본방송]","c_category_id":"5443605","k_datagrade":"","ext-comp-1073":"","k_storterm":"","ext-comp-1070":""}],"regist_type":""} 
10.160.210.30	[2023-11-23 14:04:18] decodeData ===> Array
(
    [user_id] => CM014167
    [type] => 4000365
    [todas] =>
    [flag] => edius
    [metadata_type] => id
    [metadata] => Array
        (
            [0] => Array
                (
                    [4000288] =>
                    [4000289] =>
                    [4000292] => 주치의 배송 서비스 가족을 부탁해
                    [4000293] => 자료없음
                    [4000294] =>
                    [4778141] => 모든연령
                    [4778261] => PG2230136D
                    [4778262] => P2023112358682
                    [4778263] => 21
                    [4778265] => 003
                    [4778283] =>
                    [4778407] => A00021
                    [k_content_id] =>
                    [k_ud_content_id] => 4000365
                    [k_title] => (메인1/2)_가족을 부탁해_21회 (본) [60분 편성]_[본방송]
                    [c_category_id] => 5443605
                    [k_datagrade] =>
                    [ext-comp-1073] =>
                    [k_storterm] =>
                    [ext-comp-1070] =>
                )

        )

    [regist_type] =>
)

10.160.210.30	[2023-11-23 14:04:19] return ===> <?xml version="1.0" encoding="UTF-8"?>
<response><result success="true" msg="ok" content_id="2417929" task_id="10875432"><success>true</success><msg>ok</msg><content_id>2417929</content_id><task_id>10875432</task_id><task_list_info><source_path_id>83</source_path_id><target_path_id>83</target_path_id><register>edius</register><parameter>"rename"</parameter><source_opt>null</source_opt><target_opt>media=original&amp;dir=$UD_PATH/clip&amp;filename=$OUT_SRC_FILE&amp;ext=$OUT_SRC_EXT</target_opt><type>SAN</type><source_root>I:/CMS</source_root><source_root_for_mac>Product_Main/CMS</source_root_for_mac><login_id></login_id><login_pw></login_pw><source></source><edius_file_path>PG2230136D/NPS_MASTER/clip/P2023112358683.mxf</edius_file_path></task_list_info></result></response>

10.160.210.30	[2023-11-23 14:11:53] REQUEST ===> Array
(
)

10.160.210.30	[2023-11-23 14:11:53] receive ===> {"user_id":"CM014167","type":"4000365","todas":false,"flag":"edius","metadata_type":"id","metadata":[{"4000288":"","4000289":"","4000292":"주치의 배송 서비스 가족을 부탁해","4000293":"자료없음","4000294":"","4778141":"모든연령","4778261":"PG2230136D","4778262":"P2023112358683","4778263":"21","4778265":"003","4778283":"","4778407":"A00021","k_content_id":"","k_ud_content_id":"4000365","k_title":"(메인1/2)_가족을 부탁해_21회 (재) [60분 편성]_[시간고지O]","c_category_id":"5443605","k_datagrade":"","ext-comp-1073":"","k_storterm":"","ext-comp-1070":""}],"regist_type":""} 
10.160.210.30	[2023-11-23 14:11:53] decodeData ===> Array
(
    [user_id] => CM014167
    [type] => 4000365
    [todas] =>
    [flag] => edius
    [metadata_type] => id
    [metadata] => Array
        (
            [0] => Array
                (
                    [4000288] =>
                    [4000289] =>
                    [4000292] => 주치의 배송 서비스 가족을 부탁해
                    [4000293] => 자료없음
                    [4000294] =>
                    [4778141] => 모든연령
                    [4778261] => PG2230136D
                    [4778262] => P2023112358683
                    [4778263] => 21
                    [4778265] => 003
                    [4778283] =>
                    [4778407] => A00021
                    [k_content_id] =>
                    [k_ud_content_id] => 4000365
                    [k_title] => (메인1/2)_가족을 부탁해_21회 (재) [60분 편성]_[시간고지O]
                    [c_category_id] => 5443605
                    [k_datagrade] =>
                    [ext-comp-1073] =>
                    [k_storterm] =>
                    [ext-comp-1070] =>
                )

        )

    [regist_type] =>
)

10.160.210.30	[2023-11-23 14:11:53] return ===> <?xml version="1.0" encoding="UTF-8"?>
<response><result success="true" msg="ok" content_id="2417931" task_id="10875700"><success>true</success><msg>ok</msg><content_id>2417931</content_id><task_id>10875700</task_id><task_list_info><source_path_id>83</source_path_id><target_path_id>83</target_path_id><register>edius</register><parameter>"rename"</parameter><source_opt>null</source_opt><target_opt>media=original&amp;dir=$UD_PATH/clip&amp;filename=$OUT_SRC_FILE&amp;ext=$OUT_SRC_EXT</target_opt><type>SAN</type><source_root>I:/CMS</source_root><source_root_for_mac>Product_Main/CMS</source_root_for_mac><login_id></login_id><login_pw></login_pw><source></source><edius_file_path>PG2230136D/NPS_MASTER/clip/P2023112358685.mxf</edius_file_path></task_list_info></result></response>

10.160.210.80	[2023-11-23 14:17:12] REQUEST ===> Array
(
)

10.160.210.80	[2023-11-23 14:17:12] receive ===> {"user_id":"CA022069","type":"4000346","todas":false,"flag":"edius","metadata_type":"id","metadata":[{"4000288":"","4000289":"","4000292":"강철부대3","4000293":"강철부대3 10회","4000294":"","4778141":"15 세","4778261":"PG2230062D","4778262":"P2023112358633","4778263":"10","4778265":null,"4778283":"","4778407":"A00010","k_content_id":"","k_ud_content_id":"4000346","k_title":"[최종]강철부대 10회 비하인드","c_category_id":"5443232","k_datagrade":"","ext-comp-1038":"","k_storterm":"","ext-comp-1035":""}],"regist_type":""} 
10.160.210.80	[2023-11-23 14:17:12] decodeData ===> Array
(
    [user_id] => CA022069
    [type] => 4000346
    [todas] =>
    [flag] => edius
    [metadata_type] => id
    [metadata] => Array
        (
            [0] => Array
                (
                    [4000288] =>
                    [4000289] =>
                    [4000292] => 강철부대3
                    [4000293] => 강철부대3 10회
                    [4000294] =>
                    [4778141] => 15 세
                    [4778261] => PG2230062D
                    [4778262] => P2023112358633
                    [4778263] => 10
                    [4778265] =>
                    [4778283] =>
                    [4778407] => A00010
                    [k_content_id] =>
                    [k_ud_content_id] => 4000346
                    [k_title] => [최종]강철부대 10회 비하인드
                    [c_category_id] => 5443232
                    [k_datagrade] =>
                    [ext-comp-1038] =>
                    [k_storterm] =>
                    [ext-comp-1035] =>
                )

        )

    [regist_type] =>
)

10.160.210.80	[2023-11-23 14:17:12] return ===> <?xml version="1.0" encoding="UTF-8"?>
<response><result success="true" msg="ok" content_id="2417933" task_id="10875704"><success>true</success><msg>ok</msg><content_id>2417933</content_id><task_id>10875704</task_id><task_list_info><source_path_id>162</source_path_id><target_path_id>162</target_path_id><register>edius</register><parameter>"rename"</parameter><source_opt>null</source_opt><target_opt>media=original&amp;dir=$UD_PATH/clip&amp;filename=$OUT_SRC_FILE&amp;ext=$OUT_SRC_EXT</target_opt><type>SAN</type><source_root>P:/CMS</source_root><source_root_for_mac>Product_Main/CMS</source_root_for_mac><login_id></login_id><login_pw></login_pw><source></source><edius_file_path>PG2230062D/NPS_EDIT/clip/P2023112358687.mxf</edius_file_path></task_list_info></result></response>

10.160.210.30	[2023-11-23 14:19:19] REQUEST ===> Array
(
)

10.160.210.30	[2023-11-23 14:19:19] receive ===> {"user_id":"CM014167","type":"4000365","todas":false,"flag":"edius","metadata_type":"id","metadata":[{"4000288":"","4000289":"","4000292":"주치의 배송 서비스 가족을 부탁해","4000293":"자료없음","4000294":"","4778141":"모든연령","4778261":"PG2230136D","4778262":"P2023112358685","4778263":"21","4778265":"003","4778283":"","4778407":"A00021","k_content_id":"","k_ud_content_id":"4000365","k_title":"(메인2/2)_가족을 부탁해_21회 (재) [60분 편성]_[시간고지X]","c_category_id":"5443605","k_datagrade":"","ext-comp-1073":"","k_storterm":"","ext-comp-1070":""}],"regist_type":""} 
10.160.210.30	[2023-11-23 14:19:19] decodeData ===> Array
(
    [user_id] => CM014167
    [type] => 4000365
    [todas] =>
    [flag] => edius
    [metadata_type] => id
    [metadata] => Array
        (
            [0] => Array
                (
                    [4000288] =>
                    [4000289] =>
                    [4000292] => 주치의 배송 서비스 가족을 부탁해
                    [4000293] => 자료없음
                    [4000294] =>
                    [4778141] => 모든연령
                    [4778261] => PG2230136D
                    [4778262] => P2023112358685
                    [4778263] => 21
                    [4778265] => 003
                    [4778283] =>
                    [4778407] => A00021
                    [k_content_id] =>
                    [k_ud_content_id] => 4000365
                    [k_title] => (메인2/2)_가족을 부탁해_21회 (재) [60분 편성]_[시간고지X]
                    [c_category_id] => 5443605
                    [k_datagrade] =>
                    [ext-comp-1073] =>
                    [k_storterm] =>
                    [ext-comp-1070] =>
                )

        )

    [regist_type] =>
)

10.160.210.30	[2023-11-23 14:19:19] return ===> <?xml version="1.0" encoding="UTF-8"?>
<response><result success="true" msg="ok" content_id="2417934" task_id="10875712"><success>true</success><msg>ok</msg><content_id>2417934</content_id><task_id>10875712</task_id><task_list_info><source_path_id>83</source_path_id><target_path_id>83</target_path_id><register>edius</register><parameter>"rename"</parameter><source_opt>null</source_opt><target_opt>media=original&amp;dir=$UD_PATH/clip&amp;filename=$OUT_SRC_FILE&amp;ext=$OUT_SRC_EXT</target_opt><type>SAN</type><source_root>I:/CMS</source_root><source_root_for_mac>Product_Main/CMS</source_root_for_mac><login_id></login_id><login_pw></login_pw><source></source><edius_file_path>PG2230136D/NPS_MASTER/clip/P2023112358688.mxf</edius_file_path></task_list_info></result></response>

10.160.210.30	[2023-11-23 14:20:34] REQUEST ===> Array
(
)

10.160.210.30	[2023-11-23 14:20:34] receive ===> {"user_id":"CM014167","type":"4000365","todas":false,"flag":"edius","metadata_type":"id","metadata":[{"4000288":"","4000289":"","4000292":"주치의 배송 서비스 가족을 부탁해","4000293":"자료없음","4000294":"","4778141":"모든연령","4778261":"PG2230136D","4778262":"P2023112358688","4778263":"21","4778265":"003","4778283":"","4778407":"A00021","k_content_id":"","k_ud_content_id":"4000365","k_title":"(메인2/2)_가족을 부탁해_21회 (재) [60분 편성]_[시간고지O]","c_category_id":"5443605","k_datagrade":"","ext-comp-1073":"","k_storterm":"","ext-comp-1070":""}],"regist_type":""} 
10.160.210.30	[2023-11-23 14:20:34] decodeData ===> Array
(
    [user_id] => CM014167
    [type] => 4000365
    [todas] =>
    [flag] => edius
    [metadata_type] => id
    [metadata] => Array
        (
            [0] => Array
                (
                    [4000288] =>
                    [4000289] =>
                    [4000292] => 주치의 배송 서비스 가족을 부탁해
                    [4000293] => 자료없음
                    [4000294] =>
                    [4778141] => 모든연령
                    [4778261] => PG2230136D
                    [4778262] => P2023112358688
                    [4778263] => 21
                    [4778265] => 003
                    [4778283] =>
                    [4778407] => A00021
                    [k_content_id] =>
                    [k_ud_content_id] => 4000365
                    [k_title] => (메인2/2)_가족을 부탁해_21회 (재) [60분 편성]_[시간고지O]
                    [c_category_id] => 5443605
                    [k_datagrade] =>
                    [ext-comp-1073] =>
                    [k_storterm] =>
                    [ext-comp-1070] =>
                )

        )

    [regist_type] =>
)

10.160.210.30	[2023-11-23 14:20:34] return ===> <?xml version="1.0" encoding="UTF-8"?>
<response><result success="true" msg="ok" content_id="2417935" task_id="10875719"><success>true</success><msg>ok</msg><content_id>2417935</content_id><task_id>10875719</task_id><task_list_info><source_path_id>83</source_path_id><target_path_id>83</target_path_id><register>edius</register><parameter>"rename"</parameter><source_opt>null</source_opt><target_opt>media=original&amp;dir=$UD_PATH/clip&amp;filename=$OUT_SRC_FILE&amp;ext=$OUT_SRC_EXT</target_opt><type>SAN</type><source_root>I:/CMS</source_root><source_root_for_mac>Product_Main/CMS</source_root_for_mac><login_id></login_id><login_pw></login_pw><source></source><edius_file_path>PG2230136D/NPS_MASTER/clip/P2023112358689.mxf</edius_file_path></task_list_info></result></response>

10.160.210.30	[2023-11-23 14:21:07] REQUEST ===> Array
(
)

10.160.210.30	[2023-11-23 14:21:07] receive ===> {"user_id":"CM014167","type":"4000365","todas":false,"flag":"edius","metadata_type":"id","metadata":[{"4000288":"","4000289":"","4000292":"주치의 배송 서비스 가족을 부탁해","4000293":"자료없음","4000294":"","4778141":"모든연령","4778261":"PG2230136D","4778262":"P2023112358689","4778263":"21","4778265":"003","4778283":"","4778407":"A00021","k_content_id":"","k_ud_content_id":"4000365","k_title":"(메인2/2)_가족을 부탁해_21회 (본) [60분 편성]_[본방송]","c_category_id":"5443605","k_datagrade":"","ext-comp-1073":"","k_storterm":"","ext-comp-1070":""}],"regist_type":""} 
10.160.210.30	[2023-11-23 14:21:07] decodeData ===> Array
(
    [user_id] => CM014167
    [type] => 4000365
    [todas] =>
    [flag] => edius
    [metadata_type] => id
    [metadata] => Array
        (
            [0] => Array
                (
                    [4000288] =>
                    [4000289] =>
                    [4000292] => 주치의 배송 서비스 가족을 부탁해
                    [4000293] => 자료없음
                    [4000294] =>
                    [4778141] => 모든연령
                    [4778261] => PG2230136D
                    [4778262] => P2023112358689
                    [4778263] => 21
                    [4778265] => 003
                    [4778283] =>
                    [4778407] => A00021
                    [k_content_id] =>
                    [k_ud_content_id] => 4000365
                    [k_title] => (메인2/2)_가족을 부탁해_21회 (본) [60분 편성]_[본방송]
                    [c_category_id] => 5443605
                    [k_datagrade] =>
                    [ext-comp-1073] =>
                    [k_storterm] =>
                    [ext-comp-1070] =>
                )

        )

    [regist_type] =>
)

10.160.210.30	[2023-11-23 14:21:08] return ===> <?xml version="1.0" encoding="UTF-8"?>
<response><result success="true" msg="ok" content_id="2417937" task_id="10875725"><success>true</success><msg>ok</msg><content_id>2417937</content_id><task_id>10875725</task_id><task_list_info><source_path_id>83</source_path_id><target_path_id>83</target_path_id><register>edius</register><parameter>"rename"</parameter><source_opt>null</source_opt><target_opt>media=original&amp;dir=$UD_PATH/clip&amp;filename=$OUT_SRC_FILE&amp;ext=$OUT_SRC_EXT</target_opt><type>SAN</type><source_root>I:/CMS</source_root><source_root_for_mac>Product_Main/CMS</source_root_for_mac><login_id></login_id><login_pw></login_pw><source></source><edius_file_path>PG2230136D/NPS_MASTER/clip/P2023112358690.mxf</edius_file_path></task_list_info></result></response>

10.160.211.11	[2023-11-23 14:37:10] REQUEST ===> Array
(
)

10.160.211.11	[2023-11-23 14:37:10] receive ===> %7B%22user_id%22%3A%22BNC19004%22%2C%22flag%22%3A%22reg_davinchi_ftp%22%2C%22metadata_type%22%3A%22id%22%2C%22metadata%22%3A%5B%7B%224000288%22%3A%22%22%2C%224000289%22%3A%22%22%2C%224000292%22%3A%22%EC%A0%88%EC%B9%9C+%ED%86%A0%ED%81%90%EB%A9%98%ED%84%B0%EB%A6%AC+4%EC%9D%B8%EC%9A%A9%EC%8B%9D%ED%83%81%22%2C%224000293%22%3A%22-%22%2C%224000294%22%3A%22%22%2C%224778141%22%3A%2212+%EC%84%B8%22%2C%224778261%22%3A%22PG2230214D%22%2C%224778262%22%3A%22%22%2C%224778263%22%3A%2212%22%2C%224778265%22%3A%22%22%2C%224778283%22%3A%22%22%2C%224778407%22%3A%22A00012%22%2C%22k_content_id%22%3A%22%22%2C%22k_ud_content_id%22%3A%224000346%22%2C%22k_title%22%3A%22%5B%EC%83%89%EB%B3%B4%EC%A0%95%EC%99%84%EB%A3%8C%5DE12_%EB%B3%B8%ED%8E%B8%22%2C%22c_category_id%22%3A%225443880%22%2C%22k_datagrade%22%3A%22%22%2C%22ext-comp-1038%22%3A%22%22%2C%22k_storterm%22%3A%22%22%2C%22ext-comp-1035%22%3A%22%22%7D%5D%2C%22regist_type%22%3A%22meta%22%2C%22original_filename%22%3A%22%5B%E1%84%89%E1%85%A2%E1%86%A8%E1%84%87%E1%85%A9%E1%84%8C%E1%85%A5%E1%86%BC%E1%84%8B%E1%85%AA%E1%86%AB%E1%84%85%E1%85%AD%5DP2023112258263.mxf%22%7D
10.160.211.11	[2023-11-23 14:37:10] decodeData ===> Array
(
    [user_id] => BNC19004
    [flag] => reg_davinchi_ftp
    [metadata_type] => id
    [metadata] => Array
        (
            [0] => Array
                (
                    [4000288] =>
                    [4000289] =>
                    [4000292] => 절친 토큐멘터리 4인용식탁
                    [4000293] => -
                    [4000294] =>
                    [4778141] => 12 세
                    [4778261] => PG2230214D
                    [4778262] =>
                    [4778263] => 12
                    [4778265] =>
                    [4778283] =>
                    [4778407] => A00012
                    [k_content_id] =>
                    [k_ud_content_id] => 4000346
                    [k_title] => [색보정완료]E12_본편
                    [c_category_id] => 5443880
                    [k_datagrade] =>
                    [ext-comp-1038] =>
                    [k_storterm] =>
                    [ext-comp-1035] =>
                )

        )

    [regist_type] => meta
    [original_filename] => [색보정완료]P2023112258263.mxf
)

10.160.211.11	[2023-11-23 14:37:10] return ===> <?xml version="1.0" encoding="UTF-8"?>
<response><result success="true" msg="ok" content_id="2417939" task_id=""><success>true</success><msg>ok</msg><content_id>2417939</content_id><task_id/><task_list_info><type>FTP</type><source_root>10.160.77.12:21</source_root><source_root_for_mac></source_root_for_mac><login_id>chaadmin@ddmc.com</login_id><login_pw>ddmcad09)(</login_pw><source_opt>dir=$UD_PATH/clip&amp;filename=$CONTENT_ID&amp;ext=$OUT_SRC_EXT</source_opt><source>PG2230214D/NPS_EDIT/clip</source><edius_file_path/></task_list_info></result></response>

10.160.210.30	[2023-11-23 14:38:38] REQUEST ===> Array
(
)

10.160.210.30	[2023-11-23 14:38:38] receive ===> {"user_id":"CM014167","type":"4000346","todas":false,"flag":"edius","metadata_type":"id","metadata":[{"4000288":"","4000289":"","4000292":"주치의 배송 서비스 가족을 부탁해","4000293":"자료없음","4000294":"","4778141":"모든연령","4778261":"PG2230136D","4778262":"P2023111757160","4778263":"21","4778265":null,"4778283":"","4778407":"A00021","k_content_id":"","k_ud_content_id":"4000346","k_title":"(연령고지 및 우상단로고)_가족을 부탁해_21회","c_category_id":"5443605","k_datagrade":"","ext-comp-1038":"","k_storterm":"","ext-comp-1035":""}],"regist_type":""} 
10.160.210.30	[2023-11-23 14:38:38] decodeData ===> Array
(
    [user_id] => CM014167
    [type] => 4000346
    [todas] =>
    [flag] => edius
    [metadata_type] => id
    [metadata] => Array
        (
            [0] => Array
                (
                    [4000288] =>
                    [4000289] =>
                    [4000292] => 주치의 배송 서비스 가족을 부탁해
                    [4000293] => 자료없음
                    [4000294] =>
                    [4778141] => 모든연령
                    [4778261] => PG2230136D
                    [4778262] => P2023111757160
                    [4778263] => 21
                    [4778265] =>
                    [4778283] =>
                    [4778407] => A00021
                    [k_content_id] =>
                    [k_ud_content_id] => 4000346
                    [k_title] => (연령고지 및 우상단로고)_가족을 부탁해_21회
                    [c_category_id] => 5443605
                    [k_datagrade] =>
                    [ext-comp-1038] =>
                    [k_storterm] =>
                    [ext-comp-1035] =>
                )

        )

    [regist_type] =>
)

10.160.210.30	[2023-11-23 14:38:38] return ===> <?xml version="1.0" encoding="UTF-8"?>
<response><result success="true" msg="ok" content_id="2417940" task_id="10875851"><success>true</success><msg>ok</msg><content_id>2417940</content_id><task_id>10875851</task_id><task_list_info><source_path_id>83</source_path_id><target_path_id>83</target_path_id><register>edius</register><parameter>"rename"</parameter><source_opt>null</source_opt><target_opt>media=original&amp;dir=$UD_PATH/clip&amp;filename=$OUT_SRC_FILE&amp;ext=$OUT_SRC_EXT</target_opt><type>SAN</type><source_root>I:/CMS</source_root><source_root_for_mac>Product_Main/CMS</source_root_for_mac><login_id></login_id><login_pw></login_pw><source></source><edius_file_path>PG2230136D/NPS_EDIT/clip/P2023112358692.mxf</edius_file_path></task_list_info></result></response>

10.160.212.11	[2023-11-23 14:42:44] REQUEST ===> Array
(
)

10.160.212.11	[2023-11-23 14:42:44] receive ===> {"user_id":"CM016016","type":"4000346","todas":false,"flag":"edius","metadata_type":"id","metadata":[{"4000288":"","4000289":"","4000292":"남과여","4000293":"2","4000294":"","4778141":"15 세","4778261":"PG2230206D","4778262":"P2023112358658","4778263":"2","4778265":null,"4778283":"","4778407":"A00002","k_content_id":"","k_ud_content_id":"4000346","k_title":"(종편본)_남과여 2회","c_category_id":"5443840","k_datagrade":"","ext-comp-1038":"","k_storterm":"","ext-comp-1035":""}],"regist_type":""} 
10.160.212.11	[2023-11-23 14:42:44] decodeData ===> Array
(
    [user_id] => CM016016
    [type] => 4000346
    [todas] =>
    [flag] => edius
    [metadata_type] => id
    [metadata] => Array
        (
            [0] => Array
                (
                    [4000288] =>
                    [4000289] =>
                    [4000292] => 남과여
                    [4000293] => 2
                    [4000294] =>
                    [4778141] => 15 세
                    [4778261] => PG2230206D
                    [4778262] => P2023112358658
                    [4778263] => 2
                    [4778265] =>
                    [4778283] =>
                    [4778407] => A00002
                    [k_content_id] =>
                    [k_ud_content_id] => 4000346
                    [k_title] => (종편본)_남과여 2회
                    [c_category_id] => 5443840
                    [k_datagrade] =>
                    [ext-comp-1038] =>
                    [k_storterm] =>
                    [ext-comp-1035] =>
                )

        )

    [regist_type] =>
)

10.160.212.11	[2023-11-23 14:42:44] return ===> <?xml version="1.0" encoding="UTF-8"?>
<response><result success="true" msg="ok" content_id="2417941" task_id="10876024"><success>true</success><msg>ok</msg><content_id>2417941</content_id><task_id>10876024</task_id><task_list_info><source_path_id>83</source_path_id><target_path_id>83</target_path_id><register>edius</register><parameter>"rename"</parameter><source_opt>null</source_opt><target_opt>media=original&amp;dir=$UD_PATH/clip&amp;filename=$OUT_SRC_FILE&amp;ext=$OUT_SRC_EXT</target_opt><type>SAN</type><source_root>I:/CMS</source_root><source_root_for_mac>Product_Main/CMS</source_root_for_mac><login_id></login_id><login_pw></login_pw><source></source><edius_file_path>PG2230206D/NPS_EDIT/clip/P2023112358693.mxf</edius_file_path></task_list_info></result></response>

10.160.211.11	[2023-11-23 14:43:33] REQUEST ===> Array
(
)

10.160.211.11	[2023-11-23 14:43:33] receive ===> %7B%22user_id%22%3A%22BNC19004%22%2C%22flag%22%3A%22reg_davinchi_ftp%22%2C%22metadata_type%22%3A%22id%22%2C%22metadata%22%3A%5B%7B%224000288%22%3A%22%22%2C%224000289%22%3A%22%22%2C%224000292%22%3A%22%EC%A0%88%EC%B9%9C+%ED%86%A0%ED%81%90%EB%A9%98%ED%84%B0%EB%A6%AC+4%EC%9D%B8%EC%9A%A9%EC%8B%9D%ED%83%81%22%2C%224000293%22%3A%22-%22%2C%224000294%22%3A%22%22%2C%224778141%22%3A%2212+%EC%84%B8%22%2C%224778261%22%3A%22PG2230214D%22%2C%224778262%22%3A%22%22%2C%224778263%22%3A%2212%22%2C%224778265%22%3A%22%22%2C%224778283%22%3A%22%22%2C%224778407%22%3A%22A00012%22%2C%22k_content_id%22%3A%22%22%2C%22k_ud_content_id%22%3A%224000346%22%2C%22k_title%22%3A%22%5B%EC%83%89%EB%B3%B4%EC%A0%95%EC%99%84%EB%A3%8C%5D%EB%B3%B8%ED%8E%B8%22%2C%22c_category_id%22%3A%225443880%22%2C%22k_datagrade%22%3A%22%22%2C%22ext-comp-1038%22%3A%22%22%2C%22k_storterm%22%3A%22%22%2C%22ext-comp-1035%22%3A%22%22%7D%5D%2C%22regist_type%22%3A%22meta%22%2C%22original_filename%22%3A%22%5B%E1%84%89%E1%85%A2%E1%86%A8%E1%84%87%E1%85%A9%E1%84%8C%E1%85%A5%E1%86%BC%E1%84%8B%E1%85%AA%E1%86%AB%E1%84%85%E1%85%AD%5DP2023112258263.mxf%22%7D
10.160.211.11	[2023-11-23 14:43:33] decodeData ===> Array
(
    [user_id] => BNC19004
    [flag] => reg_davinchi_ftp
    [metadata_type] => id
    [metadata] => Array
        (
            [0] => Array
                (
                    [4000288] =>
                    [4000289] =>
                    [4000292] => 절친 토큐멘터리 4인용식탁
                    [4000293] => -
                    [4000294] =>
                    [4778141] => 12 세
                    [4778261] => PG2230214D
                    [4778262] =>
                    [4778263] => 12
                    [4778265] =>
                    [4778283] =>
                    [4778407] => A00012
                    [k_content_id] =>
                    [k_ud_content_id] => 4000346
                    [k_title] => [색보정완료]본편
                    [c_category_id] => 5443880
                    [k_datagrade] =>
                    [ext-comp-1038] =>
                    [k_storterm] =>
                    [ext-comp-1035] =>
                )

        )

    [regist_type] => meta
    [original_filename] => [색보정완료]P2023112258263.mxf
)

10.160.211.11	[2023-11-23 14:43:33] return ===> <?xml version="1.0" encoding="UTF-8"?>
<response><result success="true" msg="ok" content_id="2417942" task_id=""><success>true</success><msg>ok</msg><content_id>2417942</content_id><task_id/><task_list_info><type>FTP</type><source_root>10.160.77.12:21</source_root><source_root_for_mac></source_root_for_mac><login_id>chaadmin@ddmc.com</login_id><login_pw>ddmcad09)(</login_pw><source_opt>dir=$UD_PATH/clip&amp;filename=$CONTENT_ID&amp;ext=$OUT_SRC_EXT</source_opt><source>PG2230214D/NPS_EDIT/clip</source><edius_file_path/></task_list_info></result></response>

10.160.211.11	[2023-11-23 14:48:33] REQUEST ===> Array
(
)

10.160.211.11	[2023-11-23 14:48:33] receive ===> %7B%22user_id%22%3A%22BNC19004%22%2C%22flag%22%3A%22reg_davinchi_ftp%22%2C%22metadata_type%22%3A%22id%22%2C%22metadata%22%3A%5B%7B%224000288%22%3A%22%22%2C%224000289%22%3A%22%22%2C%224000292%22%3A%22%EB%A0%88%EB%94%94%EA%B0%80%EC%9D%B4%3A+%EC%9D%BC%EB%8B%A8+%ED%95%B4%21+%EA%B2%B0%ED%98%BC%22%2C%224000293%22%3A%22%EC%9E%90%EB%A3%8C%EC%97%86%EC%9D%8C%22%2C%224000294%22%3A%22%22%2C%224778141%22%3A%2215+%EC%84%B8%22%2C%224778261%22%3A%22PG2210165D%22%2C%224778262%22%3A%22%22%2C%224778263%22%3A%222%22%2C%224778265%22%3A%22%22%2C%224778283%22%3A%22%22%2C%224778407%22%3A%22A00002%22%2C%22k_content_id%22%3A%22%22%2C%22k_ud_content_id%22%3A%224000346%22%2C%22k_title%22%3A%22%5B%EC%83%89%EB%B3%B4%EC%A0%95%EC%99%84%EB%A3%8C%5DE12_%EB%B3%B8%ED%8E%B8%22%2C%22c_category_id%22%3A%225441463%22%2C%22k_datagrade%22%3A%22%22%2C%22ext-comp-1038%22%3A%22%22%2C%22k_storterm%22%3A%22%22%2C%22ext-comp-1035%22%3A%22%22%7D%5D%2C%22regist_type%22%3A%22meta%22%2C%22original_filename%22%3A%22%5B%E1%84%89%E1%85%A2%E1%86%A8%E1%84%87%E1%85%A9%E1%84%8C%E1%85%A5%E1%86%BC%E1%84%8B%E1%85%AA%E1%86%AB%E1%84%85%E1%85%AD%5DP2023112258263.mxf%22%7D
10.160.211.11	[2023-11-23 14:48:33] decodeData ===> Array
(
    [user_id] => BNC19004
    [flag] => reg_davinchi_ftp
    [metadata_type] => id
    [metadata] => Array
        (
            [0] => Array
                (
                    [4000288] =>
                    [4000289] =>
                    [4000292] => 레디가이: 일단 해! 결혼
                    [4000293] => 자료없음
                    [4000294] =>
                    [4778141] => 15 세
                    [4778261] => PG2210165D
                    [4778262] =>
                    [4778263] => 2
                    [4778265] =>
                    [4778283] =>
                    [4778407] => A00002
                    [k_content_id] =>
                    [k_ud_content_id] => 4000346
                    [k_title] => [색보정완료]E12_본편
                    [c_category_id] => 5441463
                    [k_datagrade] =>
                    [ext-comp-1038] =>
                    [k_storterm] =>
                    [ext-comp-1035] =>
                )

        )

    [regist_type] => meta
    [original_filename] => [색보정완료]P2023112258263.mxf
)

10.160.211.11	[2023-11-23 14:48:33] return ===> <?xml version="1.0" encoding="UTF-8"?>
<response><result success="true" msg="ok" content_id="2417946" task_id=""><success>true</success><msg>ok</msg><content_id>2417946</content_id><task_id/><task_list_info><type>FTP</type><source_root>10.160.77.12:21</source_root><source_root_for_mac></source_root_for_mac><login_id>chaadmin@ddmc.com</login_id><login_pw>ddmcad09)(</login_pw><source_opt>dir=$UD_PATH/clip&amp;filename=$CONTENT_ID&amp;ext=$OUT_SRC_EXT</source_opt><source>PG2210165D/NPS_EDIT/clip</source><edius_file_path/></task_list_info></result></response>

10.160.211.11	[2023-11-23 14:49:36] REQUEST ===> Array
(
)

10.160.211.11	[2023-11-23 14:49:36] receive ===> %7B%22user_id%22%3A%22BNC19004%22%2C%22flag%22%3A%22reg_davinchi_ftp%22%2C%22metadata_type%22%3A%22id%22%2C%22metadata%22%3A%5B%7B%224000288%22%3A%22%EC%9D%B4%EA%B7%9C%ED%9B%88%22%2C%224000289%22%3A%22%22%2C%224000292%22%3A%2220120923+%EC%8B%9C%EC%8A%A4%ED%85%9C%EA%B4%80%EB%A6%AC%ED%8C%80+%ED%85%8C%EC%8A%A4%ED%8A%B8%22%2C%224000293%22%3A%228%ED%9A%8C%EC%B0%A8+%ED%85%8C%EC%8A%A4%ED%8A%B8%22%2C%224000294%22%3A%22%22%2C%224778141%22%3A%22%EB%AA%A8%EB%93%A0%EC%97%B0%EB%A0%B9%22%2C%224778261%22%3A%22PG2120146D%22%2C%224778262%22%3A%22%22%2C%224778263%22%3A%228%22%2C%224778265%22%3A%22%22%2C%224778283%22%3A%22%22%2C%224778407%22%3A%22A00008%22%2C%22k_content_id%22%3A%22%22%2C%22k_ud_content_id%22%3A%224000346%22%2C%22k_title%22%3A%22test%22%2C%22c_category_id%22%3A%225393847%22%2C%22k_datagrade%22%3A%22%22%2C%22ext-comp-1038%22%3A%22%22%2C%22k_storterm%22%3A%22%22%2C%22ext-comp-1035%22%3A%22%22%7D%5D%2C%22regist_type%22%3A%22meta%22%2C%22original_filename%22%3A%22%5B%E1%84%89%E1%85%A2%E1%86%A8%E1%84%87%E1%85%A9%E1%84%8C%E1%85%A5%E1%86%BC%E1%84%8B%E1%85%AA%E1%86%AB%E1%84%85%E1%85%AD%5DP2023112258263.mxf%22%7D
10.160.211.11	[2023-11-23 14:49:36] decodeData ===> Array
(
    [user_id] => BNC19004
    [flag] => reg_davinchi_ftp
    [metadata_type] => id
    [metadata] => Array
        (
            [0] => Array
                (
                    [4000288] => 이규훈
                    [4000289] =>
                    [4000292] => 20120923 시스템관리팀 테스트
                    [4000293] => 8회차 테스트
                    [4000294] =>
                    [4778141] => 모든연령
                    [4778261] => PG2120146D
                    [4778262] =>
                    [4778263] => 8
                    [4778265] =>
                    [4778283] =>
                    [4778407] => A00008
                    [k_content_id] =>
                    [k_ud_content_id] => 4000346
                    [k_title] => test
                    [c_category_id] => 5393847
                    [k_datagrade] =>
                    [ext-comp-1038] =>
                    [k_storterm] =>
                    [ext-comp-1035] =>
                )

        )

    [regist_type] => meta
    [original_filename] => [색보정완료]P2023112258263.mxf
)

10.160.211.11	[2023-11-23 14:49:36] return ===> <?xml version="1.0" encoding="UTF-8"?>
<response><result success="true" msg="ok" content_id="2417947" task_id=""><success>true</success><msg>ok</msg><content_id>2417947</content_id><task_id/><task_list_info><type>FTP</type><source_root>10.160.77.12:21</source_root><source_root_for_mac></source_root_for_mac><login_id>chaadmin@ddmc.com</login_id><login_pw>ddmcad09)(</login_pw><source_opt>dir=$UD_PATH/clip&amp;filename=$CONTENT_ID&amp;ext=$OUT_SRC_EXT</source_opt><source>PG2120146D/NPS_EDIT/clip</source><edius_file_path/></task_list_info></result></response>

10.160.211.11	[2023-11-23 14:50:31] REQUEST ===> Array
(
)

10.160.211.11	[2023-11-23 14:50:31] receive ===> %7B%22user_id%22%3A%22BNC19004%22%2C%22flag%22%3A%22reg_davinchi_ftp%22%2C%22metadata_type%22%3A%22id%22%2C%22metadata%22%3A%5B%7B%224000288%22%3A%22%22%2C%224000289%22%3A%22%22%2C%224000292%22%3A%22%EA%B3%A0%EA%B8%B0%EC%84%9C+%EB%A7%8C%EB%82%98%22%2C%224000293%22%3A%22%EC%9E%90%EB%A3%8C%EC%97%86%EC%9D%8C%22%2C%224000294%22%3A%22%22%2C%224778141%22%3A%2212+%EC%84%B8%22%2C%224778261%22%3A%22PG2230064D%22%2C%224778262%22%3A%22%22%2C%224778263%22%3A%2224%22%2C%224778265%22%3A%22%22%2C%224778283%22%3A%22%22%2C%224778407%22%3A%22A00024%22%2C%22k_content_id%22%3A%22%22%2C%22k_ud_content_id%22%3A%224000346%22%2C%22k_title%22%3A%22test%22%2C%22c_category_id%22%3A%225443279%22%2C%22k_datagrade%22%3A%22%22%2C%22ext-comp-1038%22%3A%22%22%2C%22k_storterm%22%3A%22%22%2C%22ext-comp-1035%22%3A%22%22%7D%5D%2C%22regist_type%22%3A%22meta%22%2C%22original_filename%22%3A%22%5B%E1%84%89%E1%85%A2%E1%86%A8%E1%84%87%E1%85%A9%E1%84%8C%E1%85%A5%E1%86%BC%E1%84%8B%E1%85%AA%E1%86%AB%E1%84%85%E1%85%AD%5DP2023112258263.mxf%22%7D
10.160.211.11	[2023-11-23 14:50:31] decodeData ===> Array
(
    [user_id] => BNC19004
    [flag] => reg_davinchi_ftp
    [metadata_type] => id
    [metadata] => Array
        (
            [0] => Array
                (
                    [4000288] =>
                    [4000289] =>
                    [4000292] => 고기서 만나
                    [4000293] => 자료없음
                    [4000294] =>
                    [4778141] => 12 세
                    [4778261] => PG2230064D
                    [4778262] =>
                    [4778263] => 24
                    [4778265] =>
                    [4778283] =>
                    [4778407] => A00024
                    [k_content_id] =>
                    [k_ud_content_id] => 4000346
                    [k_title] => test
                    [c_category_id] => 5443279
                    [k_datagrade] =>
                    [ext-comp-1038] =>
                    [k_storterm] =>
                    [ext-comp-1035] =>
                )

        )

    [regist_type] => meta
    [original_filename] => [색보정완료]P2023112258263.mxf
)

10.160.211.11	[2023-11-23 14:50:31] return ===> <?xml version="1.0" encoding="UTF-8"?>
<response><result success="true" msg="ok" content_id="2417948" task_id=""><success>true</success><msg>ok</msg><content_id>2417948</content_id><task_id/><task_list_info><type>FTP</type><source_root>10.160.77.12:21</source_root><source_root_for_mac></source_root_for_mac><login_id>chaadmin@ddmc.com</login_id><login_pw>ddmcad09)(</login_pw><source_opt>dir=$UD_PATH/clip&amp;filename=$CONTENT_ID&amp;ext=$OUT_SRC_EXT</source_opt><source>PG2230064D/NPS_EDIT/clip</source><edius_file_path/></task_list_info></result></response>

10.160.211.11	[2023-11-23 14:51:19] REQUEST ===> Array
(
)

10.160.211.11	[2023-11-23 14:51:19] receive ===> %7B%22user_id%22%3A%22BNC19004%22%2C%22flag%22%3A%22reg_davinchi_ftp%22%2C%22metadata_type%22%3A%22id%22%2C%22metadata%22%3A%5B%7B%224000288%22%3A%22%22%2C%224000289%22%3A%22%22%2C%224000292%22%3A%22%ED%95%B4%EC%96%91%EC%91%A4%EB%85%84%EB%8B%A8%22%2C%224000293%22%3A%22%EC%9E%90%EB%A3%8C%EC%97%86%EC%9D%8C%22%2C%224000294%22%3A%22%22%2C%224778141%22%3A%2212+%EC%84%B8%22%2C%224778261%22%3A%22PG2220017D%22%2C%224778262%22%3A%22%22%2C%224778263%22%3A%225%22%2C%224778265%22%3A%22%22%2C%224778283%22%3A%22%22%2C%224778407%22%3A%22A00005%22%2C%22k_content_id%22%3A%22%22%2C%22k_ud_content_id%22%3A%224000346%22%2C%22k_title%22%3A%22test%22%2C%22c_category_id%22%3A%225441679%22%2C%22k_datagrade%22%3A%22%22%2C%22ext-comp-1038%22%3A%22%22%2C%22k_storterm%22%3A%22%22%2C%22ext-comp-1035%22%3A%22%22%7D%5D%2C%22regist_type%22%3A%22meta%22%2C%22original_filename%22%3A%22%5B%5DP2023112258263.mxf%22%7D
10.160.211.11	[2023-11-23 14:51:19] decodeData ===> Array
(
    [user_id] => BNC19004
    [flag] => reg_davinchi_ftp
    [metadata_type] => id
    [metadata] => Array
        (
            [0] => Array
                (
                    [4000288] =>
                    [4000289] =>
                    [4000292] => 해양쑤년단
                    [4000293] => 자료없음
                    [4000294] =>
                    [4778141] => 12 세
                    [4778261] => PG2220017D
                    [4778262] =>
                    [4778263] => 5
                    [4778265] =>
                    [4778283] =>
                    [4778407] => A00005
                    [k_content_id] =>
                    [k_ud_content_id] => 4000346
                    [k_title] => test
                    [c_category_id] => 5441679
                    [k_datagrade] =>
                    [ext-comp-1038] =>
                    [k_storterm] =>
                    [ext-comp-1035] =>
                )

        )

    [regist_type] => meta
    [original_filename] => []P2023112258263.mxf
)

10.160.211.11	[2023-11-23 14:51:19] return ===> <?xml version="1.0" encoding="UTF-8"?>
<response><result success="true" msg="ok" content_id="2417949" task_id=""><success>true</success><msg>ok</msg><content_id>2417949</content_id><task_id/><task_list_info><type>FTP</type><source_root>10.160.77.12:21</source_root><source_root_for_mac></source_root_for_mac><login_id>chaadmin@ddmc.com</login_id><login_pw>ddmcad09)(</login_pw><source_opt>dir=$UD_PATH/clip&amp;filename=$CONTENT_ID&amp;ext=$OUT_SRC_EXT</source_opt><source>PG2220017D/NPS_EDIT/clip</source><edius_file_path/></task_list_info></result></response>

10.160.211.11	[2023-11-23 14:51:58] REQUEST ===> Array
(
)

10.160.211.11	[2023-11-23 14:51:58] receive ===> %7B%22user_id%22%3A%22BNC19004%22%2C%22flag%22%3A%22reg_davinchi_ftp%22%2C%22metadata_type%22%3A%22id%22%2C%22metadata%22%3A%5B%7B%224000288%22%3A%22%22%2C%224000289%22%3A%22%22%2C%224000292%22%3A%22%EB%82%98%EB%A7%8C+%EB%AF%BF%EA%B3%A0+%EB%94%B0%EB%9D%BC%EC%99%80+%EB%8F%84%EC%8B%9C%EC%96%B4%EB%B6%80+5%22%2C%224000293%22%3A%2225%ED%9A%8C%22%2C%224000294%22%3A%22%22%2C%224778141%22%3A%2215+%EC%84%B8%22%2C%224778261%22%3A%22PG2230143D%22%2C%224778262%22%3A%22%22%2C%224778263%22%3A%2225%22%2C%224778265%22%3A%22%22%2C%224778283%22%3A%22%22%2C%224778407%22%3A%22A00025%22%2C%22k_content_id%22%3A%22%22%2C%22k_ud_content_id%22%3A%224000346%22%2C%22k_title%22%3A%22test%22%2C%22c_category_id%22%3A%225443849%22%2C%22k_datagrade%22%3A%22%22%2C%22ext-comp-1038%22%3A%22%22%2C%22k_storterm%22%3A%22%22%2C%22ext-comp-1035%22%3A%22%22%7D%5D%2C%22regist_type%22%3A%22meta%22%2C%22original_filename%22%3A%22%5B%5DP2023112258263.mxf%22%7D
10.160.211.11	[2023-11-23 14:51:58] decodeData ===> Array
(
    [user_id] => BNC19004
    [flag] => reg_davinchi_ftp
    [metadata_type] => id
    [metadata] => Array
        (
            [0] => Array
                (
                    [4000288] =>
                    [4000289] =>
                    [4000292] => 나만 믿고 따라와 도시어부 5
                    [4000293] => 25회
                    [4000294] =>
                    [4778141] => 15 세
                    [4778261] => PG2230143D
                    [4778262] =>
                    [4778263] => 25
                    [4778265] =>
                    [4778283] =>
                    [4778407] => A00025
                    [k_content_id] =>
                    [k_ud_content_id] => 4000346
                    [k_title] => test
                    [c_category_id] => 5443849
                    [k_datagrade] =>
                    [ext-comp-1038] =>
                    [k_storterm] =>
                    [ext-comp-1035] =>
                )

        )

    [regist_type] => meta
    [original_filename] => []P2023112258263.mxf
)

10.160.211.11	[2023-11-23 14:51:58] return ===> <?xml version="1.0" encoding="UTF-8"?>
<response><result success="true" msg="ok" content_id="2417951" task_id=""><success>true</success><msg>ok</msg><content_id>2417951</content_id><task_id/><task_list_info><type>FTP</type><source_root>10.160.77.12:2021</source_root><source_root_for_mac></source_root_for_mac><login_id>chaadmin@ddmc.com</login_id><login_pw>ddmcad09)(</login_pw><source_opt>dir=$UD_PATH/clip&amp;filename=$CONTENT_ID&amp;ext=$OUT_SRC_EXT</source_opt><source>PG2230143D/NPS_EDIT/clip</source><edius_file_path/></task_list_info></result></response>

10.160.211.11	[2023-11-23 14:53:29] REQUEST ===> Array
(
)

10.160.211.11	[2023-11-23 14:53:29] receive ===> %7B%22user_id%22%3A%22BNC19004%22%2C%22flag%22%3A%22reg_davinchi_ftp%22%2C%22metadata_type%22%3A%22id%22%2C%22metadata%22%3A%5B%7B%224000288%22%3A%22%22%2C%224000289%22%3A%22%22%2C%224000292%22%3A%22%EB%82%98%EB%A7%8C+%EB%AF%BF%EA%B3%A0+%EB%94%B0%EB%9D%BC%EC%99%80+%EB%8F%84%EC%8B%9C%EC%96%B4%EB%B6%80+5%22%2C%224000293%22%3A%2225%ED%9A%8C%22%2C%224000294%22%3A%22%22%2C%224778141%22%3A%2215+%EC%84%B8%22%2C%224778261%22%3A%22PG2230143D%22%2C%224778262%22%3A%22%22%2C%224778263%22%3A%2225%22%2C%224778265%22%3A%22%22%2C%224778283%22%3A%22%22%2C%224778407%22%3A%22A00025%22%2C%22k_content_id%22%3A%22%22%2C%22k_ud_content_id%22%3A%224000346%22%2C%22k_title%22%3A%22test%22%2C%22c_category_id%22%3A%225443849%22%2C%22k_datagrade%22%3A%22%22%2C%22ext-comp-1038%22%3A%22%22%2C%22k_storterm%22%3A%22%22%2C%22ext-comp-1035%22%3A%22%22%7D%5D%2C%22regist_type%22%3A%22task_cancel%22%2C%22content_id%22%3A%222417951%22%2C%22original_filename%22%3A%22%5B%5DP2023112258263.mxf%22%2C%22IsFileNameToTitle%22%3A%220%22%7D
10.160.211.11	[2023-11-23 14:53:29] decodeData ===> Array
(
    [user_id] => BNC19004
    [flag] => reg_davinchi_ftp
    [metadata_type] => id
    [metadata] => Array
        (
            [0] => Array
                (
                    [4000288] =>
                    [4000289] =>
                    [4000292] => 나만 믿고 따라와 도시어부 5
                    [4000293] => 25회
                    [4000294] =>
                    [4778141] => 15 세
                    [4778261] => PG2230143D
                    [4778262] =>
                    [4778263] => 25
                    [4778265] =>
                    [4778283] =>
                    [4778407] => A00025
                    [k_content_id] =>
                    [k_ud_content_id] => 4000346
                    [k_title] => test
                    [c_category_id] => 5443849
                    [k_datagrade] =>
                    [ext-comp-1038] =>
                    [k_storterm] =>
                    [ext-comp-1035] =>
                )

        )

    [regist_type] => task_cancel
    [content_id] => 2417951
    [original_filename] => []P2023112258263.mxf
    [IsFileNameToTitle] => 0
)

10.160.211.11	[2023-11-23 14:53:29] error return ===> <?xml version="1.0" encoding="UTF-8"?>
<response><result success="false" msg="ORA-01407: NULL로 (&quot;CHANPS&quot;.&quot;BC_MEMBER_CONTENT_MAPPING&quot;.&quot;CONTENT_ID&quot;)을 갱신할 수 없습니다(&#13;&#10;&#9;&#9;&#9;&#9;&#9;update&#9;bc_member_content_mapping &#13;&#10;&#9;&#9;&#9;&#9;&#9;set&#9;&#9;content_id = ''&#13;&#10;&#9;&#9;&#9;&#9;&#9;where&#9;upper(user_id)=upper('BNC19004')&#13;&#10;&#9;&#9;&#9;&#9;&#9;and&#9;&#9;user_ip = '10.160.211.11')"><success>false</success><msg>ORA-01407: NULL로 ("CHANPS"."BC_MEMBER_CONTENT_MAPPING"."CONTENT_ID")을 갱신할 수 없습니다(&#13;
					update	bc_member_content_mapping &#13;
					set		content_id = ''&#13;
					where	upper(user_id)=upper('BNC19004')&#13;
					and		user_ip = '10.160.211.11')</msg></result></response>

10.160.211.11	[2023-11-23 14:53:48] REQUEST ===> Array
(
)

10.160.211.11	[2023-11-23 14:53:48] receive ===> %7B%22user_id%22%3A%22BNC19004%22%2C%22flag%22%3A%22reg_davinchi_ftp%22%2C%22metadata_type%22%3A%22id%22%2C%22metadata%22%3A%5B%7B%224000288%22%3A%22%22%2C%224000289%22%3A%22%22%2C%224000292%22%3A%22%EB%82%98%EB%A7%8C+%EB%AF%BF%EA%B3%A0+%EB%94%B0%EB%9D%BC%EC%99%80+%EB%8F%84%EC%8B%9C%EC%96%B4%EB%B6%80+2%22%2C%224000293%22%3A%22%EC%9E%90%EB%A3%8C%EC%97%86%EC%9D%8C%22%2C%224000294%22%3A%22%22%2C%224778141%22%3A%2212+%EC%84%B8%22%2C%224778261%22%3A%22PG2200123D%22%2C%224778262%22%3A%22%22%2C%224778263%22%3A%2260%22%2C%224778265%22%3A%22%22%2C%224778283%22%3A%22%22%2C%224778407%22%3A%22A00060%22%2C%22k_content_id%22%3A%22%22%2C%22k_ud_content_id%22%3A%224000346%22%2C%22k_title%22%3A%22test%22%2C%22c_category_id%22%3A%225439019%22%2C%22k_datagrade%22%3A%22%22%2C%22ext-comp-1038%22%3A%22%22%2C%22k_storterm%22%3A%22%22%2C%22ext-comp-1035%22%3A%22%22%7D%5D%2C%22regist_type%22%3A%22meta%22%2C%22original_filename%22%3A%22%5B%5DP2023112258263.mxf%22%7D
10.160.211.11	[2023-11-23 14:53:48] decodeData ===> Array
(
    [user_id] => BNC19004
    [flag] => reg_davinchi_ftp
    [metadata_type] => id
    [metadata] => Array
        (
            [0] => Array
                (
                    [4000288] =>
                    [4000289] =>
                    [4000292] => 나만 믿고 따라와 도시어부 2
                    [4000293] => 자료없음
                    [4000294] =>
                    [4778141] => 12 세
                    [4778261] => PG2200123D
                    [4778262] =>
                    [4778263] => 60
                    [4778265] =>
                    [4778283] =>
                    [4778407] => A00060
                    [k_content_id] =>
                    [k_ud_content_id] => 4000346
                    [k_title] => test
                    [c_category_id] => 5439019
                    [k_datagrade] =>
                    [ext-comp-1038] =>
                    [k_storterm] =>
                    [ext-comp-1035] =>
                )

        )

    [regist_type] => meta
    [original_filename] => []P2023112258263.mxf
)

10.160.211.11	[2023-11-23 14:53:48] return ===> <?xml version="1.0" encoding="UTF-8"?>
<response><result success="true" msg="ok" content_id="2417952" task_id=""><success>true</success><msg>ok</msg><content_id>2417952</content_id><task_id/><task_list_info><type>FTP</type><source_root>10.160.77.12:21</source_root><source_root_for_mac></source_root_for_mac><login_id>chaadmin@ddmc.com</login_id><login_pw>ddmcad09)(</login_pw><source_opt>dir=$UD_PATH/clip&amp;filename=$CONTENT_ID&amp;ext=$OUT_SRC_EXT</source_opt><source>PG2200123D/NPS_EDIT/clip</source><edius_file_path/></task_list_info></result></response>

10.160.211.211	[2023-11-23 15:04:41] REQUEST ===> Array
(
)

10.160.211.211	[2023-11-23 15:04:41] receive ===> %7B%22user_id%22%3A%22BNC21011%22%2C%22flag%22%3A%22reg_davinchi_ftp%22%2C%22metadata_type%22%3A%22id%22%2C%22metadata%22%3A%5B%7B%224000288%22%3A%22%22%2C%224000289%22%3A%22%22%2C%224000292%22%3A%22%EB%82%A8%EA%B3%BC%EC%97%AC%22%2C%224000293%22%3A%221%22%2C%224000294%22%3A%22%22%2C%224778141%22%3A%2215+%EC%84%B8%22%2C%224778261%22%3A%22PG2230206D%22%2C%224778262%22%3A%22P2023112358663%22%2C%224778263%22%3A%221%22%2C%224778265%22%3Anull%2C%224778283%22%3A%22%22%2C%224778407%22%3A%22A00001%22%2C%22k_content_id%22%3A%22%22%2C%22k_ud_content_id%22%3A%224000346%22%2C%22k_title%22%3A%22%28%EC%9D%BC%EB%B3%B8%ED%8C%90%EB%A7%A4%EC%9A%A9MOV%29+%EB%82%A8%EA%B3%BC%EC%97%AC+1%ED%9A%8C+%5B%EB%B3%B8%ED%8E%B8%5D_%ED%81%B4%EB%A6%B0%22%2C%22c_category_id%22%3A%225443840%22%2C%22k_datagrade%22%3A%22%22%2C%22ext-comp-1038%22%3A%22%22%2C%22k_storterm%22%3A%22%22%2C%22ext-comp-1035%22%3A%22%22%7D%5D%2C%22regist_type%22%3A%22meta%22%2C%22original_filename%22%3A%22P2023112258344_EP01_CLEAN.mov%22%7D
10.160.211.211	[2023-11-23 15:04:41] decodeData ===> Array
(
    [user_id] => BNC21011
    [flag] => reg_davinchi_ftp
    [metadata_type] => id
    [metadata] => Array
        (
            [0] => Array
                (
                    [4000288] =>
                    [4000289] =>
                    [4000292] => 남과여
                    [4000293] => 1
                    [4000294] =>
                    [4778141] => 15 세
                    [4778261] => PG2230206D
                    [4778262] => P2023112358663
                    [4778263] => 1
                    [4778265] =>
                    [4778283] =>
                    [4778407] => A00001
                    [k_content_id] =>
                    [k_ud_content_id] => 4000346
                    [k_title] => (일본판매용MOV) 남과여 1회 [본편]_클린
                    [c_category_id] => 5443840
                    [k_datagrade] =>
                    [ext-comp-1038] =>
                    [k_storterm] =>
                    [ext-comp-1035] =>
                )

        )

    [regist_type] => meta
    [original_filename] => P2023112258344_EP01_CLEAN.mov
)

10.160.211.211	[2023-11-23 15:04:41] return ===> <?xml version="1.0" encoding="UTF-8"?>
<response><result success="true" msg="ok" content_id="2417957" task_id=""><success>true</success><msg>ok</msg><content_id>2417957</content_id><task_id/><task_list_info><type>FTP</type><source_root>10.160.77.12:21</source_root><source_root_for_mac></source_root_for_mac><login_id>chaadmin@ddmc.com</login_id><login_pw>ddmcad09)(</login_pw><source_opt>dir=$UD_PATH/clip&amp;filename=$CONTENT_ID&amp;ext=$OUT_SRC_EXT</source_opt><source>PG2230206D/NPS_EDIT/clip</source><edius_file_path/></task_list_info></result></response>

10.160.211.211	[2023-11-23 15:18:03] REQUEST ===> Array
(
)

10.160.211.211	[2023-11-23 15:18:03] receive ===> %7B%22user_id%22%3A%22ADMIN%22%2C%22flag%22%3A%22reg_davinchi_ftp%22%2C%22metadata_type%22%3A%22id%22%2C%22metadata%22%3A%5B%7B%224000288%22%3A%22%EC%9D%B4%EA%B7%9C%ED%9B%88%22%2C%224000289%22%3A%22%22%2C%224000292%22%3A%2220120923+%EC%8B%9C%EC%8A%A4%ED%85%9C%EA%B4%80%EB%A6%AC%ED%8C%80+%ED%85%8C%EC%8A%A4%ED%8A%B8%22%2C%224000293%22%3A%221%ED%9A%8C%EC%B0%A8+%ED%85%8C%EC%8A%A4%ED%8A%B8%22%2C%224000294%22%3A%22%22%2C%224778141%22%3A%22%EB%AA%A8%EB%93%A0%EC%97%B0%EB%A0%B9%22%2C%224778261%22%3A%22PG2120146D%22%2C%224778262%22%3A%22%22%2C%224778263%22%3A%221%22%2C%224778265%22%3A%22%22%2C%224778283%22%3A%22%22%2C%224778407%22%3A%22A00001%22%2C%22k_content_id%22%3A%22%22%2C%22k_ud_content_id%22%3A%224000346%22%2C%22k_title%22%3A%22test-231123_3%22%2C%22c_category_id%22%3A%225393847%22%2C%22k_datagrade%22%3A%22%22%2C%22ext-comp-1038%22%3A%22%22%2C%22k_storterm%22%3A%22%22%2C%22ext-comp-1035%22%3A%22%22%7D%5D%2C%22regist_type%22%3A%22meta%22%2C%22original_filename%22%3A%22P2023112258406_MF_TEASER_CLEAN.mov%22%7D
10.160.211.211	[2023-11-23 15:18:03] decodeData ===> Array
(
    [user_id] => ADMIN
    [flag] => reg_davinchi_ftp
    [metadata_type] => id
    [metadata] => Array
        (
            [0] => Array
                (
                    [4000288] => 이규훈
                    [4000289] =>
                    [4000292] => 20120923 시스템관리팀 테스트
                    [4000293] => 1회차 테스트
                    [4000294] =>
                    [4778141] => 모든연령
                    [4778261] => PG2120146D
                    [4778262] =>
                    [4778263] => 1
                    [4778265] =>
                    [4778283] =>
                    [4778407] => A00001
                    [k_content_id] =>
                    [k_ud_content_id] => 4000346
                    [k_title] => test-231123_3
                    [c_category_id] => 5393847
                    [k_datagrade] =>
                    [ext-comp-1038] =>
                    [k_storterm] =>
                    [ext-comp-1035] =>
                )

        )

    [regist_type] => meta
    [original_filename] => P2023112258406_MF_TEASER_CLEAN.mov
)

10.160.211.211	[2023-11-23 15:18:03] return ===> <?xml version="1.0" encoding="UTF-8"?>
<response><result success="true" msg="ok" content_id="2417963" task_id=""><success>true</success><msg>ok</msg><content_id>2417963</content_id><task_id/><task_list_info><type>FTP</type><source_root>10.160.77.12:21</source_root><source_root_for_mac></source_root_for_mac><login_id>chaadmin@ddmc.com</login_id><login_pw>ddmcad09)(</login_pw><source_opt>dir=$UD_PATH/clip&amp;filename=$CONTENT_ID&amp;ext=$OUT_SRC_EXT</source_opt><source>PG2120146D/NPS_EDIT/clip</source><edius_file_path/></task_list_info></result></response>

10.160.211.211	[2023-11-23 15:30:19] REQUEST ===> Array
(
)

10.160.211.211	[2023-11-23 15:30:19] receive ===> %7B%22user_id%22%3A%22ADMIN%22%2C%22flag%22%3A%22reg_davinchi_ftp%22%2C%22metadata_type%22%3A%22id%22%2C%22metadata%22%3A%5B%7B%224000288%22%3A%22%EC%9D%B4%EA%B7%9C%ED%9B%88%22%2C%224000289%22%3A%22%22%2C%224000292%22%3A%2220120923+%EC%8B%9C%EC%8A%A4%ED%85%9C%EA%B4%80%EB%A6%AC%ED%8C%80+%ED%85%8C%EC%8A%A4%ED%8A%B8%22%2C%224000293%22%3A%221%ED%9A%8C%EC%B0%A8+%ED%85%8C%EC%8A%A4%ED%8A%B8%22%2C%224000294%22%3A%22%22%2C%224778141%22%3A%22%EB%AA%A8%EB%93%A0%EC%97%B0%EB%A0%B9%22%2C%224778261%22%3A%22PG2120146D%22%2C%224778262%22%3A%22%22%2C%224778263%22%3A%221%22%2C%224778265%22%3A%22%22%2C%224778283%22%3A%22%22%2C%224778407%22%3A%22A00001%22%2C%22k_content_id%22%3A%22%22%2C%22k_ud_content_id%22%3A%224000346%22%2C%22k_title%22%3A%22test_231123_4%22%2C%22c_category_id%22%3A%225393847%22%2C%22k_datagrade%22%3A%22%22%2C%22ext-comp-1038%22%3A%22%22%2C%22k_storterm%22%3A%22%22%2C%22ext-comp-1035%22%3A%22%22%7D%5D%2C%22regist_type%22%3A%22meta%22%2C%22original_filename%22%3A%22P2023112258406_MF_TEASER_CLEAN.mov%22%7D
10.160.211.211	[2023-11-23 15:30:19] decodeData ===> Array
(
    [user_id] => ADMIN
    [flag] => reg_davinchi_ftp
    [metadata_type] => id
    [metadata] => Array
        (
            [0] => Array
                (
                    [4000288] => 이규훈
                    [4000289] =>
                    [4000292] => 20120923 시스템관리팀 테스트
                    [4000293] => 1회차 테스트
                    [4000294] =>
                    [4778141] => 모든연령
                    [4778261] => PG2120146D
                    [4778262] =>
                    [4778263] => 1
                    [4778265] =>
                    [4778283] =>
                    [4778407] => A00001
                    [k_content_id] =>
                    [k_ud_content_id] => 4000346
                    [k_title] => test_231123_4
                    [c_category_id] => 5393847
                    [k_datagrade] =>
                    [ext-comp-1038] =>
                    [k_storterm] =>
                    [ext-comp-1035] =>
                )

        )

    [regist_type] => meta
    [original_filename] => P2023112258406_MF_TEASER_CLEAN.mov
)

10.160.211.211	[2023-11-23 15:30:19] return ===> <?xml version="1.0" encoding="UTF-8"?>
<response><result success="true" msg="ok" content_id="2417967" task_id=""><success>true</success><msg>ok</msg><content_id>2417967</content_id><task_id/><task_list_info><type>FTP</type><source_root>10.160.77.12:21</source_root><source_root_for_mac></source_root_for_mac><login_id>chaadmin@ddmc.com</login_id><login_pw>ddmcad09)(</login_pw><source_opt>dir=$UD_PATH/clip&amp;filename=$CONTENT_ID&amp;ext=$OUT_SRC_EXT</source_opt><source>PG2120146D/NPS_EDIT/clip</source><edius_file_path/></task_list_info></result></response>

10.160.211.211	[2023-11-23 15:35:29] REQUEST ===> Array
(
)

10.160.211.211	[2023-11-23 15:35:29] receive ===> %7B%22user_id%22%3A%22ADMIN%22%2C%22flag%22%3A%22reg_davinchi_ftp%22%2C%22metadata_type%22%3A%22id%22%2C%22metadata%22%3A%5B%7B%224000288%22%3A%22%22%2C%224000289%22%3A%22%22%2C%224000292%22%3A%22%ED%85%8C%EC%8A%A4%ED%8A%B8%ED%94%84%EB%A1%9C%EA%B7%B8%EB%9E%A8%22%2C%224000293%22%3A%222%ED%9A%8C%EC%B0%A8%22%2C%224000294%22%3A%22%22%2C%224778141%22%3A%22%EB%AA%A8%EB%93%A0%EC%97%B0%EB%A0%B9%22%2C%224778261%22%3A%22PG2230187D%22%2C%224778262%22%3A%22%22%2C%224778263%22%3A%222%22%2C%224778265%22%3A%22%22%2C%224778283%22%3A%22%22%2C%224778407%22%3A%22A00002%22%2C%22k_content_id%22%3A%22%22%2C%22k_ud_content_id%22%3A%224000346%22%2C%22k_title%22%3A%22test_231123%22%2C%22c_category_id%22%3A%225443759%22%2C%22k_datagrade%22%3A%22%22%2C%22ext-comp-1038%22%3A%22%22%2C%22k_storterm%22%3A%22%22%2C%22ext-comp-1035%22%3A%22%22%7D%5D%2C%22regist_type%22%3A%22meta%22%2C%22original_filename%22%3A%22P2023112258406_MF_TEASER_CLEAN.mov%22%7D
10.160.211.211	[2023-11-23 15:35:29] decodeData ===> Array
(
    [user_id] => ADMIN
    [flag] => reg_davinchi_ftp
    [metadata_type] => id
    [metadata] => Array
        (
            [0] => Array
                (
                    [4000288] =>
                    [4000289] =>
                    [4000292] => 테스트프로그램
                    [4000293] => 2회차
                    [4000294] =>
                    [4778141] => 모든연령
                    [4778261] => PG2230187D
                    [4778262] =>
                    [4778263] => 2
                    [4778265] =>
                    [4778283] =>
                    [4778407] => A00002
                    [k_content_id] =>
                    [k_ud_content_id] => 4000346
                    [k_title] => test_231123
                    [c_category_id] => 5443759
                    [k_datagrade] =>
                    [ext-comp-1038] =>
                    [k_storterm] =>
                    [ext-comp-1035] =>
                )

        )

    [regist_type] => meta
    [original_filename] => P2023112258406_MF_TEASER_CLEAN.mov
)

10.160.211.211	[2023-11-23 15:35:29] return ===> <?xml version="1.0" encoding="UTF-8"?>
<response><result success="true" msg="ok" content_id="2417968" task_id=""><success>true</success><msg>ok</msg><content_id>2417968</content_id><task_id/><task_list_info><type>FTP</type><source_root>10.160.77.12:2021</source_root><source_root_for_mac></source_root_for_mac><login_id>chaadmin@ddmc.com</login_id><login_pw>ddmcad09)(</login_pw><source_opt>dir=$UD_PATH/clip&amp;filename=$CONTENT_ID&amp;ext=$OUT_SRC_EXT</source_opt><source>PG2230187D/NPS_EDIT/clip</source><edius_file_path/></task_list_info></result></response>

10.160.211.211	[2023-11-23 15:35:57] REQUEST ===> Array
(
)

10.160.211.211	[2023-11-23 15:35:57] receive ===> %7B%22user_id%22%3A%22ADMIN%22%2C%22flag%22%3A%22reg_davinchi_ftp%22%2C%22metadata_type%22%3A%22id%22%2C%22metadata%22%3A%5B%7B%224000288%22%3A%22%22%2C%224000289%22%3A%22%22%2C%224000292%22%3A%22%ED%85%8C%EC%8A%A4%ED%8A%B8%ED%94%84%EB%A1%9C%EA%B7%B8%EB%9E%A8%22%2C%224000293%22%3A%222%ED%9A%8C%EC%B0%A8%22%2C%224000294%22%3A%22%22%2C%224778141%22%3A%22%EB%AA%A8%EB%93%A0%EC%97%B0%EB%A0%B9%22%2C%224778261%22%3A%22PG2230187D%22%2C%224778262%22%3A%22%22%2C%224778263%22%3A%222%22%2C%224778265%22%3A%22%22%2C%224778283%22%3A%22%22%2C%224778407%22%3A%22A00002%22%2C%22k_content_id%22%3A%22%22%2C%22k_ud_content_id%22%3A%224000346%22%2C%22k_title%22%3A%22test_231123%22%2C%22c_category_id%22%3A%225443759%22%2C%22k_datagrade%22%3A%22%22%2C%22ext-comp-1038%22%3A%22%22%2C%22k_storterm%22%3A%22%22%2C%22ext-comp-1035%22%3A%22%22%7D%5D%2C%22regist_type%22%3A%22task%22%2C%22content_id%22%3A%222417968%22%2C%22original_filename%22%3A%22P2023112258406_MF_TEASER_CLEAN.mov%22%2C%22IsFileNameToTitle%22%3A%220%22%7D
10.160.211.211	[2023-11-23 15:35:57] decodeData ===> Array
(
    [user_id] => ADMIN
    [flag] => reg_davinchi_ftp
    [metadata_type] => id
    [metadata] => Array
        (
            [0] => Array
                (
                    [4000288] =>
                    [4000289] =>
                    [4000292] => 테스트프로그램
                    [4000293] => 2회차
                    [4000294] =>
                    [4778141] => 모든연령
                    [4778261] => PG2230187D
                    [4778262] =>
                    [4778263] => 2
                    [4778265] =>
                    [4778283] =>
                    [4778407] => A00002
                    [k_content_id] =>
                    [k_ud_content_id] => 4000346
                    [k_title] => test_231123
                    [c_category_id] => 5443759
                    [k_datagrade] =>
                    [ext-comp-1038] =>
                    [k_storterm] =>
                    [ext-comp-1035] =>
                )

        )

    [regist_type] => task
    [content_id] => 2417968
    [original_filename] => P2023112258406_MF_TEASER_CLEAN.mov
    [IsFileNameToTitle] => 0
)

10.160.211.211	[2023-11-23 15:35:57] return ===> <?xml version="1.0" encoding="UTF-8"?>
<response><result success="true" msg="ok" content_id="2417968" task_id="10877472"><success>true</success><msg>ok</msg><content_id>2417968</content_id><task_id>10877472</task_id><task_list_info><edius_file_path>PG2230187D/NPS_EDIT/clip/P2023112358719.mov</edius_file_path></task_list_info></result></response>

10.160.211.211	[2023-11-23 15:47:42] REQUEST ===> Array
(
)

10.160.211.211	[2023-11-23 15:47:42] receive ===> %7B%22user_id%22%3A%22ADMIN%22%2C%22flag%22%3A%22reg_davinchi_ftp%22%2C%22metadata_type%22%3A%22id%22%2C%22metadata%22%3A%5B%7B%224000288%22%3A%22%EC%9D%B4%EA%B7%9C%ED%9B%88%22%2C%224000289%22%3A%22%22%2C%224000292%22%3A%2220120923+%EC%8B%9C%EC%8A%A4%ED%85%9C%EA%B4%80%EB%A6%AC%ED%8C%80+%ED%85%8C%EC%8A%A4%ED%8A%B8%22%2C%224000293%22%3A%221%ED%9A%8C%EC%B0%A8+%ED%85%8C%EC%8A%A4%ED%8A%B8%22%2C%224000294%22%3A%22%22%2C%224778141%22%3A%22%EB%AA%A8%EB%93%A0%EC%97%B0%EB%A0%B9%22%2C%224778261%22%3A%22PG2120146D%22%2C%224778262%22%3A%22%22%2C%224778263%22%3A%221%22%2C%224778265%22%3A%22%22%2C%224778283%22%3A%22%22%2C%224778407%22%3A%22A00001%22%2C%22k_content_id%22%3A%22%22%2C%22k_ud_content_id%22%3A%224000346%22%2C%22k_title%22%3A%22test_231123_7%22%2C%22c_category_id%22%3A%225393847%22%2C%22k_datagrade%22%3A%22%22%2C%22ext-comp-1038%22%3A%22%22%2C%22k_storterm%22%3A%22%22%2C%22ext-comp-1035%22%3A%22%22%7D%5D%2C%22regist_type%22%3A%22meta%22%2C%22original_filename%22%3A%22P2023112258406_MF_TEASER_CLEAN.mov%22%7D
10.160.211.211	[2023-11-23 15:47:42] decodeData ===> Array
(
    [user_id] => ADMIN
    [flag] => reg_davinchi_ftp
    [metadata_type] => id
    [metadata] => Array
        (
            [0] => Array
                (
                    [4000288] => 이규훈
                    [4000289] =>
                    [4000292] => 20120923 시스템관리팀 테스트
                    [4000293] => 1회차 테스트
                    [4000294] =>
                    [4778141] => 모든연령
                    [4778261] => PG2120146D
                    [4778262] =>
                    [4778263] => 1
                    [4778265] =>
                    [4778283] =>
                    [4778407] => A00001
                    [k_content_id] =>
                    [k_ud_content_id] => 4000346
                    [k_title] => test_231123_7
                    [c_category_id] => 5393847
                    [k_datagrade] =>
                    [ext-comp-1038] =>
                    [k_storterm] =>
                    [ext-comp-1035] =>
                )

        )

    [regist_type] => meta
    [original_filename] => P2023112258406_MF_TEASER_CLEAN.mov
)

10.160.211.211	[2023-11-23 15:47:42] return ===> <?xml version="1.0" encoding="UTF-8"?>
<response><result success="true" msg="ok" content_id="2417976" task_id=""><success>true</success><msg>ok</msg><content_id>2417976</content_id><task_id/><task_list_info><type>FTP</type><source_root>10.160.77.12:21</source_root><source_root_for_mac></source_root_for_mac><login_id>chaadmin@ddmc.com</login_id><login_pw>ddmcad09)(</login_pw><source_opt>dir=$UD_PATH/clip&amp;filename=$CONTENT_ID&amp;ext=$OUT_SRC_EXT</source_opt><source>PG2120146D/NPS_EDIT/clip</source><edius_file_path/></task_list_info></result></response>

10.160.210.71	[2023-11-23 15:55:50] REQUEST ===> Array
(
)

10.160.210.71	[2023-11-23 15:55:50] receive ===> {"user_id":"CA022054","type":"4000346","todas":false,"flag":"edius","metadata_type":"id","metadata":[{"4000288":"","4000289":"","4000292":"오은영의 금쪽 상담소","4000293":"","4000294":"","4778141":null,"4778261":"PG2210189D","4778262":"P2023112057810","4778263":"107","4778265":null,"4778283":"","4778407":"A00107","k_content_id":"","k_ud_content_id":"4000346","k_title":"(시사용) 박선주&강솔에이미_오쌤 보컬 트레이닝","c_category_id":"5440957","k_datagrade":"","ext-comp-1038":"","k_storterm":"","ext-comp-1035":""}],"regist_type":""} 
10.160.210.71	[2023-11-23 15:55:50] decodeData ===> Array
(
    [user_id] => CA022054
    [type] => 4000346
    [todas] =>
    [flag] => edius
    [metadata_type] => id
    [metadata] => Array
        (
            [0] => Array
                (
                    [4000288] =>
                    [4000289] =>
                    [4000292] => 오은영의 금쪽 상담소
                    [4000293] =>
                    [4000294] =>
                    [4778141] =>
                    [4778261] => PG2210189D
                    [4778262] => P2023112057810
                    [4778263] => 107
                    [4778265] =>
                    [4778283] =>
                    [4778407] => A00107
                    [k_content_id] =>
                    [k_ud_content_id] => 4000346
                    [k_title] => (시사용) 박선주&강솔에이미_오쌤 보컬 트레이닝
                    [c_category_id] => 5440957
                    [k_datagrade] =>
                    [ext-comp-1038] =>
                    [k_storterm] =>
                    [ext-comp-1035] =>
                )

        )

    [regist_type] =>
)

10.160.210.71	[2023-11-23 15:55:50] return ===> <?xml version="1.0" encoding="UTF-8"?>
<response><result success="true" msg="ok" content_id="2417978" task_id="10877983"><success>true</success><msg>ok</msg><content_id>2417978</content_id><task_id>10877983</task_id><task_list_info><source_path_id>83</source_path_id><target_path_id>83</target_path_id><register>edius</register><parameter>"rename"</parameter><source_opt>null</source_opt><target_opt>media=original&amp;dir=$UD_PATH/clip&amp;filename=$OUT_SRC_FILE&amp;ext=$OUT_SRC_EXT</target_opt><type>SAN</type><source_root>I:/CMS</source_root><source_root_for_mac>Product_Main/CMS</source_root_for_mac><login_id></login_id><login_pw></login_pw><source></source><edius_file_path>PG2210189D/NPS_EDIT/clip/P2023112358729.mxf</edius_file_path></task_list_info></result></response>

10.160.210.30	[2023-11-23 16:07:05] REQUEST ===> Array
(
)

10.160.210.30	[2023-11-23 16:07:05] receive ===> {"user_id":"CM014167","type":"4000365","todas":false,"flag":"edius","metadata_type":"id","metadata":[{"4000288":"","4000289":"","4000292":"28청춘","4000293":"자료없음","4000294":"협찬TC\r\n01분 53초\r\n39분 48초\r\n45분 27초","4778141":"모든연령","4778261":"PG2230257D","4778262":"P2023112358710","4778263":"7","4778265":"003","4778283":"","4778407":"A00007","k_content_id":"","k_ud_content_id":"4000365","k_title":"(메인1/2)_28청춘_7회 (재) [60분 편성][협찬고지바추가]_[시간고지X]","c_category_id":"5444000","k_datagrade":"","ext-comp-1073":"","k_storterm":"","ext-comp-1070":""}],"regist_type":""} 
10.160.210.30	[2023-11-23 16:07:05] decodeData ===> Array
(
    [user_id] => CM014167
    [type] => 4000365
    [todas] =>
    [flag] => edius
    [metadata_type] => id
    [metadata] => Array
        (
            [0] => Array
                (
                    [4000288] =>
                    [4000289] =>
                    [4000292] => 28청춘
                    [4000293] => 자료없음
                    [4000294] => 협찬TC
01분 53초
39분 48초
45분 27초
                    [4778141] => 모든연령
                    [4778261] => PG2230257D
                    [4778262] => P2023112358710
                    [4778263] => 7
                    [4778265] => 003
                    [4778283] =>
                    [4778407] => A00007
                    [k_content_id] =>
                    [k_ud_content_id] => 4000365
                    [k_title] => (메인1/2)_28청춘_7회 (재) [60분 편성][협찬고지바추가]_[시간고지X]
                    [c_category_id] => 5444000
                    [k_datagrade] =>
                    [ext-comp-1073] =>
                    [k_storterm] =>
                    [ext-comp-1070] =>
                )

        )

    [regist_type] =>
)

10.160.210.30	[2023-11-23 16:07:05] return ===> <?xml version="1.0" encoding="UTF-8"?>
<response><result success="true" msg="ok" content_id="2417980" task_id="10878480"><success>true</success><msg>ok</msg><content_id>2417980</content_id><task_id>10878480</task_id><task_list_info><source_path_id>83</source_path_id><target_path_id>83</target_path_id><register>edius</register><parameter>"rename"</parameter><source_opt>null</source_opt><target_opt>media=original&amp;dir=$UD_PATH/clip&amp;filename=$OUT_SRC_FILE&amp;ext=$OUT_SRC_EXT</target_opt><type>SAN</type><source_root>I:/CMS</source_root><source_root_for_mac>Product_Main/CMS</source_root_for_mac><login_id></login_id><login_pw></login_pw><source></source><edius_file_path>PG2230257D/NPS_MASTER/clip/P2023112358731.mxf</edius_file_path></task_list_info></result></response>

10.160.215.59	[2023-11-23 16:07:50] REQUEST ===> Array
(
)

10.160.215.59	[2023-11-23 16:07:50] receive ===> {"user_id":"SUNGEUNK","type":"4000346","todas":false,"flag":"edius","metadata_type":"id","metadata":[{"4000288":"","4000289":"","4000292":"나만 믿고 따라와 도시어부 5","4000293":"13회","4000294":"","4778141":"15 세","4778261":"PG2230143D","4778262":"P2023112358645","4778263":"13","4778265":null,"4778283":"","4778407":"A00013","k_content_id":"","k_ud_content_id":"4000346","k_title":"[마시후수정땜] 파트5","c_category_id":"5443849","k_datagrade":"","ext-comp-1038":"","k_storterm":"","ext-comp-1035":""}],"regist_type":""} 
10.160.215.59	[2023-11-23 16:07:50] decodeData ===> Array
(
    [user_id] => SUNGEUNK
    [type] => 4000346
    [todas] =>
    [flag] => edius
    [metadata_type] => id
    [metadata] => Array
        (
            [0] => Array
                (
                    [4000288] =>
                    [4000289] =>
                    [4000292] => 나만 믿고 따라와 도시어부 5
                    [4000293] => 13회
                    [4000294] =>
                    [4778141] => 15 세
                    [4778261] => PG2230143D
                    [4778262] => P2023112358645
                    [4778263] => 13
                    [4778265] =>
                    [4778283] =>
                    [4778407] => A00013
                    [k_content_id] =>
                    [k_ud_content_id] => 4000346
                    [k_title] => [마시후수정땜] 파트5
                    [c_category_id] => 5443849
                    [k_datagrade] =>
                    [ext-comp-1038] =>
                    [k_storterm] =>
                    [ext-comp-1035] =>
                )

        )

    [regist_type] =>
)

10.160.215.59	[2023-11-23 16:07:50] return ===> <?xml version="1.0" encoding="UTF-8"?>
<response><result success="true" msg="ok" content_id="2417981" task_id="10878483"><success>true</success><msg>ok</msg><content_id>2417981</content_id><task_id>10878483</task_id><task_list_info><source_path_id>162</source_path_id><target_path_id>162</target_path_id><register>edius</register><parameter>"rename"</parameter><source_opt>null</source_opt><target_opt>media=original&amp;dir=$UD_PATH/clip&amp;filename=$OUT_SRC_FILE&amp;ext=$OUT_SRC_EXT</target_opt><type>SAN</type><source_root>P:/CMS</source_root><source_root_for_mac>Product_Main/CMS</source_root_for_mac><login_id></login_id><login_pw></login_pw><source></source><edius_file_path>PG2230143D/NPS_EDIT/clip/P2023112358732.mxf</edius_file_path></task_list_info></result></response>

10.160.211.211	[2023-11-23 16:09:21] REQUEST ===> Array
(
)

10.160.211.211	[2023-11-23 16:09:21] receive ===> %7B%22user_id%22%3A%22ADMIN%22%2C%22flag%22%3A%22reg_davinchi_ftp%22%2C%22metadata_type%22%3A%22id%22%2C%22metadata%22%3A%5B%7B%224000288%22%3A%22%EC%9D%B4%EA%B7%9C%ED%9B%88%22%2C%224000289%22%3A%22%22%2C%224000292%22%3A%2220120923+%EC%8B%9C%EC%8A%A4%ED%85%9C%EA%B4%80%EB%A6%AC%ED%8C%80+%ED%85%8C%EC%8A%A4%ED%8A%B8%22%2C%224000293%22%3A%222%ED%9A%8C%EC%B0%A8+%ED%85%8C%EC%8A%A4%ED%8A%B8%22%2C%224000294%22%3A%22%22%2C%224778141%22%3A%22%EB%AA%A8%EB%93%A0%EC%97%B0%EB%A0%B9%22%2C%224778261%22%3A%22PG2120146D%22%2C%224778262%22%3A%22%22%2C%224778263%22%3A%222%22%2C%224778265%22%3A%22%22%2C%224778283%22%3A%22%22%2C%224778407%22%3A%22A00002%22%2C%22k_content_id%22%3A%22%22%2C%22k_ud_content_id%22%3A%224000346%22%2C%22k_title%22%3A%22test_231123_8%22%2C%22c_category_id%22%3A%225393847%22%2C%22k_datagrade%22%3A%22%22%2C%22ext-comp-1038%22%3A%22%22%2C%22k_storterm%22%3A%22%22%2C%22ext-comp-1035%22%3A%22%22%7D%5D%2C%22regist_type%22%3A%22meta%22%2C%22original_filename%22%3A%22P2023112258406_MF_TEASER_CLEAN.mov%22%7D
10.160.211.211	[2023-11-23 16:09:21] decodeData ===> Array
(
    [user_id] => ADMIN
    [flag] => reg_davinchi_ftp
    [metadata_type] => id
    [metadata] => Array
        (
            [0] => Array
                (
                    [4000288] => 이규훈
                    [4000289] =>
                    [4000292] => 20120923 시스템관리팀 테스트
                    [4000293] => 2회차 테스트
                    [4000294] =>
                    [4778141] => 모든연령
                    [4778261] => PG2120146D
                    [4778262] =>
                    [4778263] => 2
                    [4778265] =>
                    [4778283] =>
                    [4778407] => A00002
                    [k_content_id] =>
                    [k_ud_content_id] => 4000346
                    [k_title] => test_231123_8
                    [c_category_id] => 5393847
                    [k_datagrade] =>
                    [ext-comp-1038] =>
                    [k_storterm] =>
                    [ext-comp-1035] =>
                )

        )

    [regist_type] => meta
    [original_filename] => P2023112258406_MF_TEASER_CLEAN.mov
)

10.160.211.211	[2023-11-23 16:09:21] return ===> <?xml version="1.0" encoding="UTF-8"?>
<response><result success="true" msg="ok" content_id="2417983" task_id=""><success>true</success><msg>ok</msg><content_id>2417983</content_id><task_id/><task_list_info><type>FTP</type><source_root>10.160.77.12:21</source_root><source_root_for_mac></source_root_for_mac><login_id>chaadmin@ddmc.com</login_id><login_pw>ddmcad09)(</login_pw><source_opt>dir=$UD_PATH/clip&amp;filename=$CONTENT_ID&amp;ext=$OUT_SRC_EXT</source_opt><source>PG2120146D/NPS_EDIT/clip</source><edius_file_path/></task_list_info></result></response>

10.160.211.211	[2023-11-23 16:10:43] REQUEST ===> Array
(
)

10.160.211.211	[2023-11-23 16:10:43] receive ===> %7B%22user_id%22%3A%22ADMIN%22%2C%22flag%22%3A%22reg_davinchi_ftp%22%2C%22metadata_type%22%3A%22id%22%2C%22metadata%22%3A%5B%7B%224000288%22%3A%22%EC%9D%B4%EA%B7%9C%ED%9B%88%22%2C%224000289%22%3A%22%22%2C%224000292%22%3A%2220120923+%EC%8B%9C%EC%8A%A4%ED%85%9C%EA%B4%80%EB%A6%AC%ED%8C%80+%ED%85%8C%EC%8A%A4%ED%8A%B8%22%2C%224000293%22%3A%221%ED%9A%8C%EC%B0%A8+%ED%85%8C%EC%8A%A4%ED%8A%B8%22%2C%224000294%22%3A%22%22%2C%224778141%22%3A%22%EB%AA%A8%EB%93%A0%EC%97%B0%EB%A0%B9%22%2C%224778261%22%3A%22PG2120146D%22%2C%224778262%22%3A%22%22%2C%224778263%22%3A%221%22%2C%224778265%22%3A%22%22%2C%224778283%22%3A%22%22%2C%224778407%22%3A%22A00001%22%2C%22k_content_id%22%3A%22%22%2C%22k_ud_content_id%22%3A%224000346%22%2C%22k_title%22%3A%22%22%2C%22c_category_id%22%3A%225393847%22%2C%22k_datagrade%22%3A%22%22%2C%22ext-comp-1038%22%3A%22%22%2C%22k_storterm%22%3A%22%22%2C%22ext-comp-1035%22%3A%22%22%7D%5D%2C%22regist_type%22%3A%22meta%22%2C%22original_filename%22%3A%22P2023112258406_MF_TEASER_CLEAN.mov%22%7D
10.160.211.211	[2023-11-23 16:10:43] decodeData ===> Array
(
    [user_id] => ADMIN
    [flag] => reg_davinchi_ftp
    [metadata_type] => id
    [metadata] => Array
        (
            [0] => Array
                (
                    [4000288] => 이규훈
                    [4000289] =>
                    [4000292] => 20120923 시스템관리팀 테스트
                    [4000293] => 1회차 테스트
                    [4000294] =>
                    [4778141] => 모든연령
                    [4778261] => PG2120146D
                    [4778262] =>
                    [4778263] => 1
                    [4778265] =>
                    [4778283] =>
                    [4778407] => A00001
                    [k_content_id] =>
                    [k_ud_content_id] => 4000346
                    [k_title] =>
                    [c_category_id] => 5393847
                    [k_datagrade] =>
                    [ext-comp-1038] =>
                    [k_storterm] =>
                    [ext-comp-1035] =>
                )

        )

    [regist_type] => meta
    [original_filename] => P2023112258406_MF_TEASER_CLEAN.mov
)

10.160.211.211	[2023-11-23 16:10:43] return ===> <?xml version="1.0" encoding="UTF-8"?>
<response><result success="true" msg="ok" content_id="2417984" task_id=""><success>true</success><msg>ok</msg><content_id>2417984</content_id><task_id/><task_list_info><type>FTP</type><source_root>10.160.77.12:21</source_root><source_root_for_mac></source_root_for_mac><login_id>chaadmin@ddmc.com</login_id><login_pw>ddmcad09)(</login_pw><source_opt>dir=$UD_PATH/clip&amp;filename=$CONTENT_ID&amp;ext=$OUT_SRC_EXT</source_opt><source>PG2120146D/NPS_EDIT/clip</source><edius_file_path/></task_list_info></result></response>

10.160.210.71	[2023-11-23 16:10:46] REQUEST ===> Array
(
)

10.160.210.71	[2023-11-23 16:10:46] receive ===> {"user_id":"CA022054","type":"4000346","todas":false,"flag":"edius","metadata_type":"id","metadata":[{"4000288":"","4000289":"","4000292":"오은영의 금쪽 상담소","4000293":"","4000294":"","4778141":null,"4778261":"PG2210189D","4778262":"P2023112358729","4778263":"107","4778265":null,"4778283":"","4778407":"A00107","k_content_id":"","k_ud_content_id":"4000346","k_title":"(시사용) 박선주&강솔에이미 VCR1","c_category_id":"5440957","k_datagrade":"","ext-comp-1038":"","k_storterm":"","ext-comp-1035":""}],"regist_type":""} 
10.160.210.71	[2023-11-23 16:10:46] decodeData ===> Array
(
    [user_id] => CA022054
    [type] => 4000346
    [todas] =>
    [flag] => edius
    [metadata_type] => id
    [metadata] => Array
        (
            [0] => Array
                (
                    [4000288] =>
                    [4000289] =>
                    [4000292] => 오은영의 금쪽 상담소
                    [4000293] =>
                    [4000294] =>
                    [4778141] =>
                    [4778261] => PG2210189D
                    [4778262] => P2023112358729
                    [4778263] => 107
                    [4778265] =>
                    [4778283] =>
                    [4778407] => A00107
                    [k_content_id] =>
                    [k_ud_content_id] => 4000346
                    [k_title] => (시사용) 박선주&강솔에이미 VCR1
                    [c_category_id] => 5440957
                    [k_datagrade] =>
                    [ext-comp-1038] =>
                    [k_storterm] =>
                    [ext-comp-1035] =>
                )

        )

    [regist_type] =>
)

10.160.210.71	[2023-11-23 16:10:47] return ===> <?xml version="1.0" encoding="UTF-8"?>
<response><result success="true" msg="ok" content_id="2417985" task_id="10878539"><success>true</success><msg>ok</msg><content_id>2417985</content_id><task_id>10878539</task_id><task_list_info><source_path_id>83</source_path_id><target_path_id>83</target_path_id><register>edius</register><parameter>"rename"</parameter><source_opt>null</source_opt><target_opt>media=original&amp;dir=$UD_PATH/clip&amp;filename=$OUT_SRC_FILE&amp;ext=$OUT_SRC_EXT</target_opt><type>SAN</type><source_root>I:/CMS</source_root><source_root_for_mac>Product_Main/CMS</source_root_for_mac><login_id></login_id><login_pw></login_pw><source></source><edius_file_path>PG2210189D/NPS_EDIT/clip/P2023112358736.mxf</edius_file_path></task_list_info></result></response>

10.160.210.122	[2023-11-23 16:12:18] REQUEST ===> Array
(
)

10.160.210.122	[2023-11-23 16:12:18] receive ===> {"user_id":"CA022049","type":"4000346","todas":false,"flag":"edius","metadata_type":"id","metadata":[{"4000288":"","4000289":"","4000292":"성적을 부탁해 티처스","4000293":"4회","4000294":"","4778141":"12 세","4778261":"PG2230246D","4778262":"P2023112258333","4778263":"4","4778265":null,"4778283":"","4778407":"A00004","k_content_id":"","k_ud_content_id":"4000346","k_title":"(색보정용) 애프터_추가4컷","c_category_id":"5443931","k_datagrade":"","ext-comp-1038":"","k_storterm":"","ext-comp-1035":""}],"regist_type":""} 
10.160.210.122	[2023-11-23 16:12:18] decodeData ===> Array
(
    [user_id] => CA022049
    [type] => 4000346
    [todas] =>
    [flag] => edius
    [metadata_type] => id
    [metadata] => Array
        (
            [0] => Array
                (
                    [4000288] =>
                    [4000289] =>
                    [4000292] => 성적을 부탁해 티처스
                    [4000293] => 4회
                    [4000294] =>
                    [4778141] => 12 세
                    [4778261] => PG2230246D
                    [4778262] => P2023112258333
                    [4778263] => 4
                    [4778265] =>
                    [4778283] =>
                    [4778407] => A00004
                    [k_content_id] =>
                    [k_ud_content_id] => 4000346
                    [k_title] => (색보정용) 애프터_추가4컷
                    [c_category_id] => 5443931
                    [k_datagrade] =>
                    [ext-comp-1038] =>
                    [k_storterm] =>
                    [ext-comp-1035] =>
                )

        )

    [regist_type] =>
)

10.160.210.122	[2023-11-23 16:12:18] return ===> <?xml version="1.0" encoding="UTF-8"?>
<response><result success="true" msg="ok" content_id="2417986" task_id="10878547"><success>true</success><msg>ok</msg><content_id>2417986</content_id><task_id>10878547</task_id><task_list_info><source_path_id>162</source_path_id><target_path_id>162</target_path_id><register>edius</register><parameter>"rename"</parameter><source_opt>null</source_opt><target_opt>media=original&amp;dir=$UD_PATH/clip&amp;filename=$OUT_SRC_FILE&amp;ext=$OUT_SRC_EXT</target_opt><type>SAN</type><source_root>P:/CMS</source_root><source_root_for_mac>Product_Main/CMS</source_root_for_mac><login_id></login_id><login_pw></login_pw><source></source><edius_file_path>PG2230246D/NPS_EDIT/clip/P2023112358737.mxf</edius_file_path></task_list_info></result></response>

10.160.210.24	[2023-11-23 16:12:26] REQUEST ===> Array
(
)

10.160.210.24	[2023-11-23 16:12:26] receive ===> {"user_id":"CA022068","type":"4000346","todas":false,"flag":"edius","metadata_type":"id","metadata":[{"4000288":"","4000289":"","4000292":"오은영의 금쪽 상담소","4000293":"109회","4000294":"","4778141":"15 세","4778261":"PG2210189D","4778262":"P2023112158011","4778263":"109","4778265":null,"4778283":"","4778407":"A00109","k_content_id":"","k_ud_content_id":"4000346","k_title":"(1123시사) 크남매 파트1","c_category_id":"5440957","k_datagrade":"","ext-comp-1038":"","k_storterm":"","ext-comp-1035":""}],"regist_type":""} 
10.160.210.24	[2023-11-23 16:12:26] decodeData ===> Array
(
    [user_id] => CA022068
    [type] => 4000346
    [todas] =>
    [flag] => edius
    [metadata_type] => id
    [metadata] => Array
        (
            [0] => Array
                (
                    [4000288] =>
                    [4000289] =>
                    [4000292] => 오은영의 금쪽 상담소
                    [4000293] => 109회
                    [4000294] =>
                    [4778141] => 15 세
                    [4778261] => PG2210189D
                    [4778262] => P2023112158011
                    [4778263] => 109
                    [4778265] =>
                    [4778283] =>
                    [4778407] => A00109
                    [k_content_id] =>
                    [k_ud_content_id] => 4000346
                    [k_title] => (1123시사) 크남매 파트1
                    [c_category_id] => 5440957
                    [k_datagrade] =>
                    [ext-comp-1038] =>
                    [k_storterm] =>
                    [ext-comp-1035] =>
                )

        )

    [regist_type] =>
)

10.160.210.24	[2023-11-23 16:12:27] return ===> <?xml version="1.0" encoding="UTF-8"?>
<response><result success="true" msg="ok" content_id="2417987" task_id="10878549"><success>true</success><msg>ok</msg><content_id>2417987</content_id><task_id>10878549</task_id><task_list_info><source_path_id>83</source_path_id><target_path_id>83</target_path_id><register>edius</register><parameter>"rename"</parameter><source_opt>null</source_opt><target_opt>media=original&amp;dir=$UD_PATH/clip&amp;filename=$OUT_SRC_FILE&amp;ext=$OUT_SRC_EXT</target_opt><type>SAN</type><source_root>I:/CMS</source_root><source_root_for_mac>Product_Main/CMS</source_root_for_mac><login_id></login_id><login_pw></login_pw><source></source><edius_file_path>PG2210189D/NPS_EDIT/clip/P2023112358738.mxf</edius_file_path></task_list_info></result></response>

10.160.212.11	[2023-11-23 16:15:34] REQUEST ===> Array
(
)

10.160.212.11	[2023-11-23 16:15:34] receive ===> {"user_id":"CM016016","type":"4000346","todas":false,"flag":"edius","metadata_type":"id","metadata":[{"4000288":"","4000289":"","4000292":"나만 믿고 따라와 도시어부 5","4000293":"13회","4000294":"","4778141":"15 세","4778261":"PG2230143D","4778262":"P2023112358693","4778263":"13","4778265":null,"4778283":"","4778407":"A00013","k_content_id":"","k_ud_content_id":"4000346","k_title":"13회 선공개","c_category_id":"5443849","k_datagrade":"","ext-comp-1038":"","k_storterm":"","ext-comp-1035":""}],"regist_type":""} 
10.160.212.11	[2023-11-23 16:15:34] decodeData ===> Array
(
    [user_id] => CM016016
    [type] => 4000346
    [todas] =>
    [flag] => edius
    [metadata_type] => id
    [metadata] => Array
        (
            [0] => Array
                (
                    [4000288] =>
                    [4000289] =>
                    [4000292] => 나만 믿고 따라와 도시어부 5
                    [4000293] => 13회
                    [4000294] =>
                    [4778141] => 15 세
                    [4778261] => PG2230143D
                    [4778262] => P2023112358693
                    [4778263] => 13
                    [4778265] =>
                    [4778283] =>
                    [4778407] => A00013
                    [k_content_id] =>
                    [k_ud_content_id] => 4000346
                    [k_title] => 13회 선공개
                    [c_category_id] => 5443849
                    [k_datagrade] =>
                    [ext-comp-1038] =>
                    [k_storterm] =>
                    [ext-comp-1035] =>
                )

        )

    [regist_type] =>
)

10.160.212.11	[2023-11-23 16:15:34] return ===> <?xml version="1.0" encoding="UTF-8"?>
<response><result success="true" msg="ok" content_id="2417993" task_id="10878581"><success>true</success><msg>ok</msg><content_id>2417993</content_id><task_id>10878581</task_id><task_list_info><source_path_id>162</source_path_id><target_path_id>162</target_path_id><register>edius</register><parameter>"rename"</parameter><source_opt>null</source_opt><target_opt>media=original&amp;dir=$UD_PATH/clip&amp;filename=$OUT_SRC_FILE&amp;ext=$OUT_SRC_EXT</target_opt><type>SAN</type><source_root>P:/CMS</source_root><source_root_for_mac>Product_Main/CMS</source_root_for_mac><login_id></login_id><login_pw></login_pw><source></source><edius_file_path>PG2230143D/NPS_EDIT/clip/P2023112358739.mxf</edius_file_path></task_list_info></result></response>

10.160.210.71	[2023-11-23 16:17:46] REQUEST ===> Array
(
)

10.160.210.71	[2023-11-23 16:17:46] receive ===> {"user_id":"CA022054","type":"4000346","todas":false,"flag":"edius","metadata_type":"id","metadata":[{"4000288":"","4000289":"","4000292":"오은영의 금쪽 상담소","4000293":"","4000294":"","4778141":null,"4778261":"PG2210189D","4778262":"P2023112358736","4778263":"107","4778265":null,"4778283":"","4778407":"A00107","k_content_id":"","k_ud_content_id":"4000346","k_title":"(시사용) 박선주&강솔에이미 VCR2","c_category_id":"5440957","k_datagrade":"","ext-comp-1038":"","k_storterm":"","ext-comp-1035":""}],"regist_type":""} 
10.160.210.71	[2023-11-23 16:17:46] decodeData ===> Array
(
    [user_id] => CA022054
    [type] => 4000346
    [todas] =>
    [flag] => edius
    [metadata_type] => id
    [metadata] => Array
        (
            [0] => Array
                (
                    [4000288] =>
                    [4000289] =>
                    [4000292] => 오은영의 금쪽 상담소
                    [4000293] =>
                    [4000294] =>
                    [4778141] =>
                    [4778261] => PG2210189D
                    [4778262] => P2023112358736
                    [4778263] => 107
                    [4778265] =>
                    [4778283] =>
                    [4778407] => A00107
                    [k_content_id] =>
                    [k_ud_content_id] => 4000346
                    [k_title] => (시사용) 박선주&강솔에이미 VCR2
                    [c_category_id] => 5440957
                    [k_datagrade] =>
                    [ext-comp-1038] =>
                    [k_storterm] =>
                    [ext-comp-1035] =>
                )

        )

    [regist_type] =>
)

10.160.210.71	[2023-11-23 16:17:46] return ===> <?xml version="1.0" encoding="UTF-8"?>
<response><result success="true" msg="ok" content_id="2417994" task_id="10878589"><success>true</success><msg>ok</msg><content_id>2417994</content_id><task_id>10878589</task_id><task_list_info><source_path_id>83</source_path_id><target_path_id>83</target_path_id><register>edius</register><parameter>"rename"</parameter><source_opt>null</source_opt><target_opt>media=original&amp;dir=$UD_PATH/clip&amp;filename=$OUT_SRC_FILE&amp;ext=$OUT_SRC_EXT</target_opt><type>SAN</type><source_root>I:/CMS</source_root><source_root_for_mac>Product_Main/CMS</source_root_for_mac><login_id></login_id><login_pw></login_pw><source></source><edius_file_path>PG2210189D/NPS_EDIT/clip/P2023112358740.mxf</edius_file_path></task_list_info></result></response>

10.160.210.30	[2023-11-23 16:24:35] REQUEST ===> Array
(
)

10.160.210.30	[2023-11-23 16:24:35] receive ===> {"user_id":"CM014167","type":"4000365","todas":false,"flag":"edius","metadata_type":"id","metadata":[{"4000288":"","4000289":"","4000292":"28청춘","4000293":"자료없음","4000294":"협찬TC\r\n01분 53초\r\n39분 48초\r\n45분 27초","4778141":"모든연령","4778261":"PG2230257D","4778262":"P2023112358731","4778263":"7","4778265":"003","4778283":"","4778407":"A00007","k_content_id":"","k_ud_content_id":"4000365","k_title":"(메인1/2)_28청춘_7회 (재) [60분 편성][협찬고지바추가]_[시간고지O]","c_category_id":"5444000","k_datagrade":"","ext-comp-1073":"","k_storterm":"","ext-comp-1070":""}],"regist_type":""} 
10.160.210.30	[2023-11-23 16:24:35] decodeData ===> Array
(
    [user_id] => CM014167
    [type] => 4000365
    [todas] =>
    [flag] => edius
    [metadata_type] => id
    [metadata] => Array
        (
            [0] => Array
                (
                    [4000288] =>
                    [4000289] =>
                    [4000292] => 28청춘
                    [4000293] => 자료없음
                    [4000294] => 협찬TC
01분 53초
39분 48초
45분 27초
                    [4778141] => 모든연령
                    [4778261] => PG2230257D
                    [4778262] => P2023112358731
                    [4778263] => 7
                    [4778265] => 003
                    [4778283] =>
                    [4778407] => A00007
                    [k_content_id] =>
                    [k_ud_content_id] => 4000365
                    [k_title] => (메인1/2)_28청춘_7회 (재) [60분 편성][협찬고지바추가]_[시간고지O]
                    [c_category_id] => 5444000
                    [k_datagrade] =>
                    [ext-comp-1073] =>
                    [k_storterm] =>
                    [ext-comp-1070] =>
                )

        )

    [regist_type] =>
)

10.160.210.30	[2023-11-23 16:24:35] return ===> <?xml version="1.0" encoding="UTF-8"?>
<response><result success="true" msg="ok" content_id="2418001" task_id="10878812"><success>true</success><msg>ok</msg><content_id>2418001</content_id><task_id>10878812</task_id><task_list_info><source_path_id>83</source_path_id><target_path_id>83</target_path_id><register>edius</register><parameter>"rename"</parameter><source_opt>null</source_opt><target_opt>media=original&amp;dir=$UD_PATH/clip&amp;filename=$OUT_SRC_FILE&amp;ext=$OUT_SRC_EXT</target_opt><type>SAN</type><source_root>I:/CMS</source_root><source_root_for_mac>Product_Main/CMS</source_root_for_mac><login_id></login_id><login_pw></login_pw><source></source><edius_file_path>PG2230257D/NPS_MASTER/clip/P2023112358747.mxf</edius_file_path></task_list_info></result></response>

10.160.210.71	[2023-11-23 16:25:26] REQUEST ===> Array
(
)

10.160.210.71	[2023-11-23 16:25:26] receive ===> {"user_id":"CA022054","type":"4000346","todas":false,"flag":"edius","metadata_type":"id","metadata":[{"4000288":"","4000289":"","4000292":"오은영의 금쪽 상담소","4000293":"","4000294":"","4778141":null,"4778261":"PG2210189D","4778262":"P2023112358740","4778263":"107","4778265":null,"4778283":"","4778407":"A00107","k_content_id":"","k_ud_content_id":"4000346","k_title":"(시사용) 박선주&강솔에이미 VCR3","c_category_id":"5440957","k_datagrade":"","ext-comp-1038":"","k_storterm":"","ext-comp-1035":""}],"regist_type":""} 
10.160.210.71	[2023-11-23 16:25:26] decodeData ===> Array
(
    [user_id] => CA022054
    [type] => 4000346
    [todas] =>
    [flag] => edius
    [metadata_type] => id
    [metadata] => Array
        (
            [0] => Array
                (
                    [4000288] =>
                    [4000289] =>
                    [4000292] => 오은영의 금쪽 상담소
                    [4000293] =>
                    [4000294] =>
                    [4778141] =>
                    [4778261] => PG2210189D
                    [4778262] => P2023112358740
                    [4778263] => 107
                    [4778265] =>
                    [4778283] =>
                    [4778407] => A00107
                    [k_content_id] =>
                    [k_ud_content_id] => 4000346
                    [k_title] => (시사용) 박선주&강솔에이미 VCR3
                    [c_category_id] => 5440957
                    [k_datagrade] =>
                    [ext-comp-1038] =>
                    [k_storterm] =>
                    [ext-comp-1035] =>
                )

        )

    [regist_type] =>
)

10.160.210.71	[2023-11-23 16:25:26] return ===> <?xml version="1.0" encoding="UTF-8"?>
<response><result success="true" msg="ok" content_id="2418002" task_id="10878881"><success>true</success><msg>ok</msg><content_id>2418002</content_id><task_id>10878881</task_id><task_list_info><source_path_id>83</source_path_id><target_path_id>83</target_path_id><register>edius</register><parameter>"rename"</parameter><source_opt>null</source_opt><target_opt>media=original&amp;dir=$UD_PATH/clip&amp;filename=$OUT_SRC_FILE&amp;ext=$OUT_SRC_EXT</target_opt><type>SAN</type><source_root>I:/CMS</source_root><source_root_for_mac>Product_Main/CMS</source_root_for_mac><login_id></login_id><login_pw></login_pw><source></source><edius_file_path>PG2210189D/NPS_EDIT/clip/P2023112358748.mxf</edius_file_path></task_list_info></result></response>

10.160.210.30	[2023-11-23 16:32:25] REQUEST ===> Array
(
)

10.160.210.30	[2023-11-23 16:32:25] receive ===> {"user_id":"CM014167","type":"4000365","todas":false,"flag":"edius","metadata_type":"id","metadata":[{"4000288":"","4000289":"","4000292":"28청춘","4000293":"자료없음","4000294":"협찬TC\r\n01분 53초\r\n39분 48초\r\n45분 27초","4778141":"모든연령","4778261":"PG2230257D","4778262":"P2023112358747","4778263":"7","4778265":"003","4778283":"","4778407":"A00007","k_content_id":"","k_ud_content_id":"4000365","k_title":"(메인1/2)_28청춘_7회 (본) [60분 편성][협찬고지바추가]_[본방송]","c_category_id":"5444000","k_datagrade":"","ext-comp-1073":"","k_storterm":"","ext-comp-1070":""}],"regist_type":""} 
10.160.210.30	[2023-11-23 16:32:25] decodeData ===> Array
(
    [user_id] => CM014167
    [type] => 4000365
    [todas] =>
    [flag] => edius
    [metadata_type] => id
    [metadata] => Array
        (
            [0] => Array
                (
                    [4000288] =>
                    [4000289] =>
                    [4000292] => 28청춘
                    [4000293] => 자료없음
                    [4000294] => 협찬TC
01분 53초
39분 48초
45분 27초
                    [4778141] => 모든연령
                    [4778261] => PG2230257D
                    [4778262] => P2023112358747
                    [4778263] => 7
                    [4778265] => 003
                    [4778283] =>
                    [4778407] => A00007
                    [k_content_id] =>
                    [k_ud_content_id] => 4000365
                    [k_title] => (메인1/2)_28청춘_7회 (본) [60분 편성][협찬고지바추가]_[본방송]
                    [c_category_id] => 5444000
                    [k_datagrade] =>
                    [ext-comp-1073] =>
                    [k_storterm] =>
                    [ext-comp-1070] =>
                )

        )

    [regist_type] =>
)

10.160.210.30	[2023-11-23 16:32:25] return ===> <?xml version="1.0" encoding="UTF-8"?>
<response><result success="true" msg="ok" content_id="2418005" task_id="10879136"><success>true</success><msg>ok</msg><content_id>2418005</content_id><task_id>10879136</task_id><task_list_info><source_path_id>83</source_path_id><target_path_id>83</target_path_id><register>edius</register><parameter>"rename"</parameter><source_opt>null</source_opt><target_opt>media=original&amp;dir=$UD_PATH/clip&amp;filename=$OUT_SRC_FILE&amp;ext=$OUT_SRC_EXT</target_opt><type>SAN</type><source_root>I:/CMS</source_root><source_root_for_mac>Product_Main/CMS</source_root_for_mac><login_id></login_id><login_pw></login_pw><source></source><edius_file_path>PG2230257D/NPS_MASTER/clip/P2023112358750.mxf</edius_file_path></task_list_info></result></response>

10.160.211.11	[2023-11-23 16:37:59] REQUEST ===> Array
(
)

10.160.211.11	[2023-11-23 16:37:59] receive ===> %7B%22user_id%22%3A%22BNC19004%22%2C%22flag%22%3A%22reg_davinchi_ftp%22%2C%22metadata_type%22%3A%22id%22%2C%22metadata%22%3A%5B%7B%224000288%22%3A%22%22%2C%224000289%22%3A%22%22%2C%224000292%22%3A%22%EC%A0%88%EC%B9%9C+%ED%86%A0%ED%81%90%EB%A9%98%ED%84%B0%EB%A6%AC+4%EC%9D%B8%EC%9A%A9%EC%8B%9D%ED%83%81%22%2C%224000293%22%3A%22-%22%2C%224000294%22%3A%22%22%2C%224778141%22%3A%2212+%EC%84%B8%22%2C%224778261%22%3A%22PG2230214D%22%2C%224778262%22%3A%22%22%2C%224778263%22%3A%2224%22%2C%224778265%22%3A%22%22%2C%224778283%22%3A%22%22%2C%224778407%22%3A%22A00024%22%2C%22k_content_id%22%3A%22%22%2C%22k_ud_content_id%22%3A%224000346%22%2C%22k_title%22%3A%22-%22%2C%22c_category_id%22%3A%225443880%22%2C%22k_datagrade%22%3A%22%22%2C%22ext-comp-1038%22%3A%22%22%2C%22k_storterm%22%3A%22%22%2C%22ext-comp-1035%22%3A%22%22%7D%5D%2C%22regist_type%22%3A%22meta%22%2C%22original_filename%22%3A%22%5B%E1%84%89%E1%85%A2%E1%86%A8%E1%84%87%E1%85%A9%E1%84%8C%E1%85%A5%E1%86%BC%E1%84%8B%E1%85%AA%E1%86%AB%E1%84%85%E1%85%AD%5DP2023112258263.mxf%22%7D
10.160.211.11	[2023-11-23 16:37:59] decodeData ===> Array
(
    [user_id] => BNC19004
    [flag] => reg_davinchi_ftp
    [metadata_type] => id
    [metadata] => Array
        (
            [0] => Array
                (
                    [4000288] =>
                    [4000289] =>
                    [4000292] => 절친 토큐멘터리 4인용식탁
                    [4000293] => -
                    [4000294] =>
                    [4778141] => 12 세
                    [4778261] => PG2230214D
                    [4778262] =>
                    [4778263] => 24
                    [4778265] =>
                    [4778283] =>
                    [4778407] => A00024
                    [k_content_id] =>
                    [k_ud_content_id] => 4000346
                    [k_title] => -
                    [c_category_id] => 5443880
                    [k_datagrade] =>
                    [ext-comp-1038] =>
                    [k_storterm] =>
                    [ext-comp-1035] =>
                )

        )

    [regist_type] => meta
    [original_filename] => [색보정완료]P2023112258263.mxf
)

10.160.211.11	[2023-11-23 16:37:59] return ===> <?xml version="1.0" encoding="UTF-8"?>
<response><result success="true" msg="ok" content_id="2418009" task_id=""><success>true</success><msg>ok</msg><content_id>2418009</content_id><task_id/><task_list_info><type>FTP</type><source_root>10.160.77.12:21</source_root><source_root_for_mac></source_root_for_mac><login_id>chaadmin@ddmc.com</login_id><login_pw>ddmcad09)(</login_pw><source_opt>dir=$UD_PATH/clip&amp;filename=$CONTENT_ID&amp;ext=$OUT_SRC_EXT</source_opt><source>PG2230214D/NPS_EDIT/clip</source><edius_file_path/></task_list_info></result></response>

10.160.210.30	[2023-11-23 16:41:08] REQUEST ===> Array
(
)

10.160.210.30	[2023-11-23 16:41:08] receive ===> {"user_id":"CM014167","type":"4000365","todas":false,"flag":"edius","metadata_type":"id","metadata":[{"4000288":"","4000289":"","4000292":"28청춘","4000293":"자료없음","4000294":"협찬TC\r\n01분 53초\r\n39분 48초\r\n45분 27초","4778141":"모든연령","4778261":"PG2230257D","4778262":"P2023112358750","4778263":"7","4778265":"003","4778283":"","4778407":"A00007","k_content_id":"","k_ud_content_id":"4000365","k_title":"(메인1/2)_28청춘_7회 (재) [60분 편성][협찬고지바추가]_[시간고지X]","c_category_id":"5444000","k_datagrade":"","ext-comp-1073":"","k_storterm":"","ext-comp-1070":""}],"regist_type":""} 
10.160.210.30	[2023-11-23 16:41:08] decodeData ===> Array
(
    [user_id] => CM014167
    [type] => 4000365
    [todas] =>
    [flag] => edius
    [metadata_type] => id
    [metadata] => Array
        (
            [0] => Array
                (
                    [4000288] =>
                    [4000289] =>
                    [4000292] => 28청춘
                    [4000293] => 자료없음
                    [4000294] => 협찬TC
01분 53초
39분 48초
45분 27초
                    [4778141] => 모든연령
                    [4778261] => PG2230257D
                    [4778262] => P2023112358750
                    [4778263] => 7
                    [4778265] => 003
                    [4778283] =>
                    [4778407] => A00007
                    [k_content_id] =>
                    [k_ud_content_id] => 4000365
                    [k_title] => (메인1/2)_28청춘_7회 (재) [60분 편성][협찬고지바추가]_[시간고지X]
                    [c_category_id] => 5444000
                    [k_datagrade] =>
                    [ext-comp-1073] =>
                    [k_storterm] =>
                    [ext-comp-1070] =>
                )

        )

    [regist_type] =>
)

10.160.210.30	[2023-11-23 16:41:08] return ===> <?xml version="1.0" encoding="UTF-8"?>
<response><result success="true" msg="ok" content_id="2418010" task_id="10879158"><success>true</success><msg>ok</msg><content_id>2418010</content_id><task_id>10879158</task_id><task_list_info><source_path_id>83</source_path_id><target_path_id>83</target_path_id><register>edius</register><parameter>"rename"</parameter><source_opt>null</source_opt><target_opt>media=original&amp;dir=$UD_PATH/clip&amp;filename=$OUT_SRC_FILE&amp;ext=$OUT_SRC_EXT</target_opt><type>SAN</type><source_root>I:/CMS</source_root><source_root_for_mac>Product_Main/CMS</source_root_for_mac><login_id></login_id><login_pw></login_pw><source></source><edius_file_path>PG2230257D/NPS_MASTER/clip/P2023112358753.mxf</edius_file_path></task_list_info></result></response>

10.160.210.30	[2023-11-23 16:41:56] REQUEST ===> Array
(
)

10.160.210.30	[2023-11-23 16:41:56] receive ===> {"user_id":"CM014167","type":"4000365","todas":false,"flag":"edius","metadata_type":"id","metadata":[{"4000288":"","4000289":"","4000292":"28청춘","4000293":"자료없음","4000294":"협찬TC\r\n01분 53초\r\n39분 48초\r\n45분 27초","4778141":"모든연령","4778261":"PG2230257D","4778262":"P2023112358753","4778263":"7","4778265":"003","4778283":"","4778407":"A00007","k_content_id":"","k_ud_content_id":"4000365","k_title":"(메인1/2)_28청춘_7회 (재) [60분 편성][협찬고지바추가]_[시간고지O]","c_category_id":"5444000","k_datagrade":"","ext-comp-1073":"","k_storterm":"","ext-comp-1070":""}],"regist_type":""} 
10.160.210.30	[2023-11-23 16:41:56] decodeData ===> Array
(
    [user_id] => CM014167
    [type] => 4000365
    [todas] =>
    [flag] => edius
    [metadata_type] => id
    [metadata] => Array
        (
            [0] => Array
                (
                    [4000288] =>
                    [4000289] =>
                    [4000292] => 28청춘
                    [4000293] => 자료없음
                    [4000294] => 협찬TC
01분 53초
39분 48초
45분 27초
                    [4778141] => 모든연령
                    [4778261] => PG2230257D
                    [4778262] => P2023112358753
                    [4778263] => 7
                    [4778265] => 003
                    [4778283] =>
                    [4778407] => A00007
                    [k_content_id] =>
                    [k_ud_content_id] => 4000365
                    [k_title] => (메인1/2)_28청춘_7회 (재) [60분 편성][협찬고지바추가]_[시간고지O]
                    [c_category_id] => 5444000
                    [k_datagrade] =>
                    [ext-comp-1073] =>
                    [k_storterm] =>
                    [ext-comp-1070] =>
                )

        )

    [regist_type] =>
)

10.160.210.30	[2023-11-23 16:41:56] return ===> <?xml version="1.0" encoding="UTF-8"?>
<response><result success="true" msg="ok" content_id="2418011" task_id="10879162"><success>true</success><msg>ok</msg><content_id>2418011</content_id><task_id>10879162</task_id><task_list_info><source_path_id>83</source_path_id><target_path_id>83</target_path_id><register>edius</register><parameter>"rename"</parameter><source_opt>null</source_opt><target_opt>media=original&amp;dir=$UD_PATH/clip&amp;filename=$OUT_SRC_FILE&amp;ext=$OUT_SRC_EXT</target_opt><type>SAN</type><source_root>I:/CMS</source_root><source_root_for_mac>Product_Main/CMS</source_root_for_mac><login_id></login_id><login_pw></login_pw><source></source><edius_file_path>PG2230257D/NPS_MASTER/clip/P2023112358754.mxf</edius_file_path></task_list_info></result></response>

10.160.210.30	[2023-11-23 16:42:45] REQUEST ===> Array
(
)

10.160.210.30	[2023-11-23 16:42:45] receive ===> {"user_id":"CM014167","type":"4000365","todas":false,"flag":"edius","metadata_type":"id","metadata":[{"4000288":"","4000289":"","4000292":"28청춘","4000293":"자료없음","4000294":"협찬TC\r\n01분 53초\r\n39분 48초\r\n45분 27초","4778141":"모든연령","4778261":"PG2230257D","4778262":"P2023112358754","4778263":"7","4778265":"003","4778283":"","4778407":"A00007","k_content_id":"","k_ud_content_id":"4000365","k_title":"(메인1/2)_28청춘_7회 (본) [60분 편성][협찬고지바추가]_[본방송]","c_category_id":"5444000","k_datagrade":"","ext-comp-1073":"","k_storterm":"","ext-comp-1070":""}],"regist_type":""} 
10.160.210.30	[2023-11-23 16:42:45] decodeData ===> Array
(
    [user_id] => CM014167
    [type] => 4000365
    [todas] =>
    [flag] => edius
    [metadata_type] => id
    [metadata] => Array
        (
            [0] => Array
                (
                    [4000288] =>
                    [4000289] =>
                    [4000292] => 28청춘
                    [4000293] => 자료없음
                    [4000294] => 협찬TC
01분 53초
39분 48초
45분 27초
                    [4778141] => 모든연령
                    [4778261] => PG2230257D
                    [4778262] => P2023112358754
                    [4778263] => 7
                    [4778265] => 003
                    [4778283] =>
                    [4778407] => A00007
                    [k_content_id] =>
                    [k_ud_content_id] => 4000365
                    [k_title] => (메인1/2)_28청춘_7회 (본) [60분 편성][협찬고지바추가]_[본방송]
                    [c_category_id] => 5444000
                    [k_datagrade] =>
                    [ext-comp-1073] =>
                    [k_storterm] =>
                    [ext-comp-1070] =>
                )

        )

    [regist_type] =>
)

10.160.210.30	[2023-11-23 16:42:45] return ===> <?xml version="1.0" encoding="UTF-8"?>
<response><result success="true" msg="ok" content_id="2418012" task_id="10879166"><success>true</success><msg>ok</msg><content_id>2418012</content_id><task_id>10879166</task_id><task_list_info><source_path_id>83</source_path_id><target_path_id>83</target_path_id><register>edius</register><parameter>"rename"</parameter><source_opt>null</source_opt><target_opt>media=original&amp;dir=$UD_PATH/clip&amp;filename=$OUT_SRC_FILE&amp;ext=$OUT_SRC_EXT</target_opt><type>SAN</type><source_root>I:/CMS</source_root><source_root_for_mac>Product_Main/CMS</source_root_for_mac><login_id></login_id><login_pw></login_pw><source></source><edius_file_path>PG2230257D/NPS_MASTER/clip/P2023112358755.mxf</edius_file_path></task_list_info></result></response>

10.160.210.30	[2023-11-23 16:46:21] REQUEST ===> Array
(
)

10.160.210.30	[2023-11-23 16:46:21] receive ===> {"user_id":"CM014167","type":"4000365","todas":false,"flag":"edius","metadata_type":"id","metadata":[{"4000288":"","4000289":"","4000292":"28청춘","4000293":"자료없음","4000294":"협찬TC\r\n01분 53초\r\n39분 48초\r\n45분 27초","4778141":"모든연령","4778261":"PG2230257D","4778262":"P2023112358755","4778263":"7","4778265":"003","4778283":"","4778407":"A00007","k_content_id":"","k_ud_content_id":"4000365","k_title":"(메인2/2)_28청춘_7회 (재) [60분 편성][협찬고지바추가]_[시간고지X]","c_category_id":"5444000","k_datagrade":"","ext-comp-1073":"","k_storterm":"","ext-comp-1070":""}],"regist_type":""} 
10.160.210.30	[2023-11-23 16:46:21] decodeData ===> Array
(
    [user_id] => CM014167
    [type] => 4000365
    [todas] =>
    [flag] => edius
    [metadata_type] => id
    [metadata] => Array
        (
            [0] => Array
                (
                    [4000288] =>
                    [4000289] =>
                    [4000292] => 28청춘
                    [4000293] => 자료없음
                    [4000294] => 협찬TC
01분 53초
39분 48초
45분 27초
                    [4778141] => 모든연령
                    [4778261] => PG2230257D
                    [4778262] => P2023112358755
                    [4778263] => 7
                    [4778265] => 003
                    [4778283] =>
                    [4778407] => A00007
                    [k_content_id] =>
                    [k_ud_content_id] => 4000365
                    [k_title] => (메인2/2)_28청춘_7회 (재) [60분 편성][협찬고지바추가]_[시간고지X]
                    [c_category_id] => 5444000
                    [k_datagrade] =>
                    [ext-comp-1073] =>
                    [k_storterm] =>
                    [ext-comp-1070] =>
                )

        )

    [regist_type] =>
)

10.160.210.30	[2023-11-23 16:46:21] return ===> <?xml version="1.0" encoding="UTF-8"?>
<response><result success="true" msg="ok" content_id="2418015" task_id="10879187"><success>true</success><msg>ok</msg><content_id>2418015</content_id><task_id>10879187</task_id><task_list_info><source_path_id>83</source_path_id><target_path_id>83</target_path_id><register>edius</register><parameter>"rename"</parameter><source_opt>null</source_opt><target_opt>media=original&amp;dir=$UD_PATH/clip&amp;filename=$OUT_SRC_FILE&amp;ext=$OUT_SRC_EXT</target_opt><type>SAN</type><source_root>I:/CMS</source_root><source_root_for_mac>Product_Main/CMS</source_root_for_mac><login_id></login_id><login_pw></login_pw><source></source><edius_file_path>PG2230257D/NPS_MASTER/clip/P2023112358758.mxf</edius_file_path></task_list_info></result></response>

10.160.210.52	[2023-11-23 16:46:31] REQUEST ===> Array
(
)

10.160.210.52	[2023-11-23 16:46:31] receive ===> {"user_id":"CA022054","type":"4000346","todas":false,"flag":"edius","metadata_type":"id","metadata":[{"4000288":"","4000289":"","4000292":"오은영의 금쪽 상담소","4000293":"120회","4000294":"","4778141":"15 세","4778261":"PG2210189D","4778262":"P2023112258466","4778263":"120","4778265":null,"4778283":"","4778407":"A00120","k_content_id":"","k_ud_content_id":"4000346","k_title":"[시사용] 옥주현&이지혜&리사 VCR1(오프닝)","c_category_id":"5440957","k_datagrade":"","ext-comp-1038":"","k_storterm":"","ext-comp-1035":""}],"regist_type":""} 
10.160.210.52	[2023-11-23 16:46:31] decodeData ===> Array
(
    [user_id] => CA022054
    [type] => 4000346
    [todas] =>
    [flag] => edius
    [metadata_type] => id
    [metadata] => Array
        (
            [0] => Array
                (
                    [4000288] =>
                    [4000289] =>
                    [4000292] => 오은영의 금쪽 상담소
                    [4000293] => 120회
                    [4000294] =>
                    [4778141] => 15 세
                    [4778261] => PG2210189D
                    [4778262] => P2023112258466
                    [4778263] => 120
                    [4778265] =>
                    [4778283] =>
                    [4778407] => A00120
                    [k_content_id] =>
                    [k_ud_content_id] => 4000346
                    [k_title] => [시사용] 옥주현&이지혜&리사 VCR1(오프닝)
                    [c_category_id] => 5440957
                    [k_datagrade] =>
                    [ext-comp-1038] =>
                    [k_storterm] =>
                    [ext-comp-1035] =>
                )

        )

    [regist_type] =>
)

10.160.210.52	[2023-11-23 16:46:31] return ===> <?xml version="1.0" encoding="UTF-8"?>
<response><result success="true" msg="ok" content_id="2418017" task_id="10879191"><success>true</success><msg>ok</msg><content_id>2418017</content_id><task_id>10879191</task_id><task_list_info><source_path_id>83</source_path_id><target_path_id>83</target_path_id><register>edius</register><parameter>"rename"</parameter><source_opt>null</source_opt><target_opt>media=original&amp;dir=$UD_PATH/clip&amp;filename=$OUT_SRC_FILE&amp;ext=$OUT_SRC_EXT</target_opt><type>SAN</type><source_root>I:/CMS</source_root><source_root_for_mac>Product_Main/CMS</source_root_for_mac><login_id></login_id><login_pw></login_pw><source></source><edius_file_path>PG2210189D/NPS_EDIT/clip/P2023112358760.mxf</edius_file_path></task_list_info></result></response>

10.160.210.30	[2023-11-23 16:48:01] REQUEST ===> Array
(
)

10.160.210.30	[2023-11-23 16:48:01] receive ===> {"user_id":"CM014167","type":"4000365","todas":false,"flag":"edius","metadata_type":"id","metadata":[{"4000288":"","4000289":"","4000292":"28청춘","4000293":"자료없음","4000294":"협찬TC\r\n01분 53초\r\n39분 48초\r\n45분 27초","4778141":"모든연령","4778261":"PG2230257D","4778262":"P2023112358758","4778263":"7","4778265":"003","4778283":"","4778407":"A00007","k_content_id":"","k_ud_content_id":"4000365","k_title":"(메인2/2)_28청춘_7회 (재) [60분 편성][협찬고지바추가]_[시간고지X]","c_category_id":"5444000","k_datagrade":"","ext-comp-1073":"","k_storterm":"","ext-comp-1070":""}],"regist_type":""} 
10.160.210.30	[2023-11-23 16:48:01] decodeData ===> Array
(
    [user_id] => CM014167
    [type] => 4000365
    [todas] =>
    [flag] => edius
    [metadata_type] => id
    [metadata] => Array
        (
            [0] => Array
                (
                    [4000288] =>
                    [4000289] =>
                    [4000292] => 28청춘
                    [4000293] => 자료없음
                    [4000294] => 협찬TC
01분 53초
39분 48초
45분 27초
                    [4778141] => 모든연령
                    [4778261] => PG2230257D
                    [4778262] => P2023112358758
                    [4778263] => 7
                    [4778265] => 003
                    [4778283] =>
                    [4778407] => A00007
                    [k_content_id] =>
                    [k_ud_content_id] => 4000365
                    [k_title] => (메인2/2)_28청춘_7회 (재) [60분 편성][협찬고지바추가]_[시간고지X]
                    [c_category_id] => 5444000
                    [k_datagrade] =>
                    [ext-comp-1073] =>
                    [k_storterm] =>
                    [ext-comp-1070] =>
                )

        )

    [regist_type] =>
)

10.160.210.52	[2023-11-23 16:48:01] REQUEST ===> Array
(
)

10.160.210.52	[2023-11-23 16:48:01] receive ===> {"user_id":"CA022054","type":"4000346","todas":false,"flag":"edius","metadata_type":"id","metadata":[{"4000288":"","4000289":"","4000292":"오은영의 금쪽 상담소","4000293":"120회","4000294":"","4778141":"15 세","4778261":"PG2210189D","4778262":"P2023112358760","4778263":"120","4778265":null,"4778283":"","4778407":"A00120","k_content_id":"","k_ud_content_id":"4000346","k_title":"[시사용] 옥주현&이지혜&리사 VCR1(오프닝)","c_category_id":"5440957","k_datagrade":"","ext-comp-1038":"","k_storterm":"","ext-comp-1035":""}],"regist_type":""} 
10.160.210.52	[2023-11-23 16:48:01] decodeData ===> Array
(
    [user_id] => CA022054
    [type] => 4000346
    [todas] =>
    [flag] => edius
    [metadata_type] => id
    [metadata] => Array
        (
            [0] => Array
                (
                    [4000288] =>
                    [4000289] =>
                    [4000292] => 오은영의 금쪽 상담소
                    [4000293] => 120회
                    [4000294] =>
                    [4778141] => 15 세
                    [4778261] => PG2210189D
                    [4778262] => P2023112358760
                    [4778263] => 120
                    [4778265] =>
                    [4778283] =>
                    [4778407] => A00120
                    [k_content_id] =>
                    [k_ud_content_id] => 4000346
                    [k_title] => [시사용] 옥주현&이지혜&리사 VCR1(오프닝)
                    [c_category_id] => 5440957
                    [k_datagrade] =>
                    [ext-comp-1038] =>
                    [k_storterm] =>
                    [ext-comp-1035] =>
                )

        )

    [regist_type] =>
)

10.160.210.30	[2023-11-23 16:48:01] return ===> <?xml version="1.0" encoding="UTF-8"?>
<response><result success="true" msg="ok" content_id="2418019" task_id="10879202"><success>true</success><msg>ok</msg><content_id>2418019</content_id><task_id>10879202</task_id><task_list_info><source_path_id>83</source_path_id><target_path_id>83</target_path_id><register>edius</register><parameter>"rename"</parameter><source_opt>null</source_opt><target_opt>media=original&amp;dir=$UD_PATH/clip&amp;filename=$OUT_SRC_FILE&amp;ext=$OUT_SRC_EXT</target_opt><type>SAN</type><source_root>I:/CMS</source_root><source_root_for_mac>Product_Main/CMS</source_root_for_mac><login_id></login_id><login_pw></login_pw><source></source><edius_file_path>PG2230257D/NPS_MASTER/clip/P2023112358762.mxf</edius_file_path></task_list_info></result></response>

10.160.210.52	[2023-11-23 16:48:01] return ===> <?xml version="1.0" encoding="UTF-8"?>
<response><result success="true" msg="ok" content_id="2418020" task_id="10879203"><success>true</success><msg>ok</msg><content_id>2418020</content_id><task_id>10879203</task_id><task_list_info><source_path_id>83</source_path_id><target_path_id>83</target_path_id><register>edius</register><parameter>"rename"</parameter><source_opt>null</source_opt><target_opt>media=original&amp;dir=$UD_PATH/clip&amp;filename=$OUT_SRC_FILE&amp;ext=$OUT_SRC_EXT</target_opt><type>SAN</type><source_root>I:/CMS</source_root><source_root_for_mac>Product_Main/CMS</source_root_for_mac><login_id></login_id><login_pw></login_pw><source></source><edius_file_path>PG2210189D/NPS_EDIT/clip/P2023112358763.mxf</edius_file_path></task_list_info></result></response>

10.160.210.30	[2023-11-23 16:49:04] REQUEST ===> Array
(
)

10.160.210.30	[2023-11-23 16:49:04] receive ===> {"user_id":"CM014167","type":"4000365","todas":false,"flag":"edius","metadata_type":"id","metadata":[{"4000288":"","4000289":"","4000292":"28청춘","4000293":"자료없음","4000294":"협찬TC\r\n01분 53초\r\n39분 48초\r\n45분 27초","4778141":"모든연령","4778261":"PG2230257D","4778262":"P2023112358762","4778263":"7","4778265":"003","4778283":"","4778407":"A00007","k_content_id":"","k_ud_content_id":"4000365","k_title":"(메인2/2)_28청춘_7회 (재) [60분 편성][협찬고지바추가]_[시간고지O]","c_category_id":"5444000","k_datagrade":"","ext-comp-1073":"","k_storterm":"","ext-comp-1070":""}],"regist_type":""} 
10.160.210.30	[2023-11-23 16:49:04] decodeData ===> Array
(
    [user_id] => CM014167
    [type] => 4000365
    [todas] =>
    [flag] => edius
    [metadata_type] => id
    [metadata] => Array
        (
            [0] => Array
                (
                    [4000288] =>
                    [4000289] =>
                    [4000292] => 28청춘
                    [4000293] => 자료없음
                    [4000294] => 협찬TC
01분 53초
39분 48초
45분 27초
                    [4778141] => 모든연령
                    [4778261] => PG2230257D
                    [4778262] => P2023112358762
                    [4778263] => 7
                    [4778265] => 003
                    [4778283] =>
                    [4778407] => A00007
                    [k_content_id] =>
                    [k_ud_content_id] => 4000365
                    [k_title] => (메인2/2)_28청춘_7회 (재) [60분 편성][협찬고지바추가]_[시간고지O]
                    [c_category_id] => 5444000
                    [k_datagrade] =>
                    [ext-comp-1073] =>
                    [k_storterm] =>
                    [ext-comp-1070] =>
                )

        )

    [regist_type] =>
)

10.160.210.30	[2023-11-23 16:49:05] return ===> <?xml version="1.0" encoding="UTF-8"?>
<response><result success="true" msg="ok" content_id="2418021" task_id="10879222"><success>true</success><msg>ok</msg><content_id>2418021</content_id><task_id>10879222</task_id><task_list_info><source_path_id>83</source_path_id><target_path_id>83</target_path_id><register>edius</register><parameter>"rename"</parameter><source_opt>null</source_opt><target_opt>media=original&amp;dir=$UD_PATH/clip&amp;filename=$OUT_SRC_FILE&amp;ext=$OUT_SRC_EXT</target_opt><type>SAN</type><source_root>I:/CMS</source_root><source_root_for_mac>Product_Main/CMS</source_root_for_mac><login_id></login_id><login_pw></login_pw><source></source><edius_file_path>PG2230257D/NPS_MASTER/clip/P2023112358764.mxf</edius_file_path></task_list_info></result></response>

10.160.210.30	[2023-11-23 16:49:34] REQUEST ===> Array
(
)

10.160.210.30	[2023-11-23 16:49:34] receive ===> {"user_id":"CM014167","type":"4000365","todas":false,"flag":"edius","metadata_type":"id","metadata":[{"4000288":"","4000289":"","4000292":"28청춘","4000293":"자료없음","4000294":"협찬TC\r\n01분 53초\r\n39분 48초\r\n45분 27초","4778141":"모든연령","4778261":"PG2230257D","4778262":"P2023112358764","4778263":"7","4778265":"003","4778283":"","4778407":"A00007","k_content_id":"","k_ud_content_id":"4000365","k_title":"(메인2/2)_28청춘_7회 (본) [60분 편성][협찬고지바추가]_[본방송]","c_category_id":"5444000","k_datagrade":"","ext-comp-1073":"","k_storterm":"","ext-comp-1070":""}],"regist_type":""} 
10.160.210.30	[2023-11-23 16:49:34] decodeData ===> Array
(
    [user_id] => CM014167
    [type] => 4000365
    [todas] =>
    [flag] => edius
    [metadata_type] => id
    [metadata] => Array
        (
            [0] => Array
                (
                    [4000288] =>
                    [4000289] =>
                    [4000292] => 28청춘
                    [4000293] => 자료없음
                    [4000294] => 협찬TC
01분 53초
39분 48초
45분 27초
                    [4778141] => 모든연령
                    [4778261] => PG2230257D
                    [4778262] => P2023112358764
                    [4778263] => 7
                    [4778265] => 003
                    [4778283] =>
                    [4778407] => A00007
                    [k_content_id] =>
                    [k_ud_content_id] => 4000365
                    [k_title] => (메인2/2)_28청춘_7회 (본) [60분 편성][협찬고지바추가]_[본방송]
                    [c_category_id] => 5444000
                    [k_datagrade] =>
                    [ext-comp-1073] =>
                    [k_storterm] =>
                    [ext-comp-1070] =>
                )

        )

    [regist_type] =>
)

10.160.210.30	[2023-11-23 16:49:35] return ===> <?xml version="1.0" encoding="UTF-8"?>
<response><result success="true" msg="ok" content_id="2418022" task_id="10879226"><success>true</success><msg>ok</msg><content_id>2418022</content_id><task_id>10879226</task_id><task_list_info><source_path_id>83</source_path_id><target_path_id>83</target_path_id><register>edius</register><parameter>"rename"</parameter><source_opt>null</source_opt><target_opt>media=original&amp;dir=$UD_PATH/clip&amp;filename=$OUT_SRC_FILE&amp;ext=$OUT_SRC_EXT</target_opt><type>SAN</type><source_root>I:/CMS</source_root><source_root_for_mac>Product_Main/CMS</source_root_for_mac><login_id></login_id><login_pw></login_pw><source></source><edius_file_path>PG2230257D/NPS_MASTER/clip/P2023112358765.mxf</edius_file_path></task_list_info></result></response>

10.160.210.30	[2023-11-23 16:53:00] REQUEST ===> Array
(
)

10.160.210.30	[2023-11-23 16:53:00] receive ===> {"user_id":"CM014167","type":"4000346","todas":false,"flag":"edius","metadata_type":"id","metadata":[{"4000288":"","4000289":"","4000292":"28청춘","4000293":"자료없음","4000294":"","4778141":"모든연령","4778261":"PG2230257D","4778262":"P2023111656930","4778263":"7","4778265":"003","4778283":"","4778407":"A00007","k_content_id":"","k_ud_content_id":"4000346","k_title":"(연령고지 및 우상단로고)_28청춘_7회","c_category_id":"5444000","k_datagrade":"","ext-comp-1038":"","k_storterm":"","ext-comp-1035":""}],"regist_type":""} 
10.160.210.30	[2023-11-23 16:53:00] decodeData ===> Array
(
    [user_id] => CM014167
    [type] => 4000346
    [todas] =>
    [flag] => edius
    [metadata_type] => id
    [metadata] => Array
        (
            [0] => Array
                (
                    [4000288] =>
                    [4000289] =>
                    [4000292] => 28청춘
                    [4000293] => 자료없음
                    [4000294] =>
                    [4778141] => 모든연령
                    [4778261] => PG2230257D
                    [4778262] => P2023111656930
                    [4778263] => 7
                    [4778265] => 003
                    [4778283] =>
                    [4778407] => A00007
                    [k_content_id] =>
                    [k_ud_content_id] => 4000346
                    [k_title] => (연령고지 및 우상단로고)_28청춘_7회
                    [c_category_id] => 5444000
                    [k_datagrade] =>
                    [ext-comp-1038] =>
                    [k_storterm] =>
                    [ext-comp-1035] =>
                )

        )

    [regist_type] =>
)

10.160.210.30	[2023-11-23 16:53:00] return ===> <?xml version="1.0" encoding="UTF-8"?>
<response><result success="true" msg="ok" content_id="2418023" task_id="10879252"><success>true</success><msg>ok</msg><content_id>2418023</content_id><task_id>10879252</task_id><task_list_info><source_path_id>83</source_path_id><target_path_id>83</target_path_id><register>edius</register><parameter>"rename"</parameter><source_opt>null</source_opt><target_opt>media=original&amp;dir=$UD_PATH/clip&amp;filename=$OUT_SRC_FILE&amp;ext=$OUT_SRC_EXT</target_opt><type>SAN</type><source_root>I:/CMS</source_root><source_root_for_mac>Product_Main/CMS</source_root_for_mac><login_id></login_id><login_pw></login_pw><source></source><edius_file_path>PG2230257D/NPS_EDIT/clip/P2023112358766.mxf</edius_file_path></task_list_info></result></response>

10.160.210.41	[2023-11-23 16:58:17] REQUEST ===> Array
(
)

10.160.210.41	[2023-11-23 16:58:17] receive ===> {"user_id":"CAS70013","type":"4000346","todas":false,"flag":"edius","metadata_type":"id","metadata":[{"4000288":"","4000289":"","4000292":"행복한 아침","4000293":"행복한 아침","4000294":"","4778141":"등급제외","4778261":"PG2190045D","4778262":"","4778263":"1","4778265":"","4778283":"","4778407":"A00001","k_content_id":"","k_ud_content_id":"4000346","k_title":"1124_건강_붕어빵 만들고 먹는 모습 SK","c_category_id":"5398082","k_datagrade":"","ext-comp-1100":"","k_storterm":"","ext-comp-1097":""}],"regist_type":""} 
10.160.210.41	[2023-11-23 16:58:17] decodeData ===> Array
(
    [user_id] => CAS70013
    [type] => 4000346
    [todas] =>
    [flag] => edius
    [metadata_type] => id
    [metadata] => Array
        (
            [0] => Array
                (
                    [4000288] =>
                    [4000289] =>
                    [4000292] => 행복한 아침
                    [4000293] => 행복한 아침
                    [4000294] =>
                    [4778141] => 등급제외
                    [4778261] => PG2190045D
                    [4778262] =>
                    [4778263] => 1
                    [4778265] =>
                    [4778283] =>
                    [4778407] => A00001
                    [k_content_id] =>
                    [k_ud_content_id] => 4000346
                    [k_title] => 1124_건강_붕어빵 만들고 먹는 모습 SK
                    [c_category_id] => 5398082
                    [k_datagrade] =>
                    [ext-comp-1100] =>
                    [k_storterm] =>
                    [ext-comp-1097] =>
                )

        )

    [regist_type] =>
)

10.160.210.41	[2023-11-23 16:58:17] return ===> <?xml version="1.0" encoding="UTF-8"?>
<response><result success="true" msg="ok" content_id="2418026" task_id="10879259"><success>true</success><msg>ok</msg><content_id>2418026</content_id><task_id>10879259</task_id><task_list_info><source_path_id>83</source_path_id><target_path_id>83</target_path_id><register>edius</register><parameter>"rename"</parameter><source_opt>null</source_opt><target_opt>media=original&amp;dir=$UD_PATH/clip&amp;filename=$OUT_SRC_FILE&amp;ext=$OUT_SRC_EXT</target_opt><type>SAN</type><source_root>I:/CMS</source_root><source_root_for_mac>Product_Main/CMS</source_root_for_mac><login_id></login_id><login_pw></login_pw><source></source><edius_file_path>PG2190045D/NPS_EDIT/clip/P2023112358769.mxf</edius_file_path></task_list_info></result></response>

10.160.210.41	[2023-11-23 16:59:18] REQUEST ===> Array
(
)

10.160.210.41	[2023-11-23 16:59:18] receive ===> {"user_id":"CAS70013","type":"4000346","todas":false,"flag":"edius","metadata_type":"id","metadata":[{"4000288":"","4000289":"","4000292":"행복한 아침","4000293":"행복한 아침","4000294":"","4778141":"등급제외","4778261":"PG2190045D","4778262":"P2023112358769","4778263":"1","4778265":null,"4778283":"","4778407":"A00001","k_content_id":"","k_ud_content_id":"4000346","k_title":"1124_건강_붕어빵 사진 SK","c_category_id":"5398082","k_datagrade":"","ext-comp-1038":"","k_storterm":"","ext-comp-1035":""}],"regist_type":""} 
10.160.210.41	[2023-11-23 16:59:18] decodeData ===> Array
(
    [user_id] => CAS70013
    [type] => 4000346
    [todas] =>
    [flag] => edius
    [metadata_type] => id
    [metadata] => Array
        (
            [0] => Array
                (
                    [4000288] =>
                    [4000289] =>
                    [4000292] => 행복한 아침
                    [4000293] => 행복한 아침
                    [4000294] =>
                    [4778141] => 등급제외
                    [4778261] => PG2190045D
                    [4778262] => P2023112358769
                    [4778263] => 1
                    [4778265] =>
                    [4778283] =>
                    [4778407] => A00001
                    [k_content_id] =>
                    [k_ud_content_id] => 4000346
                    [k_title] => 1124_건강_붕어빵 사진 SK
                    [c_category_id] => 5398082
                    [k_datagrade] =>
                    [ext-comp-1038] =>
                    [k_storterm] =>
                    [ext-comp-1035] =>
                )

        )

    [regist_type] =>
)

10.160.210.41	[2023-11-23 16:59:18] return ===> <?xml version="1.0" encoding="UTF-8"?>
<response><result success="true" msg="ok" content_id="2418027" task_id="10879263"><success>true</success><msg>ok</msg><content_id>2418027</content_id><task_id>10879263</task_id><task_list_info><source_path_id>83</source_path_id><target_path_id>83</target_path_id><register>edius</register><parameter>"rename"</parameter><source_opt>null</source_opt><target_opt>media=original&amp;dir=$UD_PATH/clip&amp;filename=$OUT_SRC_FILE&amp;ext=$OUT_SRC_EXT</target_opt><type>SAN</type><source_root>I:/CMS</source_root><source_root_for_mac>Product_Main/CMS</source_root_for_mac><login_id></login_id><login_pw></login_pw><source></source><edius_file_path>PG2190045D/NPS_EDIT/clip/P2023112358770.mxf</edius_file_path></task_list_info></result></response>

10.160.210.41	[2023-11-23 17:00:21] REQUEST ===> Array
(
)

10.160.210.41	[2023-11-23 17:00:21] receive ===> {"user_id":"CAS70013","type":"4000346","todas":false,"flag":"edius","metadata_type":"id","metadata":[{"4000288":"","4000289":"","4000292":"행복한 아침","4000293":"행복한 아침","4000294":"","4778141":"등급제외","4778261":"PG2190045D","4778262":"P2023112358770","4778263":"1","4778265":null,"4778283":"","4778407":"A00001","k_content_id":"","k_ud_content_id":"4000346","k_title":"1124_건강_블루베리,체리,바나나 SK","c_category_id":"5398082","k_datagrade":"","ext-comp-1038":"","k_storterm":"","ext-comp-1035":""}],"regist_type":""} 
10.160.210.41	[2023-11-23 17:00:21] decodeData ===> Array
(
    [user_id] => CAS70013
    [type] => 4000346
    [todas] =>
    [flag] => edius
    [metadata_type] => id
    [metadata] => Array
        (
            [0] => Array
                (
                    [4000288] =>
                    [4000289] =>
                    [4000292] => 행복한 아침
                    [4000293] => 행복한 아침
                    [4000294] =>
                    [4778141] => 등급제외
                    [4778261] => PG2190045D
                    [4778262] => P2023112358770
                    [4778263] => 1
                    [4778265] =>
                    [4778283] =>
                    [4778407] => A00001
                    [k_content_id] =>
                    [k_ud_content_id] => 4000346
                    [k_title] => 1124_건강_블루베리,체리,바나나 SK
                    [c_category_id] => 5398082
                    [k_datagrade] =>
                    [ext-comp-1038] =>
                    [k_storterm] =>
                    [ext-comp-1035] =>
                )

        )

    [regist_type] =>
)

10.160.210.41	[2023-11-23 17:00:21] return ===> <?xml version="1.0" encoding="UTF-8"?>
<response><result success="true" msg="ok" content_id="2418028" task_id="10879272"><success>true</success><msg>ok</msg><content_id>2418028</content_id><task_id>10879272</task_id><task_list_info><source_path_id>83</source_path_id><target_path_id>83</target_path_id><register>edius</register><parameter>"rename"</parameter><source_opt>null</source_opt><target_opt>media=original&amp;dir=$UD_PATH/clip&amp;filename=$OUT_SRC_FILE&amp;ext=$OUT_SRC_EXT</target_opt><type>SAN</type><source_root>I:/CMS</source_root><source_root_for_mac>Product_Main/CMS</source_root_for_mac><login_id></login_id><login_pw></login_pw><source></source><edius_file_path>PG2190045D/NPS_EDIT/clip/P2023112358771.mxf</edius_file_path></task_list_info></result></response>

10.160.210.41	[2023-11-23 17:01:43] REQUEST ===> Array
(
)

10.160.210.41	[2023-11-23 17:01:43] receive ===> {"user_id":"CAS70013","type":"4000346","todas":false,"flag":"edius","metadata_type":"id","metadata":[{"4000288":"","4000289":"","4000292":"행복한 아침","4000293":"행복한 아침","4000294":"","4778141":"등급제외","4778261":"PG2190045D","4778262":"P2023112358771","4778263":"1","4778265":null,"4778283":"","4778407":"A00001","k_content_id":"","k_ud_content_id":"4000346","k_title":"1124_건강_블루베리,체리,SK","c_category_id":"5398082","k_datagrade":"","ext-comp-1038":"","k_storterm":"","ext-comp-1035":""}],"regist_type":""} 
10.160.210.41	[2023-11-23 17:01:43] decodeData ===> Array
(
    [user_id] => CAS70013
    [type] => 4000346
    [todas] =>
    [flag] => edius
    [metadata_type] => id
    [metadata] => Array
        (
            [0] => Array
                (
                    [4000288] =>
                    [4000289] =>
                    [4000292] => 행복한 아침
                    [4000293] => 행복한 아침
                    [4000294] =>
                    [4778141] => 등급제외
                    [4778261] => PG2190045D
                    [4778262] => P2023112358771
                    [4778263] => 1
                    [4778265] =>
                    [4778283] =>
                    [4778407] => A00001
                    [k_content_id] =>
                    [k_ud_content_id] => 4000346
                    [k_title] => 1124_건강_블루베리,체리,SK
                    [c_category_id] => 5398082
                    [k_datagrade] =>
                    [ext-comp-1038] =>
                    [k_storterm] =>
                    [ext-comp-1035] =>
                )

        )

    [regist_type] =>
)

10.160.210.41	[2023-11-23 17:01:43] return ===> <?xml version="1.0" encoding="UTF-8"?>
<response><result success="true" msg="ok" content_id="2418029" task_id="10879276"><success>true</success><msg>ok</msg><content_id>2418029</content_id><task_id>10879276</task_id><task_list_info><source_path_id>83</source_path_id><target_path_id>83</target_path_id><register>edius</register><parameter>"rename"</parameter><source_opt>null</source_opt><target_opt>media=original&amp;dir=$UD_PATH/clip&amp;filename=$OUT_SRC_FILE&amp;ext=$OUT_SRC_EXT</target_opt><type>SAN</type><source_root>I:/CMS</source_root><source_root_for_mac>Product_Main/CMS</source_root_for_mac><login_id></login_id><login_pw></login_pw><source></source><edius_file_path>PG2190045D/NPS_EDIT/clip/P2023112358772.mxf</edius_file_path></task_list_info></result></response>

10.160.210.41	[2023-11-23 17:04:36] REQUEST ===> Array
(
)

10.160.210.41	[2023-11-23 17:04:36] receive ===> {"user_id":"CAS70013","type":"4000346","todas":false,"flag":"edius","metadata_type":"id","metadata":[{"4000288":"","4000289":"","4000292":"행복한 아침","4000293":"행복한 아침","4000294":"","4778141":"등급제외","4778261":"PG2190045D","4778262":"P2023112358772","4778263":"1","4778265":null,"4778283":"","4778407":"A00001","k_content_id":"","k_ud_content_id":"4000346","k_title":"1124_건강_바나나,SK","c_category_id":"5398082","k_datagrade":"","ext-comp-1038":"","k_storterm":"","ext-comp-1035":""}],"regist_type":""} 
10.160.210.41	[2023-11-23 17:04:36] decodeData ===> Array
(
    [user_id] => CAS70013
    [type] => 4000346
    [todas] =>
    [flag] => edius
    [metadata_type] => id
    [metadata] => Array
        (
            [0] => Array
                (
                    [4000288] =>
                    [4000289] =>
                    [4000292] => 행복한 아침
                    [4000293] => 행복한 아침
                    [4000294] =>
                    [4778141] => 등급제외
                    [4778261] => PG2190045D
                    [4778262] => P2023112358772
                    [4778263] => 1
                    [4778265] =>
                    [4778283] =>
                    [4778407] => A00001
                    [k_content_id] =>
                    [k_ud_content_id] => 4000346
                    [k_title] => 1124_건강_바나나,SK
                    [c_category_id] => 5398082
                    [k_datagrade] =>
                    [ext-comp-1038] =>
                    [k_storterm] =>
                    [ext-comp-1035] =>
                )

        )

    [regist_type] =>
)

10.160.210.41	[2023-11-23 17:04:36] return ===> <?xml version="1.0" encoding="UTF-8"?>
<response><result success="true" msg="ok" content_id="2418032" task_id="10879284"><success>true</success><msg>ok</msg><content_id>2418032</content_id><task_id>10879284</task_id><task_list_info><source_path_id>83</source_path_id><target_path_id>83</target_path_id><register>edius</register><parameter>"rename"</parameter><source_opt>null</source_opt><target_opt>media=original&amp;dir=$UD_PATH/clip&amp;filename=$OUT_SRC_FILE&amp;ext=$OUT_SRC_EXT</target_opt><type>SAN</type><source_root>I:/CMS</source_root><source_root_for_mac>Product_Main/CMS</source_root_for_mac><login_id></login_id><login_pw></login_pw><source></source><edius_file_path>PG2190045D/NPS_EDIT/clip/P2023112358775.mxf</edius_file_path></task_list_info></result></response>

10.160.210.41	[2023-11-23 17:07:15] REQUEST ===> Array
(
)

10.160.210.41	[2023-11-23 17:07:15] receive ===> {"user_id":"CAS70013","type":"4000346","todas":false,"flag":"edius","metadata_type":"id","metadata":[{"4000288":"","4000289":"","4000292":"행복한 아침","4000293":"행복한 아침","4000294":"","4778141":"등급제외","4778261":"PG2190045D","4778262":"P2023112358775","4778263":"1","4778265":null,"4778283":"","4778407":"A00001","k_content_id":"","k_ud_content_id":"4000346","k_title":"1124_구독_감태 사진 SK","c_category_id":"5398082","k_datagrade":"","ext-comp-1038":"","k_storterm":"","ext-comp-1035":""}],"regist_type":""} 
10.160.210.41	[2023-11-23 17:07:15] decodeData ===> Array
(
    [user_id] => CAS70013
    [type] => 4000346
    [todas] =>
    [flag] => edius
    [metadata_type] => id
    [metadata] => Array
        (
            [0] => Array
                (
                    [4000288] =>
                    [4000289] =>
                    [4000292] => 행복한 아침
                    [4000293] => 행복한 아침
                    [4000294] =>
                    [4778141] => 등급제외
                    [4778261] => PG2190045D
                    [4778262] => P2023112358775
                    [4778263] => 1
                    [4778265] =>
                    [4778283] =>
                    [4778407] => A00001
                    [k_content_id] =>
                    [k_ud_content_id] => 4000346
                    [k_title] => 1124_구독_감태 사진 SK
                    [c_category_id] => 5398082
                    [k_datagrade] =>
                    [ext-comp-1038] =>
                    [k_storterm] =>
                    [ext-comp-1035] =>
                )

        )

    [regist_type] =>
)

10.160.210.41	[2023-11-23 17:07:15] return ===> <?xml version="1.0" encoding="UTF-8"?>
<response><result success="true" msg="ok" content_id="2418033" task_id="10879293"><success>true</success><msg>ok</msg><content_id>2418033</content_id><task_id>10879293</task_id><task_list_info><source_path_id>83</source_path_id><target_path_id>83</target_path_id><register>edius</register><parameter>"rename"</parameter><source_opt>null</source_opt><target_opt>media=original&amp;dir=$UD_PATH/clip&amp;filename=$OUT_SRC_FILE&amp;ext=$OUT_SRC_EXT</target_opt><type>SAN</type><source_root>I:/CMS</source_root><source_root_for_mac>Product_Main/CMS</source_root_for_mac><login_id></login_id><login_pw></login_pw><source></source><edius_file_path>PG2190045D/NPS_EDIT/clip/P2023112358776.mxf</edius_file_path></task_list_info></result></response>

10.160.210.41	[2023-11-23 17:08:20] REQUEST ===> Array
(
)

10.160.210.41	[2023-11-23 17:08:20] receive ===> {"user_id":"CAS70013","type":"4000346","todas":false,"flag":"edius","metadata_type":"id","metadata":[{"4000288":"","4000289":"","4000292":"행복한 아침","4000293":"행복한 아침","4000294":"","4778141":"등급제외","4778261":"PG2190045D","4778262":"P2023112358776","4778263":"1","4778265":null,"4778283":"","4778407":"A00001","k_content_id":"","k_ud_content_id":"4000346","k_title":"1124_구독_코르티솔 분비 무빙CG","c_category_id":"5398082","k_datagrade":"","ext-comp-1038":"","k_storterm":"","ext-comp-1035":""}],"regist_type":""} 
10.160.210.41	[2023-11-23 17:08:20] decodeData ===> Array
(
    [user_id] => CAS70013
    [type] => 4000346
    [todas] =>
    [flag] => edius
    [metadata_type] => id
    [metadata] => Array
        (
            [0] => Array
                (
                    [4000288] =>
                    [4000289] =>
                    [4000292] => 행복한 아침
                    [4000293] => 행복한 아침
                    [4000294] =>
                    [4778141] => 등급제외
                    [4778261] => PG2190045D
                    [4778262] => P2023112358776
                    [4778263] => 1
                    [4778265] =>
                    [4778283] =>
                    [4778407] => A00001
                    [k_content_id] =>
                    [k_ud_content_id] => 4000346
                    [k_title] => 1124_구독_코르티솔 분비 무빙CG
                    [c_category_id] => 5398082
                    [k_datagrade] =>
                    [ext-comp-1038] =>
                    [k_storterm] =>
                    [ext-comp-1035] =>
                )

        )

    [regist_type] =>
)

10.160.210.41	[2023-11-23 17:08:20] return ===> <?xml version="1.0" encoding="UTF-8"?>
<response><result success="true" msg="ok" content_id="2418034" task_id="10879298"><success>true</success><msg>ok</msg><content_id>2418034</content_id><task_id>10879298</task_id><task_list_info><source_path_id>83</source_path_id><target_path_id>83</target_path_id><register>edius</register><parameter>"rename"</parameter><source_opt>null</source_opt><target_opt>media=original&amp;dir=$UD_PATH/clip&amp;filename=$OUT_SRC_FILE&amp;ext=$OUT_SRC_EXT</target_opt><type>SAN</type><source_root>I:/CMS</source_root><source_root_for_mac>Product_Main/CMS</source_root_for_mac><login_id></login_id><login_pw></login_pw><source></source><edius_file_path>PG2190045D/NPS_EDIT/clip/P2023112358777.mxf</edius_file_path></task_list_info></result></response>

10.160.211.11	[2023-11-23 17:15:18] REQUEST ===> Array
(
)

10.160.211.11	[2023-11-23 17:15:18] receive ===> %7B%22user_id%22%3A%22BNC19004%22%2C%22flag%22%3A%22reg_davinchi_ftp%22%2C%22metadata_type%22%3A%22id%22%2C%22metadata%22%3A%5B%7B%224000288%22%3A%22%22%2C%224000289%22%3A%22%22%2C%224000292%22%3A%22%EC%A0%88%EC%B9%9C+%ED%86%A0%ED%81%90%EB%A9%98%ED%84%B0%EB%A6%AC+4%EC%9D%B8%EC%9A%A9%EC%8B%9D%ED%83%81%22%2C%224000293%22%3A%22-%22%2C%224000294%22%3A%22%22%2C%224778141%22%3A%2212+%EC%84%B8%22%2C%224778261%22%3A%22PG2230214D%22%2C%224778262%22%3A%22%22%2C%224778263%22%3A%2224%22%2C%224778265%22%3A%22%22%2C%224778283%22%3A%22%22%2C%224778407%22%3A%22A00024%22%2C%22k_content_id%22%3A%22%22%2C%22k_ud_content_id%22%3A%224000346%22%2C%22k_title%22%3A%22-%22%2C%22c_category_id%22%3A%225443880%22%2C%22k_datagrade%22%3A%22%22%2C%22ext-comp-1038%22%3A%22%22%2C%22k_storterm%22%3A%22%22%2C%22ext-comp-1035%22%3A%22%22%7D%5D%2C%22regist_type%22%3A%22meta%22%2C%22original_filename%22%3A%22%5B%E1%84%89%E1%85%A2%E1%86%A8%E1%84%87%E1%85%A9%E1%84%8C%E1%85%A5%E1%86%BC%E1%84%8B%E1%85%AA%E1%86%AB%E1%84%85%E1%85%AD%5DP2023112258263.mxf%22%7D
10.160.211.11	[2023-11-23 17:15:18] decodeData ===> Array
(
    [user_id] => BNC19004
    [flag] => reg_davinchi_ftp
    [metadata_type] => id
    [metadata] => Array
        (
            [0] => Array
                (
                    [4000288] =>
                    [4000289] =>
                    [4000292] => 절친 토큐멘터리 4인용식탁
                    [4000293] => -
                    [4000294] =>
                    [4778141] => 12 세
                    [4778261] => PG2230214D
                    [4778262] =>
                    [4778263] => 24
                    [4778265] =>
                    [4778283] =>
                    [4778407] => A00024
                    [k_content_id] =>
                    [k_ud_content_id] => 4000346
                    [k_title] => -
                    [c_category_id] => 5443880
                    [k_datagrade] =>
                    [ext-comp-1038] =>
                    [k_storterm] =>
                    [ext-comp-1035] =>
                )

        )

    [regist_type] => meta
    [original_filename] => [색보정완료]P2023112258263.mxf
)

10.160.211.11	[2023-11-23 17:15:18] return ===> <?xml version="1.0" encoding="UTF-8"?>
<response><result success="true" msg="ok" content_id="2418035" task_id=""><success>true</success><msg>ok</msg><content_id>2418035</content_id><task_id/><task_list_info><type>FTP</type><source_root>10.160.77.12:21</source_root><source_root_for_mac></source_root_for_mac><login_id>chaadmin@ddmc.com</login_id><login_pw>ddmcad09)(</login_pw><source_opt>dir=$UD_PATH/clip&amp;filename=$CONTENT_ID&amp;ext=$OUT_SRC_EXT</source_opt><source>PG2230214D/NPS_EDIT/clip</source><edius_file_path/></task_list_info></result></response>

10.160.211.211	[2023-11-23 17:35:49] REQUEST ===> Array
(
)

10.160.211.211	[2023-11-23 17:35:49] receive ===> %7B%22user_id%22%3A%22ADMIN%22%2C%22flag%22%3A%22reg_davinchi_ftp%22%2C%22metadata_type%22%3A%22id%22%2C%22metadata%22%3A%5B%7B%224000288%22%3A%22%EC%9D%B4%EA%B7%9C%ED%9B%88%22%2C%224000289%22%3A%22%22%2C%224000292%22%3A%2220120923+%EC%8B%9C%EC%8A%A4%ED%85%9C%EA%B4%80%EB%A6%AC%ED%8C%80+%ED%85%8C%EC%8A%A4%ED%8A%B8%22%2C%224000293%22%3A%228%ED%9A%8C%EC%B0%A8+%ED%85%8C%EC%8A%A4%ED%8A%B8%22%2C%224000294%22%3A%22%22%2C%224778141%22%3A%22%EB%AA%A8%EB%93%A0%EC%97%B0%EB%A0%B9%22%2C%224778261%22%3A%22PG2120146D%22%2C%224778262%22%3A%22%22%2C%224778263%22%3A%228%22%2C%224778265%22%3A%22%22%2C%224778283%22%3A%22%22%2C%224778407%22%3A%22A00008%22%2C%22k_content_id%22%3A%22%22%2C%22k_ud_content_id%22%3A%224000346%22%2C%22k_title%22%3A%22test+1%22%2C%22c_category_id%22%3A%225393847%22%2C%22k_datagrade%22%3A%22%22%2C%22ext-comp-1038%22%3A%22%22%2C%22k_storterm%22%3A%22%22%2C%22ext-comp-1035%22%3A%22%22%7D%5D%2C%22regist_type%22%3A%22meta%22%2C%22original_filename%22%3A%22P2023112258406_MF_TEASER_CLEAN.mov%22%7D
10.160.211.211	[2023-11-23 17:35:49] decodeData ===> Array
(
    [user_id] => ADMIN
    [flag] => reg_davinchi_ftp
    [metadata_type] => id
    [metadata] => Array
        (
            [0] => Array
                (
                    [4000288] => 이규훈
                    [4000289] =>
                    [4000292] => 20120923 시스템관리팀 테스트
                    [4000293] => 8회차 테스트
                    [4000294] =>
                    [4778141] => 모든연령
                    [4778261] => PG2120146D
                    [4778262] =>
                    [4778263] => 8
                    [4778265] =>
                    [4778283] =>
                    [4778407] => A00008
                    [k_content_id] =>
                    [k_ud_content_id] => 4000346
                    [k_title] => test 1
                    [c_category_id] => 5393847
                    [k_datagrade] =>
                    [ext-comp-1038] =>
                    [k_storterm] =>
                    [ext-comp-1035] =>
                )

        )

    [regist_type] => meta
    [original_filename] => P2023112258406_MF_TEASER_CLEAN.mov
)

10.160.211.211	[2023-11-23 17:35:49] return ===> <?xml version="1.0" encoding="UTF-8"?>
<response><result success="true" msg="ok" content_id="2418045" task_id=""><success>true</success><msg>ok</msg><content_id>2418045</content_id><task_id/><task_list_info><type>FTP</type><source_root>10.160.77.12:21</source_root><source_root_for_mac></source_root_for_mac><login_id>chaadmin@ddmc.com</login_id><login_pw>ddmcad09)(</login_pw><source_opt>dir=$UD_PATH/clip&amp;filename=$CONTENT_ID&amp;ext=$OUT_SRC_EXT</source_opt><source>PG2120146D/NPS_EDIT/clip</source><edius_file_path/></task_list_info></result></response>

10.160.211.11	[2023-11-23 17:38:00] REQUEST ===> Array
(
)

10.160.211.11	[2023-11-23 17:38:00] receive ===> %7B%22user_id%22%3A%22BNC19004%22%2C%22flag%22%3A%22reg_davinchi_ftp%22%2C%22metadata_type%22%3A%22id%22%2C%22metadata%22%3A%5B%7B%224000288%22%3A%22%EC%9D%B4%EA%B7%9C%ED%9B%88%22%2C%224000289%22%3A%22%22%2C%224000292%22%3A%2220120923+%EC%8B%9C%EC%8A%A4%ED%85%9C%EA%B4%80%EB%A6%AC%ED%8C%80+%ED%85%8C%EC%8A%A4%ED%8A%B8%22%2C%224000293%22%3A%228%ED%9A%8C%EC%B0%A8+%ED%85%8C%EC%8A%A4%ED%8A%B8%22%2C%224000294%22%3A%22%22%2C%224778141%22%3A%22%EB%AA%A8%EB%93%A0%EC%97%B0%EB%A0%B9%22%2C%224778261%22%3A%22PG2120146D%22%2C%224778262%22%3A%22%22%2C%224778263%22%3A%228%22%2C%224778265%22%3A%22%22%2C%224778283%22%3A%22%22%2C%224778407%22%3A%22A00008%22%2C%22k_content_id%22%3A%22%22%2C%22k_ud_content_id%22%3A%224000346%22%2C%22k_title%22%3A%22test+2%22%2C%22c_category_id%22%3A%225393847%22%2C%22k_datagrade%22%3A%22%22%2C%22ext-comp-1038%22%3A%22%22%2C%22k_storterm%22%3A%22%22%2C%22ext-comp-1035%22%3A%22%22%7D%5D%2C%22regist_type%22%3A%22meta%22%2C%22original_filename%22%3A%22P2023021583250.mxf%22%7D
10.160.211.11	[2023-11-23 17:38:00] decodeData ===> Array
(
    [user_id] => BNC19004
    [flag] => reg_davinchi_ftp
    [metadata_type] => id
    [metadata] => Array
        (
            [0] => Array
                (
                    [4000288] => 이규훈
                    [4000289] =>
                    [4000292] => 20120923 시스템관리팀 테스트
                    [4000293] => 8회차 테스트
                    [4000294] =>
                    [4778141] => 모든연령
                    [4778261] => PG2120146D
                    [4778262] =>
                    [4778263] => 8
                    [4778265] =>
                    [4778283] =>
                    [4778407] => A00008
                    [k_content_id] =>
                    [k_ud_content_id] => 4000346
                    [k_title] => test 2
                    [c_category_id] => 5393847
                    [k_datagrade] =>
                    [ext-comp-1038] =>
                    [k_storterm] =>
                    [ext-comp-1035] =>
                )

        )

    [regist_type] => meta
    [original_filename] => P2023021583250.mxf
)

10.160.211.11	[2023-11-23 17:38:00] return ===> <?xml version="1.0" encoding="UTF-8"?>
<response><result success="true" msg="ok" content_id="2418046" task_id=""><success>true</success><msg>ok</msg><content_id>2418046</content_id><task_id/><task_list_info><type>FTP</type><source_root>10.160.77.12:21</source_root><source_root_for_mac></source_root_for_mac><login_id>chaadmin@ddmc.com</login_id><login_pw>ddmcad09)(</login_pw><source_opt>dir=$UD_PATH/clip&amp;filename=$CONTENT_ID&amp;ext=$OUT_SRC_EXT</source_opt><source>PG2120146D/NPS_EDIT/clip</source><edius_file_path/></task_list_info></result></response>

10.160.211.11	[2023-11-23 17:38:54] REQUEST ===> Array
(
)

10.160.211.11	[2023-11-23 17:38:54] receive ===> %7B%22user_id%22%3A%22ADMIN%22%2C%22flag%22%3A%22reg_davinchi_ftp%22%2C%22metadata_type%22%3A%22id%22%2C%22metadata%22%3A%5B%7B%224000288%22%3A%22%EC%9D%B4%EA%B7%9C%ED%9B%88%22%2C%224000289%22%3A%22%22%2C%224000292%22%3A%2220120923+%EC%8B%9C%EC%8A%A4%ED%85%9C%EA%B4%80%EB%A6%AC%ED%8C%80+%ED%85%8C%EC%8A%A4%ED%8A%B8%22%2C%224000293%22%3A%228%ED%9A%8C%EC%B0%A8+%ED%85%8C%EC%8A%A4%ED%8A%B8%22%2C%224000294%22%3A%22%22%2C%224778141%22%3A%22%EB%AA%A8%EB%93%A0%EC%97%B0%EB%A0%B9%22%2C%224778261%22%3A%22PG2120146D%22%2C%224778262%22%3A%22%22%2C%224778263%22%3A%228%22%2C%224778265%22%3A%22%22%2C%224778283%22%3A%22%22%2C%224778407%22%3A%22A00008%22%2C%22k_content_id%22%3A%22%22%2C%22k_ud_content_id%22%3A%224000346%22%2C%22k_title%22%3A%22test+2%22%2C%22c_category_id%22%3A%225393847%22%2C%22k_datagrade%22%3A%22%22%2C%22ext-comp-1038%22%3A%22%22%2C%22k_storterm%22%3A%22%22%2C%22ext-comp-1035%22%3A%22%22%7D%5D%2C%22regist_type%22%3A%22meta%22%2C%22original_filename%22%3A%22M2023021600218.mxf%22%7D
10.160.211.11	[2023-11-23 17:38:54] decodeData ===> Array
(
    [user_id] => ADMIN
    [flag] => reg_davinchi_ftp
    [metadata_type] => id
    [metadata] => Array
        (
            [0] => Array
                (
                    [4000288] => 이규훈
                    [4000289] =>
                    [4000292] => 20120923 시스템관리팀 테스트
                    [4000293] => 8회차 테스트
                    [4000294] =>
                    [4778141] => 모든연령
                    [4778261] => PG2120146D
                    [4778262] =>
                    [4778263] => 8
                    [4778265] =>
                    [4778283] =>
                    [4778407] => A00008
                    [k_content_id] =>
                    [k_ud_content_id] => 4000346
                    [k_title] => test 2
                    [c_category_id] => 5393847
                    [k_datagrade] =>
                    [ext-comp-1038] =>
                    [k_storterm] =>
                    [ext-comp-1035] =>
                )

        )

    [regist_type] => meta
    [original_filename] => M2023021600218.mxf
)

10.160.211.11	[2023-11-23 17:38:54] return ===> <?xml version="1.0" encoding="UTF-8"?>
<response><result success="true" msg="ok" content_id="2418047" task_id=""><success>true</success><msg>ok</msg><content_id>2418047</content_id><task_id/><task_list_info><type>FTP</type><source_root>10.160.77.12:21</source_root><source_root_for_mac></source_root_for_mac><login_id>chaadmin@ddmc.com</login_id><login_pw>ddmcad09)(</login_pw><source_opt>dir=$UD_PATH/clip&amp;filename=$CONTENT_ID&amp;ext=$OUT_SRC_EXT</source_opt><source>PG2120146D/NPS_EDIT/clip</source><edius_file_path/></task_list_info></result></response>

10.160.210.58	[2023-11-23 17:39:54] REQUEST ===> Array
(
)

10.160.210.58	[2023-11-23 17:39:54] receive ===> {"user_id":"CA018027","type":"4000346","todas":false,"flag":"edius","metadata_type":"id","metadata":[{"4000288":"","4000289":"","4000292":"요즘 육아 금쪽같은 내새끼","4000293":"요즘 육아 금쪽같은 내새끼","4000294":"","4778141":"12 세","4778261":"PG2200051D","4778262":"P2023112258264","4778263":"171","4778265":null,"4778283":"","4778407":"A00171","k_content_id":"","k_ud_content_id":"4000346","k_title":"[색보정 의뢰] 171회 애프터","c_category_id":"5438886","k_datagrade":"","ext-comp-1038":"","k_storterm":"","ext-comp-1035":""}],"regist_type":""} 
10.160.210.58	[2023-11-23 17:39:54] decodeData ===> Array
(
    [user_id] => CA018027
    [type] => 4000346
    [todas] =>
    [flag] => edius
    [metadata_type] => id
    [metadata] => Array
        (
            [0] => Array
                (
                    [4000288] =>
                    [4000289] =>
                    [4000292] => 요즘 육아 금쪽같은 내새끼
                    [4000293] => 요즘 육아 금쪽같은 내새끼
                    [4000294] =>
                    [4778141] => 12 세
                    [4778261] => PG2200051D
                    [4778262] => P2023112258264
                    [4778263] => 171
                    [4778265] =>
                    [4778283] =>
                    [4778407] => A00171
                    [k_content_id] =>
                    [k_ud_content_id] => 4000346
                    [k_title] => [색보정 의뢰] 171회 애프터
                    [c_category_id] => 5438886
                    [k_datagrade] =>
                    [ext-comp-1038] =>
                    [k_storterm] =>
                    [ext-comp-1035] =>
                )

        )

    [regist_type] =>
)

10.160.210.58	[2023-11-23 17:39:55] return ===> <?xml version="1.0" encoding="UTF-8"?>
<response><result success="true" msg="ok" content_id="2418048" task_id="10879333"><success>true</success><msg>ok</msg><content_id>2418048</content_id><task_id>10879333</task_id><task_list_info><source_path_id>162</source_path_id><target_path_id>162</target_path_id><register>edius</register><parameter>"rename"</parameter><source_opt>null</source_opt><target_opt>media=original&amp;dir=$UD_PATH/clip&amp;filename=$OUT_SRC_FILE&amp;ext=$OUT_SRC_EXT</target_opt><type>SAN</type><source_root>P:/CMS</source_root><source_root_for_mac>Product_Main/CMS</source_root_for_mac><login_id></login_id><login_pw></login_pw><source></source><edius_file_path>PG2200051D/NPS_EDIT/clip/P2023112358791.mxf</edius_file_path></task_list_info></result></response>

10.160.211.11	[2023-11-23 17:40:30] REQUEST ===> Array
(
)

10.160.211.11	[2023-11-23 17:40:30] receive ===> %7B%22user_id%22%3A%22ADMIN%22%2C%22flag%22%3A%22reg_davinchi_ftp%22%2C%22metadata_type%22%3A%22id%22%2C%22metadata%22%3A%5B%7B%224000288%22%3A%22%22%2C%224000289%22%3A%22%22%2C%224000292%22%3A%22%EC%98%A4%EC%9D%80%EC%98%81%EC%9D%98+%EA%B8%88%EC%AA%BD+%EC%83%81%EB%8B%B4%EC%86%8C%22%2C%224000293%22%3A%22120%ED%9A%8C%22%2C%224000294%22%3A%22%22%2C%224778141%22%3A%2215+%EC%84%B8%22%2C%224778261%22%3A%22PG2210189D%22%2C%224778262%22%3A%22%22%2C%224778263%22%3A%22120%22%2C%224778265%22%3A%22%22%2C%224778283%22%3A%22%22%2C%224778407%22%3A%22A00120%22%2C%22k_content_id%22%3A%22%22%2C%22k_ud_content_id%22%3A%224000346%22%2C%22k_title%22%3A%22test+3%22%2C%22c_category_id%22%3A%225440957%22%2C%22k_datagrade%22%3A%22%22%2C%22ext-comp-1038%22%3A%22%22%2C%22k_storterm%22%3A%22%22%2C%22ext-comp-1035%22%3A%22%22%7D%5D%2C%22regist_type%22%3A%22meta%22%2C%22original_filename%22%3A%22M2023021600218.mxf%22%7D
10.160.211.11	[2023-11-23 17:40:30] decodeData ===> Array
(
    [user_id] => ADMIN
    [flag] => reg_davinchi_ftp
    [metadata_type] => id
    [metadata] => Array
        (
            [0] => Array
                (
                    [4000288] =>
                    [4000289] =>
                    [4000292] => 오은영의 금쪽 상담소
                    [4000293] => 120회
                    [4000294] =>
                    [4778141] => 15 세
                    [4778261] => PG2210189D
                    [4778262] =>
                    [4778263] => 120
                    [4778265] =>
                    [4778283] =>
                    [4778407] => A00120
                    [k_content_id] =>
                    [k_ud_content_id] => 4000346
                    [k_title] => test 3
                    [c_category_id] => 5440957
                    [k_datagrade] =>
                    [ext-comp-1038] =>
                    [k_storterm] =>
                    [ext-comp-1035] =>
                )

        )

    [regist_type] => meta
    [original_filename] => M2023021600218.mxf
)

10.160.211.11	[2023-11-23 17:40:30] return ===> <?xml version="1.0" encoding="UTF-8"?>
<response><result success="true" msg="ok" content_id="2418049" task_id=""><success>true</success><msg>ok</msg><content_id>2418049</content_id><task_id/><task_list_info><type>FTP</type><source_root>10.160.77.12:21</source_root><source_root_for_mac></source_root_for_mac><login_id>chaadmin@ddmc.com</login_id><login_pw>ddmcad09)(</login_pw><source_opt>dir=$UD_PATH/clip&amp;filename=$CONTENT_ID&amp;ext=$OUT_SRC_EXT</source_opt><source>PG2210189D/NPS_EDIT/clip</source><edius_file_path/></task_list_info></result></response>

10.160.211.11	[2023-11-23 17:41:40] REQUEST ===> Array
(
)

10.160.211.11	[2023-11-23 17:41:40] receive ===> %7B%22user_id%22%3A%22ADMIN%22%2C%22flag%22%3A%22reg_davinchi_ftp%22%2C%22metadata_type%22%3A%22id%22%2C%22metadata%22%3A%5B%7B%224000288%22%3A%22%22%2C%224000289%22%3A%22%22%2C%224000292%22%3A%22%ED%85%8C%EC%8A%A4%ED%8A%B8%ED%94%84%EB%A1%9C%EA%B7%B8%EB%9E%A8%22%2C%224000293%22%3A%222%ED%9A%8C%EC%B0%A8%22%2C%224000294%22%3A%22%22%2C%224778141%22%3A%22%EB%AA%A8%EB%93%A0%EC%97%B0%EB%A0%B9%22%2C%224778261%22%3A%22PG2230187D%22%2C%224778262%22%3A%22%22%2C%224778263%22%3A%222%22%2C%224778265%22%3A%22%22%2C%224778283%22%3A%22%22%2C%224778407%22%3A%22A00002%22%2C%22k_content_id%22%3A%22%22%2C%22k_ud_content_id%22%3A%224000346%22%2C%22k_title%22%3A%22test2%22%2C%22c_category_id%22%3A%225443759%22%2C%22k_datagrade%22%3A%22%22%2C%22ext-comp-1038%22%3A%22%22%2C%22k_storterm%22%3A%22%22%2C%22ext-comp-1035%22%3A%22%22%7D%5D%2C%22regist_type%22%3A%22meta%22%2C%22original_filename%22%3A%22M2023021600218.mxf%22%7D
10.160.211.11	[2023-11-23 17:41:40] decodeData ===> Array
(
    [user_id] => ADMIN
    [flag] => reg_davinchi_ftp
    [metadata_type] => id
    [metadata] => Array
        (
            [0] => Array
                (
                    [4000288] =>
                    [4000289] =>
                    [4000292] => 테스트프로그램
                    [4000293] => 2회차
                    [4000294] =>
                    [4778141] => 모든연령
                    [4778261] => PG2230187D
                    [4778262] =>
                    [4778263] => 2
                    [4778265] =>
                    [4778283] =>
                    [4778407] => A00002
                    [k_content_id] =>
                    [k_ud_content_id] => 4000346
                    [k_title] => test2
                    [c_category_id] => 5443759
                    [k_datagrade] =>
                    [ext-comp-1038] =>
                    [k_storterm] =>
                    [ext-comp-1035] =>
                )

        )

    [regist_type] => meta
    [original_filename] => M2023021600218.mxf
)

10.160.211.11	[2023-11-23 17:41:40] return ===> <?xml version="1.0" encoding="UTF-8"?>
<response><result success="true" msg="ok" content_id="2418050" task_id=""><success>true</success><msg>ok</msg><content_id>2418050</content_id><task_id/><task_list_info><type>FTP</type><source_root>10.160.77.12:2021</source_root><source_root_for_mac></source_root_for_mac><login_id>chaadmin@ddmc.com</login_id><login_pw>ddmcad09)(</login_pw><source_opt>dir=$UD_PATH/clip&amp;filename=$CONTENT_ID&amp;ext=$OUT_SRC_EXT</source_opt><source>PG2230187D/NPS_EDIT/clip</source><edius_file_path/></task_list_info></result></response>

10.160.211.11	[2023-11-23 17:42:16] REQUEST ===> Array
(
)

10.160.211.11	[2023-11-23 17:42:16] receive ===> %7B%22user_id%22%3A%22ADMIN%22%2C%22flag%22%3A%22reg_davinchi_ftp%22%2C%22metadata_type%22%3A%22id%22%2C%22metadata%22%3A%5B%7B%224000288%22%3A%22%22%2C%224000289%22%3A%22%22%2C%224000292%22%3A%22%ED%85%8C%EC%8A%A4%ED%8A%B8%ED%94%84%EB%A1%9C%EA%B7%B8%EB%9E%A8%22%2C%224000293%22%3A%222%ED%9A%8C%EC%B0%A8%22%2C%224000294%22%3A%22%22%2C%224778141%22%3A%22%EB%AA%A8%EB%93%A0%EC%97%B0%EB%A0%B9%22%2C%224778261%22%3A%22PG2230187D%22%2C%224778262%22%3A%22%22%2C%224778263%22%3A%222%22%2C%224778265%22%3A%22%22%2C%224778283%22%3A%22%22%2C%224778407%22%3A%22A00002%22%2C%22k_content_id%22%3A%22%22%2C%22k_ud_content_id%22%3A%224000346%22%2C%22k_title%22%3A%22test2%22%2C%22c_category_id%22%3A%225443759%22%2C%22k_datagrade%22%3A%22%22%2C%22ext-comp-1038%22%3A%22%22%2C%22k_storterm%22%3A%22%22%2C%22ext-comp-1035%22%3A%22%22%7D%5D%2C%22regist_type%22%3A%22task_cancel%22%2C%22content_id%22%3A%222418050%22%2C%22original_filename%22%3A%22M2023021600218.mxf%22%2C%22IsFileNameToTitle%22%3A%220%22%7D
10.160.211.11	[2023-11-23 17:42:16] decodeData ===> Array
(
    [user_id] => ADMIN
    [flag] => reg_davinchi_ftp
    [metadata_type] => id
    [metadata] => Array
        (
            [0] => Array
                (
                    [4000288] =>
                    [4000289] =>
                    [4000292] => 테스트프로그램
                    [4000293] => 2회차
                    [4000294] =>
                    [4778141] => 모든연령
                    [4778261] => PG2230187D
                    [4778262] =>
                    [4778263] => 2
                    [4778265] =>
                    [4778283] =>
                    [4778407] => A00002
                    [k_content_id] =>
                    [k_ud_content_id] => 4000346
                    [k_title] => test2
                    [c_category_id] => 5443759
                    [k_datagrade] =>
                    [ext-comp-1038] =>
                    [k_storterm] =>
                    [ext-comp-1035] =>
                )

        )

    [regist_type] => task_cancel
    [content_id] => 2418050
    [original_filename] => M2023021600218.mxf
    [IsFileNameToTitle] => 0
)

10.160.211.11	[2023-11-23 17:42:16] error return ===> <?xml version="1.0" encoding="UTF-8"?>
<response><result success="false" msg="ORA-01407: NULL로 (&quot;CHANPS&quot;.&quot;BC_MEMBER_CONTENT_MAPPING&quot;.&quot;CONTENT_ID&quot;)을 갱신할 수 없습니다(&#13;&#10;&#9;&#9;&#9;&#9;&#9;update&#9;bc_member_content_mapping &#13;&#10;&#9;&#9;&#9;&#9;&#9;set&#9;&#9;content_id = ''&#13;&#10;&#9;&#9;&#9;&#9;&#9;where&#9;upper(user_id)=upper('ADMIN')&#13;&#10;&#9;&#9;&#9;&#9;&#9;and&#9;&#9;user_ip = '10.160.211.11')"><success>false</success><msg>ORA-01407: NULL로 ("CHANPS"."BC_MEMBER_CONTENT_MAPPING"."CONTENT_ID")을 갱신할 수 없습니다(&#13;
					update	bc_member_content_mapping &#13;
					set		content_id = ''&#13;
					where	upper(user_id)=upper('ADMIN')&#13;
					and		user_ip = '10.160.211.11')</msg></result></response>

10.160.210.31	[2023-11-23 17:43:55] REQUEST ===> Array
(
)

10.160.210.31	[2023-11-23 17:43:55] receive ===> {"user_id":"CA022054","type":"4000346","todas":false,"flag":"edius","metadata_type":"id","metadata":[{"4000288":"","4000289":"","4000292":"오은영의 금쪽 상담소","4000293":"108회","4000294":"","4778141":"15 세","4778261":"PG2210189D","4778262":"P2023112358784","4778263":"108","4778265":null,"4778283":"","4778407":"A00108","k_content_id":"","k_ud_content_id":"4000346","k_title":"[1123 추가색보정2] PART2","c_category_id":"5440957","k_datagrade":"","ext-comp-1038":"","k_storterm":"","ext-comp-1035":""}],"regist_type":""} 
10.160.210.31	[2023-11-23 17:43:55] decodeData ===> Array
(
    [user_id] => CA022054
    [type] => 4000346
    [todas] =>
    [flag] => edius
    [metadata_type] => id
    [metadata] => Array
        (
            [0] => Array
                (
                    [4000288] =>
                    [4000289] =>
                    [4000292] => 오은영의 금쪽 상담소
                    [4000293] => 108회
                    [4000294] =>
                    [4778141] => 15 세
                    [4778261] => PG2210189D
                    [4778262] => P2023112358784
                    [4778263] => 108
                    [4778265] =>
                    [4778283] =>
                    [4778407] => A00108
                    [k_content_id] =>
                    [k_ud_content_id] => 4000346
                    [k_title] => [1123 추가색보정2] PART2
                    [c_category_id] => 5440957
                    [k_datagrade] =>
                    [ext-comp-1038] =>
                    [k_storterm] =>
                    [ext-comp-1035] =>
                )

        )

    [regist_type] =>
)

10.160.210.31	[2023-11-23 17:43:55] return ===> <?xml version="1.0" encoding="UTF-8"?>
<response><result success="true" msg="ok" content_id="2418051" task_id="10879335"><success>true</success><msg>ok</msg><content_id>2418051</content_id><task_id>10879335</task_id><task_list_info><source_path_id>83</source_path_id><target_path_id>83</target_path_id><register>edius</register><parameter>"rename"</parameter><source_opt>null</source_opt><target_opt>media=original&amp;dir=$UD_PATH/clip&amp;filename=$OUT_SRC_FILE&amp;ext=$OUT_SRC_EXT</target_opt><type>SAN</type><source_root>I:/CMS</source_root><source_root_for_mac>Product_Main/CMS</source_root_for_mac><login_id></login_id><login_pw></login_pw><source></source><edius_file_path>PG2210189D/NPS_EDIT/clip/P2023112358794.mxf</edius_file_path></task_list_info></result></response>

10.160.210.81	[2023-11-23 17:46:19] REQUEST ===> Array
(
)

10.160.210.81	[2023-11-23 17:46:19] receive ===> {"user_id":"CA020042","type":"4000346","todas":false,"flag":"edius","metadata_type":"id","metadata":[{"4000288":"","4000289":"","4000292":"강철부대3","4000293":"강철부대3 10회","4000294":"","4778141":"15 세","4778261":"PG2230062D","4778262":"P2023112358782","4778263":"10","4778265":null,"4778283":"","4778407":"A00010","k_content_id":"","k_ud_content_id":"4000346","k_title":"(재방 믹싱용) 강철부대3_10회_60분편성용(45분RT)","c_category_id":"5443232","k_datagrade":"","ext-comp-1038":"","k_storterm":"","ext-comp-1035":""}],"regist_type":""} 
10.160.210.81	[2023-11-23 17:46:19] decodeData ===> Array
(
    [user_id] => CA020042
    [type] => 4000346
    [todas] =>
    [flag] => edius
    [metadata_type] => id
    [metadata] => Array
        (
            [0] => Array
                (
                    [4000288] =>
                    [4000289] =>
                    [4000292] => 강철부대3
                    [4000293] => 강철부대3 10회
                    [4000294] =>
                    [4778141] => 15 세
                    [4778261] => PG2230062D
                    [4778262] => P2023112358782
                    [4778263] => 10
                    [4778265] =>
                    [4778283] =>
                    [4778407] => A00010
                    [k_content_id] =>
                    [k_ud_content_id] => 4000346
                    [k_title] => (재방 믹싱용) 강철부대3_10회_60분편성용(45분RT)
                    [c_category_id] => 5443232
                    [k_datagrade] =>
                    [ext-comp-1038] =>
                    [k_storterm] =>
                    [ext-comp-1035] =>
                )

        )

    [regist_type] =>
)

10.160.210.81	[2023-11-23 17:46:19] return ===> <?xml version="1.0" encoding="UTF-8"?>
<response><result success="true" msg="ok" content_id="2418052" task_id="10879343"><success>true</success><msg>ok</msg><content_id>2418052</content_id><task_id>10879343</task_id><task_list_info><source_path_id>162</source_path_id><target_path_id>162</target_path_id><register>edius</register><parameter>"rename"</parameter><source_opt>null</source_opt><target_opt>media=original&amp;dir=$UD_PATH/clip&amp;filename=$OUT_SRC_FILE&amp;ext=$OUT_SRC_EXT</target_opt><type>SAN</type><source_root>P:/CMS</source_root><source_root_for_mac>Product_Main/CMS</source_root_for_mac><login_id></login_id><login_pw></login_pw><source></source><edius_file_path>PG2230062D/NPS_EDIT/clip/P2023112358795.mxf</edius_file_path></task_list_info></result></response>

10.160.211.211	[2023-11-23 17:57:18] REQUEST ===> Array
(
)

10.160.211.211	[2023-11-23 17:57:18] receive ===> %7B%22user_id%22%3A%22ADMIN%22%2C%22flag%22%3A%22reg_davinchi_ftp%22%2C%22metadata_type%22%3A%22id%22%2C%22metadata%22%3A%5B%7B%224000288%22%3A%22%EC%9D%B4%EA%B7%9C%ED%9B%88%22%2C%224000289%22%3A%22%22%2C%224000292%22%3A%2220120923+%EC%8B%9C%EC%8A%A4%ED%85%9C%EA%B4%80%EB%A6%AC%ED%8C%80+%ED%85%8C%EC%8A%A4%ED%8A%B8%22%2C%224000293%22%3A%228%ED%9A%8C%EC%B0%A8+%ED%85%8C%EC%8A%A4%ED%8A%B8%22%2C%224000294%22%3A%22%22%2C%224778141%22%3A%22%EB%AA%A8%EB%93%A0%EC%97%B0%EB%A0%B9%22%2C%224778261%22%3A%22PG2120146D%22%2C%224778262%22%3A%22%22%2C%224778263%22%3A%228%22%2C%224778265%22%3A%22%22%2C%224778283%22%3A%22%22%2C%224778407%22%3A%22A00008%22%2C%22k_content_id%22%3A%22%22%2C%22k_ud_content_id%22%3A%224000346%22%2C%22k_title%22%3A%22test231123_8%22%2C%22c_category_id%22%3A%225393847%22%2C%22k_datagrade%22%3A%22%22%2C%22ext-comp-1038%22%3A%22%22%2C%22k_storterm%22%3A%22%22%2C%22ext-comp-1035%22%3A%22%22%7D%5D%2C%22regist_type%22%3A%22meta%22%2C%22original_filename%22%3A%22P2023112258406_MF_TEASER_CLEAN.mov%22%7D
10.160.211.211	[2023-11-23 17:57:18] decodeData ===> Array
(
    [user_id] => ADMIN
    [flag] => reg_davinchi_ftp
    [metadata_type] => id
    [metadata] => Array
        (
            [0] => Array
                (
                    [4000288] => 이규훈
                    [4000289] =>
                    [4000292] => 20120923 시스템관리팀 테스트
                    [4000293] => 8회차 테스트
                    [4000294] =>
                    [4778141] => 모든연령
                    [4778261] => PG2120146D
                    [4778262] =>
                    [4778263] => 8
                    [4778265] =>
                    [4778283] =>
                    [4778407] => A00008
                    [k_content_id] =>
                    [k_ud_content_id] => 4000346
                    [k_title] => test231123_8
                    [c_category_id] => 5393847
                    [k_datagrade] =>
                    [ext-comp-1038] =>
                    [k_storterm] =>
                    [ext-comp-1035] =>
                )

        )

    [regist_type] => meta
    [original_filename] => P2023112258406_MF_TEASER_CLEAN.mov
)

10.160.211.211	[2023-11-23 17:57:18] return ===> <?xml version="1.0" encoding="UTF-8"?>
<response><result success="true" msg="ok" content_id="2418055" task_id=""><success>true</success><msg>ok</msg><content_id>2418055</content_id><task_id/><task_list_info><type>FTP</type><source_root>10.160.77.12:21</source_root><source_root_for_mac></source_root_for_mac><login_id>chaadmin@ddmc.com</login_id><login_pw>ddmcad09)(</login_pw><source_opt>dir=$UD_PATH/clip&amp;filename=$CONTENT_ID&amp;ext=$OUT_SRC_EXT</source_opt><source>PG2120146D/NPS_EDIT/clip</source><edius_file_path/></task_list_info></result></response>

10.160.210.50	[2023-11-23 17:59:07] REQUEST ===> Array
(
)

10.160.210.50	[2023-11-23 17:59:07] receive ===> {"user_id":"CA022026","type":"4000346","todas":false,"flag":"edius","metadata_type":"id","metadata":[{"4000288":"","4000289":"","4000292":"오은영의 금쪽 상담소","4000293":"109회","4000294":"","4778141":"15 세","4778261":"PG2210189D","4778262":"P2023112358738","4778263":"109","4778265":null,"4778283":"","4778407":"A00109","k_content_id":"","k_ud_content_id":"4000346","k_title":"(1123시사) 크남매 파트2-3","c_category_id":"5440957","k_datagrade":"","ext-comp-1038":"","k_storterm":"","ext-comp-1035":""}],"regist_type":""} 
10.160.210.50	[2023-11-23 17:59:07] decodeData ===> Array
(
    [user_id] => CA022026
    [type] => 4000346
    [todas] =>
    [flag] => edius
    [metadata_type] => id
    [metadata] => Array
        (
            [0] => Array
                (
                    [4000288] =>
                    [4000289] =>
                    [4000292] => 오은영의 금쪽 상담소
                    [4000293] => 109회
                    [4000294] =>
                    [4778141] => 15 세
                    [4778261] => PG2210189D
                    [4778262] => P2023112358738
                    [4778263] => 109
                    [4778265] =>
                    [4778283] =>
                    [4778407] => A00109
                    [k_content_id] =>
                    [k_ud_content_id] => 4000346
                    [k_title] => (1123시사) 크남매 파트2-3
                    [c_category_id] => 5440957
                    [k_datagrade] =>
                    [ext-comp-1038] =>
                    [k_storterm] =>
                    [ext-comp-1035] =>
                )

        )

    [regist_type] =>
)

10.160.210.50	[2023-11-23 17:59:07] return ===> <?xml version="1.0" encoding="UTF-8"?>
<response><result success="true" msg="ok" content_id="2418056" task_id="10879379"><success>true</success><msg>ok</msg><content_id>2418056</content_id><task_id>10879379</task_id><task_list_info><source_path_id>83</source_path_id><target_path_id>83</target_path_id><register>edius</register><parameter>"rename"</parameter><source_opt>null</source_opt><target_opt>media=original&amp;dir=$UD_PATH/clip&amp;filename=$OUT_SRC_FILE&amp;ext=$OUT_SRC_EXT</target_opt><type>SAN</type><source_root>I:/CMS</source_root><source_root_for_mac>Product_Main/CMS</source_root_for_mac><login_id></login_id><login_pw></login_pw><source></source><edius_file_path>PG2210189D/NPS_EDIT/clip/P2023112358799.mxf</edius_file_path></task_list_info></result></response>

10.160.212.11	[2023-11-23 18:07:11] REQUEST ===> Array
(
)

10.160.212.11	[2023-11-23 18:07:11] receive ===> {"user_id":"CM016016","type":"4000346","todas":false,"flag":"edius","metadata_type":"id","metadata":[{"4000288":"","4000289":"","4000292":"강철부대3","4000293":"강철부대3 10회","4000294":"","4778141":"15 세","4778261":"PG2230062D","4778262":"P2023112157943","4778263":"10","4778265":null,"4778283":"","4778407":"A00010","k_content_id":"","k_ud_content_id":"4000346","k_title":"(연령고지 및 우상단로고)_강철부대3_10회_최종수정","c_category_id":"5443232","k_datagrade":"","ext-comp-1038":"","k_storterm":"","ext-comp-1035":""}],"regist_type":""} 
10.160.212.11	[2023-11-23 18:07:11] decodeData ===> Array
(
    [user_id] => CM016016
    [type] => 4000346
    [todas] =>
    [flag] => edius
    [metadata_type] => id
    [metadata] => Array
        (
            [0] => Array
                (
                    [4000288] =>
                    [4000289] =>
                    [4000292] => 강철부대3
                    [4000293] => 강철부대3 10회
                    [4000294] =>
                    [4778141] => 15 세
                    [4778261] => PG2230062D
                    [4778262] => P2023112157943
                    [4778263] => 10
                    [4778265] =>
                    [4778283] =>
                    [4778407] => A00010
                    [k_content_id] =>
                    [k_ud_content_id] => 4000346
                    [k_title] => (연령고지 및 우상단로고)_강철부대3_10회_최종수정
                    [c_category_id] => 5443232
                    [k_datagrade] =>
                    [ext-comp-1038] =>
                    [k_storterm] =>
                    [ext-comp-1035] =>
                )

        )

    [regist_type] =>
)

10.160.212.11	[2023-11-23 18:07:11] return ===> <?xml version="1.0" encoding="UTF-8"?>
<response><result success="true" msg="ok" content_id="2418060" task_id="10879391"><success>true</success><msg>ok</msg><content_id>2418060</content_id><task_id>10879391</task_id><task_list_info><source_path_id>162</source_path_id><target_path_id>162</target_path_id><register>edius</register><parameter>"rename"</parameter><source_opt>null</source_opt><target_opt>media=original&amp;dir=$UD_PATH/clip&amp;filename=$OUT_SRC_FILE&amp;ext=$OUT_SRC_EXT</target_opt><type>SAN</type><source_root>P:/CMS</source_root><source_root_for_mac>Product_Main/CMS</source_root_for_mac><login_id></login_id><login_pw></login_pw><source></source><edius_file_path>PG2230062D/NPS_EDIT/clip/P2023112358803.mxf</edius_file_path></task_list_info></result></response>

10.160.211.211	[2023-11-23 18:21:06] REQUEST ===> Array
(
)

10.160.211.211	[2023-11-23 18:21:06] receive ===> %7B%22user_id%22%3A%22ADMIN%22%2C%22flag%22%3A%22reg_davinchi_ftp%22%2C%22metadata_type%22%3A%22id%22%2C%22metadata%22%3A%5B%7B%224000288%22%3A%22%EC%9D%B4%EA%B7%9C%ED%9B%88%22%2C%224000289%22%3A%22%22%2C%224000292%22%3A%2220120923+%EC%8B%9C%EC%8A%A4%ED%85%9C%EA%B4%80%EB%A6%AC%ED%8C%80+%ED%85%8C%EC%8A%A4%ED%8A%B8%22%2C%224000293%22%3A%228%ED%9A%8C%EC%B0%A8+%ED%85%8C%EC%8A%A4%ED%8A%B8%22%2C%224000294%22%3A%22%22%2C%224778141%22%3A%22%EB%AA%A8%EB%93%A0%EC%97%B0%EB%A0%B9%22%2C%224778261%22%3A%22PG2120146D%22%2C%224778262%22%3A%22%22%2C%224778263%22%3A%228%22%2C%224778265%22%3A%22%22%2C%224778283%22%3A%22%22%2C%224778407%22%3A%22A00008%22%2C%22k_content_id%22%3A%22%22%2C%22k_ud_content_id%22%3A%224000346%22%2C%22k_title%22%3A%22tests+3%22%2C%22c_category_id%22%3A%225393847%22%2C%22k_datagrade%22%3A%22%22%2C%22ext-comp-1038%22%3A%22%22%2C%22k_storterm%22%3A%22%22%2C%22ext-comp-1035%22%3A%22%22%7D%5D%2C%22regist_type%22%3A%22meta%22%2C%22original_filename%22%3A%22P2023112258406_MF_TEASER_CLEAN.mov%22%7D
10.160.211.211	[2023-11-23 18:21:06] decodeData ===> Array
(
    [user_id] => ADMIN
    [flag] => reg_davinchi_ftp
    [metadata_type] => id
    [metadata] => Array
        (
            [0] => Array
                (
                    [4000288] => 이규훈
                    [4000289] =>
                    [4000292] => 20120923 시스템관리팀 테스트
                    [4000293] => 8회차 테스트
                    [4000294] =>
                    [4778141] => 모든연령
                    [4778261] => PG2120146D
                    [4778262] =>
                    [4778263] => 8
                    [4778265] =>
                    [4778283] =>
                    [4778407] => A00008
                    [k_content_id] =>
                    [k_ud_content_id] => 4000346
                    [k_title] => tests 3
                    [c_category_id] => 5393847
                    [k_datagrade] =>
                    [ext-comp-1038] =>
                    [k_storterm] =>
                    [ext-comp-1035] =>
                )

        )

    [regist_type] => meta
    [original_filename] => P2023112258406_MF_TEASER_CLEAN.mov
)

10.160.211.211	[2023-11-23 18:21:06] return ===> <?xml version="1.0" encoding="UTF-8"?>
<response><result success="true" msg="ok" content_id="2418063" task_id=""><success>true</success><msg>ok</msg><content_id>2418063</content_id><task_id/><task_list_info><type>FTP</type><source_root>10.160.77.12:21</source_root><source_root_for_mac></source_root_for_mac><login_id>chaadmin@ddmc.com</login_id><login_pw>ddmcad09)(</login_pw><source_opt>dir=$UD_PATH/clip&amp;filename=$CONTENT_ID&amp;ext=$OUT_SRC_EXT</source_opt><source>PG2120146D/NPS_EDIT/clip</source><edius_file_path/></task_list_info></result></response>

10.160.213.12	[2023-11-23 18:22:31] REQUEST ===> Array
(
)

10.160.213.12	[2023-11-23 18:22:31] receive ===> %7B%22user_id%22%3A%22BNC18008%22%2C%22type%22%3A%224000405%22%2C%22todas%22%3Afalse%2C%22flag%22%3A%22dubbing%22%2C%22metadata_type%22%3A%22id%22%2C%22metadata%22%3A%5B%7B%22k_content_id%22%3A%22%22%2C%22k_ud_content_id%22%3A%224000405%22%2C%22k_title%22%3A%22%EA%B8%88%EC%AA%BD%EA%B0%99%EC%9D%80+%EB%82%B4%EC%83%88%EB%81%BC+171%ED%9A%8C+%EB%AF%B9%EC%8B%B1%22%2C%22c_category_id%22%3A%225438886%22%2C%224000292%22%3A%22%EC%9A%94%EC%A6%98+%EC%9C%A1%EC%95%84+%EA%B8%88%EC%AA%BD%EA%B0%99%EC%9D%80+%EB%82%B4%EC%83%88%EB%81%BC%22%2C%224778261%22%3A%22PG2200051D%22%2C%224778262%22%3A%22P2023112358549%22%2C%224778263%22%3A%22171%22%2C%224778407%22%3A%22A00171%22%2C%224000293%22%3A%22%EC%9A%94%EC%A6%98+%EC%9C%A1%EC%95%84+%EA%B8%88%EC%AA%BD%EA%B0%99%EC%9D%80+%EB%82%B4%EC%83%88%EB%81%BC%22%2C%224000289%22%3A%22%22%2C%224000294%22%3A%22%22%2C%224778265%22%3Anull%2C%224778283%22%3A%22%22%2C%224000288%22%3A%22%22%2C%224778141%22%3A%2212+%EC%84%B8%22%2C%22k_datagrade%22%3A%22%22%2C%22ext-comp-1038%22%3A%22%22%2C%22k_storterm%22%3A%22%22%2C%22ext-comp-1035%22%3A%22%22%7D%5D%2C%22regist_type%22%3A%22meta%22%7D
10.160.213.12	[2023-11-23 18:22:31] decodeData ===> Array
(
    [user_id] => BNC18008
    [type] => 4000405
    [todas] =>
    [flag] => dubbing
    [metadata_type] => id
    [metadata] => Array
        (
            [0] => Array
                (
                    [k_content_id] =>
                    [k_ud_content_id] => 4000405
                    [k_title] => 금쪽같은 내새끼 171회 믹싱
                    [c_category_id] => 5438886
                    [4000292] => 요즘 육아 금쪽같은 내새끼
                    [4778261] => PG2200051D
                    [4778262] => P2023112358549
                    [4778263] => 171
                    [4778407] => A00171
                    [4000293] => 요즘 육아 금쪽같은 내새끼
                    [4000289] =>
                    [4000294] =>
                    [4778265] =>
                    [4778283] =>
                    [4000288] =>
                    [4778141] => 12 세
                    [k_datagrade] =>
                    [ext-comp-1038] =>
                    [k_storterm] =>
                    [ext-comp-1035] =>
                )

        )

    [regist_type] => meta
)

10.160.213.12	[2023-11-23 18:22:31] return ===> <?xml version="1.0" encoding="UTF-8"?>
<response><result success="true" msg="ok" content_id="2418064" task_id=""><success>true</success><msg>ok</msg><content_id>2418064</content_id><task_id/><task_list_info><source_path_id>162</source_path_id><target_path_id>162</target_path_id><register>dubbing</register><parameter>"MOVE" "RENAME"</parameter><source_opt>dir=$UD_PATH/clip&amp;filename=$OUT_SRC_FILE&amp;ext=$OUT_SRC_EXT</source_opt><target_opt>media=original&amp;dir=$UD_PATH/clip&amp;filename=$FILE_ID&amp;ext=$OUT_SRC_EXT</target_opt><type>SAN</type><source_root>P:/CMS</source_root><source_root_for_mac>Product_Main/CMS</source_root_for_mac><login_id></login_id><login_pw></login_pw><source>PG2200051D/NPS_DUBBING/clip</source><edius_file_path/></task_list_info></result></response>

10.160.211.211	[2023-11-23 18:22:53] REQUEST ===> Array
(
)

10.160.211.211	[2023-11-23 18:22:53] receive ===> %7B%22user_id%22%3A%22ADMIN%22%2C%22flag%22%3A%22reg_davinchi_ftp%22%2C%22metadata_type%22%3A%22id%22%2C%22metadata%22%3A%5B%7B%224000288%22%3A%22%EC%9D%B4%EA%B7%9C%ED%9B%88%22%2C%224000289%22%3A%22%22%2C%224000292%22%3A%2220120923+%EC%8B%9C%EC%8A%A4%ED%85%9C%EA%B4%80%EB%A6%AC%ED%8C%80+%ED%85%8C%EC%8A%A4%ED%8A%B8%22%2C%224000293%22%3A%228%ED%9A%8C%EC%B0%A8+%ED%85%8C%EC%8A%A4%ED%8A%B8%22%2C%224000294%22%3A%22%22%2C%224778141%22%3A%22%EB%AA%A8%EB%93%A0%EC%97%B0%EB%A0%B9%22%2C%224778261%22%3A%22PG2120146D%22%2C%224778262%22%3A%22%22%2C%224778263%22%3A%228%22%2C%224778265%22%3A%22%22%2C%224778283%22%3A%22%22%2C%224778407%22%3A%22A00008%22%2C%22k_content_id%22%3A%22%22%2C%22k_ud_content_id%22%3A%224000346%22%2C%22k_title%22%3A%22test%22%2C%22c_category_id%22%3A%225393847%22%2C%22k_datagrade%22%3A%22%22%2C%22ext-comp-1038%22%3A%22%22%2C%22k_storterm%22%3A%22%22%2C%22ext-comp-1035%22%3A%22%22%7D%5D%2C%22regist_type%22%3A%22meta%22%2C%22original_filename%22%3A%22P2023110152384_CC_ep08_yego.mxf%22%7D
10.160.211.211	[2023-11-23 18:22:53] decodeData ===> Array
(
    [user_id] => ADMIN
    [flag] => reg_davinchi_ftp
    [metadata_type] => id
    [metadata] => Array
        (
            [0] => Array
                (
                    [4000288] => 이규훈
                    [4000289] =>
                    [4000292] => 20120923 시스템관리팀 테스트
                    [4000293] => 8회차 테스트
                    [4000294] =>
                    [4778141] => 모든연령
                    [4778261] => PG2120146D
                    [4778262] =>
                    [4778263] => 8
                    [4778265] =>
                    [4778283] =>
                    [4778407] => A00008
                    [k_content_id] =>
                    [k_ud_content_id] => 4000346
                    [k_title] => test
                    [c_category_id] => 5393847
                    [k_datagrade] =>
                    [ext-comp-1038] =>
                    [k_storterm] =>
                    [ext-comp-1035] =>
                )

        )

    [regist_type] => meta
    [original_filename] => P2023110152384_CC_ep08_yego.mxf
)

10.160.211.211	[2023-11-23 18:22:53] return ===> <?xml version="1.0" encoding="UTF-8"?>
<response><result success="true" msg="ok" content_id="2418065" task_id=""><success>true</success><msg>ok</msg><content_id>2418065</content_id><task_id/><task_list_info><type>FTP</type><source_root>10.160.77.12:21</source_root><source_root_for_mac></source_root_for_mac><login_id>chaadmin@ddmc.com</login_id><login_pw>ddmcad09)(</login_pw><source_opt>dir=$UD_PATH/clip&amp;filename=$CONTENT_ID&amp;ext=$OUT_SRC_EXT</source_opt><source>PG2120146D/NPS_EDIT/clip</source><edius_file_path/></task_list_info></result></response>

10.160.213.12	[2023-11-23 18:22:55] REQUEST ===> Array
(
)

10.160.213.12	[2023-11-23 18:22:55] receive ===> %7B%22user_id%22%3A%22BNC18008%22%2C%22type%22%3A%224000405%22%2C%22todas%22%3Afalse%2C%22flag%22%3A%22dubbing%22%2C%22metadata_type%22%3A%22id%22%2C%22metadata%22%3A%5B%7B%22k_content_id%22%3A%22%22%2C%22k_ud_content_id%22%3A%224000405%22%2C%22k_title%22%3A%22%EA%B8%88%EC%AA%BD%EA%B0%99%EC%9D%80+%EB%82%B4%EC%83%88%EB%81%BC+171%ED%9A%8C+%EB%AF%B9%EC%8B%B1%22%2C%22c_category_id%22%3A%225438886%22%2C%224000292%22%3A%22%EC%9A%94%EC%A6%98+%EC%9C%A1%EC%95%84+%EA%B8%88%EC%AA%BD%EA%B0%99%EC%9D%80+%EB%82%B4%EC%83%88%EB%81%BC%22%2C%224778261%22%3A%22PG2200051D%22%2C%224778262%22%3A%22P2023112358549%22%2C%224778263%22%3A%22171%22%2C%224778407%22%3A%22A00171%22%2C%224000293%22%3A%22%EC%9A%94%EC%A6%98+%EC%9C%A1%EC%95%84+%EA%B8%88%EC%AA%BD%EA%B0%99%EC%9D%80+%EB%82%B4%EC%83%88%EB%81%BC%22%2C%224000289%22%3A%22%22%2C%224000294%22%3A%22%22%2C%224778265%22%3Anull%2C%224778283%22%3A%22%22%2C%224000288%22%3A%22%22%2C%224778141%22%3A%2212+%EC%84%B8%22%2C%22k_datagrade%22%3A%22%22%2C%22ext-comp-1038%22%3A%22%22%2C%22k_storterm%22%3A%22%22%2C%22ext-comp-1035%22%3A%22%22%7D%5D%2C%22regist_type%22%3A%22task%22%2C%22content_id%22%3A%222418064%22%2C%22filename%22%3A%22%2FCMS%2FPG2200051D%2FNPS_DUBBING%2Fclip%2F2418064.wav%22%2C%22original_filename%22%3A%22%EA%B8%88%EC%AA%BD%EA%B0%99%EC%9D%80+%EB%82%B4%EC%83%88%EB%81%BC+171%ED%9A%8C+%EB%AF%B9%EC%8B%B1.wav%22%2C%22IsFileNameToTitle%22%3A%220%22%7D
10.160.213.12	[2023-11-23 18:22:55] decodeData ===> Array
(
    [user_id] => BNC18008
    [type] => 4000405
    [todas] =>
    [flag] => dubbing
    [metadata_type] => id
    [metadata] => Array
        (
            [0] => Array
                (
                    [k_content_id] =>
                    [k_ud_content_id] => 4000405
                    [k_title] => 금쪽같은 내새끼 171회 믹싱
                    [c_category_id] => 5438886
                    [4000292] => 요즘 육아 금쪽같은 내새끼
                    [4778261] => PG2200051D
                    [4778262] => P2023112358549
                    [4778263] => 171
                    [4778407] => A00171
                    [4000293] => 요즘 육아 금쪽같은 내새끼
                    [4000289] =>
                    [4000294] =>
                    [4778265] =>
                    [4778283] =>
                    [4000288] =>
                    [4778141] => 12 세
                    [k_datagrade] =>
                    [ext-comp-1038] =>
                    [k_storterm] =>
                    [ext-comp-1035] =>
                )

        )

    [regist_type] => task
    [content_id] => 2418064
    [filename] => /CMS/PG2200051D/NPS_DUBBING/clip/2418064.wav
    [original_filename] => 금쪽같은 내새끼 171회 믹싱.wav
    [IsFileNameToTitle] => 0
)

10.160.213.12	[2023-11-23 18:22:55] return ===> <?xml version="1.0" encoding="UTF-8"?>
<response><result success="true" msg="ok" content_id="2418064" task_id="10879404"><success>true</success><msg>ok</msg><content_id>2418064</content_id><task_id>10879404</task_id><task_list_info><edius_file_path>PG2200051D/NPS_DUBBING/clip/P2023112358805.wav</edius_file_path></task_list_info></result></response>

10.160.211.211	[2023-11-23 18:24:00] REQUEST ===> Array
(
)

10.160.211.211	[2023-11-23 18:24:00] receive ===> %7B%22user_id%22%3A%22ADMIN%22%2C%22flag%22%3A%22reg_davinchi_ftp%22%2C%22metadata_type%22%3A%22id%22%2C%22metadata%22%3A%5B%7B%224000288%22%3A%22%EB%B0%95%EC%83%81%ED%98%84PD%22%2C%224000289%22%3A%22%22%2C%224000292%22%3A%22100%EC%84%B8+%ED%94%84%EB%A1%9C%EC%A0%9D%ED%8A%B8%22%2C%224000293%22%3A%22%EC%9E%90%EB%A3%8C%EC%97%86%EC%9D%8C%22%2C%224000294%22%3A%22%EC%A0%9C%EC%9E%91%EC%82%AC+%28%EB%B9%84%EC%A3%BC%EC%96%BC%EB%AF%B8%EB%94%94%EC%96%B4%2C+%EB%AF%B8%EB%94%94%EC%96%B4%EC%9E%91%2C+%EC%8A%A4%ED%86%A0%EB%A6%AC%EC%97%A0%29%22%2C%224778141%22%3A%22%EB%AA%A8%EB%93%A0%EC%97%B0%EB%A0%B9%22%2C%224778261%22%3A%22PG2210093D%22%2C%224778262%22%3A%22%22%2C%224778263%22%3A%22140%22%2C%224778265%22%3A%22%22%2C%224778283%22%3A%22%22%2C%224778407%22%3A%22A00140%22%2C%22k_content_id%22%3A%22%22%2C%22k_ud_content_id%22%3A%224000346%22%2C%22k_title%22%3A%22test%22%2C%22c_category_id%22%3A%225440452%22%2C%22k_datagrade%22%3A%22%22%2C%22ext-comp-1038%22%3A%22%22%2C%22k_storterm%22%3A%22%22%2C%22ext-comp-1035%22%3A%22%22%7D%5D%2C%22regist_type%22%3A%22meta%22%2C%22original_filename%22%3A%22P2023110152384_CC_ep08_yego.mxf%22%7D
10.160.211.211	[2023-11-23 18:24:00] decodeData ===> Array
(
    [user_id] => ADMIN
    [flag] => reg_davinchi_ftp
    [metadata_type] => id
    [metadata] => Array
        (
            [0] => Array
                (
                    [4000288] => 박상현PD
                    [4000289] =>
                    [4000292] => 100세 프로젝트
                    [4000293] => 자료없음
                    [4000294] => 제작사 (비주얼미디어, 미디어작, 스토리엠)
                    [4778141] => 모든연령
                    [4778261] => PG2210093D
                    [4778262] =>
                    [4778263] => 140
                    [4778265] =>
                    [4778283] =>
                    [4778407] => A00140
                    [k_content_id] =>
                    [k_ud_content_id] => 4000346
                    [k_title] => test
                    [c_category_id] => 5440452
                    [k_datagrade] =>
                    [ext-comp-1038] =>
                    [k_storterm] =>
                    [ext-comp-1035] =>
                )

        )

    [regist_type] => meta
    [original_filename] => P2023110152384_CC_ep08_yego.mxf
)

10.160.211.211	[2023-11-23 18:24:00] return ===> <?xml version="1.0" encoding="UTF-8"?>
<response><result success="true" msg="ok" content_id="2418066" task_id=""><success>true</success><msg>ok</msg><content_id>2418066</content_id><task_id/><task_list_info><type>FTP</type><source_root>10.160.77.12:21</source_root><source_root_for_mac></source_root_for_mac><login_id>chaadmin@ddmc.com</login_id><login_pw>ddmcad09)(</login_pw><source_opt>dir=$UD_PATH/clip&amp;filename=$CONTENT_ID&amp;ext=$OUT_SRC_EXT</source_opt><source>PG2210093D/NPS_EDIT/clip</source><edius_file_path/></task_list_info></result></response>

10.160.211.211	[2023-11-23 18:37:40] REQUEST ===> Array
(
)

10.160.211.211	[2023-11-23 18:37:40] receive ===> %7B%22user_id%22%3A%22ADMIN%22%2C%22flag%22%3A%22reg_davinchi_ftp%22%2C%22metadata_type%22%3A%22id%22%2C%22metadata%22%3A%5B%7B%224000288%22%3A%22%EC%9D%B4%EA%B7%9C%ED%9B%88%22%2C%224000289%22%3A%22%22%2C%224000292%22%3A%2220120923+%EC%8B%9C%EC%8A%A4%ED%85%9C%EA%B4%80%EB%A6%AC%ED%8C%80+%ED%85%8C%EC%8A%A4%ED%8A%B8%22%2C%224000293%22%3A%228%ED%9A%8C%EC%B0%A8+%ED%85%8C%EC%8A%A4%ED%8A%B8%22%2C%224000294%22%3A%22%22%2C%224778141%22%3A%22%EB%AA%A8%EB%93%A0%EC%97%B0%EB%A0%B9%22%2C%224778261%22%3A%22PG2120146D%22%2C%224778262%22%3A%22%22%2C%224778263%22%3A%228%22%2C%224778265%22%3A%22%22%2C%224778283%22%3A%22%22%2C%224778407%22%3A%22A00008%22%2C%22k_content_id%22%3A%22%22%2C%22k_ud_content_id%22%3A%224000346%22%2C%22k_title%22%3A%22test231123_9%22%2C%22c_category_id%22%3A%225393847%22%2C%22k_datagrade%22%3A%22%22%2C%22ext-comp-1038%22%3A%22%22%2C%22k_storterm%22%3A%22%22%2C%22ext-comp-1035%22%3A%22%22%7D%5D%2C%22regist_type%22%3A%22meta%22%2C%22original_filename%22%3A%22P2023110152384_CC_ep08_yego.mxf%22%7D
10.160.211.211	[2023-11-23 18:37:40] decodeData ===> Array
(
    [user_id] => ADMIN
    [flag] => reg_davinchi_ftp
    [metadata_type] => id
    [metadata] => Array
        (
            [0] => Array
                (
                    [4000288] => 이규훈
                    [4000289] =>
                    [4000292] => 20120923 시스템관리팀 테스트
                    [4000293] => 8회차 테스트
                    [4000294] =>
                    [4778141] => 모든연령
                    [4778261] => PG2120146D
                    [4778262] =>
                    [4778263] => 8
                    [4778265] =>
                    [4778283] =>
                    [4778407] => A00008
                    [k_content_id] =>
                    [k_ud_content_id] => 4000346
                    [k_title] => test231123_9
                    [c_category_id] => 5393847
                    [k_datagrade] =>
                    [ext-comp-1038] =>
                    [k_storterm] =>
                    [ext-comp-1035] =>
                )

        )

    [regist_type] => meta
    [original_filename] => P2023110152384_CC_ep08_yego.mxf
)

10.160.211.211	[2023-11-23 18:37:40] return ===> <?xml version="1.0" encoding="UTF-8"?>
<response><result success="true" msg="ok" content_id="2418073" task_id=""><success>true</success><msg>ok</msg><content_id>2418073</content_id><task_id/><task_list_info><type>FTP</type><source_root>10.160.77.12:21</source_root><source_root_for_mac></source_root_for_mac><login_id>chaadmin@ddmc.com</login_id><login_pw>ddmcad09)(</login_pw><source_opt>dir=$UD_PATH/clip&amp;filename=$CONTENT_ID&amp;ext=$OUT_SRC_EXT</source_opt><source>PG2120146D/NPS_EDIT/clip</source><edius_file_path/></task_list_info></result></response>

10.160.211.11	[2023-11-23 18:38:59] REQUEST ===> Array
(
)

10.160.211.11	[2023-11-23 18:38:59] receive ===> %7B%22user_id%22%3A%22BNC19004%22%2C%22flag%22%3A%22reg_davinchi_ftp%22%2C%22metadata_type%22%3A%22id%22%2C%22metadata%22%3A%5B%7B%224000288%22%3A%22%22%2C%224000289%22%3A%22%22%2C%224000292%22%3A%22%EC%A0%88%EC%B9%9C+%ED%86%A0%ED%81%90%EB%A9%98%ED%84%B0%EB%A6%AC+4%EC%9D%B8%EC%9A%A9%EC%8B%9D%ED%83%81%22%2C%224000293%22%3A%22-%22%2C%224000294%22%3A%22%22%2C%224778141%22%3A%2212+%EC%84%B8%22%2C%224778261%22%3A%22PG2230214D%22%2C%224778262%22%3A%22%22%2C%224778263%22%3A%2224%22%2C%224778265%22%3A%22%22%2C%224778283%22%3A%22%22%2C%224778407%22%3A%22A00024%22%2C%22k_content_id%22%3A%22%22%2C%22k_ud_content_id%22%3A%224000346%22%2C%22k_title%22%3A%22-%22%2C%22c_category_id%22%3A%225443880%22%2C%22k_datagrade%22%3A%22%22%2C%22ext-comp-1038%22%3A%22%22%2C%22k_storterm%22%3A%22%22%2C%22ext-comp-1035%22%3A%22%22%7D%5D%2C%22regist_type%22%3A%22meta%22%2C%22original_filename%22%3A%22%5B%E1%84%89%E1%85%A2%E1%86%A8%E1%84%87%E1%85%A9%E1%84%8C%E1%85%A5%E1%86%BC%E1%84%8B%E1%85%AA%E1%86%AB%E1%84%85%E1%85%AD%5DP2023112258263.mxf%22%7D
10.160.211.11	[2023-11-23 18:38:59] decodeData ===> Array
(
    [user_id] => BNC19004
    [flag] => reg_davinchi_ftp
    [metadata_type] => id
    [metadata] => Array
        (
            [0] => Array
                (
                    [4000288] =>
                    [4000289] =>
                    [4000292] => 절친 토큐멘터리 4인용식탁
                    [4000293] => -
                    [4000294] =>
                    [4778141] => 12 세
                    [4778261] => PG2230214D
                    [4778262] =>
                    [4778263] => 24
                    [4778265] =>
                    [4778283] =>
                    [4778407] => A00024
                    [k_content_id] =>
                    [k_ud_content_id] => 4000346
                    [k_title] => -
                    [c_category_id] => 5443880
                    [k_datagrade] =>
                    [ext-comp-1038] =>
                    [k_storterm] =>
                    [ext-comp-1035] =>
                )

        )

    [regist_type] => meta
    [original_filename] => [색보정완료]P2023112258263.mxf
)

10.160.211.11	[2023-11-23 18:38:59] return ===> <?xml version="1.0" encoding="UTF-8"?>
<response><result success="true" msg="ok" content_id="2418075" task_id=""><success>true</success><msg>ok</msg><content_id>2418075</content_id><task_id/><task_list_info><type>FTP</type><source_root>10.160.77.12:21</source_root><source_root_for_mac></source_root_for_mac><login_id>chaadmin@ddmc.com</login_id><login_pw>ddmcad09)(</login_pw><source_opt>dir=$UD_PATH/clip&amp;filename=$CONTENT_ID&amp;ext=$OUT_SRC_EXT</source_opt><source>PG2230214D/NPS_EDIT/clip</source><edius_file_path/></task_list_info></result></response>

10.160.210.52	[2023-11-23 18:42:07] REQUEST ===> Array
(
)

10.160.210.52	[2023-11-23 18:42:07] receive ===> {"user_id":"CA022054","type":"4000346","todas":false,"flag":"edius","metadata_type":"id","metadata":[{"4000288":"","4000289":"","4000292":"오은영의 금쪽 상담소","4000293":"120회","4000294":"","4778141":"15 세","4778261":"PG2210189D","4778262":"P2023112358763","4778263":"120","4778265":null,"4778283":"","4778407":"A00120","k_content_id":"","k_ud_content_id":"4000346","k_title":"[1125 녹화용] 옥주현&이지혜&리사 VCR1(오프닝)","c_category_id":"5440957","k_datagrade":"","ext-comp-1038":"","k_storterm":"","ext-comp-1035":""}],"regist_type":""} 
10.160.210.52	[2023-11-23 18:42:07] decodeData ===> Array
(
    [user_id] => CA022054
    [type] => 4000346
    [todas] =>
    [flag] => edius
    [metadata_type] => id
    [metadata] => Array
        (
            [0] => Array
                (
                    [4000288] =>
                    [4000289] =>
                    [4000292] => 오은영의 금쪽 상담소
                    [4000293] => 120회
                    [4000294] =>
                    [4778141] => 15 세
                    [4778261] => PG2210189D
                    [4778262] => P2023112358763
                    [4778263] => 120
                    [4778265] =>
                    [4778283] =>
                    [4778407] => A00120
                    [k_content_id] =>
                    [k_ud_content_id] => 4000346
                    [k_title] => [1125 녹화용] 옥주현&이지혜&리사 VCR1(오프닝)
                    [c_category_id] => 5440957
                    [k_datagrade] =>
                    [ext-comp-1038] =>
                    [k_storterm] =>
                    [ext-comp-1035] =>
                )

        )

    [regist_type] =>
)

10.160.210.52	[2023-11-23 18:42:07] return ===> <?xml version="1.0" encoding="UTF-8"?>
<response><result success="true" msg="ok" content_id="2418077" task_id="10879462"><success>true</success><msg>ok</msg><content_id>2418077</content_id><task_id>10879462</task_id><task_list_info><source_path_id>83</source_path_id><target_path_id>83</target_path_id><register>edius</register><parameter>"rename"</parameter><source_opt>null</source_opt><target_opt>media=original&amp;dir=$UD_PATH/clip&amp;filename=$OUT_SRC_FILE&amp;ext=$OUT_SRC_EXT</target_opt><type>SAN</type><source_root>I:/CMS</source_root><source_root_for_mac>Product_Main/CMS</source_root_for_mac><login_id></login_id><login_pw></login_pw><source></source><edius_file_path>PG2210189D/NPS_EDIT/clip/P2023112358818.mxf</edius_file_path></task_list_info></result></response>

10.160.212.11	[2023-11-23 18:42:59] REQUEST ===> Array
(
)

10.160.212.11	[2023-11-23 18:42:59] receive ===> {"user_id":"CM016016","type":"4000346","todas":false,"flag":"edius","metadata_type":"id","metadata":[{"4000288":"","4000289":"","4000292":"나만 믿고 따라와 도시어부 5","4000293":"13회","4000294":"","4778141":"15 세","4778261":"PG2230143D","4778262":"P2023112358812","4778263":"13","4778265":null,"4778283":"","4778407":"A00013","k_content_id":"","k_ud_content_id":"4000346","k_title":"(최종믹싱수정용)_도시어부5_13회","c_category_id":"5443849","k_datagrade":"","ext-comp-1038":"","k_storterm":"","ext-comp-1035":""}],"regist_type":""} 
10.160.212.11	[2023-11-23 18:42:59] decodeData ===> Array
(
    [user_id] => CM016016
    [type] => 4000346
    [todas] =>
    [flag] => edius
    [metadata_type] => id
    [metadata] => Array
        (
            [0] => Array
                (
                    [4000288] =>
                    [4000289] =>
                    [4000292] => 나만 믿고 따라와 도시어부 5
                    [4000293] => 13회
                    [4000294] =>
                    [4778141] => 15 세
                    [4778261] => PG2230143D
                    [4778262] => P2023112358812
                    [4778263] => 13
                    [4778265] =>
                    [4778283] =>
                    [4778407] => A00013
                    [k_content_id] =>
                    [k_ud_content_id] => 4000346
                    [k_title] => (최종믹싱수정용)_도시어부5_13회
                    [c_category_id] => 5443849
                    [k_datagrade] =>
                    [ext-comp-1038] =>
                    [k_storterm] =>
                    [ext-comp-1035] =>
                )

        )

    [regist_type] =>
)

10.160.212.11	[2023-11-23 18:42:59] return ===> <?xml version="1.0" encoding="UTF-8"?>
<response><result success="true" msg="ok" content_id="2418078" task_id="10879463"><success>true</success><msg>ok</msg><content_id>2418078</content_id><task_id>10879463</task_id><task_list_info><source_path_id>162</source_path_id><target_path_id>162</target_path_id><register>edius</register><parameter>"rename"</parameter><source_opt>null</source_opt><target_opt>media=original&amp;dir=$UD_PATH/clip&amp;filename=$OUT_SRC_FILE&amp;ext=$OUT_SRC_EXT</target_opt><type>SAN</type><source_root>P:/CMS</source_root><source_root_for_mac>Product_Main/CMS</source_root_for_mac><login_id></login_id><login_pw></login_pw><source></source><edius_file_path>PG2230143D/NPS_EDIT/clip/P2023112358819.mxf</edius_file_path></task_list_info></result></response>

10.160.211.211	[2023-11-23 19:04:21] REQUEST ===> Array
(
)

10.160.211.211	[2023-11-23 19:04:21] receive ===> %7B%22user_id%22%3A%22ADMIN%22%2C%22flag%22%3A%22reg_davinchi_ftp%22%2C%22metadata_type%22%3A%22id%22%2C%22metadata%22%3A%5B%7B%224000288%22%3A%22%EC%9D%B4%EA%B7%9C%ED%9B%88%22%2C%224000289%22%3A%22%22%2C%224000292%22%3A%2220120923+%EC%8B%9C%EC%8A%A4%ED%85%9C%EA%B4%80%EB%A6%AC%ED%8C%80+%ED%85%8C%EC%8A%A4%ED%8A%B8%22%2C%224000293%22%3A%221%ED%9A%8C%EC%B0%A8+%ED%85%8C%EC%8A%A4%ED%8A%B8%22%2C%224000294%22%3A%22%22%2C%224778141%22%3A%22%EB%AA%A8%EB%93%A0%EC%97%B0%EB%A0%B9%22%2C%224778261%22%3A%22PG2120146D%22%2C%224778262%22%3A%22%22%2C%224778263%22%3A%221%22%2C%224778265%22%3A%22%22%2C%224778283%22%3A%22%22%2C%224778407%22%3A%22A00001%22%2C%22k_content_id%22%3A%22%22%2C%22k_ud_content_id%22%3A%224000346%22%2C%22k_title%22%3A%22test231123_10%22%2C%22c_category_id%22%3A%225393847%22%2C%22k_datagrade%22%3A%22%22%2C%22ext-comp-1038%22%3A%22%22%2C%22k_storterm%22%3A%22%22%2C%22ext-comp-1035%22%3A%22%22%7D%5D%2C%22regist_type%22%3A%22meta%22%2C%22original_filename%22%3A%22P2023110152384_CC_ep08_yego.mxf%22%7D
10.160.211.211	[2023-11-23 19:04:21] decodeData ===> Array
(
    [user_id] => ADMIN
    [flag] => reg_davinchi_ftp
    [metadata_type] => id
    [metadata] => Array
        (
            [0] => Array
                (
                    [4000288] => 이규훈
                    [4000289] =>
                    [4000292] => 20120923 시스템관리팀 테스트
                    [4000293] => 1회차 테스트
                    [4000294] =>
                    [4778141] => 모든연령
                    [4778261] => PG2120146D
                    [4778262] =>
                    [4778263] => 1
                    [4778265] =>
                    [4778283] =>
                    [4778407] => A00001
                    [k_content_id] =>
                    [k_ud_content_id] => 4000346
                    [k_title] => test231123_10
                    [c_category_id] => 5393847
                    [k_datagrade] =>
                    [ext-comp-1038] =>
                    [k_storterm] =>
                    [ext-comp-1035] =>
                )

        )

    [regist_type] => meta
    [original_filename] => P2023110152384_CC_ep08_yego.mxf
)

10.160.211.211	[2023-11-23 19:04:21] return ===> <?xml version="1.0" encoding="UTF-8"?>
<response><result success="true" msg="ok" content_id="2418082" task_id=""><success>true</success><msg>ok</msg><content_id>2418082</content_id><task_id/><task_list_info><type>FTP</type><source_root>10.160.77.12:21</source_root><source_root_for_mac></source_root_for_mac><login_id>chaadmin@ddmc.com</login_id><login_pw>ddmcad09)(</login_pw><source_opt>dir=$UD_PATH/clip&amp;filename=$CONTENT_ID&amp;ext=$OUT_SRC_EXT</source_opt><source>PG2120146D/NPS_EDIT/clip</source><edius_file_path/></task_list_info></result></response>

10.160.211.211	[2023-11-23 19:06:28] REQUEST ===> Array
(
)

10.160.211.211	[2023-11-23 19:06:28] receive ===> %7B%22user_id%22%3A%22ADMIN%22%2C%22flag%22%3A%22reg_davinchi_ftp%22%2C%22metadata_type%22%3A%22id%22%2C%22metadata%22%3A%5B%7B%224000288%22%3A%22%22%2C%224000289%22%3A%22%22%2C%224000292%22%3A%22%ED%85%8C%EC%8A%A4%ED%8A%B8%ED%94%84%EB%A1%9C%EA%B7%B8%EB%9E%A8%22%2C%224000293%22%3A%222%ED%9A%8C%EC%B0%A8%22%2C%224000294%22%3A%22%22%2C%224778141%22%3A%22%EB%AA%A8%EB%93%A0%EC%97%B0%EB%A0%B9%22%2C%224778261%22%3A%22PG2230187D%22%2C%224778262%22%3A%22%22%2C%224778263%22%3A%222%22%2C%224778265%22%3A%22%22%2C%224778283%22%3A%22%22%2C%224778407%22%3A%22A00002%22%2C%22k_content_id%22%3A%22%22%2C%22k_ud_content_id%22%3A%224000346%22%2C%22k_title%22%3A%22test_2312312333%22%2C%22c_category_id%22%3A%225443759%22%2C%22k_datagrade%22%3A%22%22%2C%22ext-comp-1038%22%3A%22%22%2C%22k_storterm%22%3A%22%22%2C%22ext-comp-1035%22%3A%22%22%7D%5D%2C%22regist_type%22%3A%22meta%22%2C%22original_filename%22%3A%22P2023110152384_CC_ep08_yego.mxf%22%7D
10.160.211.211	[2023-11-23 19:06:28] decodeData ===> Array
(
    [user_id] => ADMIN
    [flag] => reg_davinchi_ftp
    [metadata_type] => id
    [metadata] => Array
        (
            [0] => Array
                (
                    [4000288] =>
                    [4000289] =>
                    [4000292] => 테스트프로그램
                    [4000293] => 2회차
                    [4000294] =>
                    [4778141] => 모든연령
                    [4778261] => PG2230187D
                    [4778262] =>
                    [4778263] => 2
                    [4778265] =>
                    [4778283] =>
                    [4778407] => A00002
                    [k_content_id] =>
                    [k_ud_content_id] => 4000346
                    [k_title] => test_2312312333
                    [c_category_id] => 5443759
                    [k_datagrade] =>
                    [ext-comp-1038] =>
                    [k_storterm] =>
                    [ext-comp-1035] =>
                )

        )

    [regist_type] => meta
    [original_filename] => P2023110152384_CC_ep08_yego.mxf
)

10.160.211.211	[2023-11-23 19:06:29] return ===> <?xml version="1.0" encoding="UTF-8"?>
<response><result success="true" msg="ok" content_id="2418084" task_id=""><success>true</success><msg>ok</msg><content_id>2418084</content_id><task_id/><task_list_info><type>FTP</type><source_root>10.160.77.12:2021</source_root><source_root_for_mac></source_root_for_mac><login_id>chaadmin@ddmc.com</login_id><login_pw>ddmcad09)(</login_pw><source_opt>dir=$UD_PATH/clip&amp;filename=$CONTENT_ID&amp;ext=$OUT_SRC_EXT</source_opt><source>PG2230187D/NPS_EDIT/clip</source><edius_file_path/></task_list_info></result></response>

10.160.211.211	[2023-11-23 19:06:36] REQUEST ===> Array
(
)

10.160.211.211	[2023-11-23 19:06:36] receive ===> %7B%22user_id%22%3A%22ADMIN%22%2C%22flag%22%3A%22reg_davinchi_ftp%22%2C%22metadata_type%22%3A%22id%22%2C%22metadata%22%3A%5B%7B%224000288%22%3A%22%22%2C%224000289%22%3A%22%22%2C%224000292%22%3A%22%ED%85%8C%EC%8A%A4%ED%8A%B8%ED%94%84%EB%A1%9C%EA%B7%B8%EB%9E%A8%22%2C%224000293%22%3A%222%ED%9A%8C%EC%B0%A8%22%2C%224000294%22%3A%22%22%2C%224778141%22%3A%22%EB%AA%A8%EB%93%A0%EC%97%B0%EB%A0%B9%22%2C%224778261%22%3A%22PG2230187D%22%2C%224778262%22%3A%22%22%2C%224778263%22%3A%222%22%2C%224778265%22%3A%22%22%2C%224778283%22%3A%22%22%2C%224778407%22%3A%22A00002%22%2C%22k_content_id%22%3A%22%22%2C%22k_ud_content_id%22%3A%224000346%22%2C%22k_title%22%3A%22test_2312312333%22%2C%22c_category_id%22%3A%225443759%22%2C%22k_datagrade%22%3A%22%22%2C%22ext-comp-1038%22%3A%22%22%2C%22k_storterm%22%3A%22%22%2C%22ext-comp-1035%22%3A%22%22%7D%5D%2C%22regist_type%22%3A%22task%22%2C%22content_id%22%3A%222418084%22%2C%22original_filename%22%3A%22P2023110152384_CC_ep08_yego.mxf%22%2C%22IsFileNameToTitle%22%3A%220%22%7D
10.160.211.211	[2023-11-23 19:06:36] decodeData ===> Array
(
    [user_id] => ADMIN
    [flag] => reg_davinchi_ftp
    [metadata_type] => id
    [metadata] => Array
        (
            [0] => Array
                (
                    [4000288] =>
                    [4000289] =>
                    [4000292] => 테스트프로그램
                    [4000293] => 2회차
                    [4000294] =>
                    [4778141] => 모든연령
                    [4778261] => PG2230187D
                    [4778262] =>
                    [4778263] => 2
                    [4778265] =>
                    [4778283] =>
                    [4778407] => A00002
                    [k_content_id] =>
                    [k_ud_content_id] => 4000346
                    [k_title] => test_2312312333
                    [c_category_id] => 5443759
                    [k_datagrade] =>
                    [ext-comp-1038] =>
                    [k_storterm] =>
                    [ext-comp-1035] =>
                )

        )

    [regist_type] => task
    [content_id] => 2418084
    [original_filename] => P2023110152384_CC_ep08_yego.mxf
    [IsFileNameToTitle] => 0
)

10.160.211.211	[2023-11-23 19:06:36] return ===> <?xml version="1.0" encoding="UTF-8"?>
<response><result success="true" msg="ok" content_id="2418084" task_id="10879480"><success>true</success><msg>ok</msg><content_id>2418084</content_id><task_id>10879480</task_id><task_list_info><edius_file_path>PG2230187D/NPS_EDIT/clip/P2023112358825.mxf</edius_file_path></task_list_info></result></response>

10.160.211.211	[2023-11-23 19:07:16] REQUEST ===> Array
(
)

10.160.211.211	[2023-11-23 19:07:16] receive ===> %7B%22user_id%22%3A%22ADMIN%22%2C%22flag%22%3A%22reg_davinchi_ftp%22%2C%22metadata_type%22%3A%22id%22%2C%22metadata%22%3A%5B%7B%224000288%22%3A%22%EC%9D%B4%EA%B7%9C%ED%9B%88%22%2C%224000289%22%3A%22%22%2C%224000292%22%3A%2220120923+%EC%8B%9C%EC%8A%A4%ED%85%9C%EA%B4%80%EB%A6%AC%ED%8C%80+%ED%85%8C%EC%8A%A4%ED%8A%B8%22%2C%224000293%22%3A%221%ED%9A%8C%EC%B0%A8+%ED%85%8C%EC%8A%A4%ED%8A%B8%22%2C%224000294%22%3A%22%22%2C%224778141%22%3A%22%EB%AA%A8%EB%93%A0%EC%97%B0%EB%A0%B9%22%2C%224778261%22%3A%22PG2120146D%22%2C%224778262%22%3A%22%22%2C%224778263%22%3A%221%22%2C%224778265%22%3A%22%22%2C%224778283%22%3A%22%22%2C%224778407%22%3A%22A00001%22%2C%22k_content_id%22%3A%22%22%2C%22k_ud_content_id%22%3A%224000346%22%2C%22k_title%22%3A%22test_23112311414124%22%2C%22c_category_id%22%3A%225393847%22%2C%22k_datagrade%22%3A%22%22%2C%22ext-comp-1038%22%3A%22%22%2C%22k_storterm%22%3A%22%22%2C%22ext-comp-1035%22%3A%22%22%7D%5D%2C%22regist_type%22%3A%22meta%22%2C%22original_filename%22%3A%22P2023110152384_CC_ep08_yego.mxf%22%7D
10.160.211.211	[2023-11-23 19:07:16] decodeData ===> Array
(
    [user_id] => ADMIN
    [flag] => reg_davinchi_ftp
    [metadata_type] => id
    [metadata] => Array
        (
            [0] => Array
                (
                    [4000288] => 이규훈
                    [4000289] =>
                    [4000292] => 20120923 시스템관리팀 테스트
                    [4000293] => 1회차 테스트
                    [4000294] =>
                    [4778141] => 모든연령
                    [4778261] => PG2120146D
                    [4778262] =>
                    [4778263] => 1
                    [4778265] =>
                    [4778283] =>
                    [4778407] => A00001
                    [k_content_id] =>
                    [k_ud_content_id] => 4000346
                    [k_title] => test_23112311414124
                    [c_category_id] => 5393847
                    [k_datagrade] =>
                    [ext-comp-1038] =>
                    [k_storterm] =>
                    [ext-comp-1035] =>
                )

        )

    [regist_type] => meta
    [original_filename] => P2023110152384_CC_ep08_yego.mxf
)

10.160.211.211	[2023-11-23 19:07:16] return ===> <?xml version="1.0" encoding="UTF-8"?>
<response><result success="true" msg="ok" content_id="2418085" task_id=""><success>true</success><msg>ok</msg><content_id>2418085</content_id><task_id/><task_list_info><type>FTP</type><source_root>10.160.77.12:21</source_root><source_root_for_mac></source_root_for_mac><login_id>chaadmin@ddmc.com</login_id><login_pw>ddmcad09)(</login_pw><source_opt>dir=$UD_PATH/clip&amp;filename=$CONTENT_ID&amp;ext=$OUT_SRC_EXT</source_opt><source>PG2120146D/NPS_EDIT/clip</source><edius_file_path/></task_list_info></result></response>

10.160.211.211	[2023-11-23 19:29:49] REQUEST ===> Array
(
)

10.160.211.211	[2023-11-23 19:29:49] receive ===> %7B%22user_id%22%3A%22BNC21011%22%2C%22flag%22%3A%22reg_davinchi_ftp%22%2C%22metadata_type%22%3A%22id%22%2C%22metadata%22%3A%5B%7B%224000288%22%3A%22%22%2C%224000289%22%3A%22%22%2C%224000292%22%3A%22%EB%82%98%EB%A7%8C+%EB%AF%BF%EA%B3%A0+%EB%94%B0%EB%9D%BC%EC%99%80+%EB%8F%84%EC%8B%9C%EC%96%B4%EB%B6%80+5%22%2C%224000293%22%3A%221%ED%9A%8C%22%2C%224000294%22%3A%22%EC%9E%84%EC%8B%9C%22%2C%224778141%22%3A%2215+%EC%84%B8%22%2C%224778261%22%3A%22PG2230143D%22%2C%224778262%22%3A%22%22%2C%224778263%22%3A%221%22%2C%224778265%22%3A%22%22%2C%224778283%22%3A%22%22%2C%224778407%22%3A%22A00001%22%2C%22k_content_id%22%3A%22%22%2C%22k_ud_content_id%22%3A%224000346%22%2C%22k_title%22%3A%22%28%EC%9D%BC%EB%B3%B8%ED%8C%90%EB%A7%A4%EC%9A%A9MOV_8ch%29+%EB%82%A8%EA%B3%BC%EC%97%AC_%ED%8B%B0%EC%A0%8001_%EB%A7%88%EC%8A%A4%ED%84%B0%22%2C%22c_category_id%22%3A%225443849%22%2C%22k_datagrade%22%3A%22%22%2C%22ext-comp-1038%22%3A%22%22%2C%22k_storterm%22%3A%22%22%2C%22ext-comp-1035%22%3A%22%22%7D%5D%2C%22regist_type%22%3A%22meta%22%2C%22original_filename%22%3A%22P2023112258403_MF_TEASER_MASTER.mov%22%7D
10.160.211.211	[2023-11-23 19:29:49] decodeData ===> Array
(
    [user_id] => BNC21011
    [flag] => reg_davinchi_ftp
    [metadata_type] => id
    [metadata] => Array
        (
            [0] => Array
                (
                    [4000288] =>
                    [4000289] =>
                    [4000292] => 나만 믿고 따라와 도시어부 5
                    [4000293] => 1회
                    [4000294] => 임시
                    [4778141] => 15 세
                    [4778261] => PG2230143D
                    [4778262] =>
                    [4778263] => 1
                    [4778265] =>
                    [4778283] =>
                    [4778407] => A00001
                    [k_content_id] =>
                    [k_ud_content_id] => 4000346
                    [k_title] => (일본판매용MOV_8ch) 남과여_티저01_마스터
                    [c_category_id] => 5443849
                    [k_datagrade] =>
                    [ext-comp-1038] =>
                    [k_storterm] =>
                    [ext-comp-1035] =>
                )

        )

    [regist_type] => meta
    [original_filename] => P2023112258403_MF_TEASER_MASTER.mov
)

10.160.211.211	[2023-11-23 19:29:49] return ===> <?xml version="1.0" encoding="UTF-8"?>
<response><result success="true" msg="ok" content_id="2418089" task_id=""><success>true</success><msg>ok</msg><content_id>2418089</content_id><task_id/><task_list_info><type>FTP</type><source_root>10.160.77.12:2021</source_root><source_root_for_mac></source_root_for_mac><login_id>chaadmin@ddmc.com</login_id><login_pw>ddmcad09)(</login_pw><source_opt>dir=$UD_PATH/clip&amp;filename=$CONTENT_ID&amp;ext=$OUT_SRC_EXT</source_opt><source>PG2230143D/NPS_EDIT/clip</source><edius_file_path/></task_list_info></result></response>

10.160.211.211	[2023-11-23 19:30:38] REQUEST ===> Array
(
)

10.160.211.211	[2023-11-23 19:30:38] receive ===> %7B%22user_id%22%3A%22BNC21011%22%2C%22flag%22%3A%22reg_davinchi_ftp%22%2C%22metadata_type%22%3A%22id%22%2C%22metadata%22%3A%5B%7B%224000288%22%3A%22%22%2C%224000289%22%3A%22%22%2C%224000292%22%3A%22%EB%82%98%EB%A7%8C+%EB%AF%BF%EA%B3%A0+%EB%94%B0%EB%9D%BC%EC%99%80+%EB%8F%84%EC%8B%9C%EC%96%B4%EB%B6%80+5%22%2C%224000293%22%3A%221%ED%9A%8C%22%2C%224000294%22%3A%22%EC%9E%84%EC%8B%9C%22%2C%224778141%22%3A%2215+%EC%84%B8%22%2C%224778261%22%3A%22PG2230143D%22%2C%224778262%22%3A%22%22%2C%224778263%22%3A%221%22%2C%224778265%22%3A%22%22%2C%224778283%22%3A%22%22%2C%224778407%22%3A%22A00001%22%2C%22k_content_id%22%3A%22%22%2C%22k_ud_content_id%22%3A%224000346%22%2C%22k_title%22%3A%22%28%EC%9D%BC%EB%B3%B8%ED%8C%90%EB%A7%A4%EC%9A%A9MOV_8ch%29+%EB%82%A8%EA%B3%BC%EC%97%AC_%ED%8B%B0%EC%A0%8001_%EB%A7%88%EC%8A%A4%ED%84%B0%22%2C%22c_category_id%22%3A%225443849%22%2C%22k_datagrade%22%3A%22%22%2C%22ext-comp-1038%22%3A%22%22%2C%22k_storterm%22%3A%22%22%2C%22ext-comp-1035%22%3A%22%22%7D%5D%2C%22regist_type%22%3A%22task_cancel%22%2C%22content_id%22%3A%222418089%22%2C%22original_filename%22%3A%22P2023112258403_MF_TEASER_MASTER.mov%22%2C%22IsFileNameToTitle%22%3A%220%22%7D
10.160.211.211	[2023-11-23 19:30:38] decodeData ===> Array
(
    [user_id] => BNC21011
    [flag] => reg_davinchi_ftp
    [metadata_type] => id
    [metadata] => Array
        (
            [0] => Array
                (
                    [4000288] =>
                    [4000289] =>
                    [4000292] => 나만 믿고 따라와 도시어부 5
                    [4000293] => 1회
                    [4000294] => 임시
                    [4778141] => 15 세
                    [4778261] => PG2230143D
                    [4778262] =>
                    [4778263] => 1
                    [4778265] =>
                    [4778283] =>
                    [4778407] => A00001
                    [k_content_id] =>
                    [k_ud_content_id] => 4000346
                    [k_title] => (일본판매용MOV_8ch) 남과여_티저01_마스터
                    [c_category_id] => 5443849
                    [k_datagrade] =>
                    [ext-comp-1038] =>
                    [k_storterm] =>
                    [ext-comp-1035] =>
                )

        )

    [regist_type] => task_cancel
    [content_id] => 2418089
    [original_filename] => P2023112258403_MF_TEASER_MASTER.mov
    [IsFileNameToTitle] => 0
)

10.160.211.211	[2023-11-23 19:30:38] error return ===> <?xml version="1.0" encoding="UTF-8"?>
<response><result success="false" msg="ORA-01407: NULL로 (&quot;CHANPS&quot;.&quot;BC_MEMBER_CONTENT_MAPPING&quot;.&quot;CONTENT_ID&quot;)을 갱신할 수 없습니다(&#13;&#10;&#9;&#9;&#9;&#9;&#9;update&#9;bc_member_content_mapping &#13;&#10;&#9;&#9;&#9;&#9;&#9;set&#9;&#9;content_id = ''&#13;&#10;&#9;&#9;&#9;&#9;&#9;where&#9;upper(user_id)=upper('BNC21011')&#13;&#10;&#9;&#9;&#9;&#9;&#9;and&#9;&#9;user_ip = '10.160.211.211')"><success>false</success><msg>ORA-01407: NULL로 ("CHANPS"."BC_MEMBER_CONTENT_MAPPING"."CONTENT_ID")을 갱신할 수 없습니다(&#13;
					update	bc_member_content_mapping &#13;
					set		content_id = ''&#13;
					where	upper(user_id)=upper('BNC21011')&#13;
					and		user_ip = '10.160.211.211')</msg></result></response>

10.160.215.42	[2023-11-23 19:48:22] REQUEST ===> Array
(
)

10.160.215.42	[2023-11-23 19:48:22] receive ===> {"user_id":"GOD08","type":"4000346","todas":false,"flag":"edius","metadata_type":"id","metadata":[{"4000288":"","4000289":"","4000292":"특별기획 디지털 대전환시대, 강한소상공인","4000293":"자료없음","4000294":"","4778141":"12 세","4778261":"PG2230333D","4778262":"","4778263":"1","4778265":"","4778283":"","4778407":"A00001","k_content_id":"","k_ud_content_id":"4000346","k_title":"특별기획 소상공인편_종편 가이드","c_category_id":"5444310","k_datagrade":"","ext-comp-1038":"","k_storterm":"","ext-comp-1035":""}],"regist_type":""} 
10.160.215.42	[2023-11-23 19:48:22] decodeData ===> Array
(
    [user_id] => GOD08
    [type] => 4000346
    [todas] =>
    [flag] => edius
    [metadata_type] => id
    [metadata] => Array
        (
            [0] => Array
                (
                    [4000288] =>
                    [4000289] =>
                    [4000292] => 특별기획 디지털 대전환시대, 강한소상공인
                    [4000293] => 자료없음
                    [4000294] =>
                    [4778141] => 12 세
                    [4778261] => PG2230333D
                    [4778262] =>
                    [4778263] => 1
                    [4778265] =>
                    [4778283] =>
                    [4778407] => A00001
                    [k_content_id] =>
                    [k_ud_content_id] => 4000346
                    [k_title] => 특별기획 소상공인편_종편 가이드
                    [c_category_id] => 5444310
                    [k_datagrade] =>
                    [ext-comp-1038] =>
                    [k_storterm] =>
                    [ext-comp-1035] =>
                )

        )

    [regist_type] =>
)

10.160.215.42	[2023-11-23 19:48:23] return ===> <?xml version="1.0" encoding="UTF-8"?>
<response><result success="true" msg="ok" content_id="2418093" task_id="10879528"><success>true</success><msg>ok</msg><content_id>2418093</content_id><task_id>10879528</task_id><task_list_info><source_path_id>83</source_path_id><target_path_id>83</target_path_id><register>edius</register><parameter>"rename"</parameter><source_opt>null</source_opt><target_opt>media=original&amp;dir=$UD_PATH/clip&amp;filename=$OUT_SRC_FILE&amp;ext=$OUT_SRC_EXT</target_opt><type>SAN</type><source_root>I:/CMS</source_root><source_root_for_mac>Product_Main/CMS</source_root_for_mac><login_id></login_id><login_pw></login_pw><source></source><edius_file_path>PG2230333D/NPS_EDIT/clip/P2023112358834.mxf</edius_file_path></task_list_info></result></response>

10.160.213.12	[2023-11-23 19:49:23] REQUEST ===> Array
(
)

10.160.213.12	[2023-11-23 19:49:23] receive ===> %7B%22user_id%22%3A%22BNC18008%22%2C%22type%22%3A%224000405%22%2C%22todas%22%3Afalse%2C%22flag%22%3A%22dubbing%22%2C%22metadata_type%22%3A%22id%22%2C%22metadata%22%3A%5B%7B%22k_content_id%22%3A%22%22%2C%22k_ud_content_id%22%3A%224000405%22%2C%22k_title%22%3A%22%ED%85%8C%EC%8A%A4%ED%8A%B8%22%2C%22c_category_id%22%3A%225393847%22%2C%224000292%22%3A%2220120923+%EC%8B%9C%EC%8A%A4%ED%85%9C%EA%B4%80%EB%A6%AC%ED%8C%80+%ED%85%8C%EC%8A%A4%ED%8A%B8%22%2C%224778261%22%3A%22PG2120146D%22%2C%224778262%22%3A%22P2023112358791%22%2C%224778263%22%3A%228%22%2C%224778407%22%3A%22A00008%22%2C%224000293%22%3A%228%ED%9A%8C%EC%B0%A8+%ED%85%8C%EC%8A%A4%ED%8A%B8%22%2C%224000289%22%3A%22%22%2C%224000294%22%3A%22%22%2C%224778265%22%3Anull%2C%224778283%22%3A%22%22%2C%224000288%22%3A%22%EC%9D%B4%EA%B7%9C%ED%9B%88%22%2C%224778141%22%3A%22%EB%AA%A8%EB%93%A0%EC%97%B0%EB%A0%B9%22%2C%22k_datagrade%22%3A%22%22%2C%22ext-comp-1038%22%3A%22%22%2C%22k_storterm%22%3A%22%22%2C%22ext-comp-1035%22%3A%22%22%7D%5D%2C%22regist_type%22%3A%22meta%22%7D
10.160.213.12	[2023-11-23 19:49:23] decodeData ===> Array
(
    [user_id] => BNC18008
    [type] => 4000405
    [todas] =>
    [flag] => dubbing
    [metadata_type] => id
    [metadata] => Array
        (
            [0] => Array
                (
                    [k_content_id] =>
                    [k_ud_content_id] => 4000405
                    [k_title] => 테스트
                    [c_category_id] => 5393847
                    [4000292] => 20120923 시스템관리팀 테스트
                    [4778261] => PG2120146D
                    [4778262] => P2023112358791
                    [4778263] => 8
                    [4778407] => A00008
                    [4000293] => 8회차 테스트
                    [4000289] =>
                    [4000294] =>
                    [4778265] =>
                    [4778283] =>
                    [4000288] => 이규훈
                    [4778141] => 모든연령
                    [k_datagrade] =>
                    [ext-comp-1038] =>
                    [k_storterm] =>
                    [ext-comp-1035] =>
                )

        )

    [regist_type] => meta
)

10.160.213.12	[2023-11-23 19:49:23] return ===> <?xml version="1.0" encoding="UTF-8"?>
<response><result success="true" msg="ok" content_id="2418094" task_id=""><success>true</success><msg>ok</msg><content_id>2418094</content_id><task_id/><task_list_info><source_path_id>83</source_path_id><target_path_id>83</target_path_id><register>dubbing</register><parameter>"MOVE" "RENAME"</parameter><source_opt>dir=$UD_PATH/clip&amp;filename=$OUT_SRC_FILE&amp;ext=$OUT_SRC_EXT</source_opt><target_opt>media=original&amp;dir=$UD_PATH/clip&amp;filename=$FILE_ID&amp;ext=$OUT_SRC_EXT</target_opt><type>SAN</type><source_root>I:/CMS</source_root><source_root_for_mac>Product_Main/CMS</source_root_for_mac><login_id></login_id><login_pw></login_pw><source>PG2120146D/NPS_DUBBING/clip</source><edius_file_path/></task_list_info></result></response>

10.160.211.211	[2023-11-23 19:51:25] REQUEST ===> Array
(
)

10.160.211.211	[2023-11-23 19:51:25] receive ===> %7B%22user_id%22%3A%22BNC21011%22%2C%22flag%22%3A%22reg_davinchi_ftp%22%2C%22metadata_type%22%3A%22id%22%2C%22metadata%22%3A%5B%7B%224000288%22%3A%22%22%2C%224000289%22%3A%22%22%2C%224000292%22%3A%22%EC%84%B1%EC%A0%81%EC%9D%84+%EB%B6%80%ED%83%81%ED%95%B4+%ED%8B%B0%EC%B2%98%EC%8A%A4%22%2C%224000293%22%3A%224%ED%9A%8C%22%2C%224000294%22%3A%22%22%2C%224778141%22%3A%2212+%EC%84%B8%22%2C%224778261%22%3A%22PG2230246D%22%2C%224778262%22%3A%22%22%2C%224778263%22%3A%224%22%2C%224778265%22%3A%22%22%2C%224778283%22%3A%22%22%2C%224778407%22%3A%22A00004%22%2C%22k_content_id%22%3A%22%22%2C%22k_ud_content_id%22%3A%224000346%22%2C%22k_title%22%3A%22%5B%EC%83%89%EB%B3%B4%EC%A0%95%EC%99%84%EB%A3%8C%5D+4%ED%9A%8C_%EC%98%A4%ED%94%84%EB%8B%9D%22%2C%22c_category_id%22%3A%225443931%22%2C%22k_datagrade%22%3A%22%22%2C%22ext-comp-1038%22%3A%22%22%2C%22k_storterm%22%3A%22%22%2C%22ext-comp-1035%22%3A%22%22%7D%5D%2C%22regist_type%22%3A%22meta%22%2C%22original_filename%22%3A%22P2023112158096_CC_ep04_opening.mxf%22%7D
10.160.211.211	[2023-11-23 19:51:25] decodeData ===> Array
(
    [user_id] => BNC21011
    [flag] => reg_davinchi_ftp
    [metadata_type] => id
    [metadata] => Array
        (
            [0] => Array
                (
                    [4000288] =>
                    [4000289] =>
                    [4000292] => 성적을 부탁해 티처스
                    [4000293] => 4회
                    [4000294] =>
                    [4778141] => 12 세
                    [4778261] => PG2230246D
                    [4778262] =>
                    [4778263] => 4
                    [4778265] =>
                    [4778283] =>
                    [4778407] => A00004
                    [k_content_id] =>
                    [k_ud_content_id] => 4000346
                    [k_title] => [색보정완료] 4회_오프닝
                    [c_category_id] => 5443931
                    [k_datagrade] =>
                    [ext-comp-1038] =>
                    [k_storterm] =>
                    [ext-comp-1035] =>
                )

        )

    [regist_type] => meta
    [original_filename] => P2023112158096_CC_ep04_opening.mxf
)

10.160.211.211	[2023-11-23 19:51:25] return ===> <?xml version="1.0" encoding="UTF-8"?>
<response><result success="true" msg="ok" content_id="2418095" task_id=""><success>true</success><msg>ok</msg><content_id>2418095</content_id><task_id/><task_list_info><type>FTP</type><source_root>10.160.77.12:2021</source_root><source_root_for_mac></source_root_for_mac><login_id>chaadmin@ddmc.com</login_id><login_pw>ddmcad09)(</login_pw><source_opt>dir=$UD_PATH/clip&amp;filename=$CONTENT_ID&amp;ext=$OUT_SRC_EXT</source_opt><source>PG2230246D/NPS_EDIT/clip</source><edius_file_path/></task_list_info></result></response>

10.160.211.211	[2023-11-23 19:52:08] REQUEST ===> Array
(
)

10.160.211.211	[2023-11-23 19:52:08] receive ===> %7B%22user_id%22%3A%22BNC21011%22%2C%22flag%22%3A%22reg_davinchi_ftp%22%2C%22metadata_type%22%3A%22id%22%2C%22metadata%22%3A%5B%7B%224000288%22%3A%22%22%2C%224000289%22%3A%22%22%2C%224000292%22%3A%22%EC%84%B1%EC%A0%81%EC%9D%84+%EB%B6%80%ED%83%81%ED%95%B4+%ED%8B%B0%EC%B2%98%EC%8A%A4%22%2C%224000293%22%3A%224%ED%9A%8C%22%2C%224000294%22%3A%22%22%2C%224778141%22%3A%2212+%EC%84%B8%22%2C%224778261%22%3A%22PG2230246D%22%2C%224778262%22%3A%22%22%2C%224778263%22%3A%224%22%2C%224778265%22%3A%22%22%2C%224778283%22%3A%22%22%2C%224778407%22%3A%22A00004%22%2C%22k_content_id%22%3A%22%22%2C%22k_ud_content_id%22%3A%224000346%22%2C%22k_title%22%3A%22%5B%EC%83%89%EB%B3%B4%EC%A0%95%EC%99%84%EB%A3%8C%5D+4%ED%9A%8C_%EC%98%A4%ED%94%84%EB%8B%9D%22%2C%22c_category_id%22%3A%225443931%22%2C%22k_datagrade%22%3A%22%22%2C%22ext-comp-1038%22%3A%22%22%2C%22k_storterm%22%3A%22%22%2C%22ext-comp-1035%22%3A%22%22%7D%5D%2C%22regist_type%22%3A%22task%22%2C%22content_id%22%3A%222418095%22%2C%22original_filename%22%3A%22P2023112158096_CC_ep04_opening.mxf%22%2C%22IsFileNameToTitle%22%3A%220%22%7D
10.160.211.211	[2023-11-23 19:52:08] decodeData ===> Array
(
    [user_id] => BNC21011
    [flag] => reg_davinchi_ftp
    [metadata_type] => id
    [metadata] => Array
        (
            [0] => Array
                (
                    [4000288] =>
                    [4000289] =>
                    [4000292] => 성적을 부탁해 티처스
                    [4000293] => 4회
                    [4000294] =>
                    [4778141] => 12 세
                    [4778261] => PG2230246D
                    [4778262] =>
                    [4778263] => 4
                    [4778265] =>
                    [4778283] =>
                    [4778407] => A00004
                    [k_content_id] =>
                    [k_ud_content_id] => 4000346
                    [k_title] => [색보정완료] 4회_오프닝
                    [c_category_id] => 5443931
                    [k_datagrade] =>
                    [ext-comp-1038] =>
                    [k_storterm] =>
                    [ext-comp-1035] =>
                )

        )

    [regist_type] => task
    [content_id] => 2418095
    [original_filename] => P2023112158096_CC_ep04_opening.mxf
    [IsFileNameToTitle] => 0
)

10.160.211.211	[2023-11-23 19:52:08] return ===> <?xml version="1.0" encoding="UTF-8"?>
<response><result success="true" msg="ok" content_id="2418095" task_id="10879529"><success>true</success><msg>ok</msg><content_id>2418095</content_id><task_id>10879529</task_id><task_list_info><edius_file_path>PG2230246D/NPS_EDIT/clip/P2023112358836.mxf</edius_file_path></task_list_info></result></response>

10.160.211.211	[2023-11-23 19:52:29] REQUEST ===> Array
(
)

10.160.211.211	[2023-11-23 19:52:29] receive ===> %7B%22user_id%22%3A%22BNC21011%22%2C%22flag%22%3A%22reg_davinchi_ftp%22%2C%22metadata_type%22%3A%22id%22%2C%22metadata%22%3A%5B%7B%224000288%22%3A%22%22%2C%224000289%22%3A%22%22%2C%224000292%22%3A%22%EC%84%B1%EC%A0%81%EC%9D%84+%EB%B6%80%ED%83%81%ED%95%B4+%ED%8B%B0%EC%B2%98%EC%8A%A4%22%2C%224000293%22%3A%224%ED%9A%8C%22%2C%224000294%22%3A%22%22%2C%224778141%22%3A%2212+%EC%84%B8%22%2C%224778261%22%3A%22PG2230246D%22%2C%224778262%22%3A%22%22%2C%224778263%22%3A%224%22%2C%224778265%22%3A%22%22%2C%224778283%22%3A%22%22%2C%224778407%22%3A%22A00004%22%2C%22k_content_id%22%3A%22%22%2C%22k_ud_content_id%22%3A%224000346%22%2C%22k_title%22%3A%22%5B%EC%83%89%EB%B3%B4%EC%A0%95%EC%99%84%EB%A3%8C%5D+4%ED%9A%8C_%EB%B9%84%ED%8F%AC1-1%22%2C%22c_category_id%22%3A%225443931%22%2C%22k_datagrade%22%3A%22%22%2C%22ext-comp-1038%22%3A%22%22%2C%22k_storterm%22%3A%22%22%2C%22ext-comp-1035%22%3A%22%22%7D%5D%2C%22regist_type%22%3A%22meta%22%2C%22original_filename%22%3A%22P2023112158099_CC_ep04_b1_1.mxf%22%7D
10.160.211.211	[2023-11-23 19:52:29] decodeData ===> Array
(
    [user_id] => BNC21011
    [flag] => reg_davinchi_ftp
    [metadata_type] => id
    [metadata] => Array
        (
            [0] => Array
                (
                    [4000288] =>
                    [4000289] =>
                    [4000292] => 성적을 부탁해 티처스
                    [4000293] => 4회
                    [4000294] =>
                    [4778141] => 12 세
                    [4778261] => PG2230246D
                    [4778262] =>
                    [4778263] => 4
                    [4778265] =>
                    [4778283] =>
                    [4778407] => A00004
                    [k_content_id] =>
                    [k_ud_content_id] => 4000346
                    [k_title] => [색보정완료] 4회_비포1-1
                    [c_category_id] => 5443931
                    [k_datagrade] =>
                    [ext-comp-1038] =>
                    [k_storterm] =>
                    [ext-comp-1035] =>
                )

        )

    [regist_type] => meta
    [original_filename] => P2023112158099_CC_ep04_b1_1.mxf
)

10.160.211.211	[2023-11-23 19:52:29] return ===> <?xml version="1.0" encoding="UTF-8"?>
<response><result success="true" msg="ok" content_id="2418096" task_id=""><success>true</success><msg>ok</msg><content_id>2418096</content_id><task_id/><task_list_info><type>FTP</type><source_root>10.160.77.12:2021</source_root><source_root_for_mac></source_root_for_mac><login_id>chaadmin@ddmc.com</login_id><login_pw>ddmcad09)(</login_pw><source_opt>dir=$UD_PATH/clip&amp;filename=$CONTENT_ID&amp;ext=$OUT_SRC_EXT</source_opt><source>PG2230246D/NPS_EDIT/clip</source><edius_file_path/></task_list_info></result></response>

10.160.213.30	[2023-11-23 19:52:50] REQUEST ===> Array
(
)

10.160.213.30	[2023-11-23 19:52:50] receive ===> %7B%22user_id%22%3A%22ADMIN%22%2C%22flag%22%3A%22ftp_dubbing%22%2C%22metadata_type%22%3A%22id%22%2C%22metadata%22%3A%5B%7B%224000288%22%3A%22%EC%9D%B4%EA%B7%9C%ED%9B%88%22%2C%224000289%22%3A%22%22%2C%224000292%22%3A%2220120923+%EC%8B%9C%EC%8A%A4%ED%85%9C%EA%B4%80%EB%A6%AC%ED%8C%80+%ED%85%8C%EC%8A%A4%ED%8A%B8%22%2C%224000293%22%3A%228%ED%9A%8C%EC%B0%A8+%ED%85%8C%EC%8A%A4%ED%8A%B8%22%2C%224000294%22%3A%22%22%2C%224778141%22%3A%22%EB%AA%A8%EB%93%A0%EC%97%B0%EB%A0%B9%22%2C%224778261%22%3A%22PG2120146D%22%2C%224778262%22%3A%22P2023112258451%22%2C%224778263%22%3A%228%22%2C%224778265%22%3Anull%2C%224778283%22%3A%22%22%2C%224778407%22%3A%22A00008%22%2C%22k_content_id%22%3A%22%22%2C%22k_ud_content_id%22%3A%224000405%22%2C%22k_title%22%3A%22Test%22%2C%22c_category_id%22%3A%225393847%22%2C%22k_datagrade%22%3A%22%22%2C%22ext-comp-1038%22%3A%22%22%2C%22k_storterm%22%3A%22%22%2C%22ext-comp-1035%22%3A%22%22%7D%5D%2C%22regist_type%22%3A%22meta%22%2C%22original_filename%22%3A%22%E1%84%89%E1%85%A5%E1%84%86%E1%85%B5%E1%86%AB%E1%84%80%E1%85%A1%E1%86%B8%E1%84%87%E1%85%AE+%E1%84%91%E1%85%A8%E1%84%8B%E1%85%A5%E1%86%B8%E1%84%90%E1%85%A1%E1%86%AF%E1%84%8E%E1%85%AE%E1%86%AF+%E1%84%83%E1%85%A2%E1%84%8C%E1%85%A1%E1%86%A8%E1%84%8C%E1%85%A5%E1%86%AB+18%E1%84%92%E1%85%AC+%E1%84%8C%E1%85%A2%E1%84%87%E1%85%A1%E1%86%BC%E1%84%8B%E1%85%AD%E1%86%BC+%E1%84%86%E1%85%B5%E1%86%A8%E1%84%89%E1%85%B5%E1%86%BC.wav%22%7D
10.160.213.30	[2023-11-23 19:52:50] decodeData ===> Array
(
    [user_id] => ADMIN
    [flag] => ftp_dubbing
    [metadata_type] => id
    [metadata] => Array
        (
            [0] => Array
                (
                    [4000288] => 이규훈
                    [4000289] =>
                    [4000292] => 20120923 시스템관리팀 테스트
                    [4000293] => 8회차 테스트
                    [4000294] =>
                    [4778141] => 모든연령
                    [4778261] => PG2120146D
                    [4778262] => P2023112258451
                    [4778263] => 8
                    [4778265] =>
                    [4778283] =>
                    [4778407] => A00008
                    [k_content_id] =>
                    [k_ud_content_id] => 4000405
                    [k_title] => Test
                    [c_category_id] => 5393847
                    [k_datagrade] =>
                    [ext-comp-1038] =>
                    [k_storterm] =>
                    [ext-comp-1035] =>
                )

        )

    [regist_type] => meta
    [original_filename] => 서민갑부 폐업탈출 대작전 18회 재방용 믹싱.wav
)

10.160.213.30	[2023-11-23 19:52:50] return ===> <?xml version="1.0" encoding="UTF-8"?>
<response><result success="true" msg="ok" content_id="2418097" task_id=""><success>true</success><msg>ok</msg><content_id>2418097</content_id><task_id/><task_list_info><type>FTP</type><source_root>10.160.77.12:21</source_root><source_root_for_mac></source_root_for_mac><login_id>chaadmin@ddmc.com</login_id><login_pw>ddmcad09)(</login_pw><source_opt>dir=$UD_PATH/clip&amp;filename=$CONTENT_ID&amp;ext=$OUT_SRC_EXT</source_opt><source>PG2120146D/NPS_DUBBING/clip</source><edius_file_path/></task_list_info></result></response>

10.160.211.211	[2023-11-23 19:53:18] REQUEST ===> Array
(
)

10.160.211.211	[2023-11-23 19:53:18] receive ===> %7B%22user_id%22%3A%22BNC21011%22%2C%22flag%22%3A%22reg_davinchi_ftp%22%2C%22metadata_type%22%3A%22id%22%2C%22metadata%22%3A%5B%7B%224000288%22%3A%22%22%2C%224000289%22%3A%22%22%2C%224000292%22%3A%22%EC%84%B1%EC%A0%81%EC%9D%84+%EB%B6%80%ED%83%81%ED%95%B4+%ED%8B%B0%EC%B2%98%EC%8A%A4%22%2C%224000293%22%3A%224%ED%9A%8C%22%2C%224000294%22%3A%22%22%2C%224778141%22%3A%2212+%EC%84%B8%22%2C%224778261%22%3A%22PG2230246D%22%2C%224778262%22%3A%22%22%2C%224778263%22%3A%224%22%2C%224778265%22%3A%22%22%2C%224778283%22%3A%22%22%2C%224778407%22%3A%22A00004%22%2C%22k_content_id%22%3A%22%22%2C%22k_ud_content_id%22%3A%224000346%22%2C%22k_title%22%3A%22%5B%EC%83%89%EB%B3%B4%EC%A0%95%EC%99%84%EB%A3%8C%5D+4%ED%9A%8C_%EB%B9%84%ED%8F%AC1-1%22%2C%22c_category_id%22%3A%225443931%22%2C%22k_datagrade%22%3A%22%22%2C%22ext-comp-1038%22%3A%22%22%2C%22k_storterm%22%3A%22%22%2C%22ext-comp-1035%22%3A%22%22%7D%5D%2C%22regist_type%22%3A%22task%22%2C%22content_id%22%3A%222418096%22%2C%22original_filename%22%3A%22P2023112158099_CC_ep04_b1_1.mxf%22%2C%22IsFileNameToTitle%22%3A%220%22%7D
10.160.211.211	[2023-11-23 19:53:18] decodeData ===> Array
(
    [user_id] => BNC21011
    [flag] => reg_davinchi_ftp
    [metadata_type] => id
    [metadata] => Array
        (
            [0] => Array
                (
                    [4000288] =>
                    [4000289] =>
                    [4000292] => 성적을 부탁해 티처스
                    [4000293] => 4회
                    [4000294] =>
                    [4778141] => 12 세
                    [4778261] => PG2230246D
                    [4778262] =>
                    [4778263] => 4
                    [4778265] =>
                    [4778283] =>
                    [4778407] => A00004
                    [k_content_id] =>
                    [k_ud_content_id] => 4000346
                    [k_title] => [색보정완료] 4회_비포1-1
                    [c_category_id] => 5443931
                    [k_datagrade] =>
                    [ext-comp-1038] =>
                    [k_storterm] =>
                    [ext-comp-1035] =>
                )

        )

    [regist_type] => task
    [content_id] => 2418096
    [original_filename] => P2023112158099_CC_ep04_b1_1.mxf
    [IsFileNameToTitle] => 0
)

10.160.211.211	[2023-11-23 19:53:18] return ===> <?xml version="1.0" encoding="UTF-8"?>
<response><result success="true" msg="ok" content_id="2418096" task_id="10879532"><success>true</success><msg>ok</msg><content_id>2418096</content_id><task_id>10879532</task_id><task_list_info><edius_file_path>PG2230246D/NPS_EDIT/clip/P2023112358837.mxf</edius_file_path></task_list_info></result></response>

10.160.211.211	[2023-11-23 19:53:30] REQUEST ===> Array
(
)

10.160.211.211	[2023-11-23 19:53:30] receive ===> %7B%22user_id%22%3A%22BNC21011%22%2C%22flag%22%3A%22reg_davinchi_ftp%22%2C%22metadata_type%22%3A%22id%22%2C%22metadata%22%3A%5B%7B%224000288%22%3A%22%22%2C%224000289%22%3A%22%22%2C%224000292%22%3A%22%EC%84%B1%EC%A0%81%EC%9D%84+%EB%B6%80%ED%83%81%ED%95%B4+%ED%8B%B0%EC%B2%98%EC%8A%A4%22%2C%224000293%22%3A%224%ED%9A%8C%22%2C%224000294%22%3A%22%22%2C%224778141%22%3A%2212+%EC%84%B8%22%2C%224778261%22%3A%22PG2230246D%22%2C%224778262%22%3A%22%22%2C%224778263%22%3A%224%22%2C%224778265%22%3A%22%22%2C%224778283%22%3A%22%22%2C%224778407%22%3A%22A00004%22%2C%22k_content_id%22%3A%22%22%2C%22k_ud_content_id%22%3A%224000346%22%2C%22k_title%22%3A%22%5B%EC%83%89%EB%B3%B4%EC%A0%95%EC%99%84%EB%A3%8C%5D+4%ED%9A%8C_%EB%B9%84%ED%8F%AC1-2%22%2C%22c_category_id%22%3A%225443931%22%2C%22k_datagrade%22%3A%22%22%2C%22ext-comp-1038%22%3A%22%22%2C%22k_storterm%22%3A%22%22%2C%22ext-comp-1035%22%3A%22%22%7D%5D%2C%22regist_type%22%3A%22meta%22%2C%22original_filename%22%3A%22P2023112158100_CC_ep04_b1_2.mxf%22%7D
10.160.211.211	[2023-11-23 19:53:30] decodeData ===> Array
(
    [user_id] => BNC21011
    [flag] => reg_davinchi_ftp
    [metadata_type] => id
    [metadata] => Array
        (
            [0] => Array
                (
                    [4000288] =>
                    [4000289] =>
                    [4000292] => 성적을 부탁해 티처스
                    [4000293] => 4회
                    [4000294] =>
                    [4778141] => 12 세
                    [4778261] => PG2230246D
                    [4778262] =>
                    [4778263] => 4
                    [4778265] =>
                    [4778283] =>
                    [4778407] => A00004
                    [k_content_id] =>
                    [k_ud_content_id] => 4000346
                    [k_title] => [색보정완료] 4회_비포1-2
                    [c_category_id] => 5443931
                    [k_datagrade] =>
                    [ext-comp-1038] =>
                    [k_storterm] =>
                    [ext-comp-1035] =>
                )

        )

    [regist_type] => meta
    [original_filename] => P2023112158100_CC_ep04_b1_2.mxf
)

10.160.211.211	[2023-11-23 19:53:30] return ===> <?xml version="1.0" encoding="UTF-8"?>
<response><result success="true" msg="ok" content_id="2418098" task_id=""><success>true</success><msg>ok</msg><content_id>2418098</content_id><task_id/><task_list_info><type>FTP</type><source_root>10.160.77.12:2021</source_root><source_root_for_mac></source_root_for_mac><login_id>chaadmin@ddmc.com</login_id><login_pw>ddmcad09)(</login_pw><source_opt>dir=$UD_PATH/clip&amp;filename=$CONTENT_ID&amp;ext=$OUT_SRC_EXT</source_opt><source>PG2230246D/NPS_EDIT/clip</source><edius_file_path/></task_list_info></result></response>

10.160.213.30	[2023-11-23 19:54:19] REQUEST ===> Array
(
)

10.160.213.30	[2023-11-23 19:54:19] receive ===> %7B%22user_id%22%3A%22ADMIN%22%2C%22flag%22%3A%22ftp_dubbing%22%2C%22metadata_type%22%3A%22id%22%2C%22metadata%22%3A%5B%7B%224000288%22%3A%22%22%2C%224000289%22%3A%22%22%2C%224000292%22%3A%22%EB%82%98%EB%8A%94+%EB%AA%B8%EC%8B%A0%EC%9D%B4%EB%8B%A4+%EC%8B%9C%EC%A6%8C2%22%2C%224000293%22%3A%22%EC%9E%90%EB%A3%8C%EC%97%86%EC%9D%8C%22%2C%224000294%22%3A%22%22%2C%224778141%22%3A%2212+%EC%84%B8%22%2C%224778261%22%3A%22PG2230125D%22%2C%224778262%22%3A%22%22%2C%224778263%22%3A%2221%22%2C%224778265%22%3A%22%22%2C%224778283%22%3A%22%22%2C%224778407%22%3A%22A00021%22%2C%22k_content_id%22%3A%22%22%2C%22k_ud_content_id%22%3A%224000405%22%2C%22k_title%22%3A%22Test%22%2C%22c_category_id%22%3A%225443523%22%2C%22k_datagrade%22%3A%22%22%2C%22ext-comp-1038%22%3A%22%22%2C%22k_storterm%22%3A%22%22%2C%22ext-comp-1035%22%3A%22%22%7D%5D%2C%22regist_type%22%3A%22meta%22%2C%22original_filename%22%3A%221117+%E1%84%89%E1%85%A5%E1%84%86%E1%85%B5%E1%86%AB%E1%84%80%E1%85%A1%E1%86%B8%E1%84%87%E1%85%AE+%E1%84%91%E1%85%A8%E1%84%8B%E1%85%A5%E1%86%B8+%E1%84%90%E1%85%A1%E1%86%AF%E1%84%8E%E1%85%AE%E1%86%AF+%E1%84%83%E1%85%A2%E1%84%8C%E1%85%A1%E1%86%A8%E1%84%8C%E1%85%A5%E1%86%AB+%E1%84%89%E1%85%AE%E1%84%8C%E1%85%A5%E1%86%BC+%E1%84%86%E1%85%B5%E1%86%A8%E1%84%89%E1%85%B5%E1%86%BC+3.wav%22%7D
10.160.213.30	[2023-11-23 19:54:19] decodeData ===> Array
(
    [user_id] => ADMIN
    [flag] => ftp_dubbing
    [metadata_type] => id
    [metadata] => Array
        (
            [0] => Array
                (
                    [4000288] =>
                    [4000289] =>
                    [4000292] => 나는 몸신이다 시즌2
                    [4000293] => 자료없음
                    [4000294] =>
                    [4778141] => 12 세
                    [4778261] => PG2230125D
                    [4778262] =>
                    [4778263] => 21
                    [4778265] =>
                    [4778283] =>
                    [4778407] => A00021
                    [k_content_id] =>
                    [k_ud_content_id] => 4000405
                    [k_title] => Test
                    [c_category_id] => 5443523
                    [k_datagrade] =>
                    [ext-comp-1038] =>
                    [k_storterm] =>
                    [ext-comp-1035] =>
                )

        )

    [regist_type] => meta
    [original_filename] => 1117 서민갑부 폐업 탈출 대작전 수정 믹싱 3.wav
)

10.160.213.30	[2023-11-23 19:54:19] return ===> <?xml version="1.0" encoding="UTF-8"?>
<response><result success="true" msg="ok" content_id="2418099" task_id=""><success>true</success><msg>ok</msg><content_id>2418099</content_id><task_id/><task_list_info><type>FTP</type><source_root>10.160.77.12:21</source_root><source_root_for_mac></source_root_for_mac><login_id>chaadmin@ddmc.com</login_id><login_pw>ddmcad09)(</login_pw><source_opt>dir=$UD_PATH/clip&amp;filename=$CONTENT_ID&amp;ext=$OUT_SRC_EXT</source_opt><source>PG2230125D/NPS_DUBBING/clip</source><edius_file_path/></task_list_info></result></response>

10.160.211.211	[2023-11-23 19:54:27] REQUEST ===> Array
(
)

10.160.211.211	[2023-11-23 19:54:27] receive ===> %7B%22user_id%22%3A%22BNC21011%22%2C%22flag%22%3A%22reg_davinchi_ftp%22%2C%22metadata_type%22%3A%22id%22%2C%22metadata%22%3A%5B%7B%224000288%22%3A%22%22%2C%224000289%22%3A%22%22%2C%224000292%22%3A%22%EC%84%B1%EC%A0%81%EC%9D%84+%EB%B6%80%ED%83%81%ED%95%B4+%ED%8B%B0%EC%B2%98%EC%8A%A4%22%2C%224000293%22%3A%224%ED%9A%8C%22%2C%224000294%22%3A%22%22%2C%224778141%22%3A%2212+%EC%84%B8%22%2C%224778261%22%3A%22PG2230246D%22%2C%224778262%22%3A%22%22%2C%224778263%22%3A%224%22%2C%224778265%22%3A%22%22%2C%224778283%22%3A%22%22%2C%224778407%22%3A%22A00004%22%2C%22k_content_id%22%3A%22%22%2C%22k_ud_content_id%22%3A%224000346%22%2C%22k_title%22%3A%22%5B%EC%83%89%EB%B3%B4%EC%A0%95%EC%99%84%EB%A3%8C%5D+4%ED%9A%8C_%EB%B9%84%ED%8F%AC1-2%22%2C%22c_category_id%22%3A%225443931%22%2C%22k_datagrade%22%3A%22%22%2C%22ext-comp-1038%22%3A%22%22%2C%22k_storterm%22%3A%22%22%2C%22ext-comp-1035%22%3A%22%22%7D%5D%2C%22regist_type%22%3A%22task%22%2C%22content_id%22%3A%222418098%22%2C%22original_filename%22%3A%22P2023112158100_CC_ep04_b1_2.mxf%22%2C%22IsFileNameToTitle%22%3A%220%22%7D
10.160.211.211	[2023-11-23 19:54:27] decodeData ===> Array
(
    [user_id] => BNC21011
    [flag] => reg_davinchi_ftp
    [metadata_type] => id
    [metadata] => Array
        (
            [0] => Array
                (
                    [4000288] =>
                    [4000289] =>
                    [4000292] => 성적을 부탁해 티처스
                    [4000293] => 4회
                    [4000294] =>
                    [4778141] => 12 세
                    [4778261] => PG2230246D
                    [4778262] =>
                    [4778263] => 4
                    [4778265] =>
                    [4778283] =>
                    [4778407] => A00004
                    [k_content_id] =>
                    [k_ud_content_id] => 4000346
                    [k_title] => [색보정완료] 4회_비포1-2
                    [c_category_id] => 5443931
                    [k_datagrade] =>
                    [ext-comp-1038] =>
                    [k_storterm] =>
                    [ext-comp-1035] =>
                )

        )

    [regist_type] => task
    [content_id] => 2418098
    [original_filename] => P2023112158100_CC_ep04_b1_2.mxf
    [IsFileNameToTitle] => 0
)

10.160.211.211	[2023-11-23 19:54:27] return ===> <?xml version="1.0" encoding="UTF-8"?>
<response><result success="true" msg="ok" content_id="2418098" task_id="10879536"><success>true</success><msg>ok</msg><content_id>2418098</content_id><task_id>10879536</task_id><task_list_info><edius_file_path>PG2230246D/NPS_EDIT/clip/P2023112358839.mxf</edius_file_path></task_list_info></result></response>

10.160.211.211	[2023-11-23 19:55:19] REQUEST ===> Array
(
)

10.160.211.211	[2023-11-23 19:55:19] receive ===> %7B%22user_id%22%3A%22BNC21011%22%2C%22flag%22%3A%22reg_davinchi_ftp%22%2C%22metadata_type%22%3A%22id%22%2C%22metadata%22%3A%5B%7B%224000288%22%3A%22%22%2C%224000289%22%3A%22%22%2C%224000292%22%3A%22%EC%84%B1%EC%A0%81%EC%9D%84+%EB%B6%80%ED%83%81%ED%95%B4+%ED%8B%B0%EC%B2%98%EC%8A%A4%22%2C%224000293%22%3A%224%ED%9A%8C%22%2C%224000294%22%3A%22%22%2C%224778141%22%3A%2212+%EC%84%B8%22%2C%224778261%22%3A%22PG2230246D%22%2C%224778262%22%3A%22%22%2C%224778263%22%3A%224%22%2C%224778265%22%3A%22%22%2C%224778283%22%3A%22%22%2C%224778407%22%3A%22A00004%22%2C%22k_content_id%22%3A%22%22%2C%22k_ud_content_id%22%3A%224000346%22%2C%22k_title%22%3A%22%5B%EC%83%89%EB%B3%B4%EC%A0%95%EC%99%84%EB%A3%8C%5D+4%ED%9A%8C_%EB%B9%84%ED%8F%AC2%22%2C%22c_category_id%22%3A%225443931%22%2C%22k_datagrade%22%3A%22%22%2C%22ext-comp-1038%22%3A%22%22%2C%22k_storterm%22%3A%22%22%2C%22ext-comp-1035%22%3A%22%22%7D%5D%2C%22regist_type%22%3A%22meta%22%2C%22original_filename%22%3A%22P2023112158101_CC_ep04_b2.mxf%22%7D
10.160.211.211	[2023-11-23 19:55:19] decodeData ===> Array
(
    [user_id] => BNC21011
    [flag] => reg_davinchi_ftp
    [metadata_type] => id
    [metadata] => Array
        (
            [0] => Array
                (
                    [4000288] =>
                    [4000289] =>
                    [4000292] => 성적을 부탁해 티처스
                    [4000293] => 4회
                    [4000294] =>
                    [4778141] => 12 세
                    [4778261] => PG2230246D
                    [4778262] =>
                    [4778263] => 4
                    [4778265] =>
                    [4778283] =>
                    [4778407] => A00004
                    [k_content_id] =>
                    [k_ud_content_id] => 4000346
                    [k_title] => [색보정완료] 4회_비포2
                    [c_category_id] => 5443931
                    [k_datagrade] =>
                    [ext-comp-1038] =>
                    [k_storterm] =>
                    [ext-comp-1035] =>
                )

        )

    [regist_type] => meta
    [original_filename] => P2023112158101_CC_ep04_b2.mxf
)

10.160.211.211	[2023-11-23 19:55:19] return ===> <?xml version="1.0" encoding="UTF-8"?>
<response><result success="true" msg="ok" content_id="2418100" task_id=""><success>true</success><msg>ok</msg><content_id>2418100</content_id><task_id/><task_list_info><type>FTP</type><source_root>10.160.77.12:2021</source_root><source_root_for_mac></source_root_for_mac><login_id>chaadmin@ddmc.com</login_id><login_pw>ddmcad09)(</login_pw><source_opt>dir=$UD_PATH/clip&amp;filename=$CONTENT_ID&amp;ext=$OUT_SRC_EXT</source_opt><source>PG2230246D/NPS_EDIT/clip</source><edius_file_path/></task_list_info></result></response>

10.160.213.30	[2023-11-23 19:55:49] REQUEST ===> Array
(
)

10.160.213.30	[2023-11-23 19:55:49] receive ===> %7B%22user_id%22%3A%22ADMIN%22%2C%22flag%22%3A%22ftp_dubbing%22%2C%22metadata_type%22%3A%22id%22%2C%22metadata%22%3A%5B%7B%224000288%22%3A%22%22%2C%224000289%22%3A%22%22%2C%224000292%22%3A%22%ED%85%8C%EC%8A%A4%ED%8A%B8%ED%94%84%EB%A1%9C%EA%B7%B8%EB%9E%A8%22%2C%224000293%22%3A%222%ED%9A%8C%EC%B0%A8%22%2C%224000294%22%3A%22%22%2C%224778141%22%3A%22%EB%AA%A8%EB%93%A0%EC%97%B0%EB%A0%B9%22%2C%224778261%22%3A%22PG2230187D%22%2C%224778262%22%3A%22%22%2C%224778263%22%3A%222%22%2C%224778265%22%3A%22%22%2C%224778283%22%3A%22%22%2C%224778407%22%3A%22A00002%22%2C%22k_content_id%22%3A%22%22%2C%22k_ud_content_id%22%3A%224000405%22%2C%22k_title%22%3A%22Test%22%2C%22c_category_id%22%3A%225443759%22%2C%22k_datagrade%22%3A%22%22%2C%22ext-comp-1038%22%3A%22%22%2C%22k_storterm%22%3A%22%22%2C%22ext-comp-1035%22%3A%22%22%7D%5D%2C%22regist_type%22%3A%22meta%22%2C%22original_filename%22%3A%22%E1%84%89%E1%85%A5%E1%84%86%E1%85%B5%E1%86%AB%E1%84%80%E1%85%A1%E1%86%B8%E1%84%87%E1%85%AE+%E1%84%91%E1%85%A8%E1%84%8B%E1%85%A5%E1%86%B8%E1%84%90%E1%85%A1%E1%86%AF%E1%84%8E%E1%85%AE%E1%86%AF+%E1%84%83%E1%85%A2%E1%84%8C%E1%85%A1%E1%86%A8%E1%84%8C%E1%85%A5%E1%86%AB+18%E1%84%92%E1%85%AC+%E1%84%8C%E1%85%A2%E1%84%87%E1%85%A1%E1%86%BC%E1%84%8B%E1%85%AD%E1%86%BC+%E1%84%86%E1%85%B5%E1%86%A8%E1%84%89%E1%85%B5%E1%86%BC.wav%22%7D
10.160.213.30	[2023-11-23 19:55:49] decodeData ===> Array
(
    [user_id] => ADMIN
    [flag] => ftp_dubbing
    [metadata_type] => id
    [metadata] => Array
        (
            [0] => Array
                (
                    [4000288] =>
                    [4000289] =>
                    [4000292] => 테스트프로그램
                    [4000293] => 2회차
                    [4000294] =>
                    [4778141] => 모든연령
                    [4778261] => PG2230187D
                    [4778262] =>
                    [4778263] => 2
                    [4778265] =>
                    [4778283] =>
                    [4778407] => A00002
                    [k_content_id] =>
                    [k_ud_content_id] => 4000405
                    [k_title] => Test
                    [c_category_id] => 5443759
                    [k_datagrade] =>
                    [ext-comp-1038] =>
                    [k_storterm] =>
                    [ext-comp-1035] =>
                )

        )

    [regist_type] => meta
    [original_filename] => 서민갑부 폐업탈출 대작전 18회 재방용 믹싱.wav
)

10.160.213.30	[2023-11-23 19:55:49] return ===> <?xml version="1.0" encoding="UTF-8"?>
<response><result success="true" msg="ok" content_id="2418101" task_id=""><success>true</success><msg>ok</msg><content_id>2418101</content_id><task_id/><task_list_info><type>FTP</type><source_root>10.160.77.12:2021</source_root><source_root_for_mac></source_root_for_mac><login_id>chaadmin@ddmc.com</login_id><login_pw>ddmcad09)(</login_pw><source_opt>dir=$UD_PATH/clip&amp;filename=$CONTENT_ID&amp;ext=$OUT_SRC_EXT</source_opt><source>PG2230187D/NPS_DUBBING/clip</source><edius_file_path/></task_list_info></result></response>

10.160.211.211	[2023-11-23 19:56:02] REQUEST ===> Array
(
)

10.160.211.211	[2023-11-23 19:56:02] receive ===> %7B%22user_id%22%3A%22BNC21011%22%2C%22flag%22%3A%22reg_davinchi_ftp%22%2C%22metadata_type%22%3A%22id%22%2C%22metadata%22%3A%5B%7B%224000288%22%3A%22%22%2C%224000289%22%3A%22%22%2C%224000292%22%3A%22%EC%84%B1%EC%A0%81%EC%9D%84+%EB%B6%80%ED%83%81%ED%95%B4+%ED%8B%B0%EC%B2%98%EC%8A%A4%22%2C%224000293%22%3A%224%ED%9A%8C%22%2C%224000294%22%3A%22%22%2C%224778141%22%3A%2212+%EC%84%B8%22%2C%224778261%22%3A%22PG2230246D%22%2C%224778262%22%3A%22%22%2C%224778263%22%3A%224%22%2C%224778265%22%3A%22%22%2C%224778283%22%3A%22%22%2C%224778407%22%3A%22A00004%22%2C%22k_content_id%22%3A%22%22%2C%22k_ud_content_id%22%3A%224000346%22%2C%22k_title%22%3A%22%5B%EC%83%89%EB%B3%B4%EC%A0%95%EC%99%84%EB%A3%8C%5D+4%ED%9A%8C_%EB%B9%84%ED%8F%AC2%22%2C%22c_category_id%22%3A%225443931%22%2C%22k_datagrade%22%3A%22%22%2C%22ext-comp-1038%22%3A%22%22%2C%22k_storterm%22%3A%22%22%2C%22ext-comp-1035%22%3A%22%22%7D%5D%2C%22regist_type%22%3A%22task%22%2C%22content_id%22%3A%222418100%22%2C%22original_filename%22%3A%22P2023112158101_CC_ep04_b2.mxf%22%2C%22IsFileNameToTitle%22%3A%220%22%7D
10.160.211.211	[2023-11-23 19:56:02] decodeData ===> Array
(
    [user_id] => BNC21011
    [flag] => reg_davinchi_ftp
    [metadata_type] => id
    [metadata] => Array
        (
            [0] => Array
                (
                    [4000288] =>
                    [4000289] =>
                    [4000292] => 성적을 부탁해 티처스
                    [4000293] => 4회
                    [4000294] =>
                    [4778141] => 12 세
                    [4778261] => PG2230246D
                    [4778262] =>
                    [4778263] => 4
                    [4778265] =>
                    [4778283] =>
                    [4778407] => A00004
                    [k_content_id] =>
                    [k_ud_content_id] => 4000346
                    [k_title] => [색보정완료] 4회_비포2
                    [c_category_id] => 5443931
                    [k_datagrade] =>
                    [ext-comp-1038] =>
                    [k_storterm] =>
                    [ext-comp-1035] =>
                )

        )

    [regist_type] => task
    [content_id] => 2418100
    [original_filename] => P2023112158101_CC_ep04_b2.mxf
    [IsFileNameToTitle] => 0
)

10.160.211.211	[2023-11-23 19:56:02] return ===> <?xml version="1.0" encoding="UTF-8"?>
<response><result success="true" msg="ok" content_id="2418100" task_id="10879539"><success>true</success><msg>ok</msg><content_id>2418100</content_id><task_id>10879539</task_id><task_list_info><edius_file_path>PG2230246D/NPS_EDIT/clip/P2023112358841.mxf</edius_file_path></task_list_info></result></response>

10.160.213.30	[2023-11-23 19:56:14] REQUEST ===> Array
(
)

10.160.213.30	[2023-11-23 19:56:14] receive ===> %7B%22user_id%22%3A%22ADMIN%22%2C%22flag%22%3A%22ftp_dubbing%22%2C%22metadata_type%22%3A%22id%22%2C%22metadata%22%3A%5B%7B%224000288%22%3A%22%22%2C%224000289%22%3A%22%22%2C%224000292%22%3A%22%ED%85%8C%EC%8A%A4%ED%8A%B8%ED%94%84%EB%A1%9C%EA%B7%B8%EB%9E%A8%22%2C%224000293%22%3A%222%ED%9A%8C%EC%B0%A8%22%2C%224000294%22%3A%22%22%2C%224778141%22%3A%22%EB%AA%A8%EB%93%A0%EC%97%B0%EB%A0%B9%22%2C%224778261%22%3A%22PG2230187D%22%2C%224778262%22%3A%22%22%2C%224778263%22%3A%222%22%2C%224778265%22%3A%22%22%2C%224778283%22%3A%22%22%2C%224778407%22%3A%22A00002%22%2C%22k_content_id%22%3A%22%22%2C%22k_ud_content_id%22%3A%224000405%22%2C%22k_title%22%3A%22Test%22%2C%22c_category_id%22%3A%225443759%22%2C%22k_datagrade%22%3A%22%22%2C%22ext-comp-1038%22%3A%22%22%2C%22k_storterm%22%3A%22%22%2C%22ext-comp-1035%22%3A%22%22%7D%5D%2C%22regist_type%22%3A%22task%22%2C%22content_id%22%3A%222418101%22%2C%22original_filename%22%3A%22%E1%84%89%E1%85%A5%E1%84%86%E1%85%B5%E1%86%AB%E1%84%80%E1%85%A1%E1%86%B8%E1%84%87%E1%85%AE+%E1%84%91%E1%85%A8%E1%84%8B%E1%85%A5%E1%86%B8%E1%84%90%E1%85%A1%E1%86%AF%E1%84%8E%E1%85%AE%E1%86%AF+%E1%84%83%E1%85%A2%E1%84%8C%E1%85%A1%E1%86%A8%E1%84%8C%E1%85%A5%E1%86%AB+18%E1%84%92%E1%85%AC+%E1%84%8C%E1%85%A2%E1%84%87%E1%85%A1%E1%86%BC%E1%84%8B%E1%85%AD%E1%86%BC+%E1%84%86%E1%85%B5%E1%86%A8%E1%84%89%E1%85%B5%E1%86%BC.wav%22%2C%22IsFileNameToTitle%22%3A%220%22%7D
10.160.213.30	[2023-11-23 19:56:14] decodeData ===> Array
(
    [user_id] => ADMIN
    [flag] => ftp_dubbing
    [metadata_type] => id
    [metadata] => Array
        (
            [0] => Array
                (
                    [4000288] =>
                    [4000289] =>
                    [4000292] => 테스트프로그램
                    [4000293] => 2회차
                    [4000294] =>
                    [4778141] => 모든연령
                    [4778261] => PG2230187D
                    [4778262] =>
                    [4778263] => 2
                    [4778265] =>
                    [4778283] =>
                    [4778407] => A00002
                    [k_content_id] =>
                    [k_ud_content_id] => 4000405
                    [k_title] => Test
                    [c_category_id] => 5443759
                    [k_datagrade] =>
                    [ext-comp-1038] =>
                    [k_storterm] =>
                    [ext-comp-1035] =>
                )

        )

    [regist_type] => task
    [content_id] => 2418101
    [original_filename] => 서민갑부 폐업탈출 대작전 18회 재방용 믹싱.wav
    [IsFileNameToTitle] => 0
)

10.160.213.30	[2023-11-23 19:56:14] return ===> <?xml version="1.0" encoding="UTF-8"?>
<response><result success="true" msg="ok" content_id="2418101" task_id="10879540"><success>true</success><msg>ok</msg><content_id>2418101</content_id><task_id>10879540</task_id><task_list_info><edius_file_path>PG2230187D/NPS_DUBBING/clip/P2023112358842.wav</edius_file_path></task_list_info></result></response>

10.160.211.211	[2023-11-23 19:59:38] REQUEST ===> Array
(
)

10.160.211.211	[2023-11-23 19:59:38] receive ===> %7B%22user_id%22%3A%22BNC21011%22%2C%22flag%22%3A%22reg_davinchi_ftp%22%2C%22metadata_type%22%3A%22id%22%2C%22metadata%22%3A%5B%7B%224000288%22%3A%22%22%2C%224000289%22%3A%22%22%2C%224000292%22%3A%22%EC%84%B1%EC%A0%81%EC%9D%84+%EB%B6%80%ED%83%81%ED%95%B4+%ED%8B%B0%EC%B2%98%EC%8A%A4%22%2C%224000293%22%3A%224%ED%9A%8C%22%2C%224000294%22%3A%22%22%2C%224778141%22%3A%2212+%EC%84%B8%22%2C%224778261%22%3A%22PG2230246D%22%2C%224778262%22%3A%22%22%2C%224778263%22%3A%224%22%2C%224778265%22%3A%22%22%2C%224778283%22%3A%22%22%2C%224778407%22%3A%22A00004%22%2C%22k_content_id%22%3A%22%22%2C%22k_ud_content_id%22%3A%224000346%22%2C%22k_title%22%3A%22%5B%EC%83%89%EB%B3%B4%EC%A0%95%EC%99%84%EB%A3%8C%5D+4%ED%9A%8C_%EB%B9%84%ED%8F%AC3%22%2C%22c_category_id%22%3A%225443931%22%2C%22k_datagrade%22%3A%22%22%2C%22ext-comp-1038%22%3A%22%22%2C%22k_storterm%22%3A%22%22%2C%22ext-comp-1035%22%3A%22%22%7D%5D%2C%22regist_type%22%3A%22meta%22%2C%22original_filename%22%3A%22P2023112158109_CC_ep03_b3.mxf%22%7D
10.160.211.211	[2023-11-23 19:59:38] decodeData ===> Array
(
    [user_id] => BNC21011
    [flag] => reg_davinchi_ftp
    [metadata_type] => id
    [metadata] => Array
        (
            [0] => Array
                (
                    [4000288] =>
                    [4000289] =>
                    [4000292] => 성적을 부탁해 티처스
                    [4000293] => 4회
                    [4000294] =>
                    [4778141] => 12 세
                    [4778261] => PG2230246D
                    [4778262] =>
                    [4778263] => 4
                    [4778265] =>
                    [4778283] =>
                    [4778407] => A00004
                    [k_content_id] =>
                    [k_ud_content_id] => 4000346
                    [k_title] => [색보정완료] 4회_비포3
                    [c_category_id] => 5443931
                    [k_datagrade] =>
                    [ext-comp-1038] =>
                    [k_storterm] =>
                    [ext-comp-1035] =>
                )

        )

    [regist_type] => meta
    [original_filename] => P2023112158109_CC_ep03_b3.mxf
)

10.160.211.211	[2023-11-23 19:59:38] return ===> <?xml version="1.0" encoding="UTF-8"?>
<response><result success="true" msg="ok" content_id="2418102" task_id=""><success>true</success><msg>ok</msg><content_id>2418102</content_id><task_id/><task_list_info><type>FTP</type><source_root>10.160.77.12:2021</source_root><source_root_for_mac></source_root_for_mac><login_id>chaadmin@ddmc.com</login_id><login_pw>ddmcad09)(</login_pw><source_opt>dir=$UD_PATH/clip&amp;filename=$CONTENT_ID&amp;ext=$OUT_SRC_EXT</source_opt><source>PG2230246D/NPS_EDIT/clip</source><edius_file_path/></task_list_info></result></response>

10.160.215.53	[2023-11-23 19:59:40] REQUEST ===> Array
(
)

10.160.215.53	[2023-11-23 19:59:40] receive ===> {"user_id":"ADMIN","type":"4000346","todas":false,"flag":"edius","metadata_type":"id","metadata":[{"4000288":"이규훈","4000289":"","4000292":"20120923 시스템관리팀 테스트","4000293":"8회차 테스트","4000294":"","4778141":"모든연령","4778261":"PG2120146D","4778262":"P2023081228532","4778263":"8","4778265":"003","4778283":"","4778407":"A00008","k_content_id":"","k_ud_content_id":"4000346","k_title":"test","c_category_id":"5393847","k_datagrade":"","ext-comp-1038":"","k_storterm":"","ext-comp-1035":""}],"regist_type":""} 
10.160.215.53	[2023-11-23 19:59:40] decodeData ===> Array
(
    [user_id] => ADMIN
    [type] => 4000346
    [todas] =>
    [flag] => edius
    [metadata_type] => id
    [metadata] => Array
        (
            [0] => Array
                (
                    [4000288] => 이규훈
                    [4000289] =>
                    [4000292] => 20120923 시스템관리팀 테스트
                    [4000293] => 8회차 테스트
                    [4000294] =>
                    [4778141] => 모든연령
                    [4778261] => PG2120146D
                    [4778262] => P2023081228532
                    [4778263] => 8
                    [4778265] => 003
                    [4778283] =>
                    [4778407] => A00008
                    [k_content_id] =>
                    [k_ud_content_id] => 4000346
                    [k_title] => test
                    [c_category_id] => 5393847
                    [k_datagrade] =>
                    [ext-comp-1038] =>
                    [k_storterm] =>
                    [ext-comp-1035] =>
                )

        )

    [regist_type] =>
)

10.160.215.53	[2023-11-23 19:59:40] return ===> <?xml version="1.0" encoding="UTF-8"?>
<response><result success="true" msg="ok" content_id="2418103" task_id="10879550"><success>true</success><msg>ok</msg><content_id>2418103</content_id><task_id>10879550</task_id><task_list_info><source_path_id>83</source_path_id><target_path_id>83</target_path_id><register>edius</register><parameter>"rename"</parameter><source_opt>null</source_opt><target_opt>media=original&amp;dir=$UD_PATH/clip&amp;filename=$OUT_SRC_FILE&amp;ext=$OUT_SRC_EXT</target_opt><type>SAN</type><source_root>I:/CMS</source_root><source_root_for_mac>Product_Main/CMS</source_root_for_mac><login_id></login_id><login_pw></login_pw><source></source><edius_file_path>PG2120146D/NPS_EDIT/clip/P2023112358844.mxf</edius_file_path></task_list_info></result></response>

10.160.211.211	[2023-11-23 20:00:27] REQUEST ===> Array
(
)

10.160.211.211	[2023-11-23 20:00:27] receive ===> %7B%22user_id%22%3A%22BNC21011%22%2C%22flag%22%3A%22reg_davinchi_ftp%22%2C%22metadata_type%22%3A%22id%22%2C%22metadata%22%3A%5B%7B%224000288%22%3A%22%22%2C%224000289%22%3A%22%22%2C%224000292%22%3A%22%EC%84%B1%EC%A0%81%EC%9D%84+%EB%B6%80%ED%83%81%ED%95%B4+%ED%8B%B0%EC%B2%98%EC%8A%A4%22%2C%224000293%22%3A%224%ED%9A%8C%22%2C%224000294%22%3A%22%22%2C%224778141%22%3A%2212+%EC%84%B8%22%2C%224778261%22%3A%22PG2230246D%22%2C%224778262%22%3A%22%22%2C%224778263%22%3A%224%22%2C%224778265%22%3A%22%22%2C%224778283%22%3A%22%22%2C%224778407%22%3A%22A00004%22%2C%22k_content_id%22%3A%22%22%2C%22k_ud_content_id%22%3A%224000346%22%2C%22k_title%22%3A%22%5B%EC%83%89%EB%B3%B4%EC%A0%95%EC%99%84%EB%A3%8C%5D+4%ED%9A%8C_%EB%B9%84%ED%8F%AC3%22%2C%22c_category_id%22%3A%225443931%22%2C%22k_datagrade%22%3A%22%22%2C%22ext-comp-1038%22%3A%22%22%2C%22k_storterm%22%3A%22%22%2C%22ext-comp-1035%22%3A%22%22%7D%5D%2C%22regist_type%22%3A%22task%22%2C%22content_id%22%3A%222418102%22%2C%22original_filename%22%3A%22P2023112158109_CC_ep03_b3.mxf%22%2C%22IsFileNameToTitle%22%3A%220%22%7D
10.160.211.211	[2023-11-23 20:00:27] decodeData ===> Array
(
    [user_id] => BNC21011
    [flag] => reg_davinchi_ftp
    [metadata_type] => id
    [metadata] => Array
        (
            [0] => Array
                (
                    [4000288] =>
                    [4000289] =>
                    [4000292] => 성적을 부탁해 티처스
                    [4000293] => 4회
                    [4000294] =>
                    [4778141] => 12 세
                    [4778261] => PG2230246D
                    [4778262] =>
                    [4778263] => 4
                    [4778265] =>
                    [4778283] =>
                    [4778407] => A00004
                    [k_content_id] =>
                    [k_ud_content_id] => 4000346
                    [k_title] => [색보정완료] 4회_비포3
                    [c_category_id] => 5443931
                    [k_datagrade] =>
                    [ext-comp-1038] =>
                    [k_storterm] =>
                    [ext-comp-1035] =>
                )

        )

    [regist_type] => task
    [content_id] => 2418102
    [original_filename] => P2023112158109_CC_ep03_b3.mxf
    [IsFileNameToTitle] => 0
)

10.160.211.211	[2023-11-23 20:00:27] return ===> <?xml version="1.0" encoding="UTF-8"?>
<response><result success="true" msg="ok" content_id="2418102" task_id="10879554"><success>true</success><msg>ok</msg><content_id>2418102</content_id><task_id>10879554</task_id><task_list_info><edius_file_path>PG2230246D/NPS_EDIT/clip/P2023112358843.mxf</edius_file_path></task_list_info></result></response>

10.160.211.211	[2023-11-23 20:00:51] REQUEST ===> Array
(
)

10.160.211.211	[2023-11-23 20:00:51] receive ===> %7B%22user_id%22%3A%22BNC21011%22%2C%22flag%22%3A%22reg_davinchi_ftp%22%2C%22metadata_type%22%3A%22id%22%2C%22metadata%22%3A%5B%7B%224000288%22%3A%22%22%2C%224000289%22%3A%22%22%2C%224000292%22%3A%22%EC%84%B1%EC%A0%81%EC%9D%84+%EB%B6%80%ED%83%81%ED%95%B4+%ED%8B%B0%EC%B2%98%EC%8A%A4%22%2C%224000293%22%3A%224%ED%9A%8C%22%2C%224000294%22%3A%22%22%2C%224778141%22%3A%2212+%EC%84%B8%22%2C%224778261%22%3A%22PG2230246D%22%2C%224778262%22%3A%22%22%2C%224778263%22%3A%224%22%2C%224778265%22%3A%22%22%2C%224778283%22%3A%22%22%2C%224778407%22%3A%22A00004%22%2C%22k_content_id%22%3A%22%22%2C%22k_ud_content_id%22%3A%224000346%22%2C%22k_title%22%3A%22%5B%EC%83%89%EB%B3%B4%EC%A0%95%EC%99%84%EB%A3%8C%5D+4%ED%9A%8C_%EB%B9%84%ED%8F%AC1-1_%EC%B6%94%EA%B0%801%22%2C%22c_category_id%22%3A%225443931%22%2C%22k_datagrade%22%3A%22%22%2C%22ext-comp-1038%22%3A%22%22%2C%22k_storterm%22%3A%22%22%2C%22ext-comp-1035%22%3A%22%22%7D%5D%2C%22regist_type%22%3A%22meta%22%2C%22original_filename%22%3A%22P2023112258326_CC_ep04_b1_1_add1.mxf%22%7D
10.160.211.211	[2023-11-23 20:00:51] decodeData ===> Array
(
    [user_id] => BNC21011
    [flag] => reg_davinchi_ftp
    [metadata_type] => id
    [metadata] => Array
        (
            [0] => Array
                (
                    [4000288] =>
                    [4000289] =>
                    [4000292] => 성적을 부탁해 티처스
                    [4000293] => 4회
                    [4000294] =>
                    [4778141] => 12 세
                    [4778261] => PG2230246D
                    [4778262] =>
                    [4778263] => 4
                    [4778265] =>
                    [4778283] =>
                    [4778407] => A00004
                    [k_content_id] =>
                    [k_ud_content_id] => 4000346
                    [k_title] => [색보정완료] 4회_비포1-1_추가1
                    [c_category_id] => 5443931
                    [k_datagrade] =>
                    [ext-comp-1038] =>
                    [k_storterm] =>
                    [ext-comp-1035] =>
                )

        )

    [regist_type] => meta
    [original_filename] => P2023112258326_CC_ep04_b1_1_add1.mxf
)

10.160.211.211	[2023-11-23 20:00:51] return ===> <?xml version="1.0" encoding="UTF-8"?>
<response><result success="true" msg="ok" content_id="2418104" task_id=""><success>true</success><msg>ok</msg><content_id>2418104</content_id><task_id/><task_list_info><type>FTP</type><source_root>10.160.77.12:2021</source_root><source_root_for_mac></source_root_for_mac><login_id>chaadmin@ddmc.com</login_id><login_pw>ddmcad09)(</login_pw><source_opt>dir=$UD_PATH/clip&amp;filename=$CONTENT_ID&amp;ext=$OUT_SRC_EXT</source_opt><source>PG2230246D/NPS_EDIT/clip</source><edius_file_path/></task_list_info></result></response>

10.160.211.211	[2023-11-23 20:01:16] REQUEST ===> Array
(
)

10.160.211.211	[2023-11-23 20:01:16] receive ===> %7B%22user_id%22%3A%22BNC21011%22%2C%22flag%22%3A%22reg_davinchi_ftp%22%2C%22metadata_type%22%3A%22id%22%2C%22metadata%22%3A%5B%7B%224000288%22%3A%22%22%2C%224000289%22%3A%22%22%2C%224000292%22%3A%22%EC%84%B1%EC%A0%81%EC%9D%84+%EB%B6%80%ED%83%81%ED%95%B4+%ED%8B%B0%EC%B2%98%EC%8A%A4%22%2C%224000293%22%3A%224%ED%9A%8C%22%2C%224000294%22%3A%22%22%2C%224778141%22%3A%2212+%EC%84%B8%22%2C%224778261%22%3A%22PG2230246D%22%2C%224778262%22%3A%22%22%2C%224778263%22%3A%224%22%2C%224778265%22%3A%22%22%2C%224778283%22%3A%22%22%2C%224778407%22%3A%22A00004%22%2C%22k_content_id%22%3A%22%22%2C%22k_ud_content_id%22%3A%224000346%22%2C%22k_title%22%3A%22%5B%EC%83%89%EB%B3%B4%EC%A0%95%EC%99%84%EB%A3%8C%5D+4%ED%9A%8C_%EB%B9%84%ED%8F%AC1-1_%EC%B6%94%EA%B0%801%22%2C%22c_category_id%22%3A%225443931%22%2C%22k_datagrade%22%3A%22%22%2C%22ext-comp-1038%22%3A%22%22%2C%22k_storterm%22%3A%22%22%2C%22ext-comp-1035%22%3A%22%22%7D%5D%2C%22regist_type%22%3A%22task%22%2C%22content_id%22%3A%222418104%22%2C%22original_filename%22%3A%22P2023112258326_CC_ep04_b1_1_add1.mxf%22%2C%22IsFileNameToTitle%22%3A%220%22%7D
10.160.211.211	[2023-11-23 20:01:16] decodeData ===> Array
(
    [user_id] => BNC21011
    [flag] => reg_davinchi_ftp
    [metadata_type] => id
    [metadata] => Array
        (
            [0] => Array
                (
                    [4000288] =>
                    [4000289] =>
                    [4000292] => 성적을 부탁해 티처스
                    [4000293] => 4회
                    [4000294] =>
                    [4778141] => 12 세
                    [4778261] => PG2230246D
                    [4778262] =>
                    [4778263] => 4
                    [4778265] =>
                    [4778283] =>
                    [4778407] => A00004
                    [k_content_id] =>
                    [k_ud_content_id] => 4000346
                    [k_title] => [색보정완료] 4회_비포1-1_추가1
                    [c_category_id] => 5443931
                    [k_datagrade] =>
                    [ext-comp-1038] =>
                    [k_storterm] =>
                    [ext-comp-1035] =>
                )

        )

    [regist_type] => task
    [content_id] => 2418104
    [original_filename] => P2023112258326_CC_ep04_b1_1_add1.mxf
    [IsFileNameToTitle] => 0
)

10.160.211.211	[2023-11-23 20:01:16] return ===> <?xml version="1.0" encoding="UTF-8"?>
<response><result success="true" msg="ok" content_id="2418104" task_id="10879557"><success>true</success><msg>ok</msg><content_id>2418104</content_id><task_id>10879557</task_id><task_list_info><edius_file_path>PG2230246D/NPS_EDIT/clip/P2023112358845.mxf</edius_file_path></task_list_info></result></response>

10.160.211.211	[2023-11-23 20:02:44] REQUEST ===> Array
(
)

10.160.211.211	[2023-11-23 20:02:44] receive ===> %7B%22user_id%22%3A%22BNC21011%22%2C%22flag%22%3A%22reg_davinchi_ftp%22%2C%22metadata_type%22%3A%22id%22%2C%22metadata%22%3A%5B%7B%224000288%22%3A%22%22%2C%224000289%22%3A%22%22%2C%224000292%22%3A%22%EC%84%B1%EC%A0%81%EC%9D%84+%EB%B6%80%ED%83%81%ED%95%B4+%ED%8B%B0%EC%B2%98%EC%8A%A4%22%2C%224000293%22%3A%224%ED%9A%8C%22%2C%224000294%22%3A%22%22%2C%224778141%22%3A%2212+%EC%84%B8%22%2C%224778261%22%3A%22PG2230246D%22%2C%224778262%22%3A%22%22%2C%224778263%22%3A%224%22%2C%224778265%22%3A%22%22%2C%224778283%22%3A%22%22%2C%224778407%22%3A%22A00004%22%2C%22k_content_id%22%3A%22%22%2C%22k_ud_content_id%22%3A%224000346%22%2C%22k_title%22%3A%22%5B%EC%83%89%EB%B3%B4%EC%A0%95%EC%99%84%EB%A3%8C%5D+4%ED%9A%8C_%EB%B9%84%ED%8F%AC1-1_%EC%B6%94%EA%B0%802%22%2C%22c_category_id%22%3A%225443931%22%2C%22k_datagrade%22%3A%22%22%2C%22ext-comp-1038%22%3A%22%22%2C%22k_storterm%22%3A%22%22%2C%22ext-comp-1035%22%3A%22%22%7D%5D%2C%22regist_type%22%3A%22meta%22%2C%22original_filename%22%3A%22P2023112258327_CC_ep04_b1_1_add2.mxf%22%7D
10.160.211.211	[2023-11-23 20:02:44] decodeData ===> Array
(
    [user_id] => BNC21011
    [flag] => reg_davinchi_ftp
    [metadata_type] => id
    [metadata] => Array
        (
            [0] => Array
                (
                    [4000288] =>
                    [4000289] =>
                    [4000292] => 성적을 부탁해 티처스
                    [4000293] => 4회
                    [4000294] =>
                    [4778141] => 12 세
                    [4778261] => PG2230246D
                    [4778262] =>
                    [4778263] => 4
                    [4778265] =>
                    [4778283] =>
                    [4778407] => A00004
                    [k_content_id] =>
                    [k_ud_content_id] => 4000346
                    [k_title] => [색보정완료] 4회_비포1-1_추가2
                    [c_category_id] => 5443931
                    [k_datagrade] =>
                    [ext-comp-1038] =>
                    [k_storterm] =>
                    [ext-comp-1035] =>
                )

        )

    [regist_type] => meta
    [original_filename] => P2023112258327_CC_ep04_b1_1_add2.mxf
)

10.160.211.211	[2023-11-23 20:02:44] return ===> <?xml version="1.0" encoding="UTF-8"?>
<response><result success="true" msg="ok" content_id="2418106" task_id=""><success>true</success><msg>ok</msg><content_id>2418106</content_id><task_id/><task_list_info><type>FTP</type><source_root>10.160.77.12:2021</source_root><source_root_for_mac></source_root_for_mac><login_id>chaadmin@ddmc.com</login_id><login_pw>ddmcad09)(</login_pw><source_opt>dir=$UD_PATH/clip&amp;filename=$CONTENT_ID&amp;ext=$OUT_SRC_EXT</source_opt><source>PG2230246D/NPS_EDIT/clip</source><edius_file_path/></task_list_info></result></response>

10.160.211.211	[2023-11-23 20:03:03] REQUEST ===> Array
(
)

10.160.211.211	[2023-11-23 20:03:03] receive ===> %7B%22user_id%22%3A%22BNC21011%22%2C%22flag%22%3A%22reg_davinchi_ftp%22%2C%22metadata_type%22%3A%22id%22%2C%22metadata%22%3A%5B%7B%224000288%22%3A%22%22%2C%224000289%22%3A%22%22%2C%224000292%22%3A%22%EC%84%B1%EC%A0%81%EC%9D%84+%EB%B6%80%ED%83%81%ED%95%B4+%ED%8B%B0%EC%B2%98%EC%8A%A4%22%2C%224000293%22%3A%224%ED%9A%8C%22%2C%224000294%22%3A%22%22%2C%224778141%22%3A%2212+%EC%84%B8%22%2C%224778261%22%3A%22PG2230246D%22%2C%224778262%22%3A%22%22%2C%224778263%22%3A%224%22%2C%224778265%22%3A%22%22%2C%224778283%22%3A%22%22%2C%224778407%22%3A%22A00004%22%2C%22k_content_id%22%3A%22%22%2C%22k_ud_content_id%22%3A%224000346%22%2C%22k_title%22%3A%22%5B%EC%83%89%EB%B3%B4%EC%A0%95%EC%99%84%EB%A3%8C%5D+4%ED%9A%8C_%EB%B9%84%ED%8F%AC1-1_%EC%B6%94%EA%B0%802%22%2C%22c_category_id%22%3A%225443931%22%2C%22k_datagrade%22%3A%22%22%2C%22ext-comp-1038%22%3A%22%22%2C%22k_storterm%22%3A%22%22%2C%22ext-comp-1035%22%3A%22%22%7D%5D%2C%22regist_type%22%3A%22task%22%2C%22content_id%22%3A%222418106%22%2C%22original_filename%22%3A%22P2023112258327_CC_ep04_b1_1_add2.mxf%22%2C%22IsFileNameToTitle%22%3A%220%22%7D
10.160.211.211	[2023-11-23 20:03:03] decodeData ===> Array
(
    [user_id] => BNC21011
    [flag] => reg_davinchi_ftp
    [metadata_type] => id
    [metadata] => Array
        (
            [0] => Array
                (
                    [4000288] =>
                    [4000289] =>
                    [4000292] => 성적을 부탁해 티처스
                    [4000293] => 4회
                    [4000294] =>
                    [4778141] => 12 세
                    [4778261] => PG2230246D
                    [4778262] =>
                    [4778263] => 4
                    [4778265] =>
                    [4778283] =>
                    [4778407] => A00004
                    [k_content_id] =>
                    [k_ud_content_id] => 4000346
                    [k_title] => [색보정완료] 4회_비포1-1_추가2
                    [c_category_id] => 5443931
                    [k_datagrade] =>
                    [ext-comp-1038] =>
                    [k_storterm] =>
                    [ext-comp-1035] =>
                )

        )

    [regist_type] => task
    [content_id] => 2418106
    [original_filename] => P2023112258327_CC_ep04_b1_1_add2.mxf
    [IsFileNameToTitle] => 0
)

10.160.211.211	[2023-11-23 20:03:04] return ===> <?xml version="1.0" encoding="UTF-8"?>
<response><result success="true" msg="ok" content_id="2418106" task_id="10879561"><success>true</success><msg>ok</msg><content_id>2418106</content_id><task_id>10879561</task_id><task_list_info><edius_file_path>PG2230246D/NPS_EDIT/clip/P2023112358847.mxf</edius_file_path></task_list_info></result></response>

10.160.211.211	[2023-11-23 20:03:17] REQUEST ===> Array
(
)

10.160.211.211	[2023-11-23 20:03:17] receive ===> %7B%22user_id%22%3A%22BNC21011%22%2C%22flag%22%3A%22reg_davinchi_ftp%22%2C%22metadata_type%22%3A%22id%22%2C%22metadata%22%3A%5B%7B%224000288%22%3A%22%22%2C%224000289%22%3A%22%22%2C%224000292%22%3A%22%EC%84%B1%EC%A0%81%EC%9D%84+%EB%B6%80%ED%83%81%ED%95%B4+%ED%8B%B0%EC%B2%98%EC%8A%A4%22%2C%224000293%22%3A%224%ED%9A%8C%22%2C%224000294%22%3A%22%22%2C%224778141%22%3A%2212+%EC%84%B8%22%2C%224778261%22%3A%22PG2230246D%22%2C%224778262%22%3A%22%22%2C%224778263%22%3A%224%22%2C%224778265%22%3A%22%22%2C%224778283%22%3A%22%22%2C%224778407%22%3A%22A00004%22%2C%22k_content_id%22%3A%22%22%2C%22k_ud_content_id%22%3A%224000346%22%2C%22k_title%22%3A%22%5B%EC%83%89%EB%B3%B4%EC%A0%95%EC%99%84%EB%A3%8C%5D+4%ED%9A%8C_%EB%B9%84%ED%8F%AC1-1_%EC%B6%94%EA%B0%803%22%2C%22c_category_id%22%3A%225443931%22%2C%22k_datagrade%22%3A%22%22%2C%22ext-comp-1038%22%3A%22%22%2C%22k_storterm%22%3A%22%22%2C%22ext-comp-1035%22%3A%22%22%7D%5D%2C%22regist_type%22%3A%22meta%22%2C%22original_filename%22%3A%22P2023112258328_CC_ep04_b1_1_add3.mxf%22%7D
10.160.211.211	[2023-11-23 20:03:17] decodeData ===> Array
(
    [user_id] => BNC21011
    [flag] => reg_davinchi_ftp
    [metadata_type] => id
    [metadata] => Array
        (
            [0] => Array
                (
                    [4000288] =>
                    [4000289] =>
                    [4000292] => 성적을 부탁해 티처스
                    [4000293] => 4회
                    [4000294] =>
                    [4778141] => 12 세
                    [4778261] => PG2230246D
                    [4778262] =>
                    [4778263] => 4
                    [4778265] =>
                    [4778283] =>
                    [4778407] => A00004
                    [k_content_id] =>
                    [k_ud_content_id] => 4000346
                    [k_title] => [색보정완료] 4회_비포1-1_추가3
                    [c_category_id] => 5443931
                    [k_datagrade] =>
                    [ext-comp-1038] =>
                    [k_storterm] =>
                    [ext-comp-1035] =>
                )

        )

    [regist_type] => meta
    [original_filename] => P2023112258328_CC_ep04_b1_1_add3.mxf
)

10.160.211.211	[2023-11-23 20:03:17] return ===> <?xml version="1.0" encoding="UTF-8"?>
<response><result success="true" msg="ok" content_id="2418107" task_id=""><success>true</success><msg>ok</msg><content_id>2418107</content_id><task_id/><task_list_info><type>FTP</type><source_root>10.160.77.12:2021</source_root><source_root_for_mac></source_root_for_mac><login_id>chaadmin@ddmc.com</login_id><login_pw>ddmcad09)(</login_pw><source_opt>dir=$UD_PATH/clip&amp;filename=$CONTENT_ID&amp;ext=$OUT_SRC_EXT</source_opt><source>PG2230246D/NPS_EDIT/clip</source><edius_file_path/></task_list_info></result></response>

10.160.211.211	[2023-11-23 20:03:32] REQUEST ===> Array
(
)

10.160.211.211	[2023-11-23 20:03:32] receive ===> %7B%22user_id%22%3A%22BNC21011%22%2C%22flag%22%3A%22reg_davinchi_ftp%22%2C%22metadata_type%22%3A%22id%22%2C%22metadata%22%3A%5B%7B%224000288%22%3A%22%22%2C%224000289%22%3A%22%22%2C%224000292%22%3A%22%EC%84%B1%EC%A0%81%EC%9D%84+%EB%B6%80%ED%83%81%ED%95%B4+%ED%8B%B0%EC%B2%98%EC%8A%A4%22%2C%224000293%22%3A%224%ED%9A%8C%22%2C%224000294%22%3A%22%22%2C%224778141%22%3A%2212+%EC%84%B8%22%2C%224778261%22%3A%22PG2230246D%22%2C%224778262%22%3A%22%22%2C%224778263%22%3A%224%22%2C%224778265%22%3A%22%22%2C%224778283%22%3A%22%22%2C%224778407%22%3A%22A00004%22%2C%22k_content_id%22%3A%22%22%2C%22k_ud_content_id%22%3A%224000346%22%2C%22k_title%22%3A%22%5B%EC%83%89%EB%B3%B4%EC%A0%95%EC%99%84%EB%A3%8C%5D+4%ED%9A%8C_%EB%B9%84%ED%8F%AC1-1_%EC%B6%94%EA%B0%803%22%2C%22c_category_id%22%3A%225443931%22%2C%22k_datagrade%22%3A%22%22%2C%22ext-comp-1038%22%3A%22%22%2C%22k_storterm%22%3A%22%22%2C%22ext-comp-1035%22%3A%22%22%7D%5D%2C%22regist_type%22%3A%22task%22%2C%22content_id%22%3A%222418107%22%2C%22original_filename%22%3A%22P2023112258328_CC_ep04_b1_1_add3.mxf%22%2C%22IsFileNameToTitle%22%3A%220%22%7D
10.160.211.211	[2023-11-23 20:03:32] decodeData ===> Array
(
    [user_id] => BNC21011
    [flag] => reg_davinchi_ftp
    [metadata_type] => id
    [metadata] => Array
        (
            [0] => Array
                (
                    [4000288] =>
                    [4000289] =>
                    [4000292] => 성적을 부탁해 티처스
                    [4000293] => 4회
                    [4000294] =>
                    [4778141] => 12 세
                    [4778261] => PG2230246D
                    [4778262] =>
                    [4778263] => 4
                    [4778265] =>
                    [4778283] =>
                    [4778407] => A00004
                    [k_content_id] =>
                    [k_ud_content_id] => 4000346
                    [k_title] => [색보정완료] 4회_비포1-1_추가3
                    [c_category_id] => 5443931
                    [k_datagrade] =>
                    [ext-comp-1038] =>
                    [k_storterm] =>
                    [ext-comp-1035] =>
                )

        )

    [regist_type] => task
    [content_id] => 2418107
    [original_filename] => P2023112258328_CC_ep04_b1_1_add3.mxf
    [IsFileNameToTitle] => 0
)

10.160.211.211	[2023-11-23 20:03:32] return ===> <?xml version="1.0" encoding="UTF-8"?>
<response><result success="true" msg="ok" content_id="2418107" task_id="10879564"><success>true</success><msg>ok</msg><content_id>2418107</content_id><task_id>10879564</task_id><task_list_info><edius_file_path>PG2230246D/NPS_EDIT/clip/P2023112358848.mxf</edius_file_path></task_list_info></result></response>

10.160.211.211	[2023-11-23 20:03:45] REQUEST ===> Array
(
)

10.160.211.211	[2023-11-23 20:03:45] receive ===> %7B%22user_id%22%3A%22BNC21011%22%2C%22flag%22%3A%22reg_davinchi_ftp%22%2C%22metadata_type%22%3A%22id%22%2C%22metadata%22%3A%5B%7B%224000288%22%3A%22%22%2C%224000289%22%3A%22%22%2C%224000292%22%3A%22%EC%84%B1%EC%A0%81%EC%9D%84+%EB%B6%80%ED%83%81%ED%95%B4+%ED%8B%B0%EC%B2%98%EC%8A%A4%22%2C%224000293%22%3A%224%ED%9A%8C%22%2C%224000294%22%3A%22%22%2C%224778141%22%3A%2212+%EC%84%B8%22%2C%224778261%22%3A%22PG2230246D%22%2C%224778262%22%3A%22%22%2C%224778263%22%3A%224%22%2C%224778265%22%3A%22%22%2C%224778283%22%3A%22%22%2C%224778407%22%3A%22A00004%22%2C%22k_content_id%22%3A%22%22%2C%22k_ud_content_id%22%3A%224000346%22%2C%22k_title%22%3A%22%5B%EC%83%89%EB%B3%B4%EC%A0%95%EC%99%84%EB%A3%8C%5D+4%ED%9A%8C_%EB%B9%84%ED%8F%AC1-1_%EC%B6%94%EA%B0%804%22%2C%22c_category_id%22%3A%225443931%22%2C%22k_datagrade%22%3A%22%22%2C%22ext-comp-1038%22%3A%22%22%2C%22k_storterm%22%3A%22%22%2C%22ext-comp-1035%22%3A%22%22%7D%5D%2C%22regist_type%22%3A%22meta%22%2C%22original_filename%22%3A%22P2023112258329_CC_ep04_b1_1_add4.mxf%22%7D
10.160.211.211	[2023-11-23 20:03:45] decodeData ===> Array
(
    [user_id] => BNC21011
    [flag] => reg_davinchi_ftp
    [metadata_type] => id
    [metadata] => Array
        (
            [0] => Array
                (
                    [4000288] =>
                    [4000289] =>
                    [4000292] => 성적을 부탁해 티처스
                    [4000293] => 4회
                    [4000294] =>
                    [4778141] => 12 세
                    [4778261] => PG2230246D
                    [4778262] =>
                    [4778263] => 4
                    [4778265] =>
                    [4778283] =>
                    [4778407] => A00004
                    [k_content_id] =>
                    [k_ud_content_id] => 4000346
                    [k_title] => [색보정완료] 4회_비포1-1_추가4
                    [c_category_id] => 5443931
                    [k_datagrade] =>
                    [ext-comp-1038] =>
                    [k_storterm] =>
                    [ext-comp-1035] =>
                )

        )

    [regist_type] => meta
    [original_filename] => P2023112258329_CC_ep04_b1_1_add4.mxf
)

10.160.211.211	[2023-11-23 20:03:46] return ===> <?xml version="1.0" encoding="UTF-8"?>
<response><result success="true" msg="ok" content_id="2418108" task_id=""><success>true</success><msg>ok</msg><content_id>2418108</content_id><task_id/><task_list_info><type>FTP</type><source_root>10.160.77.12:2021</source_root><source_root_for_mac></source_root_for_mac><login_id>chaadmin@ddmc.com</login_id><login_pw>ddmcad09)(</login_pw><source_opt>dir=$UD_PATH/clip&amp;filename=$CONTENT_ID&amp;ext=$OUT_SRC_EXT</source_opt><source>PG2230246D/NPS_EDIT/clip</source><edius_file_path/></task_list_info></result></response>

10.160.211.211	[2023-11-23 20:04:05] REQUEST ===> Array
(
)

10.160.211.211	[2023-11-23 20:04:05] receive ===> %7B%22user_id%22%3A%22BNC21011%22%2C%22flag%22%3A%22reg_davinchi_ftp%22%2C%22metadata_type%22%3A%22id%22%2C%22metadata%22%3A%5B%7B%224000288%22%3A%22%22%2C%224000289%22%3A%22%22%2C%224000292%22%3A%22%EC%84%B1%EC%A0%81%EC%9D%84+%EB%B6%80%ED%83%81%ED%95%B4+%ED%8B%B0%EC%B2%98%EC%8A%A4%22%2C%224000293%22%3A%224%ED%9A%8C%22%2C%224000294%22%3A%22%22%2C%224778141%22%3A%2212+%EC%84%B8%22%2C%224778261%22%3A%22PG2230246D%22%2C%224778262%22%3A%22%22%2C%224778263%22%3A%224%22%2C%224778265%22%3A%22%22%2C%224778283%22%3A%22%22%2C%224778407%22%3A%22A00004%22%2C%22k_content_id%22%3A%22%22%2C%22k_ud_content_id%22%3A%224000346%22%2C%22k_title%22%3A%22%5B%EC%83%89%EB%B3%B4%EC%A0%95%EC%99%84%EB%A3%8C%5D+4%ED%9A%8C_%EB%B9%84%ED%8F%AC1-1_%EC%B6%94%EA%B0%804%22%2C%22c_category_id%22%3A%225443931%22%2C%22k_datagrade%22%3A%22%22%2C%22ext-comp-1038%22%3A%22%22%2C%22k_storterm%22%3A%22%22%2C%22ext-comp-1035%22%3A%22%22%7D%5D%2C%22regist_type%22%3A%22task%22%2C%22content_id%22%3A%222418108%22%2C%22original_filename%22%3A%22P2023112258329_CC_ep04_b1_1_add4.mxf%22%2C%22IsFileNameToTitle%22%3A%220%22%7D
10.160.211.211	[2023-11-23 20:04:05] decodeData ===> Array
(
    [user_id] => BNC21011
    [flag] => reg_davinchi_ftp
    [metadata_type] => id
    [metadata] => Array
        (
            [0] => Array
                (
                    [4000288] =>
                    [4000289] =>
                    [4000292] => 성적을 부탁해 티처스
                    [4000293] => 4회
                    [4000294] =>
                    [4778141] => 12 세
                    [4778261] => PG2230246D
                    [4778262] =>
                    [4778263] => 4
                    [4778265] =>
                    [4778283] =>
                    [4778407] => A00004
                    [k_content_id] =>
                    [k_ud_content_id] => 4000346
                    [k_title] => [색보정완료] 4회_비포1-1_추가4
                    [c_category_id] => 5443931
                    [k_datagrade] =>
                    [ext-comp-1038] =>
                    [k_storterm] =>
                    [ext-comp-1035] =>
                )

        )

    [regist_type] => task
    [content_id] => 2418108
    [original_filename] => P2023112258329_CC_ep04_b1_1_add4.mxf
    [IsFileNameToTitle] => 0
)

10.160.211.211	[2023-11-23 20:04:05] return ===> <?xml version="1.0" encoding="UTF-8"?>
<response><result success="true" msg="ok" content_id="2418108" task_id="10879569"><success>true</success><msg>ok</msg><content_id>2418108</content_id><task_id>10879569</task_id><task_list_info><edius_file_path>PG2230246D/NPS_EDIT/clip/P2023112358849.mxf</edius_file_path></task_list_info></result></response>

10.160.211.211	[2023-11-23 20:04:16] REQUEST ===> Array
(
)

10.160.211.211	[2023-11-23 20:04:16] receive ===> %7B%22user_id%22%3A%22BNC21011%22%2C%22flag%22%3A%22reg_davinchi_ftp%22%2C%22metadata_type%22%3A%22id%22%2C%22metadata%22%3A%5B%7B%224000288%22%3A%22%22%2C%224000289%22%3A%22%22%2C%224000292%22%3A%22%EC%84%B1%EC%A0%81%EC%9D%84+%EB%B6%80%ED%83%81%ED%95%B4+%ED%8B%B0%EC%B2%98%EC%8A%A4%22%2C%224000293%22%3A%224%ED%9A%8C%22%2C%224000294%22%3A%22%22%2C%224778141%22%3A%2212+%EC%84%B8%22%2C%224778261%22%3A%22PG2230246D%22%2C%224778262%22%3A%22%22%2C%224778263%22%3A%224%22%2C%224778265%22%3A%22%22%2C%224778283%22%3A%22%22%2C%224778407%22%3A%22A00004%22%2C%22k_content_id%22%3A%22%22%2C%22k_ud_content_id%22%3A%224000346%22%2C%22k_title%22%3A%22%5B%EC%83%89%EB%B3%B4%EC%A0%95%EC%99%84%EB%A3%8C%5D+4%ED%9A%8C_%EB%B9%84%ED%8F%AC1-1_%EC%B6%94%EA%B0%805%22%2C%22c_category_id%22%3A%225443931%22%2C%22k_datagrade%22%3A%22%22%2C%22ext-comp-1038%22%3A%22%22%2C%22k_storterm%22%3A%22%22%2C%22ext-comp-1035%22%3A%22%22%7D%5D%2C%22regist_type%22%3A%22meta%22%2C%22original_filename%22%3A%22P2023112258348_CC_ep04_b1_1_add5.mxf%22%7D
10.160.211.211	[2023-11-23 20:04:16] decodeData ===> Array
(
    [user_id] => BNC21011
    [flag] => reg_davinchi_ftp
    [metadata_type] => id
    [metadata] => Array
        (
            [0] => Array
                (
                    [4000288] =>
                    [4000289] =>
                    [4000292] => 성적을 부탁해 티처스
                    [4000293] => 4회
                    [4000294] =>
                    [4778141] => 12 세
                    [4778261] => PG2230246D
                    [4778262] =>
                    [4778263] => 4
                    [4778265] =>
                    [4778283] =>
                    [4778407] => A00004
                    [k_content_id] =>
                    [k_ud_content_id] => 4000346
                    [k_title] => [색보정완료] 4회_비포1-1_추가5
                    [c_category_id] => 5443931
                    [k_datagrade] =>
                    [ext-comp-1038] =>
                    [k_storterm] =>
                    [ext-comp-1035] =>
                )

        )

    [regist_type] => meta
    [original_filename] => P2023112258348_CC_ep04_b1_1_add5.mxf
)

10.160.211.211	[2023-11-23 20:04:16] return ===> <?xml version="1.0" encoding="UTF-8"?>
<response><result success="true" msg="ok" content_id="2418109" task_id=""><success>true</success><msg>ok</msg><content_id>2418109</content_id><task_id/><task_list_info><type>FTP</type><source_root>10.160.77.12:2021</source_root><source_root_for_mac></source_root_for_mac><login_id>chaadmin@ddmc.com</login_id><login_pw>ddmcad09)(</login_pw><source_opt>dir=$UD_PATH/clip&amp;filename=$CONTENT_ID&amp;ext=$OUT_SRC_EXT</source_opt><source>PG2230246D/NPS_EDIT/clip</source><edius_file_path/></task_list_info></result></response>

10.160.211.211	[2023-11-23 20:04:32] REQUEST ===> Array
(
)

10.160.211.211	[2023-11-23 20:04:32] receive ===> %7B%22user_id%22%3A%22BNC21011%22%2C%22flag%22%3A%22reg_davinchi_ftp%22%2C%22metadata_type%22%3A%22id%22%2C%22metadata%22%3A%5B%7B%224000288%22%3A%22%22%2C%224000289%22%3A%22%22%2C%224000292%22%3A%22%EC%84%B1%EC%A0%81%EC%9D%84+%EB%B6%80%ED%83%81%ED%95%B4+%ED%8B%B0%EC%B2%98%EC%8A%A4%22%2C%224000293%22%3A%224%ED%9A%8C%22%2C%224000294%22%3A%22%22%2C%224778141%22%3A%2212+%EC%84%B8%22%2C%224778261%22%3A%22PG2230246D%22%2C%224778262%22%3A%22%22%2C%224778263%22%3A%224%22%2C%224778265%22%3A%22%22%2C%224778283%22%3A%22%22%2C%224778407%22%3A%22A00004%22%2C%22k_content_id%22%3A%22%22%2C%22k_ud_content_id%22%3A%224000346%22%2C%22k_title%22%3A%22%5B%EC%83%89%EB%B3%B4%EC%A0%95%EC%99%84%EB%A3%8C%5D+4%ED%9A%8C_%EB%B9%84%ED%8F%AC1-1_%EC%B6%94%EA%B0%805%22%2C%22c_category_id%22%3A%225443931%22%2C%22k_datagrade%22%3A%22%22%2C%22ext-comp-1038%22%3A%22%22%2C%22k_storterm%22%3A%22%22%2C%22ext-comp-1035%22%3A%22%22%7D%5D%2C%22regist_type%22%3A%22task%22%2C%22content_id%22%3A%222418109%22%2C%22original_filename%22%3A%22P2023112258348_CC_ep04_b1_1_add5.mxf%22%2C%22IsFileNameToTitle%22%3A%220%22%7D
10.160.211.211	[2023-11-23 20:04:32] decodeData ===> Array
(
    [user_id] => BNC21011
    [flag] => reg_davinchi_ftp
    [metadata_type] => id
    [metadata] => Array
        (
            [0] => Array
                (
                    [4000288] =>
                    [4000289] =>
                    [4000292] => 성적을 부탁해 티처스
                    [4000293] => 4회
                    [4000294] =>
                    [4778141] => 12 세
                    [4778261] => PG2230246D
                    [4778262] =>
                    [4778263] => 4
                    [4778265] =>
                    [4778283] =>
                    [4778407] => A00004
                    [k_content_id] =>
                    [k_ud_content_id] => 4000346
                    [k_title] => [색보정완료] 4회_비포1-1_추가5
                    [c_category_id] => 5443931
                    [k_datagrade] =>
                    [ext-comp-1038] =>
                    [k_storterm] =>
                    [ext-comp-1035] =>
                )

        )

    [regist_type] => task
    [content_id] => 2418109
    [original_filename] => P2023112258348_CC_ep04_b1_1_add5.mxf
    [IsFileNameToTitle] => 0
)

10.160.211.211	[2023-11-23 20:04:32] return ===> <?xml version="1.0" encoding="UTF-8"?>
<response><result success="true" msg="ok" content_id="2418109" task_id="10879574"><success>true</success><msg>ok</msg><content_id>2418109</content_id><task_id>10879574</task_id><task_list_info><edius_file_path>PG2230246D/NPS_EDIT/clip/P2023112358850.mxf</edius_file_path></task_list_info></result></response>

10.160.211.211	[2023-11-23 20:05:47] REQUEST ===> Array
(
)

10.160.211.211	[2023-11-23 20:05:47] receive ===> %7B%22user_id%22%3A%22BNC21011%22%2C%22flag%22%3A%22reg_davinchi_ftp%22%2C%22metadata_type%22%3A%22id%22%2C%22metadata%22%3A%5B%7B%224000288%22%3A%22%22%2C%224000289%22%3A%22%22%2C%224000292%22%3A%22%EC%84%B1%EC%A0%81%EC%9D%84+%EB%B6%80%ED%83%81%ED%95%B4+%ED%8B%B0%EC%B2%98%EC%8A%A4%22%2C%224000293%22%3A%224%ED%9A%8C%22%2C%224000294%22%3A%22%22%2C%224778141%22%3A%2212+%EC%84%B8%22%2C%224778261%22%3A%22PG2230246D%22%2C%224778262%22%3A%22%22%2C%224778263%22%3A%224%22%2C%224778265%22%3A%22%22%2C%224778283%22%3A%22%22%2C%224778407%22%3A%22A00004%22%2C%22k_content_id%22%3A%22%22%2C%22k_ud_content_id%22%3A%224000346%22%2C%22k_title%22%3A%22%5B%EC%83%89%EB%B3%B4%EC%A0%95%EC%99%84%EB%A3%8C%5D+4%ED%9A%8C_%EB%B9%84%ED%8F%AC1_%EC%B6%94%EA%B0%806%22%2C%22c_category_id%22%3A%225443931%22%2C%22k_datagrade%22%3A%22%22%2C%22ext-comp-1038%22%3A%22%22%2C%22k_storterm%22%3A%22%22%2C%22ext-comp-1035%22%3A%22%22%7D%5D%2C%22regist_type%22%3A%22meta%22%2C%22original_filename%22%3A%22P2023112358695_CC_ep04_b1_1_add6.mxf%22%7D
10.160.211.211	[2023-11-23 20:05:47] decodeData ===> Array
(
    [user_id] => BNC21011
    [flag] => reg_davinchi_ftp
    [metadata_type] => id
    [metadata] => Array
        (
            [0] => Array
                (
                    [4000288] =>
                    [4000289] =>
                    [4000292] => 성적을 부탁해 티처스
                    [4000293] => 4회
                    [4000294] =>
                    [4778141] => 12 세
                    [4778261] => PG2230246D
                    [4778262] =>
                    [4778263] => 4
                    [4778265] =>
                    [4778283] =>
                    [4778407] => A00004
                    [k_content_id] =>
                    [k_ud_content_id] => 4000346
                    [k_title] => [색보정완료] 4회_비포1_추가6
                    [c_category_id] => 5443931
                    [k_datagrade] =>
                    [ext-comp-1038] =>
                    [k_storterm] =>
                    [ext-comp-1035] =>
                )

        )

    [regist_type] => meta
    [original_filename] => P2023112358695_CC_ep04_b1_1_add6.mxf
)

10.160.211.211	[2023-11-23 20:05:47] return ===> <?xml version="1.0" encoding="UTF-8"?>
<response><result success="true" msg="ok" content_id="2418110" task_id=""><success>true</success><msg>ok</msg><content_id>2418110</content_id><task_id/><task_list_info><type>FTP</type><source_root>10.160.77.12:2021</source_root><source_root_for_mac></source_root_for_mac><login_id>chaadmin@ddmc.com</login_id><login_pw>ddmcad09)(</login_pw><source_opt>dir=$UD_PATH/clip&amp;filename=$CONTENT_ID&amp;ext=$OUT_SRC_EXT</source_opt><source>PG2230246D/NPS_EDIT/clip</source><edius_file_path/></task_list_info></result></response>

10.160.211.211	[2023-11-23 20:06:05] REQUEST ===> Array
(
)

10.160.211.211	[2023-11-23 20:06:05] receive ===> %7B%22user_id%22%3A%22BNC21011%22%2C%22flag%22%3A%22reg_davinchi_ftp%22%2C%22metadata_type%22%3A%22id%22%2C%22metadata%22%3A%5B%7B%224000288%22%3A%22%22%2C%224000289%22%3A%22%22%2C%224000292%22%3A%22%EC%84%B1%EC%A0%81%EC%9D%84+%EB%B6%80%ED%83%81%ED%95%B4+%ED%8B%B0%EC%B2%98%EC%8A%A4%22%2C%224000293%22%3A%224%ED%9A%8C%22%2C%224000294%22%3A%22%22%2C%224778141%22%3A%2212+%EC%84%B8%22%2C%224778261%22%3A%22PG2230246D%22%2C%224778262%22%3A%22%22%2C%224778263%22%3A%224%22%2C%224778265%22%3A%22%22%2C%224778283%22%3A%22%22%2C%224778407%22%3A%22A00004%22%2C%22k_content_id%22%3A%22%22%2C%22k_ud_content_id%22%3A%224000346%22%2C%22k_title%22%3A%22%5B%EC%83%89%EB%B3%B4%EC%A0%95%EC%99%84%EB%A3%8C%5D+4%ED%9A%8C_%EB%B9%84%ED%8F%AC1_%EC%B6%94%EA%B0%806%22%2C%22c_category_id%22%3A%225443931%22%2C%22k_datagrade%22%3A%22%22%2C%22ext-comp-1038%22%3A%22%22%2C%22k_storterm%22%3A%22%22%2C%22ext-comp-1035%22%3A%22%22%7D%5D%2C%22regist_type%22%3A%22task%22%2C%22content_id%22%3A%222418110%22%2C%22original_filename%22%3A%22P2023112358695_CC_ep04_b1_1_add6.mxf%22%2C%22IsFileNameToTitle%22%3A%220%22%7D
10.160.211.211	[2023-11-23 20:06:05] decodeData ===> Array
(
    [user_id] => BNC21011
    [flag] => reg_davinchi_ftp
    [metadata_type] => id
    [metadata] => Array
        (
            [0] => Array
                (
                    [4000288] =>
                    [4000289] =>
                    [4000292] => 성적을 부탁해 티처스
                    [4000293] => 4회
                    [4000294] =>
                    [4778141] => 12 세
                    [4778261] => PG2230246D
                    [4778262] =>
                    [4778263] => 4
                    [4778265] =>
                    [4778283] =>
                    [4778407] => A00004
                    [k_content_id] =>
                    [k_ud_content_id] => 4000346
                    [k_title] => [색보정완료] 4회_비포1_추가6
                    [c_category_id] => 5443931
                    [k_datagrade] =>
                    [ext-comp-1038] =>
                    [k_storterm] =>
                    [ext-comp-1035] =>
                )

        )

    [regist_type] => task
    [content_id] => 2418110
    [original_filename] => P2023112358695_CC_ep04_b1_1_add6.mxf
    [IsFileNameToTitle] => 0
)

10.160.211.211	[2023-11-23 20:06:05] return ===> <?xml version="1.0" encoding="UTF-8"?>
<response><result success="true" msg="ok" content_id="2418110" task_id="10879578"><success>true</success><msg>ok</msg><content_id>2418110</content_id><task_id>10879578</task_id><task_list_info><edius_file_path>PG2230246D/NPS_EDIT/clip/P2023112358851.mxf</edius_file_path></task_list_info></result></response>

10.160.211.211	[2023-11-23 20:06:29] REQUEST ===> Array
(
)

10.160.211.211	[2023-11-23 20:06:29] receive ===> %7B%22user_id%22%3A%22BNC21011%22%2C%22flag%22%3A%22reg_davinchi_ftp%22%2C%22metadata_type%22%3A%22id%22%2C%22metadata%22%3A%5B%7B%224000288%22%3A%22%22%2C%224000289%22%3A%22%22%2C%224000292%22%3A%22%EC%84%B1%EC%A0%81%EC%9D%84+%EB%B6%80%ED%83%81%ED%95%B4+%ED%8B%B0%EC%B2%98%EC%8A%A4%22%2C%224000293%22%3A%224%ED%9A%8C%22%2C%224000294%22%3A%22%22%2C%224778141%22%3A%2212+%EC%84%B8%22%2C%224778261%22%3A%22PG2230246D%22%2C%224778262%22%3A%22%22%2C%224778263%22%3A%224%22%2C%224778265%22%3A%22%22%2C%224778283%22%3A%22%22%2C%224778407%22%3A%22A00004%22%2C%22k_content_id%22%3A%22%22%2C%22k_ud_content_id%22%3A%224000346%22%2C%22k_title%22%3A%22%5B%EC%83%89%EB%B3%B4%EC%A0%95%EC%99%84%EB%A3%8C%5D+4%ED%9A%8C_%EB%B9%84%ED%8F%AC1_%EC%B6%94%EA%B0%807%22%2C%22c_category_id%22%3A%225443931%22%2C%22k_datagrade%22%3A%22%22%2C%22ext-comp-1038%22%3A%22%22%2C%22k_storterm%22%3A%22%22%2C%22ext-comp-1035%22%3A%22%22%7D%5D%2C%22regist_type%22%3A%22meta%22%2C%22original_filename%22%3A%22P2023112358749_CC_ep04_b1_1_add7.mxf%22%7D
10.160.211.211	[2023-11-23 20:06:29] decodeData ===> Array
(
    [user_id] => BNC21011
    [flag] => reg_davinchi_ftp
    [metadata_type] => id
    [metadata] => Array
        (
            [0] => Array
                (
                    [4000288] =>
                    [4000289] =>
                    [4000292] => 성적을 부탁해 티처스
                    [4000293] => 4회
                    [4000294] =>
                    [4778141] => 12 세
                    [4778261] => PG2230246D
                    [4778262] =>
                    [4778263] => 4
                    [4778265] =>
                    [4778283] =>
                    [4778407] => A00004
                    [k_content_id] =>
                    [k_ud_content_id] => 4000346
                    [k_title] => [색보정완료] 4회_비포1_추가7
                    [c_category_id] => 5443931
                    [k_datagrade] =>
                    [ext-comp-1038] =>
                    [k_storterm] =>
                    [ext-comp-1035] =>
                )

        )

    [regist_type] => meta
    [original_filename] => P2023112358749_CC_ep04_b1_1_add7.mxf
)

10.160.211.211	[2023-11-23 20:06:30] return ===> <?xml version="1.0" encoding="UTF-8"?>
<response><result success="true" msg="ok" content_id="2418111" task_id=""><success>true</success><msg>ok</msg><content_id>2418111</content_id><task_id/><task_list_info><type>FTP</type><source_root>10.160.77.12:2021</source_root><source_root_for_mac></source_root_for_mac><login_id>chaadmin@ddmc.com</login_id><login_pw>ddmcad09)(</login_pw><source_opt>dir=$UD_PATH/clip&amp;filename=$CONTENT_ID&amp;ext=$OUT_SRC_EXT</source_opt><source>PG2230246D/NPS_EDIT/clip</source><edius_file_path/></task_list_info></result></response>

10.160.211.211	[2023-11-23 20:06:52] REQUEST ===> Array
(
)

10.160.211.211	[2023-11-23 20:06:52] receive ===> %7B%22user_id%22%3A%22BNC21011%22%2C%22flag%22%3A%22reg_davinchi_ftp%22%2C%22metadata_type%22%3A%22id%22%2C%22metadata%22%3A%5B%7B%224000288%22%3A%22%22%2C%224000289%22%3A%22%22%2C%224000292%22%3A%22%EC%84%B1%EC%A0%81%EC%9D%84+%EB%B6%80%ED%83%81%ED%95%B4+%ED%8B%B0%EC%B2%98%EC%8A%A4%22%2C%224000293%22%3A%224%ED%9A%8C%22%2C%224000294%22%3A%22%22%2C%224778141%22%3A%2212+%EC%84%B8%22%2C%224778261%22%3A%22PG2230246D%22%2C%224778262%22%3A%22%22%2C%224778263%22%3A%224%22%2C%224778265%22%3A%22%22%2C%224778283%22%3A%22%22%2C%224778407%22%3A%22A00004%22%2C%22k_content_id%22%3A%22%22%2C%22k_ud_content_id%22%3A%224000346%22%2C%22k_title%22%3A%22%5B%EC%83%89%EB%B3%B4%EC%A0%95%EC%99%84%EB%A3%8C%5D+4%ED%9A%8C_%EB%B9%84%ED%8F%AC1_%EC%B6%94%EA%B0%807%22%2C%22c_category_id%22%3A%225443931%22%2C%22k_datagrade%22%3A%22%22%2C%22ext-comp-1038%22%3A%22%22%2C%22k_storterm%22%3A%22%22%2C%22ext-comp-1035%22%3A%22%22%7D%5D%2C%22regist_type%22%3A%22task%22%2C%22content_id%22%3A%222418111%22%2C%22original_filename%22%3A%22P2023112358749_CC_ep04_b1_1_add7.mxf%22%2C%22IsFileNameToTitle%22%3A%220%22%7D
10.160.211.211	[2023-11-23 20:06:52] decodeData ===> Array
(
    [user_id] => BNC21011
    [flag] => reg_davinchi_ftp
    [metadata_type] => id
    [metadata] => Array
        (
            [0] => Array
                (
                    [4000288] =>
                    [4000289] =>
                    [4000292] => 성적을 부탁해 티처스
                    [4000293] => 4회
                    [4000294] =>
                    [4778141] => 12 세
                    [4778261] => PG2230246D
                    [4778262] =>
                    [4778263] => 4
                    [4778265] =>
                    [4778283] =>
                    [4778407] => A00004
                    [k_content_id] =>
                    [k_ud_content_id] => 4000346
                    [k_title] => [색보정완료] 4회_비포1_추가7
                    [c_category_id] => 5443931
                    [k_datagrade] =>
                    [ext-comp-1038] =>
                    [k_storterm] =>
                    [ext-comp-1035] =>
                )

        )

    [regist_type] => task
    [content_id] => 2418111
    [original_filename] => P2023112358749_CC_ep04_b1_1_add7.mxf
    [IsFileNameToTitle] => 0
)

10.160.211.211	[2023-11-23 20:06:52] return ===> <?xml version="1.0" encoding="UTF-8"?>
<response><result success="true" msg="ok" content_id="2418111" task_id="10879582"><success>true</success><msg>ok</msg><content_id>2418111</content_id><task_id>10879582</task_id><task_list_info><edius_file_path>PG2230246D/NPS_EDIT/clip/P2023112358852.mxf</edius_file_path></task_list_info></result></response>

10.160.211.211	[2023-11-23 20:07:04] REQUEST ===> Array
(
)

10.160.211.211	[2023-11-23 20:07:04] receive ===> %7B%22user_id%22%3A%22BNC21011%22%2C%22flag%22%3A%22reg_davinchi_ftp%22%2C%22metadata_type%22%3A%22id%22%2C%22metadata%22%3A%5B%7B%224000288%22%3A%22%22%2C%224000289%22%3A%22%22%2C%224000292%22%3A%22%EC%84%B1%EC%A0%81%EC%9D%84+%EB%B6%80%ED%83%81%ED%95%B4+%ED%8B%B0%EC%B2%98%EC%8A%A4%22%2C%224000293%22%3A%224%ED%9A%8C%22%2C%224000294%22%3A%22%22%2C%224778141%22%3A%2212+%EC%84%B8%22%2C%224778261%22%3A%22PG2230246D%22%2C%224778262%22%3A%22%22%2C%224778263%22%3A%224%22%2C%224778265%22%3A%22%22%2C%224778283%22%3A%22%22%2C%224778407%22%3A%22A00004%22%2C%22k_content_id%22%3A%22%22%2C%22k_ud_content_id%22%3A%224000346%22%2C%22k_title%22%3A%22%5B%EC%83%89%EB%B3%B4%EC%A0%95%EC%99%84%EB%A3%8C%5D+4%ED%9A%8C_%EB%B9%84%ED%8F%AC2_%EC%B6%94%EA%B0%801%22%2C%22c_category_id%22%3A%225443931%22%2C%22k_datagrade%22%3A%22%22%2C%22ext-comp-1038%22%3A%22%22%2C%22k_storterm%22%3A%22%22%2C%22ext-comp-1035%22%3A%22%22%7D%5D%2C%22regist_type%22%3A%22meta%22%2C%22original_filename%22%3A%22P2023112258325_CC_ep04_b2_add1.mxf%22%7D
10.160.211.211	[2023-11-23 20:07:04] decodeData ===> Array
(
    [user_id] => BNC21011
    [flag] => reg_davinchi_ftp
    [metadata_type] => id
    [metadata] => Array
        (
            [0] => Array
                (
                    [4000288] =>
                    [4000289] =>
                    [4000292] => 성적을 부탁해 티처스
                    [4000293] => 4회
                    [4000294] =>
                    [4778141] => 12 세
                    [4778261] => PG2230246D
                    [4778262] =>
                    [4778263] => 4
                    [4778265] =>
                    [4778283] =>
                    [4778407] => A00004
                    [k_content_id] =>
                    [k_ud_content_id] => 4000346
                    [k_title] => [색보정완료] 4회_비포2_추가1
                    [c_category_id] => 5443931
                    [k_datagrade] =>
                    [ext-comp-1038] =>
                    [k_storterm] =>
                    [ext-comp-1035] =>
                )

        )

    [regist_type] => meta
    [original_filename] => P2023112258325_CC_ep04_b2_add1.mxf
)

10.160.211.211	[2023-11-23 20:07:05] return ===> <?xml version="1.0" encoding="UTF-8"?>
<response><result success="true" msg="ok" content_id="2418112" task_id=""><success>true</success><msg>ok</msg><content_id>2418112</content_id><task_id/><task_list_info><type>FTP</type><source_root>10.160.77.12:2021</source_root><source_root_for_mac></source_root_for_mac><login_id>chaadmin@ddmc.com</login_id><login_pw>ddmcad09)(</login_pw><source_opt>dir=$UD_PATH/clip&amp;filename=$CONTENT_ID&amp;ext=$OUT_SRC_EXT</source_opt><source>PG2230246D/NPS_EDIT/clip</source><edius_file_path/></task_list_info></result></response>

10.160.211.211	[2023-11-23 20:07:30] REQUEST ===> Array
(
)

10.160.211.211	[2023-11-23 20:07:30] receive ===> %7B%22user_id%22%3A%22BNC21011%22%2C%22flag%22%3A%22reg_davinchi_ftp%22%2C%22metadata_type%22%3A%22id%22%2C%22metadata%22%3A%5B%7B%224000288%22%3A%22%22%2C%224000289%22%3A%22%22%2C%224000292%22%3A%22%EC%84%B1%EC%A0%81%EC%9D%84+%EB%B6%80%ED%83%81%ED%95%B4+%ED%8B%B0%EC%B2%98%EC%8A%A4%22%2C%224000293%22%3A%224%ED%9A%8C%22%2C%224000294%22%3A%22%22%2C%224778141%22%3A%2212+%EC%84%B8%22%2C%224778261%22%3A%22PG2230246D%22%2C%224778262%22%3A%22%22%2C%224778263%22%3A%224%22%2C%224778265%22%3A%22%22%2C%224778283%22%3A%22%22%2C%224778407%22%3A%22A00004%22%2C%22k_content_id%22%3A%22%22%2C%22k_ud_content_id%22%3A%224000346%22%2C%22k_title%22%3A%22%5B%EC%83%89%EB%B3%B4%EC%A0%95%EC%99%84%EB%A3%8C%5D+4%ED%9A%8C_%EB%B9%84%ED%8F%AC2_%EC%B6%94%EA%B0%801%22%2C%22c_category_id%22%3A%225443931%22%2C%22k_datagrade%22%3A%22%22%2C%22ext-comp-1038%22%3A%22%22%2C%22k_storterm%22%3A%22%22%2C%22ext-comp-1035%22%3A%22%22%7D%5D%2C%22regist_type%22%3A%22task%22%2C%22content_id%22%3A%222418112%22%2C%22original_filename%22%3A%22P2023112258325_CC_ep04_b2_add1.mxf%22%2C%22IsFileNameToTitle%22%3A%220%22%7D
10.160.211.211	[2023-11-23 20:07:30] decodeData ===> Array
(
    [user_id] => BNC21011
    [flag] => reg_davinchi_ftp
    [metadata_type] => id
    [metadata] => Array
        (
            [0] => Array
                (
                    [4000288] =>
                    [4000289] =>
                    [4000292] => 성적을 부탁해 티처스
                    [4000293] => 4회
                    [4000294] =>
                    [4778141] => 12 세
                    [4778261] => PG2230246D
                    [4778262] =>
                    [4778263] => 4
                    [4778265] =>
                    [4778283] =>
                    [4778407] => A00004
                    [k_content_id] =>
                    [k_ud_content_id] => 4000346
                    [k_title] => [색보정완료] 4회_비포2_추가1
                    [c_category_id] => 5443931
                    [k_datagrade] =>
                    [ext-comp-1038] =>
                    [k_storterm] =>
                    [ext-comp-1035] =>
                )

        )

    [regist_type] => task
    [content_id] => 2418112
    [original_filename] => P2023112258325_CC_ep04_b2_add1.mxf
    [IsFileNameToTitle] => 0
)

10.160.211.211	[2023-11-23 20:07:30] return ===> <?xml version="1.0" encoding="UTF-8"?>
<response><result success="true" msg="ok" content_id="2418112" task_id="10879595"><success>true</success><msg>ok</msg><content_id>2418112</content_id><task_id>10879595</task_id><task_list_info><edius_file_path>PG2230246D/NPS_EDIT/clip/P2023112358853.mxf</edius_file_path></task_list_info></result></response>

10.160.211.211	[2023-11-23 20:08:54] REQUEST ===> Array
(
)

10.160.211.211	[2023-11-23 20:08:54] receive ===> %7B%22user_id%22%3A%22BNC21011%22%2C%22flag%22%3A%22reg_davinchi_ftp%22%2C%22metadata_type%22%3A%22id%22%2C%22metadata%22%3A%5B%7B%224000288%22%3A%22%22%2C%224000289%22%3A%22%22%2C%224000292%22%3A%22%EC%84%B1%EC%A0%81%EC%9D%84+%EB%B6%80%ED%83%81%ED%95%B4+%ED%8B%B0%EC%B2%98%EC%8A%A4%22%2C%224000293%22%3A%224%ED%9A%8C%22%2C%224000294%22%3A%22%22%2C%224778141%22%3A%2212+%EC%84%B8%22%2C%224778261%22%3A%22PG2230246D%22%2C%224778262%22%3A%22%22%2C%224778263%22%3A%224%22%2C%224778265%22%3A%22%22%2C%224778283%22%3A%22%22%2C%224778407%22%3A%22A00004%22%2C%22k_content_id%22%3A%22%22%2C%22k_ud_content_id%22%3A%224000346%22%2C%22k_title%22%3A%22%5B%EC%83%89%EB%B3%B4%EC%A0%95%EC%99%84%EB%A3%8C%5D+4%ED%9A%8C_%EB%B9%84%ED%8F%AC2_%EC%B6%94%EA%B0%802%22%2C%22c_category_id%22%3A%225443931%22%2C%22k_datagrade%22%3A%22%22%2C%22ext-comp-1038%22%3A%22%22%2C%22k_storterm%22%3A%22%22%2C%22ext-comp-1035%22%3A%22%22%7D%5D%2C%22regist_type%22%3A%22meta%22%2C%22original_filename%22%3A%22P2023112358697_CC_ep04_b2_add2.mxf%22%7D
10.160.211.211	[2023-11-23 20:08:54] decodeData ===> Array
(
    [user_id] => BNC21011
    [flag] => reg_davinchi_ftp
    [metadata_type] => id
    [metadata] => Array
        (
            [0] => Array
                (
                    [4000288] =>
                    [4000289] =>
                    [4000292] => 성적을 부탁해 티처스
                    [4000293] => 4회
                    [4000294] =>
                    [4778141] => 12 세
                    [4778261] => PG2230246D
                    [4778262] =>
                    [4778263] => 4
                    [4778265] =>
                    [4778283] =>
                    [4778407] => A00004
                    [k_content_id] =>
                    [k_ud_content_id] => 4000346
                    [k_title] => [색보정완료] 4회_비포2_추가2
                    [c_category_id] => 5443931
                    [k_datagrade] =>
                    [ext-comp-1038] =>
                    [k_storterm] =>
                    [ext-comp-1035] =>
                )

        )

    [regist_type] => meta
    [original_filename] => P2023112358697_CC_ep04_b2_add2.mxf
)

10.160.211.211	[2023-11-23 20:08:54] return ===> <?xml version="1.0" encoding="UTF-8"?>
<response><result success="true" msg="ok" content_id="2418118" task_id=""><success>true</success><msg>ok</msg><content_id>2418118</content_id><task_id/><task_list_info><type>FTP</type><source_root>10.160.77.12:2021</source_root><source_root_for_mac></source_root_for_mac><login_id>chaadmin@ddmc.com</login_id><login_pw>ddmcad09)(</login_pw><source_opt>dir=$UD_PATH/clip&amp;filename=$CONTENT_ID&amp;ext=$OUT_SRC_EXT</source_opt><source>PG2230246D/NPS_EDIT/clip</source><edius_file_path/></task_list_info></result></response>

10.160.211.211	[2023-11-23 20:09:19] REQUEST ===> Array
(
)

10.160.211.211	[2023-11-23 20:09:19] receive ===> %7B%22user_id%22%3A%22BNC21011%22%2C%22flag%22%3A%22reg_davinchi_ftp%22%2C%22metadata_type%22%3A%22id%22%2C%22metadata%22%3A%5B%7B%224000288%22%3A%22%22%2C%224000289%22%3A%22%22%2C%224000292%22%3A%22%EC%84%B1%EC%A0%81%EC%9D%84+%EB%B6%80%ED%83%81%ED%95%B4+%ED%8B%B0%EC%B2%98%EC%8A%A4%22%2C%224000293%22%3A%224%ED%9A%8C%22%2C%224000294%22%3A%22%22%2C%224778141%22%3A%2212+%EC%84%B8%22%2C%224778261%22%3A%22PG2230246D%22%2C%224778262%22%3A%22%22%2C%224778263%22%3A%224%22%2C%224778265%22%3A%22%22%2C%224778283%22%3A%22%22%2C%224778407%22%3A%22A00004%22%2C%22k_content_id%22%3A%22%22%2C%22k_ud_content_id%22%3A%224000346%22%2C%22k_title%22%3A%22%5B%EC%83%89%EB%B3%B4%EC%A0%95%EC%99%84%EB%A3%8C%5D+4%ED%9A%8C_%EB%B9%84%ED%8F%AC2_%EC%B6%94%EA%B0%802%22%2C%22c_category_id%22%3A%225443931%22%2C%22k_datagrade%22%3A%22%22%2C%22ext-comp-1038%22%3A%22%22%2C%22k_storterm%22%3A%22%22%2C%22ext-comp-1035%22%3A%22%22%7D%5D%2C%22regist_type%22%3A%22task%22%2C%22content_id%22%3A%222418118%22%2C%22original_filename%22%3A%22P2023112358697_CC_ep04_b2_add2.mxf%22%2C%22IsFileNameToTitle%22%3A%220%22%7D
10.160.211.211	[2023-11-23 20:09:19] decodeData ===> Array
(
    [user_id] => BNC21011
    [flag] => reg_davinchi_ftp
    [metadata_type] => id
    [metadata] => Array
        (
            [0] => Array
                (
                    [4000288] =>
                    [4000289] =>
                    [4000292] => 성적을 부탁해 티처스
                    [4000293] => 4회
                    [4000294] =>
                    [4778141] => 12 세
                    [4778261] => PG2230246D
                    [4778262] =>
                    [4778263] => 4
                    [4778265] =>
                    [4778283] =>
                    [4778407] => A00004
                    [k_content_id] =>
                    [k_ud_content_id] => 4000346
                    [k_title] => [색보정완료] 4회_비포2_추가2
                    [c_category_id] => 5443931
                    [k_datagrade] =>
                    [ext-comp-1038] =>
                    [k_storterm] =>
                    [ext-comp-1035] =>
                )

        )

    [regist_type] => task
    [content_id] => 2418118
    [original_filename] => P2023112358697_CC_ep04_b2_add2.mxf
    [IsFileNameToTitle] => 0
)

10.160.211.211	[2023-11-23 20:09:19] return ===> <?xml version="1.0" encoding="UTF-8"?>
<response><result success="true" msg="ok" content_id="2418118" task_id="10879610"><success>true</success><msg>ok</msg><content_id>2418118</content_id><task_id>10879610</task_id><task_list_info><edius_file_path>PG2230246D/NPS_EDIT/clip/P2023112358855.mxf</edius_file_path></task_list_info></result></response>

10.160.211.211	[2023-11-23 20:09:46] REQUEST ===> Array
(
)

10.160.211.211	[2023-11-23 20:09:46] receive ===> %7B%22user_id%22%3A%22BNC21011%22%2C%22flag%22%3A%22reg_davinchi_ftp%22%2C%22metadata_type%22%3A%22id%22%2C%22metadata%22%3A%5B%7B%224000288%22%3A%22%22%2C%224000289%22%3A%22%22%2C%224000292%22%3A%22%EC%84%B1%EC%A0%81%EC%9D%84+%EB%B6%80%ED%83%81%ED%95%B4+%ED%8B%B0%EC%B2%98%EC%8A%A4%22%2C%224000293%22%3A%224%ED%9A%8C%22%2C%224000294%22%3A%22%22%2C%224778141%22%3A%2212+%EC%84%B8%22%2C%224778261%22%3A%22PG2230246D%22%2C%224778262%22%3A%22%22%2C%224778263%22%3A%224%22%2C%224778265%22%3A%22%22%2C%224778283%22%3A%22%22%2C%224778407%22%3A%22A00004%22%2C%22k_content_id%22%3A%22%22%2C%22k_ud_content_id%22%3A%224000346%22%2C%22k_title%22%3A%22%5B%EC%83%89%EB%B3%B4%EC%A0%95%EC%99%84%EB%A3%8C%5D+4%ED%9A%8C_%EB%B9%84%ED%8F%AC3_%EC%B6%94%EA%B0%801%22%2C%22c_category_id%22%3A%225443931%22%2C%22k_datagrade%22%3A%22%22%2C%22ext-comp-1038%22%3A%22%22%2C%22k_storterm%22%3A%22%22%2C%22ext-comp-1035%22%3A%22%22%7D%5D%2C%22regist_type%22%3A%22meta%22%2C%22original_filename%22%3A%22P2023112258432_CC_ep03_b3_add1.mxf%22%7D
10.160.211.211	[2023-11-23 20:09:46] decodeData ===> Array
(
    [user_id] => BNC21011
    [flag] => reg_davinchi_ftp
    [metadata_type] => id
    [metadata] => Array
        (
            [0] => Array
                (
                    [4000288] =>
                    [4000289] =>
                    [4000292] => 성적을 부탁해 티처스
                    [4000293] => 4회
                    [4000294] =>
                    [4778141] => 12 세
                    [4778261] => PG2230246D
                    [4778262] =>
                    [4778263] => 4
                    [4778265] =>
                    [4778283] =>
                    [4778407] => A00004
                    [k_content_id] =>
                    [k_ud_content_id] => 4000346
                    [k_title] => [색보정완료] 4회_비포3_추가1
                    [c_category_id] => 5443931
                    [k_datagrade] =>
                    [ext-comp-1038] =>
                    [k_storterm] =>
                    [ext-comp-1035] =>
                )

        )

    [regist_type] => meta
    [original_filename] => P2023112258432_CC_ep03_b3_add1.mxf
)

10.160.211.211	[2023-11-23 20:09:46] return ===> <?xml version="1.0" encoding="UTF-8"?>
<response><result success="true" msg="ok" content_id="2418119" task_id=""><success>true</success><msg>ok</msg><content_id>2418119</content_id><task_id/><task_list_info><type>FTP</type><source_root>10.160.77.12:2021</source_root><source_root_for_mac></source_root_for_mac><login_id>chaadmin@ddmc.com</login_id><login_pw>ddmcad09)(</login_pw><source_opt>dir=$UD_PATH/clip&amp;filename=$CONTENT_ID&amp;ext=$OUT_SRC_EXT</source_opt><source>PG2230246D/NPS_EDIT/clip</source><edius_file_path/></task_list_info></result></response>

10.160.211.211	[2023-11-23 20:10:11] REQUEST ===> Array
(
)

10.160.211.211	[2023-11-23 20:10:11] receive ===> %7B%22user_id%22%3A%22BNC21011%22%2C%22flag%22%3A%22reg_davinchi_ftp%22%2C%22metadata_type%22%3A%22id%22%2C%22metadata%22%3A%5B%7B%224000288%22%3A%22%22%2C%224000289%22%3A%22%22%2C%224000292%22%3A%22%EC%84%B1%EC%A0%81%EC%9D%84+%EB%B6%80%ED%83%81%ED%95%B4+%ED%8B%B0%EC%B2%98%EC%8A%A4%22%2C%224000293%22%3A%224%ED%9A%8C%22%2C%224000294%22%3A%22%22%2C%224778141%22%3A%2212+%EC%84%B8%22%2C%224778261%22%3A%22PG2230246D%22%2C%224778262%22%3A%22%22%2C%224778263%22%3A%224%22%2C%224778265%22%3A%22%22%2C%224778283%22%3A%22%22%2C%224778407%22%3A%22A00004%22%2C%22k_content_id%22%3A%22%22%2C%22k_ud_content_id%22%3A%224000346%22%2C%22k_title%22%3A%22%5B%EC%83%89%EB%B3%B4%EC%A0%95%EC%99%84%EB%A3%8C%5D+4%ED%9A%8C_%EB%B9%84%ED%8F%AC3_%EC%B6%94%EA%B0%801%22%2C%22c_category_id%22%3A%225443931%22%2C%22k_datagrade%22%3A%22%22%2C%22ext-comp-1038%22%3A%22%22%2C%22k_storterm%22%3A%22%22%2C%22ext-comp-1035%22%3A%22%22%7D%5D%2C%22regist_type%22%3A%22task%22%2C%22content_id%22%3A%222418119%22%2C%22original_filename%22%3A%22P2023112258432_CC_ep03_b3_add1.mxf%22%2C%22IsFileNameToTitle%22%3A%220%22%7D
10.160.211.211	[2023-11-23 20:10:11] decodeData ===> Array
(
    [user_id] => BNC21011
    [flag] => reg_davinchi_ftp
    [metadata_type] => id
    [metadata] => Array
        (
            [0] => Array
                (
                    [4000288] =>
                    [4000289] =>
                    [4000292] => 성적을 부탁해 티처스
                    [4000293] => 4회
                    [4000294] =>
                    [4778141] => 12 세
                    [4778261] => PG2230246D
                    [4778262] =>
                    [4778263] => 4
                    [4778265] =>
                    [4778283] =>
                    [4778407] => A00004
                    [k_content_id] =>
                    [k_ud_content_id] => 4000346
                    [k_title] => [색보정완료] 4회_비포3_추가1
                    [c_category_id] => 5443931
                    [k_datagrade] =>
                    [ext-comp-1038] =>
                    [k_storterm] =>
                    [ext-comp-1035] =>
                )

        )

    [regist_type] => task
    [content_id] => 2418119
    [original_filename] => P2023112258432_CC_ep03_b3_add1.mxf
    [IsFileNameToTitle] => 0
)

10.160.211.211	[2023-11-23 20:10:11] return ===> <?xml version="1.0" encoding="UTF-8"?>
<response><result success="true" msg="ok" content_id="2418119" task_id="10879614"><success>true</success><msg>ok</msg><content_id>2418119</content_id><task_id>10879614</task_id><task_list_info><edius_file_path>PG2230246D/NPS_EDIT/clip/P2023112358856.mxf</edius_file_path></task_list_info></result></response>

10.160.212.11	[2023-11-23 20:10:11] REQUEST ===> Array
(
)

10.160.212.11	[2023-11-23 20:10:11] receive ===> {"user_id":"CM016016","type":"4000346","todas":false,"flag":"edius","metadata_type":"id","metadata":[{"4000288":"","4000289":"","4000292":"나만 믿고 따라와 도시어부 5","4000293":"13회","4000294":"","4778141":"15 세","4778261":"PG2230143D","4778262":"P2023112057676","4778263":"13","4778265":"003","4778283":"","4778407":"A00013","k_content_id":"","k_ud_content_id":"4000346","k_title":"(넷플릭스용)_도시어부5_13회","c_category_id":"5443849","k_datagrade":"","ext-comp-1038":"","k_storterm":"","ext-comp-1035":""}],"regist_type":""} 
10.160.212.11	[2023-11-23 20:10:11] decodeData ===> Array
(
    [user_id] => CM016016
    [type] => 4000346
    [todas] =>
    [flag] => edius
    [metadata_type] => id
    [metadata] => Array
        (
            [0] => Array
                (
                    [4000288] =>
                    [4000289] =>
                    [4000292] => 나만 믿고 따라와 도시어부 5
                    [4000293] => 13회
                    [4000294] =>
                    [4778141] => 15 세
                    [4778261] => PG2230143D
                    [4778262] => P2023112057676
                    [4778263] => 13
                    [4778265] => 003
                    [4778283] =>
                    [4778407] => A00013
                    [k_content_id] =>
                    [k_ud_content_id] => 4000346
                    [k_title] => (넷플릭스용)_도시어부5_13회
                    [c_category_id] => 5443849
                    [k_datagrade] =>
                    [ext-comp-1038] =>
                    [k_storterm] =>
                    [ext-comp-1035] =>
                )

        )

    [regist_type] =>
)

10.160.212.11	[2023-11-23 20:10:12] return ===> <?xml version="1.0" encoding="UTF-8"?>
<response><result success="true" msg="ok" content_id="2418120" task_id="10879615"><success>true</success><msg>ok</msg><content_id>2418120</content_id><task_id>10879615</task_id><task_list_info><source_path_id>162</source_path_id><target_path_id>162</target_path_id><register>edius</register><parameter>"rename"</parameter><source_opt>null</source_opt><target_opt>media=original&amp;dir=$UD_PATH/clip&amp;filename=$OUT_SRC_FILE&amp;ext=$OUT_SRC_EXT</target_opt><type>SAN</type><source_root>P:/CMS</source_root><source_root_for_mac>Product_Main/CMS</source_root_for_mac><login_id></login_id><login_pw></login_pw><source></source><edius_file_path>PG2230143D/NPS_EDIT/clip/P2023112358857.mxf</edius_file_path></task_list_info></result></response>

10.160.211.211	[2023-11-23 20:10:23] REQUEST ===> Array
(
)

10.160.211.211	[2023-11-23 20:10:23] receive ===> %7B%22user_id%22%3A%22BNC21011%22%2C%22flag%22%3A%22reg_davinchi_ftp%22%2C%22metadata_type%22%3A%22id%22%2C%22metadata%22%3A%5B%7B%224000288%22%3A%22%22%2C%224000289%22%3A%22%22%2C%224000292%22%3A%22%EC%84%B1%EC%A0%81%EC%9D%84+%EB%B6%80%ED%83%81%ED%95%B4+%ED%8B%B0%EC%B2%98%EC%8A%A4%22%2C%224000293%22%3A%224%ED%9A%8C%22%2C%224000294%22%3A%22%22%2C%224778141%22%3A%2212+%EC%84%B8%22%2C%224778261%22%3A%22PG2230246D%22%2C%224778262%22%3A%22%22%2C%224778263%22%3A%224%22%2C%224778265%22%3A%22%22%2C%224778283%22%3A%22%22%2C%224778407%22%3A%22A00004%22%2C%22k_content_id%22%3A%22%22%2C%22k_ud_content_id%22%3A%224000346%22%2C%22k_title%22%3A%22%5B%EC%83%89%EB%B3%B4%EC%A0%95%EC%99%84%EB%A3%8C%5D+4%ED%9A%8C_%EB%B9%84%ED%8F%AC3_%EC%B6%94%EA%B0%802%22%2C%22c_category_id%22%3A%225443931%22%2C%22k_datagrade%22%3A%22%22%2C%22ext-comp-1038%22%3A%22%22%2C%22k_storterm%22%3A%22%22%2C%22ext-comp-1035%22%3A%22%22%7D%5D%2C%22regist_type%22%3A%22meta%22%2C%22original_filename%22%3A%22P2023112258438_CC_ep03_b3_add2.mxf%22%7D
10.160.211.211	[2023-11-23 20:10:23] decodeData ===> Array
(
    [user_id] => BNC21011
    [flag] => reg_davinchi_ftp
    [metadata_type] => id
    [metadata] => Array
        (
            [0] => Array
                (
                    [4000288] =>
                    [4000289] =>
                    [4000292] => 성적을 부탁해 티처스
                    [4000293] => 4회
                    [4000294] =>
                    [4778141] => 12 세
                    [4778261] => PG2230246D
                    [4778262] =>
                    [4778263] => 4
                    [4778265] =>
                    [4778283] =>
                    [4778407] => A00004
                    [k_content_id] =>
                    [k_ud_content_id] => 4000346
                    [k_title] => [색보정완료] 4회_비포3_추가2
                    [c_category_id] => 5443931
                    [k_datagrade] =>
                    [ext-comp-1038] =>
                    [k_storterm] =>
                    [ext-comp-1035] =>
                )

        )

    [regist_type] => meta
    [original_filename] => P2023112258438_CC_ep03_b3_add2.mxf
)

10.160.211.211	[2023-11-23 20:10:23] return ===> <?xml version="1.0" encoding="UTF-8"?>
<response><result success="true" msg="ok" content_id="2418121" task_id=""><success>true</success><msg>ok</msg><content_id>2418121</content_id><task_id/><task_list_info><type>FTP</type><source_root>10.160.77.12:2021</source_root><source_root_for_mac></source_root_for_mac><login_id>chaadmin@ddmc.com</login_id><login_pw>ddmcad09)(</login_pw><source_opt>dir=$UD_PATH/clip&amp;filename=$CONTENT_ID&amp;ext=$OUT_SRC_EXT</source_opt><source>PG2230246D/NPS_EDIT/clip</source><edius_file_path/></task_list_info></result></response>

10.160.211.211	[2023-11-23 20:10:44] REQUEST ===> Array
(
)

10.160.211.211	[2023-11-23 20:10:44] receive ===> %7B%22user_id%22%3A%22BNC21011%22%2C%22flag%22%3A%22reg_davinchi_ftp%22%2C%22metadata_type%22%3A%22id%22%2C%22metadata%22%3A%5B%7B%224000288%22%3A%22%22%2C%224000289%22%3A%22%22%2C%224000292%22%3A%22%EC%84%B1%EC%A0%81%EC%9D%84+%EB%B6%80%ED%83%81%ED%95%B4+%ED%8B%B0%EC%B2%98%EC%8A%A4%22%2C%224000293%22%3A%224%ED%9A%8C%22%2C%224000294%22%3A%22%22%2C%224778141%22%3A%2212+%EC%84%B8%22%2C%224778261%22%3A%22PG2230246D%22%2C%224778262%22%3A%22%22%2C%224778263%22%3A%224%22%2C%224778265%22%3A%22%22%2C%224778283%22%3A%22%22%2C%224778407%22%3A%22A00004%22%2C%22k_content_id%22%3A%22%22%2C%22k_ud_content_id%22%3A%224000346%22%2C%22k_title%22%3A%22%5B%EC%83%89%EB%B3%B4%EC%A0%95%EC%99%84%EB%A3%8C%5D+4%ED%9A%8C_%EB%B9%84%ED%8F%AC3_%EC%B6%94%EA%B0%802%22%2C%22c_category_id%22%3A%225443931%22%2C%22k_datagrade%22%3A%22%22%2C%22ext-comp-1038%22%3A%22%22%2C%22k_storterm%22%3A%22%22%2C%22ext-comp-1035%22%3A%22%22%7D%5D%2C%22regist_type%22%3A%22task%22%2C%22content_id%22%3A%222418121%22%2C%22original_filename%22%3A%22P2023112258438_CC_ep03_b3_add2.mxf%22%2C%22IsFileNameToTitle%22%3A%220%22%7D
10.160.211.211	[2023-11-23 20:10:44] decodeData ===> Array
(
    [user_id] => BNC21011
    [flag] => reg_davinchi_ftp
    [metadata_type] => id
    [metadata] => Array
        (
            [0] => Array
                (
                    [4000288] =>
                    [4000289] =>
                    [4000292] => 성적을 부탁해 티처스
                    [4000293] => 4회
                    [4000294] =>
                    [4778141] => 12 세
                    [4778261] => PG2230246D
                    [4778262] =>
                    [4778263] => 4
                    [4778265] =>
                    [4778283] =>
                    [4778407] => A00004
                    [k_content_id] =>
                    [k_ud_content_id] => 4000346
                    [k_title] => [색보정완료] 4회_비포3_추가2
                    [c_category_id] => 5443931
                    [k_datagrade] =>
                    [ext-comp-1038] =>
                    [k_storterm] =>
                    [ext-comp-1035] =>
                )

        )

    [regist_type] => task
    [content_id] => 2418121
    [original_filename] => P2023112258438_CC_ep03_b3_add2.mxf
    [IsFileNameToTitle] => 0
)

10.160.211.211	[2023-11-23 20:10:45] return ===> <?xml version="1.0" encoding="UTF-8"?>
<response><result success="true" msg="ok" content_id="2418121" task_id="10879619"><success>true</success><msg>ok</msg><content_id>2418121</content_id><task_id>10879619</task_id><task_list_info><edius_file_path>PG2230246D/NPS_EDIT/clip/P2023112358858.mxf</edius_file_path></task_list_info></result></response>

10.160.211.211	[2023-11-23 20:12:15] REQUEST ===> Array
(
)

10.160.211.211	[2023-11-23 20:12:15] receive ===> %7B%22user_id%22%3A%22BNC21011%22%2C%22flag%22%3A%22reg_davinchi_ftp%22%2C%22metadata_type%22%3A%22id%22%2C%22metadata%22%3A%5B%7B%224000288%22%3A%22%EC%9D%B4%EA%B7%9C%ED%9B%88%22%2C%224000289%22%3A%22%22%2C%224000292%22%3A%2220120923+%EC%8B%9C%EC%8A%A4%ED%85%9C%EA%B4%80%EB%A6%AC%ED%8C%80+%ED%85%8C%EC%8A%A4%ED%8A%B8%22%2C%224000293%22%3A%228%ED%9A%8C%EC%B0%A8+%ED%85%8C%EC%8A%A4%ED%8A%B8%22%2C%224000294%22%3A%22%22%2C%224778141%22%3A%22%EB%AA%A8%EB%93%A0%EC%97%B0%EB%A0%B9%22%2C%224778261%22%3A%22PG2120146D%22%2C%224778262%22%3A%22%22%2C%224778263%22%3A%228%22%2C%224778265%22%3A%22%22%2C%224778283%22%3A%22%22%2C%224778407%22%3A%22A00008%22%2C%22k_content_id%22%3A%22%22%2C%22k_ud_content_id%22%3A%224000346%22%2C%22k_title%22%3A%22%E3%85%85%E3%84%B7%E3%84%B4%E3%85%85%22%2C%22c_category_id%22%3A%225393847%22%2C%22k_datagrade%22%3A%22%22%2C%22ext-comp-1038%22%3A%22%22%2C%22k_storterm%22%3A%22%22%2C%22ext-comp-1035%22%3A%22%22%7D%5D%2C%22regist_type%22%3A%22meta%22%2C%22original_filename%22%3A%22P2023112358749_CC_ep04_b1_1_add7.mxf%22%7D
10.160.211.211	[2023-11-23 20:12:15] decodeData ===> Array
(
    [user_id] => BNC21011
    [flag] => reg_davinchi_ftp
    [metadata_type] => id
    [metadata] => Array
        (
            [0] => Array
                (
                    [4000288] => 이규훈
                    [4000289] =>
                    [4000292] => 20120923 시스템관리팀 테스트
                    [4000293] => 8회차 테스트
                    [4000294] =>
                    [4778141] => 모든연령
                    [4778261] => PG2120146D
                    [4778262] =>
                    [4778263] => 8
                    [4778265] =>
                    [4778283] =>
                    [4778407] => A00008
                    [k_content_id] =>
                    [k_ud_content_id] => 4000346
                    [k_title] => ㅅㄷㄴㅅ
                    [c_category_id] => 5393847
                    [k_datagrade] =>
                    [ext-comp-1038] =>
                    [k_storterm] =>
                    [ext-comp-1035] =>
                )

        )

    [regist_type] => meta
    [original_filename] => P2023112358749_CC_ep04_b1_1_add7.mxf
)

10.160.211.211	[2023-11-23 20:12:16] return ===> <?xml version="1.0" encoding="UTF-8"?>
<response><result success="true" msg="ok" content_id="2418122" task_id=""><success>true</success><msg>ok</msg><content_id>2418122</content_id><task_id/><task_list_info><type>FTP</type><source_root>10.160.77.12:21</source_root><source_root_for_mac></source_root_for_mac><login_id>chaadmin@ddmc.com</login_id><login_pw>ddmcad09)(</login_pw><source_opt>dir=$UD_PATH/clip&amp;filename=$CONTENT_ID&amp;ext=$OUT_SRC_EXT</source_opt><source>PG2120146D/NPS_EDIT/clip</source><edius_file_path/></task_list_info></result></response>

10.160.211.13	[2023-11-23 20:31:49] REQUEST ===> Array
(
)

10.160.211.13	[2023-11-23 20:31:49] receive ===> %7B%22user_id%22%3A%22BNC22014%22%2C%22flag%22%3A%22reg_davinchi_ftp%22%2C%22metadata_type%22%3A%22id%22%2C%22metadata%22%3A%5B%7B%224000288%22%3A%22%22%2C%224000289%22%3A%22%22%2C%224000292%22%3A%22%EB%82%98%EB%A7%8C+%EB%AF%BF%EA%B3%A0+%EB%94%B0%EB%9D%BC%EC%99%80+%EB%8F%84%EC%8B%9C%EC%96%B4%EB%B6%80+5%22%2C%224000293%22%3A%221%ED%9A%8C%22%2C%224000294%22%3A%22%22%2C%224778141%22%3A%2215+%EC%84%B8%22%2C%224778261%22%3A%22PG2230143D%22%2C%224778262%22%3A%22%22%2C%224778263%22%3A%221%22%2C%224778265%22%3A%22%22%2C%224778283%22%3A%22%22%2C%224778407%22%3A%22A00001%22%2C%22k_content_id%22%3A%22%22%2C%22k_ud_content_id%22%3A%224000346%22%2C%22k_title%22%3A%22%5B%EC%83%89%EB%B3%B4%EC%A0%95%EC%99%84%EB%A3%8C%5D+P1%22%2C%22c_category_id%22%3A%225443849%22%2C%22k_datagrade%22%3A%22%22%2C%22ext-comp-1038%22%3A%22%22%2C%22k_storterm%22%3A%22%22%2C%22ext-comp-1035%22%3A%22%22%7D%5D%2C%22regist_type%22%3A%22meta%22%2C%22original_filename%22%3A%22P2023112158195_CC_EP108_p1.mxf%22%7D
10.160.211.13	[2023-11-23 20:31:49] decodeData ===> Array
(
    [user_id] => BNC22014
    [flag] => reg_davinchi_ftp
    [metadata_type] => id
    [metadata] => Array
        (
            [0] => Array
                (
                    [4000288] =>
                    [4000289] =>
                    [4000292] => 나만 믿고 따라와 도시어부 5
                    [4000293] => 1회
                    [4000294] =>
                    [4778141] => 15 세
                    [4778261] => PG2230143D
                    [4778262] =>
                    [4778263] => 1
                    [4778265] =>
                    [4778283] =>
                    [4778407] => A00001
                    [k_content_id] =>
                    [k_ud_content_id] => 4000346
                    [k_title] => [색보정완료] P1
                    [c_category_id] => 5443849
                    [k_datagrade] =>
                    [ext-comp-1038] =>
                    [k_storterm] =>
                    [ext-comp-1035] =>
                )

        )

    [regist_type] => meta
    [original_filename] => P2023112158195_CC_EP108_p1.mxf
)

10.160.211.13	[2023-11-23 20:31:49] return ===> <?xml version="1.0" encoding="UTF-8"?>
<response><result success="true" msg="ok" content_id="2418124" task_id=""><success>true</success><msg>ok</msg><content_id>2418124</content_id><task_id/><task_list_info><type>FTP</type><source_root>10.160.77.12:2021</source_root><source_root_for_mac></source_root_for_mac><login_id>chaadmin@ddmc.com</login_id><login_pw>ddmcad09)(</login_pw><source_opt>dir=$UD_PATH/clip&amp;filename=$CONTENT_ID&amp;ext=$OUT_SRC_EXT</source_opt><source>PG2230143D/NPS_EDIT/clip</source><edius_file_path/></task_list_info></result></response>

10.160.211.13	[2023-11-23 20:34:08] REQUEST ===> Array
(
)

10.160.211.13	[2023-11-23 20:34:08] receive ===> %7B%22user_id%22%3A%22BNC22014%22%2C%22flag%22%3A%22reg_davinchi_ftp%22%2C%22metadata_type%22%3A%22id%22%2C%22metadata%22%3A%5B%7B%224000288%22%3A%22%22%2C%224000289%22%3A%22%22%2C%224000292%22%3A%22%EB%82%98%EB%A7%8C+%EB%AF%BF%EA%B3%A0+%EB%94%B0%EB%9D%BC%EC%99%80+%EB%8F%84%EC%8B%9C%EC%96%B4%EB%B6%80+5%22%2C%224000293%22%3A%221%ED%9A%8C%22%2C%224000294%22%3A%22%22%2C%224778141%22%3A%2215+%EC%84%B8%22%2C%224778261%22%3A%22PG2230143D%22%2C%224778262%22%3A%22%22%2C%224778263%22%3A%221%22%2C%224778265%22%3A%22%22%2C%224778283%22%3A%22%22%2C%224778407%22%3A%22A00001%22%2C%22k_content_id%22%3A%22%22%2C%22k_ud_content_id%22%3A%224000346%22%2C%22k_title%22%3A%22%5B%EC%83%89%EB%B3%B4%EC%A0%95%EC%99%84%EB%A3%8C%5D+P1%22%2C%22c_category_id%22%3A%225443849%22%2C%22k_datagrade%22%3A%22%22%2C%22ext-comp-1038%22%3A%22%22%2C%22k_storterm%22%3A%22%22%2C%22ext-comp-1035%22%3A%22%22%7D%5D%2C%22regist_type%22%3A%22task%22%2C%22content_id%22%3A%222418124%22%2C%22original_filename%22%3A%22P2023112158195_CC_EP108_p1.mxf%22%2C%22IsFileNameToTitle%22%3A%220%22%7D
10.160.211.13	[2023-11-23 20:34:08] decodeData ===> Array
(
    [user_id] => BNC22014
    [flag] => reg_davinchi_ftp
    [metadata_type] => id
    [metadata] => Array
        (
            [0] => Array
                (
                    [4000288] =>
                    [4000289] =>
                    [4000292] => 나만 믿고 따라와 도시어부 5
                    [4000293] => 1회
                    [4000294] =>
                    [4778141] => 15 세
                    [4778261] => PG2230143D
                    [4778262] =>
                    [4778263] => 1
                    [4778265] =>
                    [4778283] =>
                    [4778407] => A00001
                    [k_content_id] =>
                    [k_ud_content_id] => 4000346
                    [k_title] => [색보정완료] P1
                    [c_category_id] => 5443849
                    [k_datagrade] =>
                    [ext-comp-1038] =>
                    [k_storterm] =>
                    [ext-comp-1035] =>
                )

        )

    [regist_type] => task
    [content_id] => 2418124
    [original_filename] => P2023112158195_CC_EP108_p1.mxf
    [IsFileNameToTitle] => 0
)

10.160.211.13	[2023-11-23 20:34:09] return ===> <?xml version="1.0" encoding="UTF-8"?>
<response><result success="true" msg="ok" content_id="2418124" task_id="10879629"><success>true</success><msg>ok</msg><content_id>2418124</content_id><task_id>10879629</task_id><task_list_info><edius_file_path>PG2230143D/NPS_EDIT/clip/P2023112358861.mxf</edius_file_path></task_list_info></result></response>

10.160.211.13	[2023-11-23 20:34:30] REQUEST ===> Array
(
)

10.160.211.13	[2023-11-23 20:34:30] receive ===> %7B%22user_id%22%3A%22BNC22014%22%2C%22flag%22%3A%22reg_davinchi_ftp%22%2C%22metadata_type%22%3A%22id%22%2C%22metadata%22%3A%5B%7B%224000288%22%3A%22%22%2C%224000289%22%3A%22%22%2C%224000292%22%3A%22%EB%82%98%EB%A7%8C+%EB%AF%BF%EA%B3%A0+%EB%94%B0%EB%9D%BC%EC%99%80+%EB%8F%84%EC%8B%9C%EC%96%B4%EB%B6%80+5%22%2C%224000293%22%3A%221%ED%9A%8C%22%2C%224000294%22%3A%22%22%2C%224778141%22%3A%2215+%EC%84%B8%22%2C%224778261%22%3A%22PG2230143D%22%2C%224778262%22%3A%22%22%2C%224778263%22%3A%221%22%2C%224778265%22%3A%22%22%2C%224778283%22%3A%22%22%2C%224778407%22%3A%22A00001%22%2C%22k_content_id%22%3A%22%22%2C%22k_ud_content_id%22%3A%224000346%22%2C%22k_title%22%3A%22%5B%EC%83%89%EB%B3%B4%EC%A0%95%EC%99%84%EB%A3%8C%5D+P1_%EC%B6%94%EA%B0%801%22%2C%22c_category_id%22%3A%225443849%22%2C%22k_datagrade%22%3A%22%22%2C%22ext-comp-1038%22%3A%22%22%2C%22k_storterm%22%3A%22%22%2C%22ext-comp-1035%22%3A%22%22%7D%5D%2C%22regist_type%22%3A%22meta%22%2C%22original_filename%22%3A%22P2023112158196_CC_EP108_p1_add1.mxf%22%7D
10.160.211.13	[2023-11-23 20:34:30] decodeData ===> Array
(
    [user_id] => BNC22014
    [flag] => reg_davinchi_ftp
    [metadata_type] => id
    [metadata] => Array
        (
            [0] => Array
                (
                    [4000288] =>
                    [4000289] =>
                    [4000292] => 나만 믿고 따라와 도시어부 5
                    [4000293] => 1회
                    [4000294] =>
                    [4778141] => 15 세
                    [4778261] => PG2230143D
                    [4778262] =>
                    [4778263] => 1
                    [4778265] =>
                    [4778283] =>
                    [4778407] => A00001
                    [k_content_id] =>
                    [k_ud_content_id] => 4000346
                    [k_title] => [색보정완료] P1_추가1
                    [c_category_id] => 5443849
                    [k_datagrade] =>
                    [ext-comp-1038] =>
                    [k_storterm] =>
                    [ext-comp-1035] =>
                )

        )

    [regist_type] => meta
    [original_filename] => P2023112158196_CC_EP108_p1_add1.mxf
)

10.160.211.13	[2023-11-23 20:34:30] return ===> <?xml version="1.0" encoding="UTF-8"?>
<response><result success="true" msg="ok" content_id="2418125" task_id=""><success>true</success><msg>ok</msg><content_id>2418125</content_id><task_id/><task_list_info><type>FTP</type><source_root>10.160.77.12:2021</source_root><source_root_for_mac></source_root_for_mac><login_id>chaadmin@ddmc.com</login_id><login_pw>ddmcad09)(</login_pw><source_opt>dir=$UD_PATH/clip&amp;filename=$CONTENT_ID&amp;ext=$OUT_SRC_EXT</source_opt><source>PG2230143D/NPS_EDIT/clip</source><edius_file_path/></task_list_info></result></response>

10.160.211.13	[2023-11-23 20:35:34] REQUEST ===> Array
(
)

10.160.211.13	[2023-11-23 20:35:34] receive ===> %7B%22user_id%22%3A%22BNC22014%22%2C%22flag%22%3A%22reg_davinchi_ftp%22%2C%22metadata_type%22%3A%22id%22%2C%22metadata%22%3A%5B%7B%224000288%22%3A%22%22%2C%224000289%22%3A%22%22%2C%224000292%22%3A%22%EB%82%98%EB%A7%8C+%EB%AF%BF%EA%B3%A0+%EB%94%B0%EB%9D%BC%EC%99%80+%EB%8F%84%EC%8B%9C%EC%96%B4%EB%B6%80+5%22%2C%224000293%22%3A%221%ED%9A%8C%22%2C%224000294%22%3A%22%22%2C%224778141%22%3A%2215+%EC%84%B8%22%2C%224778261%22%3A%22PG2230143D%22%2C%224778262%22%3A%22%22%2C%224778263%22%3A%221%22%2C%224778265%22%3A%22%22%2C%224778283%22%3A%22%22%2C%224778407%22%3A%22A00001%22%2C%22k_content_id%22%3A%22%22%2C%22k_ud_content_id%22%3A%224000346%22%2C%22k_title%22%3A%22%5B%EC%83%89%EB%B3%B4%EC%A0%95%EC%99%84%EB%A3%8C%5D+P1_%EC%B6%94%EA%B0%801%22%2C%22c_category_id%22%3A%225443849%22%2C%22k_datagrade%22%3A%22%22%2C%22ext-comp-1038%22%3A%22%22%2C%22k_storterm%22%3A%22%22%2C%22ext-comp-1035%22%3A%22%22%7D%5D%2C%22regist_type%22%3A%22task%22%2C%22content_id%22%3A%222418125%22%2C%22original_filename%22%3A%22P2023112158196_CC_EP108_p1_add1.mxf%22%2C%22IsFileNameToTitle%22%3A%220%22%7D
10.160.211.13	[2023-11-23 20:35:34] decodeData ===> Array
(
    [user_id] => BNC22014
    [flag] => reg_davinchi_ftp
    [metadata_type] => id
    [metadata] => Array
        (
            [0] => Array
                (
                    [4000288] =>
                    [4000289] =>
                    [4000292] => 나만 믿고 따라와 도시어부 5
                    [4000293] => 1회
                    [4000294] =>
                    [4778141] => 15 세
                    [4778261] => PG2230143D
                    [4778262] =>
                    [4778263] => 1
                    [4778265] =>
                    [4778283] =>
                    [4778407] => A00001
                    [k_content_id] =>
                    [k_ud_content_id] => 4000346
                    [k_title] => [색보정완료] P1_추가1
                    [c_category_id] => 5443849
                    [k_datagrade] =>
                    [ext-comp-1038] =>
                    [k_storterm] =>
                    [ext-comp-1035] =>
                )

        )

    [regist_type] => task
    [content_id] => 2418125
    [original_filename] => P2023112158196_CC_EP108_p1_add1.mxf
    [IsFileNameToTitle] => 0
)

10.160.211.13	[2023-11-23 20:35:34] return ===> <?xml version="1.0" encoding="UTF-8"?>
<response><result success="true" msg="ok" content_id="2418125" task_id="10879632"><success>true</success><msg>ok</msg><content_id>2418125</content_id><task_id>10879632</task_id><task_list_info><edius_file_path>PG2230143D/NPS_EDIT/clip/P2023112358862.mxf</edius_file_path></task_list_info></result></response>

10.160.211.13	[2023-11-23 20:35:57] REQUEST ===> Array
(
)

10.160.211.13	[2023-11-23 20:35:57] receive ===> %7B%22user_id%22%3A%22BNC22014%22%2C%22flag%22%3A%22reg_davinchi_ftp%22%2C%22metadata_type%22%3A%22id%22%2C%22metadata%22%3A%5B%7B%224000288%22%3A%22%22%2C%224000289%22%3A%22%22%2C%224000292%22%3A%22%EB%82%98%EB%A7%8C+%EB%AF%BF%EA%B3%A0+%EB%94%B0%EB%9D%BC%EC%99%80+%EB%8F%84%EC%8B%9C%EC%96%B4%EB%B6%80+5%22%2C%224000293%22%3A%221%ED%9A%8C%22%2C%224000294%22%3A%22%22%2C%224778141%22%3A%2215+%EC%84%B8%22%2C%224778261%22%3A%22PG2230143D%22%2C%224778262%22%3A%22%22%2C%224778263%22%3A%221%22%2C%224778265%22%3A%22%22%2C%224778283%22%3A%22%22%2C%224778407%22%3A%22A00001%22%2C%22k_content_id%22%3A%22%22%2C%22k_ud_content_id%22%3A%224000346%22%2C%22k_title%22%3A%22%5B%EC%83%89%EB%B3%B4%EC%A0%95%EC%99%84%EB%A3%8C%5D+P1_%EC%B6%94%EA%B0%802%22%2C%22c_category_id%22%3A%225443849%22%2C%22k_datagrade%22%3A%22%22%2C%22ext-comp-1038%22%3A%22%22%2C%22k_storterm%22%3A%22%22%2C%22ext-comp-1035%22%3A%22%22%7D%5D%2C%22regist_type%22%3A%22meta%22%2C%22original_filename%22%3A%22P2023112358767_CC_EP108_p1_add2.mxf%22%7D
10.160.211.13	[2023-11-23 20:35:57] decodeData ===> Array
(
    [user_id] => BNC22014
    [flag] => reg_davinchi_ftp
    [metadata_type] => id
    [metadata] => Array
        (
            [0] => Array
                (
                    [4000288] =>
                    [4000289] =>
                    [4000292] => 나만 믿고 따라와 도시어부 5
                    [4000293] => 1회
                    [4000294] =>
                    [4778141] => 15 세
                    [4778261] => PG2230143D
                    [4778262] =>
                    [4778263] => 1
                    [4778265] =>
                    [4778283] =>
                    [4778407] => A00001
                    [k_content_id] =>
                    [k_ud_content_id] => 4000346
                    [k_title] => [색보정완료] P1_추가2
                    [c_category_id] => 5443849
                    [k_datagrade] =>
                    [ext-comp-1038] =>
                    [k_storterm] =>
                    [ext-comp-1035] =>
                )

        )

    [regist_type] => meta
    [original_filename] => P2023112358767_CC_EP108_p1_add2.mxf
)

10.160.211.13	[2023-11-23 20:35:57] return ===> <?xml version="1.0" encoding="UTF-8"?>
<response><result success="true" msg="ok" content_id="2418126" task_id=""><success>true</success><msg>ok</msg><content_id>2418126</content_id><task_id/><task_list_info><type>FTP</type><source_root>10.160.77.12:2021</source_root><source_root_for_mac></source_root_for_mac><login_id>chaadmin@ddmc.com</login_id><login_pw>ddmcad09)(</login_pw><source_opt>dir=$UD_PATH/clip&amp;filename=$CONTENT_ID&amp;ext=$OUT_SRC_EXT</source_opt><source>PG2230143D/NPS_EDIT/clip</source><edius_file_path/></task_list_info></result></response>

10.160.211.13	[2023-11-23 20:36:44] REQUEST ===> Array
(
)

10.160.211.13	[2023-11-23 20:36:44] receive ===> %7B%22user_id%22%3A%22BNC22014%22%2C%22flag%22%3A%22reg_davinchi_ftp%22%2C%22metadata_type%22%3A%22id%22%2C%22metadata%22%3A%5B%7B%224000288%22%3A%22%22%2C%224000289%22%3A%22%22%2C%224000292%22%3A%22%EB%82%98%EB%A7%8C+%EB%AF%BF%EA%B3%A0+%EB%94%B0%EB%9D%BC%EC%99%80+%EB%8F%84%EC%8B%9C%EC%96%B4%EB%B6%80+5%22%2C%224000293%22%3A%221%ED%9A%8C%22%2C%224000294%22%3A%22%22%2C%224778141%22%3A%2215+%EC%84%B8%22%2C%224778261%22%3A%22PG2230143D%22%2C%224778262%22%3A%22%22%2C%224778263%22%3A%221%22%2C%224778265%22%3A%22%22%2C%224778283%22%3A%22%22%2C%224778407%22%3A%22A00001%22%2C%22k_content_id%22%3A%22%22%2C%22k_ud_content_id%22%3A%224000346%22%2C%22k_title%22%3A%22%5B%EC%83%89%EB%B3%B4%EC%A0%95%EC%99%84%EB%A3%8C%5D+P1_%EC%B6%94%EA%B0%802%22%2C%22c_category_id%22%3A%225443849%22%2C%22k_datagrade%22%3A%22%22%2C%22ext-comp-1038%22%3A%22%22%2C%22k_storterm%22%3A%22%22%2C%22ext-comp-1035%22%3A%22%22%7D%5D%2C%22regist_type%22%3A%22task%22%2C%22content_id%22%3A%222418126%22%2C%22original_filename%22%3A%22P2023112358767_CC_EP108_p1_add2.mxf%22%2C%22IsFileNameToTitle%22%3A%220%22%7D
10.160.211.13	[2023-11-23 20:36:44] decodeData ===> Array
(
    [user_id] => BNC22014
    [flag] => reg_davinchi_ftp
    [metadata_type] => id
    [metadata] => Array
        (
            [0] => Array
                (
                    [4000288] =>
                    [4000289] =>
                    [4000292] => 나만 믿고 따라와 도시어부 5
                    [4000293] => 1회
                    [4000294] =>
                    [4778141] => 15 세
                    [4778261] => PG2230143D
                    [4778262] =>
                    [4778263] => 1
                    [4778265] =>
                    [4778283] =>
                    [4778407] => A00001
                    [k_content_id] =>
                    [k_ud_content_id] => 4000346
                    [k_title] => [색보정완료] P1_추가2
                    [c_category_id] => 5443849
                    [k_datagrade] =>
                    [ext-comp-1038] =>
                    [k_storterm] =>
                    [ext-comp-1035] =>
                )

        )

    [regist_type] => task
    [content_id] => 2418126
    [original_filename] => P2023112358767_CC_EP108_p1_add2.mxf
    [IsFileNameToTitle] => 0
)

10.160.211.13	[2023-11-23 20:36:44] return ===> <?xml version="1.0" encoding="UTF-8"?>
<response><result success="true" msg="ok" content_id="2418126" task_id="10879635"><success>true</success><msg>ok</msg><content_id>2418126</content_id><task_id>10879635</task_id><task_list_info><edius_file_path>PG2230143D/NPS_EDIT/clip/P2023112358863.mxf</edius_file_path></task_list_info></result></response>

10.160.212.11	[2023-11-23 20:39:19] REQUEST ===> Array
(
)

10.160.212.11	[2023-11-23 20:39:19] receive ===> {"user_id":"CM016016","type":"4000346","todas":false,"flag":"edius","metadata_type":"id","metadata":[{"4000288":"","4000289":"","4000292":"나만 믿고 따라와 도시어부 5","4000293":"13회","4000294":"","4778141":"15 세","4778261":"PG2230143D","4778262":"P2023112358857","4778263":"13","4778265":"003","4778283":"","4778407":"A00013","k_content_id":"","k_ud_content_id":"4000346","k_title":"(연령고지 및 우상단로고)_도시어부5_13회","c_category_id":"5443849","k_datagrade":"","ext-comp-1038":"","k_storterm":"","ext-comp-1035":""}],"regist_type":""} 
10.160.212.11	[2023-11-23 20:39:19] decodeData ===> Array
(
    [user_id] => CM016016
    [type] => 4000346
    [todas] =>
    [flag] => edius
    [metadata_type] => id
    [metadata] => Array
        (
            [0] => Array
                (
                    [4000288] =>
                    [4000289] =>
                    [4000292] => 나만 믿고 따라와 도시어부 5
                    [4000293] => 13회
                    [4000294] =>
                    [4778141] => 15 세
                    [4778261] => PG2230143D
                    [4778262] => P2023112358857
                    [4778263] => 13
                    [4778265] => 003
                    [4778283] =>
                    [4778407] => A00013
                    [k_content_id] =>
                    [k_ud_content_id] => 4000346
                    [k_title] => (연령고지 및 우상단로고)_도시어부5_13회
                    [c_category_id] => 5443849
                    [k_datagrade] =>
                    [ext-comp-1038] =>
                    [k_storterm] =>
                    [ext-comp-1035] =>
                )

        )

    [regist_type] =>
)

10.160.212.11	[2023-11-23 20:39:19] return ===> <?xml version="1.0" encoding="UTF-8"?>
<response><result success="true" msg="ok" content_id="2418129" task_id="10879646"><success>true</success><msg>ok</msg><content_id>2418129</content_id><task_id>10879646</task_id><task_list_info><source_path_id>162</source_path_id><target_path_id>162</target_path_id><register>edius</register><parameter>"rename"</parameter><source_opt>null</source_opt><target_opt>media=original&amp;dir=$UD_PATH/clip&amp;filename=$OUT_SRC_FILE&amp;ext=$OUT_SRC_EXT</target_opt><type>SAN</type><source_root>P:/CMS</source_root><source_root_for_mac>Product_Main/CMS</source_root_for_mac><login_id></login_id><login_pw></login_pw><source></source><edius_file_path>PG2230143D/NPS_EDIT/clip/P2023112358866.mxf</edius_file_path></task_list_info></result></response>

10.160.211.211	[2023-11-23 20:43:15] REQUEST ===> Array
(
)

10.160.211.211	[2023-11-23 20:43:15] receive ===> %7B%22user_id%22%3A%22ADMIN%22%2C%22flag%22%3A%22reg_davinchi_ftp%22%2C%22metadata_type%22%3A%22id%22%2C%22metadata%22%3A%5B%7B%224000288%22%3A%22%EC%9D%B4%EA%B7%9C%ED%9B%88%22%2C%224000289%22%3A%22%22%2C%224000292%22%3A%2220120923+%EC%8B%9C%EC%8A%A4%ED%85%9C%EA%B4%80%EB%A6%AC%ED%8C%80+%ED%85%8C%EC%8A%A4%ED%8A%B8%22%2C%224000293%22%3A%228%ED%9A%8C%EC%B0%A8+%ED%85%8C%EC%8A%A4%ED%8A%B8%22%2C%224000294%22%3A%22%22%2C%224778141%22%3A%22%EB%AA%A8%EB%93%A0%EC%97%B0%EB%A0%B9%22%2C%224778261%22%3A%22PG2120146D%22%2C%224778262%22%3A%22%22%2C%224778263%22%3A%228%22%2C%224778265%22%3A%22%22%2C%224778283%22%3A%22%22%2C%224778407%22%3A%22A00008%22%2C%22k_content_id%22%3A%22%22%2C%22k_ud_content_id%22%3A%224000346%22%2C%22k_title%22%3A%22test%22%2C%22c_category_id%22%3A%225393847%22%2C%22k_datagrade%22%3A%22%22%2C%22ext-comp-1038%22%3A%22%22%2C%22k_storterm%22%3A%22%22%2C%22ext-comp-1035%22%3A%22%22%7D%5D%2C%22regist_type%22%3A%22meta%22%2C%22original_filename%22%3A%22P2023112358697_CC_ep04_b2_add2.mxf%22%7D
10.160.211.211	[2023-11-23 20:43:15] decodeData ===> Array
(
    [user_id] => ADMIN
    [flag] => reg_davinchi_ftp
    [metadata_type] => id
    [metadata] => Array
        (
            [0] => Array
                (
                    [4000288] => 이규훈
                    [4000289] =>
                    [4000292] => 20120923 시스템관리팀 테스트
                    [4000293] => 8회차 테스트
                    [4000294] =>
                    [4778141] => 모든연령
                    [4778261] => PG2120146D
                    [4778262] =>
                    [4778263] => 8
                    [4778265] =>
                    [4778283] =>
                    [4778407] => A00008
                    [k_content_id] =>
                    [k_ud_content_id] => 4000346
                    [k_title] => test
                    [c_category_id] => 5393847
                    [k_datagrade] =>
                    [ext-comp-1038] =>
                    [k_storterm] =>
                    [ext-comp-1035] =>
                )

        )

    [regist_type] => meta
    [original_filename] => P2023112358697_CC_ep04_b2_add2.mxf
)

10.160.211.211	[2023-11-23 20:43:15] return ===> <?xml version="1.0" encoding="UTF-8"?>
<response><result success="true" msg="ok" content_id="2418131" task_id=""><success>true</success><msg>ok</msg><content_id>2418131</content_id><task_id/><task_list_info><type>FTP</type><source_root>10.160.77.12:21</source_root><source_root_for_mac></source_root_for_mac><login_id>chaadmin@ddmc.com</login_id><login_pw>ddmcad09)(</login_pw><source_opt>dir=$UD_PATH/clip&amp;filename=$CONTENT_ID&amp;ext=$OUT_SRC_EXT</source_opt><source>PG2120146D/NPS_EDIT/clip</source><edius_file_path/></task_list_info></result></response>

10.160.211.211	[2023-11-23 21:13:04] REQUEST ===> Array
(
)

10.160.211.211	[2023-11-23 21:13:04] receive ===> %7B%22user_id%22%3A%22D0802231%22%2C%22flag%22%3A%22reg_davinchi_ftp%22%2C%22metadata_type%22%3A%22id%22%2C%22metadata%22%3A%5B%7B%224000288%22%3A%22%EC%9D%B4%EA%B7%9C%ED%9B%88%22%2C%224000289%22%3A%22%22%2C%224000292%22%3A%2220120923+%EC%8B%9C%EC%8A%A4%ED%85%9C%EA%B4%80%EB%A6%AC%ED%8C%80+%ED%85%8C%EC%8A%A4%ED%8A%B8%22%2C%224000293%22%3A%228%ED%9A%8C%EC%B0%A8+%ED%85%8C%EC%8A%A4%ED%8A%B8%22%2C%224000294%22%3A%22%22%2C%224778141%22%3A%22%EB%AA%A8%EB%93%A0%EC%97%B0%EB%A0%B9%22%2C%224778261%22%3A%22PG2120146D%22%2C%224778262%22%3A%22%22%2C%224778263%22%3A%228%22%2C%224778265%22%3A%22%22%2C%224778283%22%3A%22%22%2C%224778407%22%3A%22A00008%22%2C%22k_content_id%22%3A%22%22%2C%22k_ud_content_id%22%3A%224000346%22%2C%22k_title%22%3A%22test5%22%2C%22c_category_id%22%3A%225393847%22%2C%22k_datagrade%22%3A%22%22%2C%22ext-comp-1038%22%3A%22%22%2C%22k_storterm%22%3A%22%22%2C%22ext-comp-1035%22%3A%22%22%7D%5D%2C%22regist_type%22%3A%22meta%22%2C%22original_filename%22%3A%22P2023112358844.mxf%22%7D
10.160.211.211	[2023-11-23 21:13:04] decodeData ===> Array
(
    [user_id] => D0802231
    [flag] => reg_davinchi_ftp
    [metadata_type] => id
    [metadata] => Array
        (
            [0] => Array
                (
                    [4000288] => 이규훈
                    [4000289] =>
                    [4000292] => 20120923 시스템관리팀 테스트
                    [4000293] => 8회차 테스트
                    [4000294] =>
                    [4778141] => 모든연령
                    [4778261] => PG2120146D
                    [4778262] =>
                    [4778263] => 8
                    [4778265] =>
                    [4778283] =>
                    [4778407] => A00008
                    [k_content_id] =>
                    [k_ud_content_id] => 4000346
                    [k_title] => test5
                    [c_category_id] => 5393847
                    [k_datagrade] =>
                    [ext-comp-1038] =>
                    [k_storterm] =>
                    [ext-comp-1035] =>
                )

        )

    [regist_type] => meta
    [original_filename] => P2023112358844.mxf
)

10.160.211.211	[2023-11-23 21:13:05] return ===> <?xml version="1.0" encoding="UTF-8"?>
<response><result success="true" msg="ok" content_id="2418136" task_id=""><success>true</success><msg>ok</msg><content_id>2418136</content_id><task_id/><task_list_info><type>FTP</type><source_root>10.160.77.12:21</source_root><source_root_for_mac></source_root_for_mac><login_id>chaadmin@ddmc.com</login_id><login_pw>ddmcad09)(</login_pw><source_opt>dir=$UD_PATH/clip&amp;filename=$CONTENT_ID&amp;ext=$OUT_SRC_EXT</source_opt><source>PG2120146D/NPS_EDIT/clip</source><edius_file_path/></task_list_info></result></response>

10.160.212.11	[2023-11-23 21:13:42] REQUEST ===> Array
(
)

10.160.212.11	[2023-11-23 21:13:42] receive ===> {"user_id":"CM016016","type":"4000365","todas":false,"flag":"edius","metadata_type":"id","metadata":[{"4000288":"","4000289":"","4000292":"나만 믿고 따라와 도시어부 5","4000293":"13회","4000294":"","4778141":"15 세","4778261":"PG2230143D","4778262":"P2023112358866","4778263":"13","4778265":"003","4778283":"","4778407":"A00013","k_content_id":"","k_ud_content_id":"4000365","k_title":"(메인1/4)(가상/간접)_나만 믿고 따라와 도시어부5_13회 (재)(15세) [130분 편성][시간고지X]","c_category_id":"5443849","k_datagrade":"","ext-comp-1073":"","k_storterm":"","ext-comp-1070":""}],"regist_type":""} 
10.160.212.11	[2023-11-23 21:13:42] decodeData ===> Array
(
    [user_id] => CM016016
    [type] => 4000365
    [todas] =>
    [flag] => edius
    [metadata_type] => id
    [metadata] => Array
        (
            [0] => Array
                (
                    [4000288] =>
                    [4000289] =>
                    [4000292] => 나만 믿고 따라와 도시어부 5
                    [4000293] => 13회
                    [4000294] =>
                    [4778141] => 15 세
                    [4778261] => PG2230143D
                    [4778262] => P2023112358866
                    [4778263] => 13
                    [4778265] => 003
                    [4778283] =>
                    [4778407] => A00013
                    [k_content_id] =>
                    [k_ud_content_id] => 4000365
                    [k_title] => (메인1/4)(가상/간접)_나만 믿고 따라와 도시어부5_13회 (재)(15세) [130분 편성][시간고지X]
                    [c_category_id] => 5443849
                    [k_datagrade] =>
                    [ext-comp-1073] =>
                    [k_storterm] =>
                    [ext-comp-1070] =>
                )

        )

    [regist_type] =>
)

10.160.212.11	[2023-11-23 21:13:43] return ===> <?xml version="1.0" encoding="UTF-8"?>
<response><result success="true" msg="ok" content_id="2418137" task_id="10879691"><success>true</success><msg>ok</msg><content_id>2418137</content_id><task_id>10879691</task_id><task_list_info><source_path_id>162</source_path_id><target_path_id>162</target_path_id><register>edius</register><parameter>"rename"</parameter><source_opt>null</source_opt><target_opt>media=original&amp;dir=$UD_PATH/clip&amp;filename=$OUT_SRC_FILE&amp;ext=$OUT_SRC_EXT</target_opt><type>SAN</type><source_root>P:/CMS</source_root><source_root_for_mac>Product_Main/CMS</source_root_for_mac><login_id></login_id><login_pw></login_pw><source></source><edius_file_path>PG2230143D/NPS_MASTER/clip/P2023112358874.mxf</edius_file_path></task_list_info></result></response>

10.160.211.211	[2023-11-23 21:14:33] REQUEST ===> Array
(
)

10.160.211.211	[2023-11-23 21:14:33] receive ===> %7B%22user_id%22%3A%22ADMIN%22%2C%22flag%22%3A%22reg_davinchi_ftp%22%2C%22metadata_type%22%3A%22id%22%2C%22metadata%22%3A%5B%7B%224000288%22%3A%22%EC%9D%B4%EA%B7%9C%ED%9B%88%22%2C%224000289%22%3A%22%22%2C%224000292%22%3A%2220120923+%EC%8B%9C%EC%8A%A4%ED%85%9C%EA%B4%80%EB%A6%AC%ED%8C%80+%ED%85%8C%EC%8A%A4%ED%8A%B8%22%2C%224000293%22%3A%228%ED%9A%8C%EC%B0%A8+%ED%85%8C%EC%8A%A4%ED%8A%B8%22%2C%224000294%22%3A%22%22%2C%224778141%22%3A%22%EB%AA%A8%EB%93%A0%EC%97%B0%EB%A0%B9%22%2C%224778261%22%3A%22PG2120146D%22%2C%224778262%22%3A%22%22%2C%224778263%22%3A%228%22%2C%224778265%22%3A%22%22%2C%224778283%22%3A%22%22%2C%224778407%22%3A%22A00008%22%2C%22k_content_id%22%3A%22%22%2C%22k_ud_content_id%22%3A%224000346%22%2C%22k_title%22%3A%22test6%22%2C%22c_category_id%22%3A%225393847%22%2C%22k_datagrade%22%3A%22%22%2C%22ext-comp-1038%22%3A%22%22%2C%22k_storterm%22%3A%22%22%2C%22ext-comp-1035%22%3A%22%22%7D%5D%2C%22regist_type%22%3A%22meta%22%2C%22original_filename%22%3A%22P2023112358844.mxf%22%7D
10.160.211.211	[2023-11-23 21:14:33] decodeData ===> Array
(
    [user_id] => ADMIN
    [flag] => reg_davinchi_ftp
    [metadata_type] => id
    [metadata] => Array
        (
            [0] => Array
                (
                    [4000288] => 이규훈
                    [4000289] =>
                    [4000292] => 20120923 시스템관리팀 테스트
                    [4000293] => 8회차 테스트
                    [4000294] =>
                    [4778141] => 모든연령
                    [4778261] => PG2120146D
                    [4778262] =>
                    [4778263] => 8
                    [4778265] =>
                    [4778283] =>
                    [4778407] => A00008
                    [k_content_id] =>
                    [k_ud_content_id] => 4000346
                    [k_title] => test6
                    [c_category_id] => 5393847
                    [k_datagrade] =>
                    [ext-comp-1038] =>
                    [k_storterm] =>
                    [ext-comp-1035] =>
                )

        )

    [regist_type] => meta
    [original_filename] => P2023112358844.mxf
)

10.160.211.211	[2023-11-23 21:14:34] return ===> <?xml version="1.0" encoding="UTF-8"?>
<response><result success="true" msg="ok" content_id="2418138" task_id=""><success>true</success><msg>ok</msg><content_id>2418138</content_id><task_id/><task_list_info><type>FTP</type><source_root>10.160.77.12:21</source_root><source_root_for_mac></source_root_for_mac><login_id>chaadmin@ddmc.com</login_id><login_pw>ddmcad09)(</login_pw><source_opt>dir=$UD_PATH/clip&amp;filename=$CONTENT_ID&amp;ext=$OUT_SRC_EXT</source_opt><source>PG2120146D/NPS_EDIT/clip</source><edius_file_path/></task_list_info></result></response>

10.160.211.211	[2023-11-23 21:15:36] REQUEST ===> Array
(
)

10.160.211.211	[2023-11-23 21:15:36] receive ===> %7B%22user_id%22%3A%22ADMIN%22%2C%22flag%22%3A%22reg_davinchi_ftp%22%2C%22metadata_type%22%3A%22id%22%2C%22metadata%22%3A%5B%7B%224000288%22%3A%22%EC%9D%B4%EA%B7%9C%ED%9B%88%22%2C%224000289%22%3A%22%22%2C%224000292%22%3A%2220120923+%EC%8B%9C%EC%8A%A4%ED%85%9C%EA%B4%80%EB%A6%AC%ED%8C%80+%ED%85%8C%EC%8A%A4%ED%8A%B8%22%2C%224000293%22%3A%228%ED%9A%8C%EC%B0%A8+%ED%85%8C%EC%8A%A4%ED%8A%B8%22%2C%224000294%22%3A%22%22%2C%224778141%22%3A%22%EB%AA%A8%EB%93%A0%EC%97%B0%EB%A0%B9%22%2C%224778261%22%3A%22PG2120146D%22%2C%224778262%22%3A%22P2023112358875%22%2C%224778263%22%3A%228%22%2C%224778265%22%3Anull%2C%224778283%22%3A%22%22%2C%224778407%22%3A%22A00008%22%2C%22k_content_id%22%3A%22%22%2C%22k_ud_content_id%22%3A%224000346%22%2C%22k_title%22%3A%22test6%22%2C%22c_category_id%22%3A%225393847%22%2C%22k_datagrade%22%3A%22%22%2C%22ext-comp-1038%22%3A%22%22%2C%22k_storterm%22%3A%22%22%2C%22ext-comp-1035%22%3A%22%22%7D%5D%2C%22regist_type%22%3A%22meta%22%2C%22original_filename%22%3A%22mfxtest3.MXF%22%7D
10.160.211.211	[2023-11-23 21:15:36] decodeData ===> Array
(
    [user_id] => ADMIN
    [flag] => reg_davinchi_ftp
    [metadata_type] => id
    [metadata] => Array
        (
            [0] => Array
                (
                    [4000288] => 이규훈
                    [4000289] =>
                    [4000292] => 20120923 시스템관리팀 테스트
                    [4000293] => 8회차 테스트
                    [4000294] =>
                    [4778141] => 모든연령
                    [4778261] => PG2120146D
                    [4778262] => P2023112358875
                    [4778263] => 8
                    [4778265] =>
                    [4778283] =>
                    [4778407] => A00008
                    [k_content_id] =>
                    [k_ud_content_id] => 4000346
                    [k_title] => test6
                    [c_category_id] => 5393847
                    [k_datagrade] =>
                    [ext-comp-1038] =>
                    [k_storterm] =>
                    [ext-comp-1035] =>
                )

        )

    [regist_type] => meta
    [original_filename] => mfxtest3.MXF
)

10.160.211.211	[2023-11-23 21:15:37] return ===> <?xml version="1.0" encoding="UTF-8"?>
<response><result success="true" msg="ok" content_id="2418139" task_id=""><success>true</success><msg>ok</msg><content_id>2418139</content_id><task_id/><task_list_info><type>FTP</type><source_root>10.160.77.12:21</source_root><source_root_for_mac></source_root_for_mac><login_id>chaadmin@ddmc.com</login_id><login_pw>ddmcad09)(</login_pw><source_opt>dir=$UD_PATH/clip&amp;filename=$CONTENT_ID&amp;ext=$OUT_SRC_EXT</source_opt><source>PG2120146D/NPS_EDIT/clip</source><edius_file_path/></task_list_info></result></response>

10.160.212.11	[2023-11-23 21:22:13] REQUEST ===> Array
(
)

10.160.212.11	[2023-11-23 21:22:13] receive ===> {"user_id":"CM016016","type":"4000365","todas":false,"flag":"edius","metadata_type":"id","metadata":[{"4000288":"","4000289":"","4000292":"나만 믿고 따라와 도시어부 5","4000293":"13회","4000294":"","4778141":"15 세","4778261":"PG2230143D","4778262":"P2023112358874","4778263":"13","4778265":"003","4778283":"","4778407":"A00013","k_content_id":"","k_ud_content_id":"4000365","k_title":"(메인2/4)(가상/간접)_나만 믿고 따라와 도시어부5_13회 (재)(15세) [130분 편성][시간고지X]","c_category_id":"5443849","k_datagrade":"","ext-comp-1073":"","k_storterm":"","ext-comp-1070":""}],"regist_type":""} 
10.160.212.11	[2023-11-23 21:22:13] decodeData ===> Array
(
    [user_id] => CM016016
    [type] => 4000365
    [todas] =>
    [flag] => edius
    [metadata_type] => id
    [metadata] => Array
        (
            [0] => Array
                (
                    [4000288] =>
                    [4000289] =>
                    [4000292] => 나만 믿고 따라와 도시어부 5
                    [4000293] => 13회
                    [4000294] =>
                    [4778141] => 15 세
                    [4778261] => PG2230143D
                    [4778262] => P2023112358874
                    [4778263] => 13
                    [4778265] => 003
                    [4778283] =>
                    [4778407] => A00013
                    [k_content_id] =>
                    [k_ud_content_id] => 4000365
                    [k_title] => (메인2/4)(가상/간접)_나만 믿고 따라와 도시어부5_13회 (재)(15세) [130분 편성][시간고지X]
                    [c_category_id] => 5443849
                    [k_datagrade] =>
                    [ext-comp-1073] =>
                    [k_storterm] =>
                    [ext-comp-1070] =>
                )

        )

    [regist_type] =>
)

10.160.212.11	[2023-11-23 21:22:13] return ===> <?xml version="1.0" encoding="UTF-8"?>
<response><result success="true" msg="ok" content_id="2418140" task_id="10879694"><success>true</success><msg>ok</msg><content_id>2418140</content_id><task_id>10879694</task_id><task_list_info><source_path_id>162</source_path_id><target_path_id>162</target_path_id><register>edius</register><parameter>"rename"</parameter><source_opt>null</source_opt><target_opt>media=original&amp;dir=$UD_PATH/clip&amp;filename=$OUT_SRC_FILE&amp;ext=$OUT_SRC_EXT</target_opt><type>SAN</type><source_root>P:/CMS</source_root><source_root_for_mac>Product_Main/CMS</source_root_for_mac><login_id></login_id><login_pw></login_pw><source></source><edius_file_path>PG2230143D/NPS_MASTER/clip/P2023112358877.mxf</edius_file_path></task_list_info></result></response>

10.160.211.211	[2023-11-23 21:39:26] REQUEST ===> Array
(
)

10.160.211.211	[2023-11-23 21:39:26] receive ===> %7B%22user_id%22%3A%22ADMIN%22%2C%22flag%22%3A%22reg_davinchi_ftp%22%2C%22metadata_type%22%3A%22id%22%2C%22metadata%22%3A%5B%7B%224000288%22%3A%22%22%2C%224000289%22%3A%22%22%2C%224000292%22%3A%22%ED%85%8C%EC%8A%A4%ED%8A%B8%ED%94%84%EB%A1%9C%EA%B7%B8%EB%9E%A8%22%2C%224000293%22%3A%222%ED%9A%8C%EC%B0%A8%22%2C%224000294%22%3A%22%22%2C%224778141%22%3A%22%EB%AA%A8%EB%93%A0%EC%97%B0%EB%A0%B9%22%2C%224778261%22%3A%22PG2230187D%22%2C%224778262%22%3A%22%22%2C%224778263%22%3A%222%22%2C%224778265%22%3A%22%22%2C%224778283%22%3A%22%22%2C%224778407%22%3A%22A00002%22%2C%22k_content_id%22%3A%22%22%2C%22k_ud_content_id%22%3A%224000346%22%2C%22k_title%22%3A%22test7%22%2C%22c_category_id%22%3A%225443759%22%2C%22k_datagrade%22%3A%22%22%2C%22ext-comp-1038%22%3A%22%22%2C%22k_storterm%22%3A%22%22%2C%22ext-comp-1035%22%3A%22%22%7D%5D%2C%22regist_type%22%3A%22meta%22%2C%22original_filename%22%3A%22P2023112358844.mxf%22%7D
10.160.211.211	[2023-11-23 21:39:26] decodeData ===> Array
(
    [user_id] => ADMIN
    [flag] => reg_davinchi_ftp
    [metadata_type] => id
    [metadata] => Array
        (
            [0] => Array
                (
                    [4000288] =>
                    [4000289] =>
                    [4000292] => 테스트프로그램
                    [4000293] => 2회차
                    [4000294] =>
                    [4778141] => 모든연령
                    [4778261] => PG2230187D
                    [4778262] =>
                    [4778263] => 2
                    [4778265] =>
                    [4778283] =>
                    [4778407] => A00002
                    [k_content_id] =>
                    [k_ud_content_id] => 4000346
                    [k_title] => test7
                    [c_category_id] => 5443759
                    [k_datagrade] =>
                    [ext-comp-1038] =>
                    [k_storterm] =>
                    [ext-comp-1035] =>
                )

        )

    [regist_type] => meta
    [original_filename] => P2023112358844.mxf
)

10.160.211.211	[2023-11-23 21:39:26] return ===> <?xml version="1.0" encoding="UTF-8"?>
<response><result success="true" msg="ok" content_id="2418142" task_id=""><success>true</success><msg>ok</msg><content_id>2418142</content_id><task_id/><task_list_info><type>FTP</type><source_root>10.160.77.12:2021</source_root><source_root_for_mac></source_root_for_mac><login_id>chaadmin@ddmc.com</login_id><login_pw>ddmcad09)(</login_pw><source_opt>dir=$UD_PATH/clip&amp;filename=$CONTENT_ID&amp;ext=$OUT_SRC_EXT</source_opt><source>PG2230187D/NPS_EDIT/clip</source><edius_file_path/></task_list_info></result></response>

10.160.211.211	[2023-11-23 21:39:31] REQUEST ===> Array
(
)

10.160.211.211	[2023-11-23 21:39:31] receive ===> %7B%22user_id%22%3A%22ADMIN%22%2C%22flag%22%3A%22reg_davinchi_ftp%22%2C%22metadata_type%22%3A%22id%22%2C%22metadata%22%3A%5B%7B%224000288%22%3A%22%22%2C%224000289%22%3A%22%22%2C%224000292%22%3A%22%ED%85%8C%EC%8A%A4%ED%8A%B8%ED%94%84%EB%A1%9C%EA%B7%B8%EB%9E%A8%22%2C%224000293%22%3A%222%ED%9A%8C%EC%B0%A8%22%2C%224000294%22%3A%22%22%2C%224778141%22%3A%22%EB%AA%A8%EB%93%A0%EC%97%B0%EB%A0%B9%22%2C%224778261%22%3A%22PG2230187D%22%2C%224778262%22%3A%22%22%2C%224778263%22%3A%222%22%2C%224778265%22%3A%22%22%2C%224778283%22%3A%22%22%2C%224778407%22%3A%22A00002%22%2C%22k_content_id%22%3A%22%22%2C%22k_ud_content_id%22%3A%224000346%22%2C%22k_title%22%3A%22test7%22%2C%22c_category_id%22%3A%225443759%22%2C%22k_datagrade%22%3A%22%22%2C%22ext-comp-1038%22%3A%22%22%2C%22k_storterm%22%3A%22%22%2C%22ext-comp-1035%22%3A%22%22%7D%5D%2C%22regist_type%22%3A%22task%22%2C%22content_id%22%3A%222418142%22%2C%22original_filename%22%3A%22P2023112358844.mxf%22%2C%22IsFileNameToTitle%22%3A%220%22%7D
10.160.211.211	[2023-11-23 21:39:31] decodeData ===> Array
(
    [user_id] => ADMIN
    [flag] => reg_davinchi_ftp
    [metadata_type] => id
    [metadata] => Array
        (
            [0] => Array
                (
                    [4000288] =>
                    [4000289] =>
                    [4000292] => 테스트프로그램
                    [4000293] => 2회차
                    [4000294] =>
                    [4778141] => 모든연령
                    [4778261] => PG2230187D
                    [4778262] =>
                    [4778263] => 2
                    [4778265] =>
                    [4778283] =>
                    [4778407] => A00002
                    [k_content_id] =>
                    [k_ud_content_id] => 4000346
                    [k_title] => test7
                    [c_category_id] => 5443759
                    [k_datagrade] =>
                    [ext-comp-1038] =>
                    [k_storterm] =>
                    [ext-comp-1035] =>
                )

        )

    [regist_type] => task
    [content_id] => 2418142
    [original_filename] => P2023112358844.mxf
    [IsFileNameToTitle] => 0
)

10.160.211.211	[2023-11-23 21:39:31] return ===> <?xml version="1.0" encoding="UTF-8"?>
<response><result success="true" msg="ok" content_id="2418142" task_id="10879700"><success>true</success><msg>ok</msg><content_id>2418142</content_id><task_id>10879700</task_id><task_list_info><edius_file_path>PG2230187D/NPS_EDIT/clip/P2023112358879.mxf</edius_file_path></task_list_info></result></response>

10.160.212.11	[2023-11-23 21:44:09] REQUEST ===> Array
(
)

10.160.212.11	[2023-11-23 21:44:09] receive ===> {"user_id":"CM016016","type":"4000365","todas":false,"flag":"edius","metadata_type":"id","metadata":[{"4000288":"","4000289":"","4000292":"나만 믿고 따라와 도시어부 5","4000293":"13회","4000294":"","4778141":"15 세","4778261":"PG2230143D","4778262":"P2023112358877","4778263":"13","4778265":"003","4778283":"","4778407":"A00013","k_content_id":"","k_ud_content_id":"4000365","k_title":"(메인3/4)(가상/간접)_나만 믿고 따라와 도시어부5_13회 (재)(15세) [130분 편성][시간고지X]","c_category_id":"5443849","k_datagrade":"","ext-comp-1073":"","k_storterm":"","ext-comp-1070":""}],"regist_type":""} 
10.160.212.11	[2023-11-23 21:44:09] decodeData ===> Array
(
    [user_id] => CM016016
    [type] => 4000365
    [todas] =>
    [flag] => edius
    [metadata_type] => id
    [metadata] => Array
        (
            [0] => Array
                (
                    [4000288] =>
                    [4000289] =>
                    [4000292] => 나만 믿고 따라와 도시어부 5
                    [4000293] => 13회
                    [4000294] =>
                    [4778141] => 15 세
                    [4778261] => PG2230143D
                    [4778262] => P2023112358877
                    [4778263] => 13
                    [4778265] => 003
                    [4778283] =>
                    [4778407] => A00013
                    [k_content_id] =>
                    [k_ud_content_id] => 4000365
                    [k_title] => (메인3/4)(가상/간접)_나만 믿고 따라와 도시어부5_13회 (재)(15세) [130분 편성][시간고지X]
                    [c_category_id] => 5443849
                    [k_datagrade] =>
                    [ext-comp-1073] =>
                    [k_storterm] =>
                    [ext-comp-1070] =>
                )

        )

    [regist_type] =>
)

10.160.212.11	[2023-11-23 21:44:09] return ===> <?xml version="1.0" encoding="UTF-8"?>
<response><result success="true" msg="ok" content_id="2418143" task_id="10879709"><success>true</success><msg>ok</msg><content_id>2418143</content_id><task_id>10879709</task_id><task_list_info><source_path_id>162</source_path_id><target_path_id>162</target_path_id><register>edius</register><parameter>"rename"</parameter><source_opt>null</source_opt><target_opt>media=original&amp;dir=$UD_PATH/clip&amp;filename=$OUT_SRC_FILE&amp;ext=$OUT_SRC_EXT</target_opt><type>SAN</type><source_root>P:/CMS</source_root><source_root_for_mac>Product_Main/CMS</source_root_for_mac><login_id></login_id><login_pw></login_pw><source></source><edius_file_path>PG2230143D/NPS_MASTER/clip/P2023112358880.mxf</edius_file_path></task_list_info></result></response>

10.160.212.11	[2023-11-23 21:50:04] REQUEST ===> Array
(
)

10.160.212.11	[2023-11-23 21:50:04] receive ===> {"user_id":"CM016016","type":"4000365","todas":false,"flag":"edius","metadata_type":"id","metadata":[{"4000288":"","4000289":"","4000292":"나만 믿고 따라와 도시어부 5","4000293":"13회","4000294":"","4778141":"15 세","4778261":"PG2230143D","4778262":"P2023112358880","4778263":"13","4778265":"003","4778283":"","4778407":"A00013","k_content_id":"","k_ud_content_id":"4000365","k_title":"(메인4/4)(가상/간접)_나만 믿고 따라와 도시어부5_13회 (재)(15세) [130분 편성][시간고지X]","c_category_id":"5443849","k_datagrade":"","ext-comp-1073":"","k_storterm":"","ext-comp-1070":""}],"regist_type":""} 
10.160.212.11	[2023-11-23 21:50:04] decodeData ===> Array
(
    [user_id] => CM016016
    [type] => 4000365
    [todas] =>
    [flag] => edius
    [metadata_type] => id
    [metadata] => Array
        (
            [0] => Array
                (
                    [4000288] =>
                    [4000289] =>
                    [4000292] => 나만 믿고 따라와 도시어부 5
                    [4000293] => 13회
                    [4000294] =>
                    [4778141] => 15 세
                    [4778261] => PG2230143D
                    [4778262] => P2023112358880
                    [4778263] => 13
                    [4778265] => 003
                    [4778283] =>
                    [4778407] => A00013
                    [k_content_id] =>
                    [k_ud_content_id] => 4000365
                    [k_title] => (메인4/4)(가상/간접)_나만 믿고 따라와 도시어부5_13회 (재)(15세) [130분 편성][시간고지X]
                    [c_category_id] => 5443849
                    [k_datagrade] =>
                    [ext-comp-1073] =>
                    [k_storterm] =>
                    [ext-comp-1070] =>
                )

        )

    [regist_type] =>
)

10.160.212.11	[2023-11-23 21:50:04] return ===> <?xml version="1.0" encoding="UTF-8"?>
<response><result success="true" msg="ok" content_id="2418144" task_id="10879713"><success>true</success><msg>ok</msg><content_id>2418144</content_id><task_id>10879713</task_id><task_list_info><source_path_id>162</source_path_id><target_path_id>162</target_path_id><register>edius</register><parameter>"rename"</parameter><source_opt>null</source_opt><target_opt>media=original&amp;dir=$UD_PATH/clip&amp;filename=$OUT_SRC_FILE&amp;ext=$OUT_SRC_EXT</target_opt><type>SAN</type><source_root>P:/CMS</source_root><source_root_for_mac>Product_Main/CMS</source_root_for_mac><login_id></login_id><login_pw></login_pw><source></source><edius_file_path>PG2230143D/NPS_MASTER/clip/P2023112358881.mxf</edius_file_path></task_list_info></result></response>

10.160.212.11	[2023-11-23 21:52:32] REQUEST ===> Array
(
)

10.160.212.11	[2023-11-23 21:52:32] receive ===> {"user_id":"CM016016","type":"4000365","todas":false,"flag":"edius","metadata_type":"id","metadata":[{"4000288":"","4000289":"","4000292":"나만 믿고 따라와 도시어부 5","4000293":"13회","4000294":"","4778141":"15 세","4778261":"PG2230143D","4778262":"P2023112358881","4778263":"13","4778265":"003","4778283":"","4778407":"A00013","k_content_id":"","k_ud_content_id":"4000365","k_title":"(메인1/4)(가상/간접)_나만 믿고 따라와 도시어부5_13회 (본)(15세) [130분 편성][본방고지O]","c_category_id":"5443849","k_datagrade":"","ext-comp-1073":"","k_storterm":"","ext-comp-1070":""}],"regist_type":""} 
10.160.212.11	[2023-11-23 21:52:32] decodeData ===> Array
(
    [user_id] => CM016016
    [type] => 4000365
    [todas] =>
    [flag] => edius
    [metadata_type] => id
    [metadata] => Array
        (
            [0] => Array
                (
                    [4000288] =>
                    [4000289] =>
                    [4000292] => 나만 믿고 따라와 도시어부 5
                    [4000293] => 13회
                    [4000294] =>
                    [4778141] => 15 세
                    [4778261] => PG2230143D
                    [4778262] => P2023112358881
                    [4778263] => 13
                    [4778265] => 003
                    [4778283] =>
                    [4778407] => A00013
                    [k_content_id] =>
                    [k_ud_content_id] => 4000365
                    [k_title] => (메인1/4)(가상/간접)_나만 믿고 따라와 도시어부5_13회 (본)(15세) [130분 편성][본방고지O]
                    [c_category_id] => 5443849
                    [k_datagrade] =>
                    [ext-comp-1073] =>
                    [k_storterm] =>
                    [ext-comp-1070] =>
                )

        )

    [regist_type] =>
)

10.160.212.11	[2023-11-23 21:52:32] return ===> <?xml version="1.0" encoding="UTF-8"?>
<response><result success="true" msg="ok" content_id="2418148" task_id="10879721"><success>true</success><msg>ok</msg><content_id>2418148</content_id><task_id>10879721</task_id><task_list_info><source_path_id>162</source_path_id><target_path_id>162</target_path_id><register>edius</register><parameter>"rename"</parameter><source_opt>null</source_opt><target_opt>media=original&amp;dir=$UD_PATH/clip&amp;filename=$OUT_SRC_FILE&amp;ext=$OUT_SRC_EXT</target_opt><type>SAN</type><source_root>P:/CMS</source_root><source_root_for_mac>Product_Main/CMS</source_root_for_mac><login_id></login_id><login_pw></login_pw><source></source><edius_file_path>PG2230143D/NPS_MASTER/clip/P2023112358885.mxf</edius_file_path></task_list_info></result></response>

10.160.212.11	[2023-11-23 21:58:07] REQUEST ===> Array
(
)

10.160.212.11	[2023-11-23 21:58:07] receive ===> {"user_id":"CM016016","type":"4000365","todas":false,"flag":"edius","metadata_type":"id","metadata":[{"4000288":"","4000289":"","4000292":"나만 믿고 따라와 도시어부 5","4000293":"13회","4000294":"","4778141":"15 세","4778261":"PG2230143D","4778262":"P2023112358885","4778263":"13","4778265":"003","4778283":"","4778407":"A00013","k_content_id":"","k_ud_content_id":"4000365","k_title":"(메인2/4)(가상/간접)_나만 믿고 따라와 도시어부5_13회 (본)(15세) [130분 편성][본방고지O]","c_category_id":"5443849","k_datagrade":"","ext-comp-1073":"","k_storterm":"","ext-comp-1070":""}],"regist_type":""} 
10.160.212.11	[2023-11-23 21:58:07] decodeData ===> Array
(
    [user_id] => CM016016
    [type] => 4000365
    [todas] =>
    [flag] => edius
    [metadata_type] => id
    [metadata] => Array
        (
            [0] => Array
                (
                    [4000288] =>
                    [4000289] =>
                    [4000292] => 나만 믿고 따라와 도시어부 5
                    [4000293] => 13회
                    [4000294] =>
                    [4778141] => 15 세
                    [4778261] => PG2230143D
                    [4778262] => P2023112358885
                    [4778263] => 13
                    [4778265] => 003
                    [4778283] =>
                    [4778407] => A00013
                    [k_content_id] =>
                    [k_ud_content_id] => 4000365
                    [k_title] => (메인2/4)(가상/간접)_나만 믿고 따라와 도시어부5_13회 (본)(15세) [130분 편성][본방고지O]
                    [c_category_id] => 5443849
                    [k_datagrade] =>
                    [ext-comp-1073] =>
                    [k_storterm] =>
                    [ext-comp-1070] =>
                )

        )

    [regist_type] =>
)

10.160.212.11	[2023-11-23 21:58:07] return ===> <?xml version="1.0" encoding="UTF-8"?>
<response><result success="true" msg="ok" content_id="2418149" task_id="10879735"><success>true</success><msg>ok</msg><content_id>2418149</content_id><task_id>10879735</task_id><task_list_info><source_path_id>162</source_path_id><target_path_id>162</target_path_id><register>edius</register><parameter>"rename"</parameter><source_opt>null</source_opt><target_opt>media=original&amp;dir=$UD_PATH/clip&amp;filename=$OUT_SRC_FILE&amp;ext=$OUT_SRC_EXT</target_opt><type>SAN</type><source_root>P:/CMS</source_root><source_root_for_mac>Product_Main/CMS</source_root_for_mac><login_id></login_id><login_pw></login_pw><source></source><edius_file_path>PG2230143D/NPS_MASTER/clip/P2023112358886.mxf</edius_file_path></task_list_info></result></response>

10.160.212.11	[2023-11-23 22:17:19] REQUEST ===> Array
(
)

10.160.212.11	[2023-11-23 22:17:19] receive ===> {"user_id":"CM016016","type":"4000365","todas":false,"flag":"edius","metadata_type":"id","metadata":[{"4000288":"","4000289":"","4000292":"나만 믿고 따라와 도시어부 5","4000293":"13회","4000294":"","4778141":"15 세","4778261":"PG2230143D","4778262":"P2023112358886","4778263":"13","4778265":"003","4778283":"","4778407":"A00013","k_content_id":"","k_ud_content_id":"4000365","k_title":"(메인3/4)(가상/간접)_나만 믿고 따라와 도시어부5_13회 (본)(15세) [130분 편성][본방고지O]","c_category_id":"5443849","k_datagrade":"","ext-comp-1073":"","k_storterm":"","ext-comp-1070":""}],"regist_type":""} 
10.160.212.11	[2023-11-23 22:17:19] decodeData ===> Array
(
    [user_id] => CM016016
    [type] => 4000365
    [todas] =>
    [flag] => edius
    [metadata_type] => id
    [metadata] => Array
        (
            [0] => Array
                (
                    [4000288] =>
                    [4000289] =>
                    [4000292] => 나만 믿고 따라와 도시어부 5
                    [4000293] => 13회
                    [4000294] =>
                    [4778141] => 15 세
                    [4778261] => PG2230143D
                    [4778262] => P2023112358886
                    [4778263] => 13
                    [4778265] => 003
                    [4778283] =>
                    [4778407] => A00013
                    [k_content_id] =>
                    [k_ud_content_id] => 4000365
                    [k_title] => (메인3/4)(가상/간접)_나만 믿고 따라와 도시어부5_13회 (본)(15세) [130분 편성][본방고지O]
                    [c_category_id] => 5443849
                    [k_datagrade] =>
                    [ext-comp-1073] =>
                    [k_storterm] =>
                    [ext-comp-1070] =>
                )

        )

    [regist_type] =>
)

10.160.212.11	[2023-11-23 22:17:19] return ===> <?xml version="1.0" encoding="UTF-8"?>
<response><result success="true" msg="ok" content_id="2418154" task_id="10879960"><success>true</success><msg>ok</msg><content_id>2418154</content_id><task_id>10879960</task_id><task_list_info><source_path_id>162</source_path_id><target_path_id>162</target_path_id><register>edius</register><parameter>"rename"</parameter><source_opt>null</source_opt><target_opt>media=original&amp;dir=$UD_PATH/clip&amp;filename=$OUT_SRC_FILE&amp;ext=$OUT_SRC_EXT</target_opt><type>SAN</type><source_root>P:/CMS</source_root><source_root_for_mac>Product_Main/CMS</source_root_for_mac><login_id></login_id><login_pw></login_pw><source></source><edius_file_path>PG2230143D/NPS_MASTER/clip/P2023112358891.mxf</edius_file_path></task_list_info></result></response>

10.160.212.11	[2023-11-23 22:22:26] REQUEST ===> Array
(
)

10.160.212.11	[2023-11-23 22:22:26] receive ===> {"user_id":"CM016016","type":"4000365","todas":false,"flag":"edius","metadata_type":"id","metadata":[{"4000288":"","4000289":"","4000292":"나만 믿고 따라와 도시어부 5","4000293":"13회","4000294":"","4778141":"15 세","4778261":"PG2230143D","4778262":"P2023112358891","4778263":"13","4778265":"003","4778283":"","4778407":"A00013","k_content_id":"","k_ud_content_id":"4000365","k_title":"(메인4/4)(가상/간접)_나만 믿고 따라와 도시어부5_13회 (본)(15세) [130분 편성][본방고지O]","c_category_id":"5443849","k_datagrade":"","ext-comp-1073":"","k_storterm":"","ext-comp-1070":""}],"regist_type":""} 
10.160.212.11	[2023-11-23 22:22:26] decodeData ===> Array
(
    [user_id] => CM016016
    [type] => 4000365
    [todas] =>
    [flag] => edius
    [metadata_type] => id
    [metadata] => Array
        (
            [0] => Array
                (
                    [4000288] =>
                    [4000289] =>
                    [4000292] => 나만 믿고 따라와 도시어부 5
                    [4000293] => 13회
                    [4000294] =>
                    [4778141] => 15 세
                    [4778261] => PG2230143D
                    [4778262] => P2023112358891
                    [4778263] => 13
                    [4778265] => 003
                    [4778283] =>
                    [4778407] => A00013
                    [k_content_id] =>
                    [k_ud_content_id] => 4000365
                    [k_title] => (메인4/4)(가상/간접)_나만 믿고 따라와 도시어부5_13회 (본)(15세) [130분 편성][본방고지O]
                    [c_category_id] => 5443849
                    [k_datagrade] =>
                    [ext-comp-1073] =>
                    [k_storterm] =>
                    [ext-comp-1070] =>
                )

        )

    [regist_type] =>
)

10.160.212.11	[2023-11-23 22:22:26] return ===> <?xml version="1.0" encoding="UTF-8"?>
<response><result success="true" msg="ok" content_id="2418155" task_id="10879967"><success>true</success><msg>ok</msg><content_id>2418155</content_id><task_id>10879967</task_id><task_list_info><source_path_id>162</source_path_id><target_path_id>162</target_path_id><register>edius</register><parameter>"rename"</parameter><source_opt>null</source_opt><target_opt>media=original&amp;dir=$UD_PATH/clip&amp;filename=$OUT_SRC_FILE&amp;ext=$OUT_SRC_EXT</target_opt><type>SAN</type><source_root>P:/CMS</source_root><source_root_for_mac>Product_Main/CMS</source_root_for_mac><login_id></login_id><login_pw></login_pw><source></source><edius_file_path>PG2230143D/NPS_MASTER/clip/P2023112358892.mxf</edius_file_path></task_list_info></result></response>

10.160.212.11	[2023-11-23 22:24:45] REQUEST ===> Array
(
)

10.160.212.11	[2023-11-23 22:24:45] receive ===> {"user_id":"CM016016","type":"4000346","todas":false,"flag":"edius","metadata_type":"id","metadata":[{"4000288":"","4000289":"","4000292":"나만 믿고 따라와 도시어부 5","4000293":"13회","4000294":"","4778141":"15 세","4778261":"PG2230143D","4778262":"P2023112358892","4778263":"13","4778265":"003","4778283":"","4778407":"A00013","k_content_id":"","k_ud_content_id":"4000346","k_title":"(최종클린)_나만 믿고 따라와 도시어부5_13회(ME분리X)","c_category_id":"5443849","k_datagrade":"","ext-comp-1038":"","k_storterm":"","ext-comp-1035":""}],"regist_type":""} 
10.160.212.11	[2023-11-23 22:24:45] decodeData ===> Array
(
    [user_id] => CM016016
    [type] => 4000346
    [todas] =>
    [flag] => edius
    [metadata_type] => id
    [metadata] => Array
        (
            [0] => Array
                (
                    [4000288] =>
                    [4000289] =>
                    [4000292] => 나만 믿고 따라와 도시어부 5
                    [4000293] => 13회
                    [4000294] =>
                    [4778141] => 15 세
                    [4778261] => PG2230143D
                    [4778262] => P2023112358892
                    [4778263] => 13
                    [4778265] => 003
                    [4778283] =>
                    [4778407] => A00013
                    [k_content_id] =>
                    [k_ud_content_id] => 4000346
                    [k_title] => (최종클린)_나만 믿고 따라와 도시어부5_13회(ME분리X)
                    [c_category_id] => 5443849
                    [k_datagrade] =>
                    [ext-comp-1038] =>
                    [k_storterm] =>
                    [ext-comp-1035] =>
                )

        )

    [regist_type] =>
)

10.160.212.11	[2023-11-23 22:24:45] return ===> <?xml version="1.0" encoding="UTF-8"?>
<response><result success="true" msg="ok" content_id="2418159" task_id="10879986"><success>true</success><msg>ok</msg><content_id>2418159</content_id><task_id>10879986</task_id><task_list_info><source_path_id>162</source_path_id><target_path_id>162</target_path_id><register>edius</register><parameter>"rename"</parameter><source_opt>null</source_opt><target_opt>media=original&amp;dir=$UD_PATH/clip&amp;filename=$OUT_SRC_FILE&amp;ext=$OUT_SRC_EXT</target_opt><type>SAN</type><source_root>P:/CMS</source_root><source_root_for_mac>Product_Main/CMS</source_root_for_mac><login_id></login_id><login_pw></login_pw><source></source><edius_file_path>PG2230143D/NPS_EDIT/clip/P2023112358896.mxf</edius_file_path></task_list_info></result></response>

